2026-04-03 20:18:55,297 -- [33m Self-training round [1/3] [0m
2026-04-03 20:18:55,298 -- 
2026-04-03 20:18:55,298 -- [32m ====== Epoch 1/4 (Round 1) ====== [0m
2026-04-03 20:18:55,298 -- Learning rate: 0.001000
2026-04-03 20:18:55,298 -- 
2026-04-03 20:18:55,518 -- Step [1/2166] | Batch loss: 1.4603
2026-04-03 20:18:55,711 -- Step [100/2166] | Batch loss: 0.9971
2026-04-03 20:18:55,904 -- Step [200/2166] | Batch loss: 0.7928
2026-04-03 20:18:56,091 -- Step [300/2166] | Batch loss: 0.5944
2026-04-03 20:18:56,289 -- Step [400/2166] | Batch loss: 0.5557
2026-04-03 20:18:56,475 -- Step [500/2166] | Batch loss: 0.2579
2026-04-03 20:18:56,673 -- Step [600/2166] | Batch loss: 0.2746
2026-04-03 20:18:56,863 -- Step [700/2166] | Batch loss: 0.1983
2026-04-03 20:18:57,036 -- Step [800/2166] | Batch loss: 0.2516
2026-04-03 20:18:57,219 -- Step [900/2166] | Batch loss: 0.1091
2026-04-03 20:18:57,418 -- Step [1000/2166] | Batch loss: 0.0738
2026-04-03 20:18:57,628 -- Step [1100/2166] | Batch loss: 0.0820
2026-04-03 20:18:57,824 -- Step [1200/2166] | Batch loss: 0.0616
2026-04-03 20:18:58,014 -- Step [1300/2166] | Batch loss: 0.0525
2026-04-03 20:18:58,221 -- Step [1400/2166] | Batch loss: 0.0582
2026-04-03 20:18:58,421 -- Step [1500/2166] | Batch loss: 0.0390
2026-04-03 20:18:58,609 -- Step [1600/2166] | Batch loss: 0.1207
2026-04-03 20:18:58,796 -- Step [1700/2166] | Batch loss: 0.0475
2026-04-03 20:18:58,983 -- Step [1800/2166] | Batch loss: 0.1258
2026-04-03 20:18:59,175 -- Step [1900/2166] | Batch loss: 0.0442
2026-04-03 20:18:59,359 -- Step [2000/2166] | Batch loss: 0.0380
2026-04-03 20:18:59,541 -- Step [2100/2166] | Batch loss: 0.0288
2026-04-03 20:18:59,704 -- 
2026-04-03 20:18:59,704 -- Training epoch completed. Validating...
2026-04-03 20:19:02,570 -- 
2026-04-03 20:19:02,570 -- [32m ====== Epoch 1 Summary ====== [0m
2026-04-03 20:19:02,570 -- Training Loss: 0.2493
2026-04-03 20:19:02,570 -- Validation Loss: 17.7715
2026-04-03 20:19:02,642 -- [33m✓ New best model saved with validation loss: 17.7715 [0m
2026-04-03 20:19:02,642 -- 
2026-04-03 20:19:02,642 -- [32m ====== Epoch 2/4 (Round 1) ====== [0m
2026-04-03 20:19:02,642 -- Learning rate: 0.000980
2026-04-03 20:19:02,642 -- 
2026-04-03 20:19:02,700 -- Step [1/2166] | Batch loss: 0.1157
2026-04-03 20:19:02,931 -- Step [100/2166] | Batch loss: 0.1040
2026-04-03 20:19:03,126 -- Step [200/2166] | Batch loss: 0.0273
2026-04-03 20:19:03,312 -- Step [300/2166] | Batch loss: 0.1851
2026-04-03 20:19:03,508 -- Step [400/2166] | Batch loss: 0.2849
2026-04-03 20:19:03,700 -- Step [500/2166] | Batch loss: 0.0472
2026-04-03 20:19:03,910 -- Step [600/2166] | Batch loss: 0.0320
2026-04-03 20:19:04,110 -- Step [700/2166] | Batch loss: 0.0246
2026-04-03 20:19:04,305 -- Step [800/2166] | Batch loss: 0.0564
2026-04-03 20:19:04,502 -- Step [900/2166] | Batch loss: 0.0283
2026-04-03 20:19:04,720 -- Step [1000/2166] | Batch loss: 0.0081
2026-04-03 20:19:04,923 -- Step [1100/2166] | Batch loss: 0.0049
2026-04-03 20:19:05,125 -- Step [1200/2166] | Batch loss: 0.0281
2026-04-03 20:19:05,308 -- Step [1300/2166] | Batch loss: 0.0545
2026-04-03 20:19:05,503 -- Step [1400/2166] | Batch loss: 0.0298
2026-04-03 20:19:05,690 -- Step [1500/2166] | Batch loss: 0.0112
2026-04-03 20:19:05,887 -- Step [1600/2166] | Batch loss: 0.0075
2026-04-03 20:19:06,077 -- Step [1700/2166] | Batch loss: 0.0100
2026-04-03 20:19:06,263 -- Step [1800/2166] | Batch loss: 0.0090
2026-04-03 20:19:06,449 -- Step [1900/2166] | Batch loss: 0.0225
2026-04-03 20:19:06,631 -- Step [2000/2166] | Batch loss: 0.0079
2026-04-03 20:19:06,822 -- Step [2100/2166] | Batch loss: 0.0223
2026-04-03 20:19:06,971 -- 
2026-04-03 20:19:06,971 -- Training epoch completed. Validating...
2026-04-03 20:19:09,819 -- 
2026-04-03 20:19:09,819 -- [32m ====== Epoch 2 Summary ====== [0m
2026-04-03 20:19:09,819 -- Training Loss: 0.0375
2026-04-03 20:19:09,819 -- Validation Loss: 23.3426
2026-04-03 20:19:09,843 -- 
2026-04-03 20:19:09,843 -- [32m ====== Epoch 3/4 (Round 1) ====== [0m
2026-04-03 20:19:09,843 -- Learning rate: 0.000960
2026-04-03 20:19:09,843 -- 
2026-04-03 20:19:09,908 -- Step [1/2166] | Batch loss: 0.0043
2026-04-03 20:19:10,104 -- Step [100/2166] | Batch loss: 0.0608
2026-04-03 20:19:10,314 -- Step [200/2166] | Batch loss: 0.0119
2026-04-03 20:19:10,504 -- Step [300/2166] | Batch loss: 0.0170
2026-04-03 20:19:10,691 -- Step [400/2166] | Batch loss: 0.0037
2026-04-03 20:19:10,885 -- Step [500/2166] | Batch loss: 0.0133
2026-04-03 20:19:11,082 -- Step [600/2166] | Batch loss: 0.0034
2026-04-03 20:19:11,271 -- Step [700/2166] | Batch loss: 0.0192
2026-04-03 20:19:11,443 -- Step [800/2166] | Batch loss: 0.0053
2026-04-03 20:19:11,632 -- Step [900/2166] | Batch loss: 0.0232
2026-04-03 20:19:11,829 -- Step [1000/2166] | Batch loss: 0.0162
2026-04-03 20:19:12,026 -- Step [1100/2166] | Batch loss: 0.0291
2026-04-03 20:19:12,214 -- Step [1200/2166] | Batch loss: 0.0092
2026-04-03 20:19:12,396 -- Step [1300/2166] | Batch loss: 0.0079
2026-04-03 20:19:12,575 -- Step [1400/2166] | Batch loss: 0.1253
2026-04-03 20:19:12,755 -- Step [1500/2166] | Batch loss: 0.0460
2026-04-03 20:19:12,934 -- Step [1600/2166] | Batch loss: 0.0419
2026-04-03 20:19:13,122 -- Step [1700/2166] | Batch loss: 0.0089
2026-04-03 20:19:13,301 -- Step [1800/2166] | Batch loss: 0.0349
2026-04-03 20:19:13,473 -- Step [1900/2166] | Batch loss: 0.0611
2026-04-03 20:19:13,648 -- Step [2000/2166] | Batch loss: 0.0106
2026-04-03 20:19:13,835 -- Step [2100/2166] | Batch loss: 0.0328
2026-04-03 20:19:13,991 -- 
2026-04-03 20:19:13,991 -- Training epoch completed. Validating...
2026-04-03 20:19:16,783 -- 
2026-04-03 20:19:16,783 -- [32m ====== Epoch 3 Summary ====== [0m
2026-04-03 20:19:16,783 -- Training Loss: 0.0252
2026-04-03 20:19:16,783 -- Validation Loss: 26.5712
2026-04-03 20:19:16,808 -- 
2026-04-03 20:19:16,808 -- [32m ====== Epoch 4/4 (Round 1) ====== [0m
2026-04-03 20:19:16,808 -- Learning rate: 0.000941
2026-04-03 20:19:16,808 -- 
2026-04-03 20:19:16,879 -- Step [1/2166] | Batch loss: 0.0179
2026-04-03 20:19:17,090 -- Step [100/2166] | Batch loss: 0.0025
2026-04-03 20:19:17,285 -- Step [200/2166] | Batch loss: 0.0142
2026-04-03 20:19:17,465 -- Step [300/2166] | Batch loss: 0.0030
2026-04-03 20:19:17,660 -- Step [400/2166] | Batch loss: 0.1368
2026-04-03 20:19:17,834 -- Step [500/2166] | Batch loss: 0.0036
2026-04-03 20:19:18,023 -- Step [600/2166] | Batch loss: 0.0223
2026-04-03 20:19:18,204 -- Step [700/2166] | Batch loss: 0.0662
2026-04-03 20:19:18,405 -- Step [800/2166] | Batch loss: 0.0072
2026-04-03 20:19:18,602 -- Step [900/2166] | Batch loss: 0.0055
2026-04-03 20:19:18,793 -- Step [1000/2166] | Batch loss: 0.0059
2026-04-03 20:19:18,991 -- Step [1100/2166] | Batch loss: 0.0031
2026-04-03 20:19:19,182 -- Step [1200/2166] | Batch loss: 0.0055
