2026-04-02 13:53:10,925 -- [33m Self-training round [1/3] [0m
2026-04-02 13:53:10,925 -- 
2026-04-02 13:53:10,925 -- [32m ====== Epoch 1/4 (Round 1) ====== [0m
2026-04-02 13:53:10,925 -- Learning rate: 0.001000
2026-04-02 13:53:10,925 -- 
2026-04-02 13:53:11,109 -- Step [1/2150] | Batch loss: 2.6528
2026-04-02 13:53:11,320 -- Step [100/2150] | Batch loss: 1.1906
2026-04-02 13:53:11,520 -- Step [200/2150] | Batch loss: 0.7834
2026-04-02 13:53:11,738 -- Step [300/2150] | Batch loss: 0.6574
2026-04-02 13:53:11,920 -- Step [400/2150] | Batch loss: 0.6203
2026-04-02 13:53:12,105 -- Step [500/2150] | Batch loss: 0.5770
2026-04-02 13:53:12,313 -- Step [600/2150] | Batch loss: 0.3039
2026-04-02 13:53:12,510 -- Step [700/2150] | Batch loss: 0.2187
2026-04-02 13:53:12,716 -- Step [800/2150] | Batch loss: 0.3784
2026-04-02 13:53:12,930 -- Step [900/2150] | Batch loss: 0.3354
2026-04-02 13:53:13,135 -- Step [1000/2150] | Batch loss: 0.3539
2026-04-02 13:53:13,325 -- Step [1100/2150] | Batch loss: 0.1757
2026-04-02 13:53:13,516 -- Step [1200/2150] | Batch loss: 0.1194
2026-04-02 13:53:13,703 -- Step [1300/2150] | Batch loss: 0.1421
2026-04-02 13:53:13,894 -- Step [1400/2150] | Batch loss: 0.0956
2026-04-02 13:53:14,092 -- Step [1500/2150] | Batch loss: 0.1825
2026-04-02 13:53:14,297 -- Step [1600/2150] | Batch loss: 0.0956
2026-04-02 13:53:14,492 -- Step [1700/2150] | Batch loss: 0.0397
2026-04-02 13:53:14,679 -- Step [1800/2150] | Batch loss: 0.0336
2026-04-02 13:53:14,875 -- Step [1900/2150] | Batch loss: 0.0518
2026-04-02 13:53:15,085 -- Step [2000/2150] | Batch loss: 0.0412
2026-04-02 13:53:15,270 -- Step [2100/2150] | Batch loss: 0.1156
2026-04-02 13:53:15,392 -- 
2026-04-02 13:53:15,392 -- Training epoch completed. Validating...
2026-04-02 13:53:18,328 -- 
2026-04-02 13:53:18,328 -- [32m ====== Epoch 1 Summary ====== [0m
2026-04-02 13:53:18,328 -- Training Loss: 0.3409
2026-04-02 13:53:18,328 -- Validation Loss: 0.0208
2026-04-02 13:53:18,401 -- [33m✓ New best model saved with validation loss: 0.0208 [0m
2026-04-02 13:53:18,401 -- 
2026-04-02 13:53:18,401 -- [32m ====== Epoch 2/4 (Round 1) ====== [0m
2026-04-02 13:53:18,401 -- Learning rate: 0.000980
2026-04-02 13:53:18,401 -- 
2026-04-02 13:53:18,452 -- Step [1/2150] | Batch loss: 0.0474
2026-04-02 13:53:18,658 -- Step [100/2150] | Batch loss: 0.0490
2026-04-02 13:53:18,857 -- Step [200/2150] | Batch loss: 0.0573
2026-04-02 13:53:19,049 -- Step [300/2150] | Batch loss: 0.0989
2026-04-02 13:53:19,235 -- Step [400/2150] | Batch loss: 0.0368
2026-04-02 13:53:19,430 -- Step [500/2150] | Batch loss: 0.0305
2026-04-02 13:53:19,625 -- Step [600/2150] | Batch loss: 0.0156
2026-04-02 13:53:19,827 -- Step [700/2150] | Batch loss: 0.0773
2026-04-02 13:53:20,041 -- Step [800/2150] | Batch loss: 0.0193
2026-04-02 13:53:20,245 -- Step [900/2150] | Batch loss: 0.0549
2026-04-02 13:53:20,439 -- Step [1000/2150] | Batch loss: 0.0279
2026-04-02 13:53:20,655 -- Step [1100/2150] | Batch loss: 0.0305
2026-04-02 13:53:20,849 -- Step [1200/2150] | Batch loss: 0.0168
2026-04-02 13:53:21,036 -- Step [1300/2150] | Batch loss: 0.0237
2026-04-02 13:53:21,227 -- Step [1400/2150] | Batch loss: 0.1375
2026-04-02 13:53:21,418 -- Step [1500/2150] | Batch loss: 0.0304
2026-04-02 13:53:21,613 -- Step [1600/2150] | Batch loss: 0.0237
2026-04-02 13:53:21,817 -- Step [1700/2150] | Batch loss: 0.0089
2026-04-02 13:53:22,000 -- Step [1800/2150] | Batch loss: 0.0463
2026-04-02 13:53:22,192 -- Step [1900/2150] | Batch loss: 0.0077
2026-04-02 13:53:22,388 -- Step [2000/2150] | Batch loss: 0.0069
2026-04-02 13:53:22,584 -- Step [2100/2150] | Batch loss: 0.0401
2026-04-02 13:53:22,695 -- 
2026-04-02 13:53:22,695 -- Training epoch completed. Validating...
2026-04-02 13:53:25,816 -- 
2026-04-02 13:53:25,816 -- [32m ====== Epoch 2 Summary ====== [0m
2026-04-02 13:53:25,816 -- Training Loss: 0.0511
2026-04-02 13:53:25,816 -- Validation Loss: 0.0187
2026-04-02 13:53:25,862 -- [33m✓ New best model saved with validation loss: 0.0187 [0m
2026-04-02 13:53:25,862 -- 
2026-04-02 13:53:25,862 -- [32m ====== Epoch 3/4 (Round 1) ====== [0m
2026-04-02 13:53:25,862 -- Learning rate: 0.000960
2026-04-02 13:53:25,862 -- 
2026-04-02 13:53:25,934 -- Step [1/2150] | Batch loss: 0.0111
2026-04-02 13:53:26,132 -- Step [100/2150] | Batch loss: 0.0873
2026-04-02 13:53:26,347 -- Step [200/2150] | Batch loss: 0.0309
2026-04-02 13:53:26,529 -- Step [300/2150] | Batch loss: 0.2163
2026-04-02 13:53:26,721 -- Step [400/2150] | Batch loss: 0.0281
2026-04-02 13:53:26,921 -- Step [500/2150] | Batch loss: 0.0188
2026-04-02 13:53:27,118 -- Step [600/2150] | Batch loss: 0.0084
2026-04-02 13:53:27,303 -- Step [700/2150] | Batch loss: 0.0028
2026-04-02 13:53:27,487 -- Step [800/2150] | Batch loss: 0.0223
2026-04-02 13:53:27,683 -- Step [900/2150] | Batch loss: 0.0057
2026-04-02 13:53:27,883 -- Step [1000/2150] | Batch loss: 0.0166
2026-04-02 13:53:28,095 -- Step [1100/2150] | Batch loss: 0.0239
2026-04-02 13:53:28,293 -- Step [1200/2150] | Batch loss: 0.0147
2026-04-02 13:53:28,496 -- Step [1300/2150] | Batch loss: 0.0154
2026-04-02 13:53:28,680 -- Step [1400/2150] | Batch loss: 0.0050
2026-04-02 13:53:28,876 -- Step [1500/2150] | Batch loss: 0.0687
2026-04-02 13:53:29,091 -- Step [1600/2150] | Batch loss: 0.0103
2026-04-02 13:53:29,293 -- Step [1700/2150] | Batch loss: 0.0154
2026-04-02 13:53:29,486 -- Step [1800/2150] | Batch loss: 0.0184
2026-04-02 13:53:29,665 -- Step [1900/2150] | Batch loss: 0.0053
2026-04-02 13:53:29,844 -- Step [2000/2150] | Batch loss: 0.0240
2026-04-02 13:53:30,034 -- Step [2100/2150] | Batch loss: 0.0096
2026-04-02 13:53:30,144 -- 
2026-04-02 13:53:30,144 -- Training epoch completed. Validating...
2026-04-02 13:53:32,913 -- 
2026-04-02 13:53:32,913 -- [32m ====== Epoch 3 Summary ====== [0m
2026-04-02 13:53:32,913 -- Training Loss: 0.0405
2026-04-02 13:53:32,913 -- Validation Loss: 0.0121
2026-04-02 13:53:32,958 -- [33m✓ New best model saved with validation loss: 0.0121 [0m
2026-04-02 13:53:32,958 -- 
2026-04-02 13:53:32,958 -- [32m ====== Epoch 4/4 (Round 1) ====== [0m
2026-04-02 13:53:32,958 -- Learning rate: 0.000941
2026-04-02 13:53:32,958 -- 
2026-04-02 13:53:33,009 -- Step [1/2150] | Batch loss: 0.0078
2026-04-02 13:53:33,203 -- Step [100/2150] | Batch loss: 0.0398
2026-04-02 13:53:33,391 -- Step [200/2150] | Batch loss: 0.0160
2026-04-02 13:53:33,589 -- Step [300/2150] | Batch loss: 0.2464
2026-04-02 13:53:33,784 -- Step [400/2150] | Batch loss: 0.0249
2026-04-02 13:53:33,961 -- Step [500/2150] | Batch loss: 0.0177
2026-04-02 13:53:34,151 -- Step [600/2150] | Batch loss: 0.0020
2026-04-02 13:53:34,338 -- Step [700/2150] | Batch loss: 0.0107
2026-04-02 13:53:34,514 -- Step [800/2150] | Batch loss: 0.1135
2026-04-02 13:53:34,695 -- Step [900/2150] | Batch loss: 0.1071
2026-04-02 13:53:34,880 -- Step [1000/2150] | Batch loss: 0.0517
2026-04-02 13:53:35,072 -- Step [1100/2150] | Batch loss: 0.0655
2026-04-02 13:53:35,252 -- Step [1200/2150] | Batch loss: 0.0684
2026-04-02 13:53:35,434 -- Step [1300/2150] | Batch loss: 0.0197
2026-04-02 13:53:35,614 -- Step [1400/2150] | Batch loss: 0.0051
2026-04-02 13:53:35,800 -- Step [1500/2150] | Batch loss: 0.0635
2026-04-02 13:53:35,975 -- Step [1600/2150] | Batch loss: 0.0684
2026-04-02 13:53:36,161 -- Step [1700/2150] | Batch loss: 0.0041
2026-04-02 13:53:36,342 -- Step [1800/2150] | Batch loss: 0.0092
2026-04-02 13:53:36,518 -- Step [1900/2150] | Batch loss: 0.0204
2026-04-02 13:53:36,702 -- Step [2000/2150] | Batch loss: 0.0577
2026-04-02 13:53:36,883 -- Step [2100/2150] | Batch loss: 0.0119
2026-04-02 13:53:36,997 -- 
2026-04-02 13:53:36,997 -- Training epoch completed. Validating...
2026-04-02 13:53:39,758 -- 
2026-04-02 13:53:39,758 -- [32m ====== Epoch 4 Summary ====== [0m
2026-04-02 13:53:39,758 -- Training Loss: 0.0364
2026-04-02 13:53:39,758 -- Validation Loss: 0.0133
2026-04-02 13:53:40,339 -- 
2026-04-02 13:53:40,339 -- [32m ====== Pseudo-labeling result ====== [0m
2026-04-02 13:53:40,339 -- Confidence threshold: 0.95
2026-04-02 13:53:40,339 -- Pseudo-labeling ratio: 97.31%
2026-04-02 13:53:40,339 -- Total labeled samples: 337399
2026-04-02 13:53:40,339 -- Remaining unlabeled samples: 1725
2026-04-02 13:53:40,339 -- 
2026-04-02 13:53:40,339 -- [33m Self-training round [2/3] [0m
2026-04-02 13:53:40,339 -- 
2026-04-02 13:53:40,339 -- [32m ====== Epoch 1/4 (Round 2) ====== [0m
2026-04-02 13:53:40,339 -- Learning rate: 0.000922
2026-04-02 13:53:40,339 -- 
2026-04-02 13:53:40,407 -- Step [1/2636] | Batch loss: 0.7398
2026-04-02 13:53:40,602 -- Step [100/2636] | Batch loss: 0.1262
2026-04-02 13:53:40,790 -- Step [200/2636] | Batch loss: 0.0884
2026-04-02 13:53:40,987 -- Step [300/2636] | Batch loss: 0.0226
2026-04-02 13:53:41,170 -- Step [400/2636] | Batch loss: 0.0106
2026-04-02 13:53:41,350 -- Step [500/2636] | Batch loss: 0.0891
2026-04-02 13:53:41,543 -- Step [600/2636] | Batch loss: 0.0482
2026-04-02 13:53:41,730 -- Step [700/2636] | Batch loss: 0.0416
2026-04-02 13:53:41,920 -- Step [800/2636] | Batch loss: 0.0420
2026-04-02 13:53:42,111 -- Step [900/2636] | Batch loss: 0.0144
2026-04-02 13:53:42,289 -- Step [1000/2636] | Batch loss: 0.0306
2026-04-02 13:53:42,475 -- Step [1100/2636] | Batch loss: 0.1178
2026-04-02 13:53:42,662 -- Step [1200/2636] | Batch loss: 0.0858
2026-04-02 13:53:42,843 -- Step [1300/2636] | Batch loss: 0.0252
2026-04-02 13:53:43,027 -- Step [1400/2636] | Batch loss: 0.0056
2026-04-02 13:53:43,205 -- Step [1500/2636] | Batch loss: 0.0143
2026-04-02 13:53:43,389 -- Step [1600/2636] | Batch loss: 0.0648
2026-04-02 13:53:43,571 -- Step [1700/2636] | Batch loss: 0.0286
2026-04-02 13:53:43,757 -- Step [1800/2636] | Batch loss: 0.0175
2026-04-02 13:53:43,943 -- Step [1900/2636] | Batch loss: 0.0381
2026-04-02 13:53:44,133 -- Step [2000/2636] | Batch loss: 0.0676
2026-04-02 13:53:44,322 -- Step [2100/2636] | Batch loss: 0.0860
2026-04-02 13:53:44,500 -- Step [2200/2636] | Batch loss: 0.0414
2026-04-02 13:53:44,675 -- Step [2300/2636] | Batch loss: 0.0152
2026-04-02 13:53:44,851 -- Step [2400/2636] | Batch loss: 0.0783
2026-04-02 13:53:45,034 -- Step [2500/2636] | Batch loss: 0.0279
2026-04-02 13:53:45,222 -- Step [2600/2636] | Batch loss: 0.1056
2026-04-02 13:53:45,327 -- 
2026-04-02 13:53:45,327 -- Training epoch completed. Validating...
2026-04-02 13:53:48,216 -- 
2026-04-02 13:53:48,216 -- [32m ====== Epoch 5 Summary ====== [0m
2026-04-02 13:53:48,216 -- Training Loss: 0.0557
2026-04-02 13:53:48,217 -- Validation Loss: 0.0122
2026-04-02 13:53:48,240 -- 
2026-04-02 13:53:48,240 -- [32m ====== Epoch 2/4 (Round 2) ====== [0m
2026-04-02 13:53:48,240 -- Learning rate: 0.000904
2026-04-02 13:53:48,240 -- 
2026-04-02 13:53:48,293 -- Step [1/2636] | Batch loss: 0.0282
2026-04-02 13:53:48,478 -- Step [100/2636] | Batch loss: 0.0282
2026-04-02 13:53:48,673 -- Step [200/2636] | Batch loss: 0.0423
2026-04-02 13:53:48,878 -- Step [300/2636] | Batch loss: 0.0180
2026-04-02 13:53:49,081 -- Step [400/2636] | Batch loss: 0.0778
2026-04-02 13:53:49,264 -- Step [500/2636] | Batch loss: 0.0471
2026-04-02 13:53:49,459 -- Step [600/2636] | Batch loss: 0.0553
2026-04-02 13:53:49,660 -- Step [700/2636] | Batch loss: 0.0129
2026-04-02 13:53:49,856 -- Step [800/2636] | Batch loss: 0.0441
2026-04-02 13:53:50,050 -- Step [900/2636] | Batch loss: 0.0561
2026-04-02 13:53:50,248 -- Step [1000/2636] | Batch loss: 0.0183
2026-04-02 13:53:50,473 -- Step [1100/2636] | Batch loss: 0.0241
2026-04-02 13:53:50,668 -- Step [1200/2636] | Batch loss: 0.0117
2026-04-02 13:53:50,858 -- Step [1300/2636] | Batch loss: 0.1752
2026-04-02 13:53:51,042 -- Step [1400/2636] | Batch loss: 0.0024
2026-04-02 13:53:51,217 -- Step [1500/2636] | Batch loss: 0.0488
2026-04-02 13:53:51,405 -- Step [1600/2636] | Batch loss: 0.0367
2026-04-02 13:53:51,614 -- Step [1700/2636] | Batch loss: 0.0289
2026-04-02 13:53:51,816 -- Step [1800/2636] | Batch loss: 0.0516
2026-04-02 13:53:52,056 -- Step [1900/2636] | Batch loss: 0.0032
2026-04-02 13:53:52,276 -- Step [2000/2636] | Batch loss: 0.0149
2026-04-02 13:53:52,517 -- Step [2100/2636] | Batch loss: 0.0084
2026-04-02 13:53:52,729 -- Step [2200/2636] | Batch loss: 0.0526
2026-04-02 13:53:52,945 -- Step [2300/2636] | Batch loss: 0.0115
2026-04-02 13:53:53,160 -- Step [2400/2636] | Batch loss: 0.0088
2026-04-02 13:53:53,349 -- Step [2500/2636] | Batch loss: 0.0164
2026-04-02 13:53:53,543 -- Step [2600/2636] | Batch loss: 0.0399
2026-04-02 13:53:53,641 -- 
2026-04-02 13:53:53,641 -- Training epoch completed. Validating...
2026-04-02 13:53:56,722 -- 
2026-04-02 13:53:56,722 -- [32m ====== Epoch 6 Summary ====== [0m
2026-04-02 13:53:56,722 -- Training Loss: 0.0410
2026-04-02 13:53:56,722 -- Validation Loss: 0.0092
2026-04-02 13:53:56,768 -- [33m✓ New best model saved with validation loss: 0.0092 [0m
2026-04-02 13:53:56,768 -- 
2026-04-02 13:53:56,768 -- [32m ====== Epoch 3/4 (Round 2) ====== [0m
2026-04-02 13:53:56,768 -- Learning rate: 0.000886
2026-04-02 13:53:56,768 -- 
2026-04-02 13:53:56,845 -- Step [1/2636] | Batch loss: 0.0310
2026-04-02 13:53:57,080 -- Step [100/2636] | Batch loss: 0.0850
2026-04-02 13:53:57,307 -- Step [200/2636] | Batch loss: 0.0153
2026-04-02 13:53:57,533 -- Step [300/2636] | Batch loss: 0.0094
2026-04-02 13:53:57,752 -- Step [400/2636] | Batch loss: 0.0417
2026-04-02 13:53:58,007 -- Step [500/2636] | Batch loss: 0.0060
2026-04-02 13:53:58,251 -- Step [600/2636] | Batch loss: 0.0294
2026-04-02 13:53:58,500 -- Step [700/2636] | Batch loss: 0.0015
2026-04-02 13:53:58,729 -- Step [800/2636] | Batch loss: 0.0322
2026-04-02 13:53:58,948 -- Step [900/2636] | Batch loss: 0.0756
2026-04-02 13:53:59,182 -- Step [1000/2636] | Batch loss: 0.0353
2026-04-02 13:53:59,405 -- Step [1100/2636] | Batch loss: 0.0446
2026-04-02 13:53:59,634 -- Step [1200/2636] | Batch loss: 0.1799
2026-04-02 13:53:59,863 -- Step [1300/2636] | Batch loss: 0.0038
2026-04-02 13:54:00,088 -- Step [1400/2636] | Batch loss: 0.0077
2026-04-02 13:54:00,321 -- Step [1500/2636] | Batch loss: 0.2424
2026-04-02 13:54:00,554 -- Step [1600/2636] | Batch loss: 0.0016
2026-04-02 13:54:00,790 -- Step [1700/2636] | Batch loss: 0.0907
2026-04-02 13:54:01,038 -- Step [1800/2636] | Batch loss: 0.0822
2026-04-02 13:54:01,265 -- Step [1900/2636] | Batch loss: 0.0241
2026-04-02 13:54:01,477 -- Step [2000/2636] | Batch loss: 0.0439
2026-04-02 13:54:01,699 -- Step [2100/2636] | Batch loss: 0.1266
2026-04-02 13:54:01,927 -- Step [2200/2636] | Batch loss: 0.0165
2026-04-02 13:54:02,157 -- Step [2300/2636] | Batch loss: 0.0114
2026-04-02 13:54:02,374 -- Step [2400/2636] | Batch loss: 0.0184
2026-04-02 13:54:02,612 -- Step [2500/2636] | Batch loss: 0.0082
2026-04-02 13:54:02,846 -- Step [2600/2636] | Batch loss: 0.1047
2026-04-02 13:54:02,971 -- 
2026-04-02 13:54:02,972 -- Training epoch completed. Validating...
2026-04-02 13:54:06,386 -- 
2026-04-02 13:54:06,386 -- [32m ====== Epoch 7 Summary ====== [0m
2026-04-02 13:54:06,386 -- Training Loss: 0.0365
2026-04-02 13:54:06,386 -- Validation Loss: 0.0065
2026-04-02 13:54:06,435 -- [33m✓ New best model saved with validation loss: 0.0065 [0m
2026-04-02 13:54:06,435 -- 
2026-04-02 13:54:06,435 -- [32m ====== Epoch 4/4 (Round 2) ====== [0m
2026-04-02 13:54:06,435 -- Learning rate: 0.000868
2026-04-02 13:54:06,435 -- 
2026-04-02 13:54:06,498 -- Step [1/2636] | Batch loss: 0.0122
2026-04-02 13:54:06,727 -- Step [100/2636] | Batch loss: 0.0046
2026-04-02 13:54:06,953 -- Step [200/2636] | Batch loss: 0.0183
2026-04-02 13:54:07,184 -- Step [300/2636] | Batch loss: 0.0008
2026-04-02 13:54:07,416 -- Step [400/2636] | Batch loss: 0.0908
2026-04-02 13:54:07,650 -- Step [500/2636] | Batch loss: 0.0101
2026-04-02 13:54:07,900 -- Step [600/2636] | Batch loss: 0.1983
2026-04-02 13:54:08,135 -- Step [700/2636] | Batch loss: 0.0365
2026-04-02 13:54:08,345 -- Step [800/2636] | Batch loss: 0.0136
2026-04-02 13:54:08,562 -- Step [900/2636] | Batch loss: 0.0166
2026-04-02 13:54:08,796 -- Step [1000/2636] | Batch loss: 0.0445
2026-04-02 13:54:09,033 -- Step [1100/2636] | Batch loss: 0.0114
2026-04-02 13:54:09,272 -- Step [1200/2636] | Batch loss: 0.0624
2026-04-02 13:54:09,493 -- Step [1300/2636] | Batch loss: 0.0401
2026-04-02 13:54:09,743 -- Step [1400/2636] | Batch loss: 0.0245
2026-04-02 13:54:10,010 -- Step [1500/2636] | Batch loss: 0.0122
2026-04-02 13:54:10,249 -- Step [1600/2636] | Batch loss: 0.0121
2026-04-02 13:54:10,497 -- Step [1700/2636] | Batch loss: 0.0491
2026-04-02 13:54:10,727 -- Step [1800/2636] | Batch loss: 0.0095
2026-04-02 13:54:10,950 -- Step [1900/2636] | Batch loss: 0.0309
2026-04-02 13:54:11,186 -- Step [2000/2636] | Batch loss: 0.1223
2026-04-02 13:54:11,425 -- Step [2100/2636] | Batch loss: 0.0093
2026-04-02 13:54:11,661 -- Step [2200/2636] | Batch loss: 0.0134
2026-04-02 13:54:11,909 -- Step [2300/2636] | Batch loss: 0.0146
2026-04-02 13:54:12,154 -- Step [2400/2636] | Batch loss: 0.0152
2026-04-02 13:54:12,374 -- Step [2500/2636] | Batch loss: 0.0067
2026-04-02 13:54:12,643 -- Step [2600/2636] | Batch loss: 0.0007
2026-04-02 13:54:12,747 -- 
2026-04-02 13:54:12,747 -- Training epoch completed. Validating...
2026-04-02 13:54:16,262 -- 
2026-04-02 13:54:16,262 -- [32m ====== Epoch 8 Summary ====== [0m
2026-04-02 13:54:16,262 -- Training Loss: 0.0337
2026-04-02 13:54:16,262 -- Validation Loss: 0.0092
2026-04-02 13:54:16,366 -- 
2026-04-02 13:54:16,366 -- [32m ====== Pseudo-labeling result ====== [0m
2026-04-02 13:54:16,366 -- Confidence threshold: 0.95
2026-04-02 13:54:16,366 -- Pseudo-labeling ratio: 63.83%
2026-04-02 13:54:16,366 -- Total labeled samples: 338500
2026-04-02 13:54:16,366 -- Remaining unlabeled samples: 624
2026-04-02 13:54:16,366 -- 
2026-04-02 13:54:16,366 -- [33m Self-training round [3/3] [0m
2026-04-02 13:54:16,366 -- 
2026-04-02 13:54:16,366 -- [32m ====== Epoch 1/4 (Round 3) ====== [0m
2026-04-02 13:54:16,366 -- Learning rate: 0.000851
2026-04-02 13:54:16,366 -- 
2026-04-02 13:54:16,442 -- Step [1/2645] | Batch loss: 0.0024
2026-04-02 13:54:16,682 -- Step [100/2645] | Batch loss: 0.0135
2026-04-02 13:54:16,930 -- Step [200/2645] | Batch loss: 0.0169
2026-04-02 13:54:17,181 -- Step [300/2645] | Batch loss: 0.0011
2026-04-02 13:54:17,411 -- Step [400/2645] | Batch loss: 0.0562
2026-04-02 13:54:17,630 -- Step [500/2645] | Batch loss: 0.1251
2026-04-02 13:54:17,857 -- Step [600/2645] | Batch loss: 0.0623
2026-04-02 13:54:18,112 -- Step [700/2645] | Batch loss: 0.0063
2026-04-02 13:54:18,344 -- Step [800/2645] | Batch loss: 0.0445
2026-04-02 13:54:18,564 -- Step [900/2645] | Batch loss: 0.0312
2026-04-02 13:54:18,805 -- Step [1000/2645] | Batch loss: 0.0296
2026-04-02 13:54:19,034 -- Step [1100/2645] | Batch loss: 0.0062
2026-04-02 13:54:19,285 -- Step [1200/2645] | Batch loss: 0.0102
2026-04-02 13:54:19,526 -- Step [1300/2645] | Batch loss: 0.0440
2026-04-02 13:54:19,754 -- Step [1400/2645] | Batch loss: 0.0627
2026-04-02 13:54:19,986 -- Step [1500/2645] | Batch loss: 0.0404
2026-04-02 13:54:20,226 -- Step [1600/2645] | Batch loss: 0.0124
2026-04-02 13:54:20,459 -- Step [1700/2645] | Batch loss: 0.0134
2026-04-02 13:54:20,682 -- Step [1800/2645] | Batch loss: 0.0019
2026-04-02 13:54:20,915 -- Step [1900/2645] | Batch loss: 0.0145
2026-04-02 13:54:21,139 -- Step [2000/2645] | Batch loss: 0.0426
2026-04-02 13:54:21,361 -- Step [2100/2645] | Batch loss: 0.0183
2026-04-02 13:54:21,621 -- Step [2200/2645] | Batch loss: 0.0018
2026-04-02 13:54:21,869 -- Step [2300/2645] | Batch loss: 0.0058
2026-04-02 13:54:22,100 -- Step [2400/2645] | Batch loss: 0.0033
2026-04-02 13:54:22,356 -- Step [2500/2645] | Batch loss: 0.0051
2026-04-02 13:54:22,576 -- Step [2600/2645] | Batch loss: 0.0089
2026-04-02 13:54:22,728 -- 
2026-04-02 13:54:22,728 -- Training epoch completed. Validating...
2026-04-02 13:54:26,150 -- 
2026-04-02 13:54:26,150 -- [32m ====== Epoch 9 Summary ====== [0m
2026-04-02 13:54:26,150 -- Training Loss: 0.0394
2026-04-02 13:54:26,150 -- Validation Loss: 0.0115
2026-04-02 13:54:26,173 -- 
2026-04-02 13:54:26,174 -- [32m ====== Epoch 2/4 (Round 3) ====== [0m
2026-04-02 13:54:26,174 -- Learning rate: 0.000834
2026-04-02 13:54:26,174 -- 
2026-04-02 13:54:26,244 -- Step [1/2645] | Batch loss: 0.0347
2026-04-02 13:54:26,508 -- Step [100/2645] | Batch loss: 0.0151
2026-04-02 13:54:26,753 -- Step [200/2645] | Batch loss: 0.0489
2026-04-02 13:54:26,997 -- Step [300/2645] | Batch loss: 0.0085
2026-04-02 13:54:27,212 -- Step [400/2645] | Batch loss: 0.0421
2026-04-02 13:54:27,454 -- Step [500/2645] | Batch loss: 0.0910
2026-04-02 13:54:27,686 -- Step [600/2645] | Batch loss: 0.0113
2026-04-02 13:54:27,911 -- Step [700/2645] | Batch loss: 0.1202
2026-04-02 13:54:28,145 -- Step [800/2645] | Batch loss: 0.0716
2026-04-02 13:54:28,369 -- Step [900/2645] | Batch loss: 0.0063
2026-04-02 13:54:28,590 -- Step [1000/2645] | Batch loss: 0.0129
2026-04-02 13:54:28,851 -- Step [1100/2645] | Batch loss: 0.0072
2026-04-02 13:54:29,073 -- Step [1200/2645] | Batch loss: 0.0192
2026-04-02 13:54:29,314 -- Step [1300/2645] | Batch loss: 0.0326
2026-04-02 13:54:29,548 -- Step [1400/2645] | Batch loss: 0.0323
2026-04-02 13:54:29,789 -- Step [1500/2645] | Batch loss: 0.0287
2026-04-02 13:54:30,029 -- Step [1600/2645] | Batch loss: 0.0585
2026-04-02 13:54:30,277 -- Step [1700/2645] | Batch loss: 0.0120
2026-04-02 13:54:30,527 -- Step [1800/2645] | Batch loss: 0.0620
2026-04-02 13:54:30,757 -- Step [1900/2645] | Batch loss: 0.0191
2026-04-02 13:54:30,983 -- Step [2000/2645] | Batch loss: 0.0414
2026-04-02 13:54:31,210 -- Step [2100/2645] | Batch loss: 0.0094
2026-04-02 13:54:31,431 -- Step [2200/2645] | Batch loss: 0.0145
2026-04-02 13:54:31,663 -- Step [2300/2645] | Batch loss: 0.0074
2026-04-02 13:54:31,906 -- Step [2400/2645] | Batch loss: 0.0172
2026-04-02 13:54:32,139 -- Step [2500/2645] | Batch loss: 0.0028
2026-04-02 13:54:32,386 -- Step [2600/2645] | Batch loss: 0.0139
2026-04-02 13:54:32,520 -- 
2026-04-02 13:54:32,520 -- Training epoch completed. Validating...
2026-04-02 13:54:35,932 -- 
2026-04-02 13:54:35,933 -- [32m ====== Epoch 10 Summary ====== [0m
2026-04-02 13:54:35,933 -- Training Loss: 0.0346
2026-04-02 13:54:35,933 -- Validation Loss: 0.0123
2026-04-02 13:54:35,957 -- 
2026-04-02 13:54:35,957 -- [32m ====== Epoch 3/4 (Round 3) ====== [0m
2026-04-02 13:54:35,957 -- Learning rate: 0.000817
2026-04-02 13:54:35,957 -- 
2026-04-02 13:54:36,015 -- Step [1/2645] | Batch loss: 0.0095
2026-04-02 13:54:36,246 -- Step [100/2645] | Batch loss: 0.0265
2026-04-02 13:54:36,476 -- Step [200/2645] | Batch loss: 0.0442
2026-04-02 13:54:36,705 -- Step [300/2645] | Batch loss: 0.0260
2026-04-02 13:54:36,934 -- Step [400/2645] | Batch loss: 0.0127
2026-04-02 13:54:37,145 -- Step [500/2645] | Batch loss: 0.0147
2026-04-02 13:54:37,382 -- Step [600/2645] | Batch loss: 0.0191
2026-04-02 13:54:37,623 -- Step [700/2645] | Batch loss: 0.0562
2026-04-02 13:54:37,858 -- Step [800/2645] | Batch loss: 0.0462
2026-04-02 13:54:38,088 -- Step [900/2645] | Batch loss: 0.0127
2026-04-02 13:54:38,314 -- Step [1000/2645] | Batch loss: 0.0490
2026-04-02 13:54:38,529 -- Step [1100/2645] | Batch loss: 0.0028
2026-04-02 13:54:38,759 -- Step [1200/2645] | Batch loss: 0.0314
2026-04-02 13:54:39,008 -- Step [1300/2645] | Batch loss: 0.0462
2026-04-02 13:54:39,258 -- Step [1400/2645] | Batch loss: 0.0275
2026-04-02 13:54:39,498 -- Step [1500/2645] | Batch loss: 0.7005
2026-04-02 13:54:39,735 -- Step [1600/2645] | Batch loss: 0.0345
2026-04-02 13:54:39,949 -- Step [1700/2645] | Batch loss: 0.0304
2026-04-02 13:54:40,184 -- Step [1800/2645] | Batch loss: 0.0145
2026-04-02 13:54:40,435 -- Step [1900/2645] | Batch loss: 0.0326
2026-04-02 13:54:40,657 -- Step [2000/2645] | Batch loss: 0.0057
2026-04-02 13:54:40,877 -- Step [2100/2645] | Batch loss: 0.0216
2026-04-02 13:54:41,111 -- Step [2200/2645] | Batch loss: 0.0511
2026-04-02 13:54:41,358 -- Step [2300/2645] | Batch loss: 0.2140
2026-04-02 13:54:41,580 -- Step [2400/2645] | Batch loss: 0.0944
2026-04-02 13:54:41,823 -- Step [2500/2645] | Batch loss: 0.0333
2026-04-02 13:54:42,066 -- Step [2600/2645] | Batch loss: 0.0513
2026-04-02 13:54:42,207 -- 
2026-04-02 13:54:42,208 -- Training epoch completed. Validating...
2026-04-02 13:54:45,533 -- 
2026-04-02 13:54:45,533 -- [32m ====== Epoch 11 Summary ====== [0m
2026-04-02 13:54:45,534 -- Training Loss: 0.0352
2026-04-02 13:54:45,534 -- Validation Loss: 0.0330
2026-04-02 13:54:45,558 -- 
2026-04-02 13:54:45,558 -- [32m ====== Epoch 4/4 (Round 3) ====== [0m
2026-04-02 13:54:45,558 -- Learning rate: 0.000801
2026-04-02 13:54:45,558 -- 
2026-04-02 13:54:45,627 -- Step [1/2645] | Batch loss: 0.0504
2026-04-02 13:54:45,870 -- Step [100/2645] | Batch loss: 0.0048
2026-04-02 13:54:46,129 -- Step [200/2645] | Batch loss: 0.0463
2026-04-02 13:54:46,372 -- Step [300/2645] | Batch loss: 0.0170
2026-04-02 13:54:46,603 -- Step [400/2645] | Batch loss: 0.0423
2026-04-02 13:54:46,831 -- Step [500/2645] | Batch loss: 0.0096
2026-04-02 13:54:47,074 -- Step [600/2645] | Batch loss: 0.0652
2026-04-02 13:54:47,327 -- Step [700/2645] | Batch loss: 0.0029
2026-04-02 13:54:47,556 -- Step [800/2645] | Batch loss: 0.0106
2026-04-02 13:54:47,791 -- Step [900/2645] | Batch loss: 0.0159
2026-04-02 13:54:48,024 -- Step [1000/2645] | Batch loss: 0.0187
2026-04-02 13:54:48,242 -- Step [1100/2645] | Batch loss: 0.0273
2026-04-02 13:54:48,485 -- Step [1200/2645] | Batch loss: 0.0095
2026-04-02 13:54:48,714 -- Step [1300/2645] | Batch loss: 0.0394
2026-04-02 13:54:48,949 -- Step [1400/2645] | Batch loss: 0.0146
2026-04-02 13:54:49,170 -- Step [1500/2645] | Batch loss: 0.0164
2026-04-02 13:54:49,386 -- Step [1600/2645] | Batch loss: 0.0130
2026-04-02 13:54:49,587 -- Step [1700/2645] | Batch loss: 0.0070
2026-04-02 13:54:49,817 -- Step [1800/2645] | Batch loss: 0.0789
2026-04-02 13:54:50,017 -- Step [1900/2645] | Batch loss: 0.0573
2026-04-02 13:54:50,230 -- Step [2000/2645] | Batch loss: 0.0840
2026-04-02 13:54:50,431 -- Step [2100/2645] | Batch loss: 0.0012
2026-04-02 13:54:50,674 -- Step [2200/2645] | Batch loss: 0.0207
2026-04-02 13:54:50,882 -- Step [2300/2645] | Batch loss: 0.0163
2026-04-02 13:54:51,074 -- Step [2400/2645] | Batch loss: 0.0166
2026-04-02 13:54:51,287 -- Step [2500/2645] | Batch loss: 0.0016
2026-04-02 13:54:51,486 -- Step [2600/2645] | Batch loss: 0.0974
2026-04-02 13:54:51,600 -- 
2026-04-02 13:54:51,600 -- Training epoch completed. Validating...
2026-04-02 13:54:54,354 -- 
2026-04-02 13:54:54,354 -- [32m ====== Epoch 12 Summary ====== [0m
2026-04-02 13:54:54,354 -- Training Loss: 0.0342
2026-04-02 13:54:54,354 -- Validation Loss: 0.0058
2026-04-02 13:54:54,398 -- [33m✓ New best model saved with validation loss: 0.0058 [0m
2026-04-02 13:54:54,473 -- 
2026-04-02 13:54:54,473 -- [32m ====== Pseudo-labeling result ====== [0m
2026-04-02 13:54:54,473 -- Confidence threshold: 0.95
2026-04-02 13:54:54,473 -- Pseudo-labeling ratio: 4.17%
2026-04-02 13:54:54,473 -- Total labeled samples: 338526
2026-04-02 13:54:54,473 -- Remaining unlabeled samples: 598
2026-04-02 13:54:54,473 -- 
2026-04-02 13:54:54,473 -- [33m Stopping criteria met. Quitting...[0m
2026-04-02 13:54:54,473 -- Requires pseudo-labeling ratio over 10.00%
2026-04-02 13:54:54,473 -- Current pseudo-labeling ratio: 4.17%
