2026-04-03 15:30:32,079 -- [33m Self-training round [1/3] [0m
2026-04-03 15:30:32,079 -- 
2026-04-03 15:30:32,079 -- [32m ====== Epoch 1/4 (Round 1) ====== [0m
2026-04-03 15:30:32,079 -- Learning rate: 0.001000
2026-04-03 15:30:32,079 -- 
2026-04-03 15:30:32,320 -- Step [1/2166] | Batch loss: 1.3821
2026-04-03 15:30:32,518 -- Step [100/2166] | Batch loss: 0.6101
2026-04-03 15:30:32,702 -- Step [200/2166] | Batch loss: 0.4896
2026-04-03 15:30:32,883 -- Step [300/2166] | Batch loss: 0.3841
2026-04-03 15:30:33,075 -- Step [400/2166] | Batch loss: 0.3723
2026-04-03 15:30:33,252 -- Step [500/2166] | Batch loss: 0.3375
2026-04-03 15:30:33,452 -- Step [600/2166] | Batch loss: 0.1577
2026-04-03 15:30:33,630 -- Step [700/2166] | Batch loss: 0.1723
2026-04-03 15:30:33,803 -- Step [800/2166] | Batch loss: 0.1110
2026-04-03 15:30:33,966 -- Step [900/2166] | Batch loss: 0.0472
2026-04-03 15:30:34,146 -- Step [1000/2166] | Batch loss: 0.0329
2026-04-03 15:30:34,324 -- Step [1100/2166] | Batch loss: 0.0801
2026-04-03 15:30:34,504 -- Step [1200/2166] | Batch loss: 0.0608
2026-04-03 15:30:34,683 -- Step [1300/2166] | Batch loss: 0.0461
2026-04-03 15:30:34,869 -- Step [1400/2166] | Batch loss: 0.0574
2026-04-03 15:30:35,062 -- Step [1500/2166] | Batch loss: 0.0299
2026-04-03 15:30:35,246 -- Step [1600/2166] | Batch loss: 0.1534
2026-04-03 15:30:35,428 -- Step [1700/2166] | Batch loss: 0.0459
2026-04-03 15:30:35,599 -- Step [1800/2166] | Batch loss: 0.0172
2026-04-03 15:30:35,777 -- Step [1900/2166] | Batch loss: 0.0232
2026-04-03 15:30:35,954 -- Step [2000/2166] | Batch loss: 0.0094
2026-04-03 15:30:36,137 -- Step [2100/2166] | Batch loss: 0.0156
2026-04-03 15:30:36,275 -- 
2026-04-03 15:30:36,275 -- Training epoch completed. Validating...
2026-04-03 15:30:39,061 -- 
2026-04-03 15:30:39,061 -- [32m ====== Epoch 1 Summary ====== [0m
2026-04-03 15:30:39,061 -- Training Loss: 0.1778
2026-04-03 15:30:39,061 -- Validation Loss: 22.6753
2026-04-03 15:30:39,145 -- [33m✓ New best model saved with validation loss: 22.6753 [0m
2026-04-03 15:30:39,145 -- 
2026-04-03 15:30:39,145 -- [32m ====== Epoch 2/4 (Round 1) ====== [0m
2026-04-03 15:30:39,145 -- Learning rate: 0.000980
2026-04-03 15:30:39,145 -- 
2026-04-03 15:30:39,210 -- Step [1/2166] | Batch loss: 0.1542
2026-04-03 15:30:39,423 -- Step [100/2166] | Batch loss: 0.1334
2026-04-03 15:30:39,610 -- Step [200/2166] | Batch loss: 0.0131
2026-04-03 15:30:39,809 -- Step [300/2166] | Batch loss: 0.0401
2026-04-03 15:30:39,996 -- Step [400/2166] | Batch loss: 0.0185
2026-04-03 15:30:40,182 -- Step [500/2166] | Batch loss: 0.0106
2026-04-03 15:30:40,360 -- Step [600/2166] | Batch loss: 0.0676
2026-04-03 15:30:40,547 -- Step [700/2166] | Batch loss: 0.0375
2026-04-03 15:30:40,717 -- Step [800/2166] | Batch loss: 0.0052
2026-04-03 15:30:40,898 -- Step [900/2166] | Batch loss: 0.1141
2026-04-03 15:30:41,091 -- Step [1000/2166] | Batch loss: 0.0151
2026-04-03 15:30:41,271 -- Step [1100/2166] | Batch loss: 0.0152
2026-04-03 15:30:41,455 -- Step [1200/2166] | Batch loss: 0.0149
2026-04-03 15:30:41,636 -- Step [1300/2166] | Batch loss: 0.0130
2026-04-03 15:30:41,815 -- Step [1400/2166] | Batch loss: 0.0062
2026-04-03 15:30:41,995 -- Step [1500/2166] | Batch loss: 0.0204
2026-04-03 15:30:42,179 -- Step [1600/2166] | Batch loss: 0.0275
2026-04-03 15:30:42,364 -- Step [1700/2166] | Batch loss: 0.0058
2026-04-03 15:30:42,545 -- Step [1800/2166] | Batch loss: 0.0097
2026-04-03 15:30:42,728 -- Step [1900/2166] | Batch loss: 0.0228
2026-04-03 15:30:42,911 -- Step [2000/2166] | Batch loss: 0.0062
2026-04-03 15:30:43,096 -- Step [2100/2166] | Batch loss: 0.0066
2026-04-03 15:30:43,249 -- 
2026-04-03 15:30:43,249 -- Training epoch completed. Validating...
2026-04-03 15:30:45,985 -- 
2026-04-03 15:30:45,985 -- [32m ====== Epoch 2 Summary ====== [0m
2026-04-03 15:30:45,985 -- Training Loss: 0.0334
2026-04-03 15:30:45,985 -- Validation Loss: 28.4797
2026-04-03 15:30:46,010 -- 
2026-04-03 15:30:46,010 -- [32m ====== Epoch 3/4 (Round 1) ====== [0m
2026-04-03 15:30:46,010 -- Learning rate: 0.000960
2026-04-03 15:30:46,010 -- 
2026-04-03 15:30:46,077 -- Step [1/2166] | Batch loss: 0.0242
2026-04-03 15:30:46,262 -- Step [100/2166] | Batch loss: 0.0264
2026-04-03 15:30:46,450 -- Step [200/2166] | Batch loss: 0.1246
2026-04-03 15:30:46,630 -- Step [300/2166] | Batch loss: 0.0063
2026-04-03 15:30:46,811 -- Step [400/2166] | Batch loss: 0.0251
2026-04-03 15:30:46,992 -- Step [500/2166] | Batch loss: 0.0054
2026-04-03 15:30:47,179 -- Step [600/2166] | Batch loss: 0.0016
2026-04-03 15:30:47,350 -- Step [700/2166] | Batch loss: 0.0957
2026-04-03 15:30:47,524 -- Step [800/2166] | Batch loss: 0.0018
2026-04-03 15:30:47,711 -- Step [900/2166] | Batch loss: 0.0139
2026-04-03 15:30:47,890 -- Step [1000/2166] | Batch loss: 0.0049
2026-04-03 15:30:48,075 -- Step [1100/2166] | Batch loss: 0.0127
2026-04-03 15:30:48,253 -- Step [1200/2166] | Batch loss: 0.0099
2026-04-03 15:30:48,432 -- Step [1300/2166] | Batch loss: 0.0082
2026-04-03 15:30:48,614 -- Step [1400/2166] | Batch loss: 0.0025
2026-04-03 15:30:48,795 -- Step [1500/2166] | Batch loss: 0.0030
2026-04-03 15:30:48,982 -- Step [1600/2166] | Batch loss: 0.0024
2026-04-03 15:30:49,168 -- Step [1700/2166] | Batch loss: 0.0022
2026-04-03 15:30:49,347 -- Step [1800/2166] | Batch loss: 0.0521
2026-04-03 15:30:49,536 -- Step [1900/2166] | Batch loss: 0.0298
2026-04-03 15:30:49,712 -- Step [2000/2166] | Batch loss: 0.0256
2026-04-03 15:30:49,898 -- Step [2100/2166] | Batch loss: 0.0080
2026-04-03 15:30:50,055 -- 
2026-04-03 15:30:50,055 -- Training epoch completed. Validating...
2026-04-03 15:30:52,784 -- 
2026-04-03 15:30:52,784 -- [32m ====== Epoch 3 Summary ====== [0m
2026-04-03 15:30:52,784 -- Training Loss: 0.0260
2026-04-03 15:30:52,784 -- Validation Loss: 32.3567
2026-04-03 15:30:52,809 -- 
2026-04-03 15:30:52,809 -- [32m ====== Epoch 4/4 (Round 1) ====== [0m
2026-04-03 15:30:52,809 -- Learning rate: 0.000941
2026-04-03 15:30:52,809 -- 
2026-04-03 15:30:52,881 -- Step [1/2166] | Batch loss: 0.0137
2026-04-03 15:30:53,074 -- Step [100/2166] | Batch loss: 0.0026
2026-04-03 15:30:53,259 -- Step [200/2166] | Batch loss: 0.0055
2026-04-03 15:30:53,447 -- Step [300/2166] | Batch loss: 0.0019
2026-04-03 15:30:53,629 -- Step [400/2166] | Batch loss: 0.0022
2026-04-03 15:30:53,815 -- Step [500/2166] | Batch loss: 0.0040
2026-04-03 15:30:53,992 -- Step [600/2166] | Batch loss: 0.0039
2026-04-03 15:30:54,175 -- Step [700/2166] | Batch loss: 0.0036
2026-04-03 15:30:54,357 -- Step [800/2166] | Batch loss: 0.0133
2026-04-03 15:30:54,535 -- Step [900/2166] | Batch loss: 0.0046
2026-04-03 15:30:54,718 -- Step [1000/2166] | Batch loss: 0.0028
2026-04-03 15:30:54,911 -- Step [1100/2166] | Batch loss: 0.1715
2026-04-03 15:30:55,091 -- Step [1200/2166] | Batch loss: 0.0129
2026-04-03 15:30:55,267 -- Step [1300/2166] | Batch loss: 0.0117
2026-04-03 15:30:55,452 -- Step [1400/2166] | Batch loss: 0.0022
2026-04-03 15:30:55,638 -- Step [1500/2166] | Batch loss: 0.0023
2026-04-03 15:30:55,818 -- Step [1600/2166] | Batch loss: 0.0014
2026-04-03 15:30:56,001 -- Step [1700/2166] | Batch loss: 0.0062
2026-04-03 15:30:56,188 -- Step [1800/2166] | Batch loss: 0.0139
2026-04-03 15:30:56,374 -- Step [1900/2166] | Batch loss: 0.1732
2026-04-03 15:30:56,549 -- Step [2000/2166] | Batch loss: 0.0168
2026-04-03 15:30:56,729 -- Step [2100/2166] | Batch loss: 0.0070
2026-04-03 15:30:56,887 -- 
2026-04-03 15:30:56,887 -- Training epoch completed. Validating...
2026-04-03 15:30:59,600 -- 
2026-04-03 15:30:59,600 -- [32m ====== Epoch 4 Summary ====== [0m
2026-04-03 15:30:59,600 -- Training Loss: 0.0243
2026-04-03 15:30:59,600 -- Validation Loss: 32.9785
2026-04-03 15:31:00,192 -- 
2026-04-03 15:31:00,192 -- [32m ====== Pseudo-labeling result ====== [0m
2026-04-03 15:31:00,192 -- Confidence threshold: 0.95
2026-04-03 15:31:00,192 -- Pseudo-labeling ratio: 94.28%
2026-04-03 15:31:00,192 -- Total labeled samples: 335476
2026-04-03 15:31:00,192 -- Remaining unlabeled samples: 3534
2026-04-03 15:31:00,192 -- 
2026-04-03 15:31:00,192 -- [33m Self-training round [2/3] [0m
2026-04-03 15:31:00,192 -- 
2026-04-03 15:31:00,192 -- [32m ====== Epoch 1/4 (Round 2) ====== [0m
2026-04-03 15:31:00,192 -- Learning rate: 0.000922
2026-04-03 15:31:00,192 -- 
2026-04-03 15:31:00,265 -- Step [1/2621] | Batch loss: 0.7100
2026-04-03 15:31:00,473 -- Step [100/2621] | Batch loss: 0.0111
2026-04-03 15:31:00,662 -- Step [200/2621] | Batch loss: 0.1006
2026-04-03 15:31:00,845 -- Step [300/2621] | Batch loss: 0.0051
2026-04-03 15:31:01,027 -- Step [400/2621] | Batch loss: 0.0271
2026-04-03 15:31:01,206 -- Step [500/2621] | Batch loss: 0.0908
2026-04-03 15:31:01,397 -- Step [600/2621] | Batch loss: 0.0128
2026-04-03 15:31:01,579 -- Step [700/2621] | Batch loss: 0.0578
2026-04-03 15:31:01,747 -- Step [800/2621] | Batch loss: 0.0022
2026-04-03 15:31:01,925 -- Step [900/2621] | Batch loss: 0.0094
2026-04-03 15:31:02,103 -- Step [1000/2621] | Batch loss: 0.0032
2026-04-03 15:31:02,286 -- Step [1100/2621] | Batch loss: 0.0122
2026-04-03 15:31:02,463 -- Step [1200/2621] | Batch loss: 0.0168
2026-04-03 15:31:02,645 -- Step [1300/2621] | Batch loss: 0.0046
2026-04-03 15:31:02,834 -- Step [1400/2621] | Batch loss: 0.0130
2026-04-03 15:31:03,007 -- Step [1500/2621] | Batch loss: 0.0075
2026-04-03 15:31:03,185 -- Step [1600/2621] | Batch loss: 0.0138
2026-04-03 15:31:03,368 -- Step [1700/2621] | Batch loss: 0.0262
2026-04-03 15:31:03,550 -- Step [1800/2621] | Batch loss: 0.0132
2026-04-03 15:31:03,721 -- Step [1900/2621] | Batch loss: 0.0040
2026-04-03 15:31:03,903 -- Step [2000/2621] | Batch loss: 0.0605
2026-04-03 15:31:04,080 -- Step [2100/2621] | Batch loss: 0.0450
2026-04-03 15:31:04,243 -- Step [2200/2621] | Batch loss: 0.0100
2026-04-03 15:31:04,420 -- Step [2300/2621] | Batch loss: 0.0053
2026-04-03 15:31:04,598 -- Step [2400/2621] | Batch loss: 0.0290
2026-04-03 15:31:04,772 -- Step [2500/2621] | Batch loss: 0.0021
2026-04-03 15:31:04,944 -- Step [2600/2621] | Batch loss: 0.0048
2026-04-03 15:31:05,013 -- 
2026-04-03 15:31:05,013 -- Training epoch completed. Validating...
2026-04-03 15:31:07,764 -- 
2026-04-03 15:31:07,764 -- [32m ====== Epoch 5 Summary ====== [0m
2026-04-03 15:31:07,764 -- Training Loss: 0.0319
2026-04-03 15:31:07,764 -- Validation Loss: 42.6441
2026-04-03 15:31:07,787 -- 
2026-04-03 15:31:07,788 -- [32m ====== Epoch 2/4 (Round 2) ====== [0m
2026-04-03 15:31:07,788 -- Learning rate: 0.000904
2026-04-03 15:31:07,788 -- 
2026-04-03 15:31:07,862 -- Step [1/2621] | Batch loss: 0.0050
2026-04-03 15:31:08,060 -- Step [100/2621] | Batch loss: 0.0056
2026-04-03 15:31:08,245 -- Step [200/2621] | Batch loss: 0.0060
2026-04-03 15:31:08,433 -- Step [300/2621] | Batch loss: 0.0007
2026-04-03 15:31:08,609 -- Step [400/2621] | Batch loss: 0.2524
2026-04-03 15:31:08,795 -- Step [500/2621] | Batch loss: 0.0382
2026-04-03 15:31:08,976 -- Step [600/2621] | Batch loss: 0.0050
2026-04-03 15:31:09,151 -- Step [700/2621] | Batch loss: 0.1230
2026-04-03 15:31:09,339 -- Step [800/2621] | Batch loss: 0.0487
2026-04-03 15:31:09,524 -- Step [900/2621] | Batch loss: 0.0071
2026-04-03 15:31:09,704 -- Step [1000/2621] | Batch loss: 0.0069
2026-04-03 15:31:09,877 -- Step [1100/2621] | Batch loss: 0.0081
2026-04-03 15:31:10,050 -- Step [1200/2621] | Batch loss: 0.0056
2026-04-03 15:31:10,236 -- Step [1300/2621] | Batch loss: 0.0316
2026-04-03 15:31:10,423 -- Step [1400/2621] | Batch loss: 0.0117
2026-04-03 15:31:10,613 -- Step [1500/2621] | Batch loss: 0.0150
2026-04-03 15:31:10,789 -- Step [1600/2621] | Batch loss: 0.0013
2026-04-03 15:31:10,976 -- Step [1700/2621] | Batch loss: 0.0463
2026-04-03 15:31:11,166 -- Step [1800/2621] | Batch loss: 0.0347
2026-04-03 15:31:11,340 -- Step [1900/2621] | Batch loss: 0.0135
2026-04-03 15:31:11,515 -- Step [2000/2621] | Batch loss: 0.0048
2026-04-03 15:31:11,703 -- Step [2100/2621] | Batch loss: 0.0162
2026-04-03 15:31:11,904 -- Step [2200/2621] | Batch loss: 0.1178
2026-04-03 15:31:12,085 -- Step [2300/2621] | Batch loss: 0.0041
2026-04-03 15:31:12,257 -- Step [2400/2621] | Batch loss: 0.0018
2026-04-03 15:31:12,434 -- Step [2500/2621] | Batch loss: 0.0090
2026-04-03 15:31:12,613 -- Step [2600/2621] | Batch loss: 0.1046
2026-04-03 15:31:12,690 -- 
2026-04-03 15:31:12,690 -- Training epoch completed. Validating...
2026-04-03 15:31:15,416 -- 
2026-04-03 15:31:15,416 -- [32m ====== Epoch 6 Summary ====== [0m
2026-04-03 15:31:15,416 -- Training Loss: 0.0223
2026-04-03 15:31:15,416 -- Validation Loss: 46.4563
2026-04-03 15:31:15,440 -- 
2026-04-03 15:31:15,440 -- [32m ====== Epoch 3/4 (Round 2) ====== [0m
2026-04-03 15:31:15,440 -- Learning rate: 0.000886
2026-04-03 15:31:15,440 -- 
2026-04-03 15:31:15,498 -- Step [1/2621] | Batch loss: 0.0139
2026-04-03 15:31:15,705 -- Step [100/2621] | Batch loss: 0.0080
2026-04-03 15:31:15,877 -- Step [200/2621] | Batch loss: 0.0084
2026-04-03 15:31:16,057 -- Step [300/2621] | Batch loss: 0.0987
2026-04-03 15:31:16,238 -- Step [400/2621] | Batch loss: 0.0011
2026-04-03 15:31:16,420 -- Step [500/2621] | Batch loss: 0.0199
2026-04-03 15:31:16,600 -- Step [600/2621] | Batch loss: 0.0175
2026-04-03 15:31:16,780 -- Step [700/2621] | Batch loss: 0.0033
2026-04-03 15:31:16,962 -- Step [800/2621] | Batch loss: 0.0122
2026-04-03 15:31:17,146 -- Step [900/2621] | Batch loss: 0.0035
2026-04-03 15:31:17,325 -- Step [1000/2621] | Batch loss: 0.0065
2026-04-03 15:31:17,517 -- Step [1100/2621] | Batch loss: 0.1580
2026-04-03 15:31:17,691 -- Step [1200/2621] | Batch loss: 0.0014
2026-04-03 15:31:17,876 -- Step [1300/2621] | Batch loss: 0.0010
2026-04-03 15:31:18,060 -- Step [1400/2621] | Batch loss: 0.0006
2026-04-03 15:31:18,233 -- Step [1500/2621] | Batch loss: 0.0040
2026-04-03 15:31:18,415 -- Step [1600/2621] | Batch loss: 0.0033
2026-04-03 15:31:18,598 -- Step [1700/2621] | Batch loss: 0.0026
2026-04-03 15:31:18,777 -- Step [1800/2621] | Batch loss: 0.0042
2026-04-03 15:31:18,968 -- Step [1900/2621] | Batch loss: 0.0104
2026-04-03 15:31:19,145 -- Step [2000/2621] | Batch loss: 0.0003
2026-04-03 15:31:19,338 -- Step [2100/2621] | Batch loss: 0.0006
2026-04-03 15:31:19,525 -- Step [2200/2621] | Batch loss: 0.0235
2026-04-03 15:31:19,700 -- Step [2300/2621] | Batch loss: 0.0030
2026-04-03 15:31:19,879 -- Step [2400/2621] | Batch loss: 0.0179
2026-04-03 15:31:20,058 -- Step [2500/2621] | Batch loss: 0.0017
2026-04-03 15:31:20,240 -- Step [2600/2621] | Batch loss: 0.0349
2026-04-03 15:31:20,311 -- 
2026-04-03 15:31:20,311 -- Training epoch completed. Validating...
2026-04-03 15:31:23,084 -- 
2026-04-03 15:31:23,084 -- [32m ====== Epoch 7 Summary ====== [0m
2026-04-03 15:31:23,084 -- Training Loss: 0.0181
2026-04-03 15:31:23,084 -- Validation Loss: 48.8980
2026-04-03 15:31:23,107 -- 
2026-04-03 15:31:23,107 -- [32m ====== Epoch 4/4 (Round 2) ====== [0m
2026-04-03 15:31:23,107 -- Learning rate: 0.000868
2026-04-03 15:31:23,107 -- 
2026-04-03 15:31:23,180 -- Step [1/2621] | Batch loss: 0.0290
2026-04-03 15:31:23,363 -- Step [100/2621] | Batch loss: 0.1915
2026-04-03 15:31:23,548 -- Step [200/2621] | Batch loss: 0.0830
2026-04-03 15:31:23,723 -- Step [300/2621] | Batch loss: 0.0372
2026-04-03 15:31:23,908 -- Step [400/2621] | Batch loss: 0.0129
2026-04-03 15:31:24,086 -- Step [500/2621] | Batch loss: 0.0009
2026-04-03 15:31:24,270 -- Step [600/2621] | Batch loss: 0.0004
2026-04-03 15:31:24,450 -- Step [700/2621] | Batch loss: 0.0009
2026-04-03 15:31:24,646 -- Step [800/2621] | Batch loss: 0.0008
2026-04-03 15:31:24,832 -- Step [900/2621] | Batch loss: 0.0067
2026-04-03 15:31:25,013 -- Step [1000/2621] | Batch loss: 0.0004
2026-04-03 15:31:25,198 -- Step [1100/2621] | Batch loss: 0.0099
2026-04-03 15:31:25,383 -- Step [1200/2621] | Batch loss: 0.0064
2026-04-03 15:31:25,561 -- Step [1300/2621] | Batch loss: 0.0042
2026-04-03 15:31:25,741 -- Step [1400/2621] | Batch loss: 0.0252
2026-04-03 15:31:25,927 -- Step [1500/2621] | Batch loss: 0.0012
2026-04-03 15:31:26,121 -- Step [1600/2621] | Batch loss: 0.0134
2026-04-03 15:31:26,296 -- Step [1700/2621] | Batch loss: 0.0003
2026-04-03 15:31:26,471 -- Step [1800/2621] | Batch loss: 0.0135
2026-04-03 15:31:26,658 -- Step [1900/2621] | Batch loss: 0.0098
2026-04-03 15:31:26,833 -- Step [2000/2621] | Batch loss: 0.0241
2026-04-03 15:31:27,009 -- Step [2100/2621] | Batch loss: 0.0262
2026-04-03 15:31:27,187 -- Step [2200/2621] | Batch loss: 0.0018
2026-04-03 15:31:27,367 -- Step [2300/2621] | Batch loss: 0.0013
2026-04-03 15:31:27,547 -- Step [2400/2621] | Batch loss: 0.0003
2026-04-03 15:31:27,719 -- Step [2500/2621] | Batch loss: 0.0015
2026-04-03 15:31:27,891 -- Step [2600/2621] | Batch loss: 0.0021
2026-04-03 15:31:27,961 -- 
2026-04-03 15:31:27,961 -- Training epoch completed. Validating...
2026-04-03 15:31:30,728 -- 
2026-04-03 15:31:30,728 -- [32m ====== Epoch 8 Summary ====== [0m
2026-04-03 15:31:30,728 -- Training Loss: 0.0167
2026-04-03 15:31:30,729 -- Validation Loss: 51.8308
2026-04-03 15:31:30,853 -- 
2026-04-03 15:31:30,853 -- [32m ====== Pseudo-labeling result ====== [0m
2026-04-03 15:31:30,853 -- Confidence threshold: 0.95
2026-04-03 15:31:30,853 -- Pseudo-labeling ratio: 80.87%
2026-04-03 15:31:30,854 -- Total labeled samples: 338334
2026-04-03 15:31:30,854 -- Remaining unlabeled samples: 676
2026-04-03 15:31:30,854 -- 
2026-04-03 15:31:30,854 -- [33m Self-training round [3/3] [0m
2026-04-03 15:31:30,854 -- 
2026-04-03 15:31:30,854 -- [32m ====== Epoch 1/4 (Round 3) ====== [0m
2026-04-03 15:31:30,854 -- Learning rate: 0.000851
2026-04-03 15:31:30,854 -- 
2026-04-03 15:31:30,924 -- Step [1/2644] | Batch loss: 0.0306
2026-04-03 15:31:31,111 -- Step [100/2644] | Batch loss: 0.0119
2026-04-03 15:31:31,313 -- Step [200/2644] | Batch loss: 0.0003
2026-04-03 15:31:31,496 -- Step [300/2644] | Batch loss: 0.0028
2026-04-03 15:31:31,678 -- Step [400/2644] | Batch loss: 0.0119
2026-04-03 15:31:31,870 -- Step [500/2644] | Batch loss: 0.1063
2026-04-03 15:31:32,057 -- Step [600/2644] | Batch loss: 0.0010
2026-04-03 15:31:32,247 -- Step [700/2644] | Batch loss: 0.0063
2026-04-03 15:31:32,428 -- Step [800/2644] | Batch loss: 0.0023
2026-04-03 15:31:32,606 -- Step [900/2644] | Batch loss: 0.0934
2026-04-03 15:31:32,787 -- Step [1000/2644] | Batch loss: 0.0161
2026-04-03 15:31:32,973 -- Step [1100/2644] | Batch loss: 0.0272
2026-04-03 15:31:33,160 -- Step [1200/2644] | Batch loss: 0.0025
2026-04-03 15:31:33,340 -- Step [1300/2644] | Batch loss: 0.0072
2026-04-03 15:31:33,521 -- Step [1400/2644] | Batch loss: 0.0269
2026-04-03 15:31:33,703 -- Step [1500/2644] | Batch loss: 0.0024
2026-04-03 15:31:33,873 -- Step [1600/2644] | Batch loss: 0.0282
2026-04-03 15:31:34,045 -- Step [1700/2644] | Batch loss: 0.0159
2026-04-03 15:31:34,232 -- Step [1800/2644] | Batch loss: 0.0029
2026-04-03 15:31:34,423 -- Step [1900/2644] | Batch loss: 0.0118
2026-04-03 15:31:34,603 -- Step [2000/2644] | Batch loss: 0.0543
2026-04-03 15:31:34,786 -- Step [2100/2644] | Batch loss: 0.0031
2026-04-03 15:31:34,981 -- Step [2200/2644] | Batch loss: 0.0149
2026-04-03 15:31:35,163 -- Step [2300/2644] | Batch loss: 0.0053
2026-04-03 15:31:35,352 -- Step [2400/2644] | Batch loss: 0.0077
2026-04-03 15:31:35,537 -- Step [2500/2644] | Batch loss: 0.0157
2026-04-03 15:31:35,715 -- Step [2600/2644] | Batch loss: 0.0042
2026-04-03 15:31:35,819 -- 
2026-04-03 15:31:35,820 -- Training epoch completed. Validating...
2026-04-03 15:31:38,591 -- 
2026-04-03 15:31:38,591 -- [32m ====== Epoch 9 Summary ====== [0m
2026-04-03 15:31:38,591 -- Training Loss: 0.0253
2026-04-03 15:31:38,591 -- Validation Loss: 47.5926
2026-04-03 15:31:38,614 -- 
2026-04-03 15:31:38,614 -- [32m ====== Epoch 2/4 (Round 3) ====== [0m
2026-04-03 15:31:38,614 -- Learning rate: 0.000834
2026-04-03 15:31:38,615 -- 
2026-04-03 15:31:38,686 -- Step [1/2644] | Batch loss: 0.0067
2026-04-03 15:31:38,871 -- Step [100/2644] | Batch loss: 0.0024
2026-04-03 15:31:39,052 -- Step [200/2644] | Batch loss: 0.0728
2026-04-03 15:31:39,243 -- Step [300/2644] | Batch loss: 0.0826
2026-04-03 15:31:39,425 -- Step [400/2644] | Batch loss: 0.0016
2026-04-03 15:31:39,599 -- Step [500/2644] | Batch loss: 0.1421
2026-04-03 15:31:39,781 -- Step [600/2644] | Batch loss: 0.0486
2026-04-03 15:31:39,960 -- Step [700/2644] | Batch loss: 0.0034
2026-04-03 15:31:40,143 -- Step [800/2644] | Batch loss: 0.0225
2026-04-03 15:31:40,324 -- Step [900/2644] | Batch loss: 0.0046
2026-04-03 15:31:40,501 -- Step [1000/2644] | Batch loss: 0.0222
2026-04-03 15:31:40,677 -- Step [1100/2644] | Batch loss: 0.0501
2026-04-03 15:31:40,857 -- Step [1200/2644] | Batch loss: 0.0549
2026-04-03 15:31:41,047 -- Step [1300/2644] | Batch loss: 0.0168
2026-04-03 15:31:41,242 -- Step [1400/2644] | Batch loss: 0.0038
2026-04-03 15:31:41,452 -- Step [1500/2644] | Batch loss: 0.0083
2026-04-03 15:31:41,637 -- Step [1600/2644] | Batch loss: 0.0093
2026-04-03 15:31:41,820 -- Step [1700/2644] | Batch loss: 0.0049
2026-04-03 15:31:42,008 -- Step [1800/2644] | Batch loss: 0.0023
2026-04-03 15:31:42,200 -- Step [1900/2644] | Batch loss: 0.0035
2026-04-03 15:31:42,390 -- Step [2000/2644] | Batch loss: 0.0152
2026-04-03 15:31:42,574 -- Step [2100/2644] | Batch loss: 0.0192
2026-04-03 15:31:42,770 -- Step [2200/2644] | Batch loss: 0.0075
2026-04-03 15:31:42,943 -- Step [2300/2644] | Batch loss: 0.0027
2026-04-03 15:31:43,127 -- Step [2400/2644] | Batch loss: 0.0093
2026-04-03 15:31:43,303 -- Step [2500/2644] | Batch loss: 0.0645
2026-04-03 15:31:43,477 -- Step [2600/2644] | Batch loss: 0.0507
2026-04-03 15:31:43,599 -- 
2026-04-03 15:31:43,599 -- Training epoch completed. Validating...
2026-04-03 15:31:46,342 -- 
2026-04-03 15:31:46,342 -- [32m ====== Epoch 10 Summary ====== [0m
2026-04-03 15:31:46,342 -- Training Loss: 0.0237
2026-04-03 15:31:46,342 -- Validation Loss: 48.9663
2026-04-03 15:31:46,366 -- 
2026-04-03 15:31:46,366 -- [32m ====== Epoch 3/4 (Round 3) ====== [0m
2026-04-03 15:31:46,366 -- Learning rate: 0.000817
2026-04-03 15:31:46,366 -- 
2026-04-03 15:31:46,432 -- Step [1/2644] | Batch loss: 0.0332
2026-04-03 15:31:46,620 -- Step [100/2644] | Batch loss: 0.0770
2026-04-03 15:31:46,801 -- Step [200/2644] | Batch loss: 0.0102
2026-04-03 15:31:46,990 -- Step [300/2644] | Batch loss: 0.0003
2026-04-03 15:31:47,168 -- Step [400/2644] | Batch loss: 0.0090
2026-04-03 15:31:47,353 -- Step [500/2644] | Batch loss: 0.0123
2026-04-03 15:31:47,533 -- Step [600/2644] | Batch loss: 0.0150
2026-04-03 15:31:47,711 -- Step [700/2644] | Batch loss: 0.0276
2026-04-03 15:31:47,895 -- Step [800/2644] | Batch loss: 0.0291
2026-04-03 15:31:48,079 -- Step [900/2644] | Batch loss: 0.0060
2026-04-03 15:31:48,258 -- Step [1000/2644] | Batch loss: 0.0059
2026-04-03 15:31:48,441 -- Step [1100/2644] | Batch loss: 0.0070
2026-04-03 15:31:48,635 -- Step [1200/2644] | Batch loss: 0.0197
2026-04-03 15:31:48,824 -- Step [1300/2644] | Batch loss: 0.0069
2026-04-03 15:31:49,005 -- Step [1400/2644] | Batch loss: 0.0086
2026-04-03 15:31:49,192 -- Step [1500/2644] | Batch loss: 0.0507
2026-04-03 15:31:49,369 -- Step [1600/2644] | Batch loss: 0.0036
2026-04-03 15:31:49,549 -- Step [1700/2644] | Batch loss: 0.0103
2026-04-03 15:31:49,727 -- Step [1800/2644] | Batch loss: 0.0026
2026-04-03 15:31:49,904 -- Step [1900/2644] | Batch loss: 0.1035
2026-04-03 15:31:50,093 -- Step [2000/2644] | Batch loss: 0.0118
2026-04-03 15:31:50,289 -- Step [2100/2644] | Batch loss: 0.0082
2026-04-03 15:31:50,473 -- Step [2200/2644] | Batch loss: 0.0009
2026-04-03 15:31:50,666 -- Step [2300/2644] | Batch loss: 0.0631
2026-04-03 15:31:50,842 -- Step [2400/2644] | Batch loss: 0.0207
2026-04-03 15:31:51,024 -- Step [2500/2644] | Batch loss: 0.0067
2026-04-03 15:31:51,204 -- Step [2600/2644] | Batch loss: 0.0484
2026-04-03 15:31:51,321 -- 
2026-04-03 15:31:51,321 -- Training epoch completed. Validating...
2026-04-03 15:31:54,049 -- 
2026-04-03 15:31:54,049 -- [32m ====== Epoch 11 Summary ====== [0m
2026-04-03 15:31:54,049 -- Training Loss: 0.0205
2026-04-03 15:31:54,049 -- Validation Loss: 51.8620
2026-04-03 15:31:54,073 -- 
2026-04-03 15:31:54,073 -- [32m ====== Epoch 4/4 (Round 3) ====== [0m
2026-04-03 15:31:54,073 -- Learning rate: 0.000801
2026-04-03 15:31:54,073 -- 
2026-04-03 15:31:54,140 -- Step [1/2644] | Batch loss: 0.0860
2026-04-03 15:31:54,336 -- Step [100/2644] | Batch loss: 0.0458
2026-04-03 15:31:54,526 -- Step [200/2644] | Batch loss: 0.0298
2026-04-03 15:31:54,701 -- Step [300/2644] | Batch loss: 0.0471
2026-04-03 15:31:54,884 -- Step [400/2644] | Batch loss: 0.0088
2026-04-03 15:31:55,064 -- Step [500/2644] | Batch loss: 0.0009
2026-04-03 15:31:55,246 -- Step [600/2644] | Batch loss: 0.0389
2026-04-03 15:31:55,424 -- Step [700/2644] | Batch loss: 0.0027
2026-04-03 15:31:55,602 -- Step [800/2644] | Batch loss: 0.0017
2026-04-03 15:31:55,792 -- Step [900/2644] | Batch loss: 0.0174
2026-04-03 15:31:55,982 -- Step [1000/2644] | Batch loss: 0.0117
2026-04-03 15:31:56,165 -- Step [1100/2644] | Batch loss: 0.0668
2026-04-03 15:31:56,356 -- Step [1200/2644] | Batch loss: 0.1212
2026-04-03 15:31:56,536 -- Step [1300/2644] | Batch loss: 0.0004
2026-04-03 15:31:56,712 -- Step [1400/2644] | Batch loss: 0.0060
2026-04-03 15:31:56,886 -- Step [1500/2644] | Batch loss: 0.0272
2026-04-03 15:31:57,078 -- Step [1600/2644] | Batch loss: 0.0190
2026-04-03 15:31:57,265 -- Step [1700/2644] | Batch loss: 0.0005
2026-04-03 15:31:57,453 -- Step [1800/2644] | Batch loss: 0.0105
2026-04-03 15:31:57,634 -- Step [1900/2644] | Batch loss: 0.0043
2026-04-03 15:31:57,807 -- Step [2000/2644] | Batch loss: 0.0015
2026-04-03 15:31:57,992 -- Step [2100/2644] | Batch loss: 0.0380
2026-04-03 15:31:58,173 -- Step [2200/2644] | Batch loss: 0.0046
2026-04-03 15:31:58,360 -- Step [2300/2644] | Batch loss: 0.0073
2026-04-03 15:31:58,556 -- Step [2400/2644] | Batch loss: 0.0134
2026-04-03 15:31:58,736 -- Step [2500/2644] | Batch loss: 0.0423
2026-04-03 15:31:58,920 -- Step [2600/2644] | Batch loss: 0.0417
2026-04-03 15:31:59,044 -- 
2026-04-03 15:31:59,044 -- Training epoch completed. Validating...
2026-04-03 15:32:01,871 -- 
2026-04-03 15:32:01,871 -- [32m ====== Epoch 12 Summary ====== [0m
2026-04-03 15:32:01,871 -- Training Loss: 0.0207
2026-04-03 15:32:01,871 -- Validation Loss: 51.6031
2026-04-03 15:32:01,972 -- 
2026-04-03 15:32:01,972 -- [32m ====== Pseudo-labeling result ====== [0m
2026-04-03 15:32:01,972 -- Confidence threshold: 0.95
2026-04-03 15:32:01,972 -- Pseudo-labeling ratio: 0.74%
2026-04-03 15:32:01,972 -- Total labeled samples: 338339
2026-04-03 15:32:01,972 -- Remaining unlabeled samples: 671
2026-04-03 15:32:01,972 -- 
2026-04-03 15:32:01,972 -- [33m Stopping criteria met. Quitting...[0m
2026-04-03 15:32:01,972 -- Requires pseudo-labeling ratio over 10.00%
2026-04-03 15:32:01,972 -- Current pseudo-labeling ratio: 0.74%
