2026-04-07 21:02:35,084 -- [33m Self-training round [1/3] [0m
2026-04-07 21:02:35,084 -- 
2026-04-07 21:02:35,084 -- [32m ====== Epoch 1/4 (Round 1) ====== [0m
2026-04-07 21:02:35,084 -- Learning rate: 0.000100
2026-04-07 21:02:35,084 -- 
2026-04-07 21:02:35,279 -- Step [1/2166] | Batch loss: 1.5332
2026-04-07 21:02:35,486 -- Step [100/2166] | Batch loss: 1.2283
2026-04-07 21:02:35,686 -- Step [200/2166] | Batch loss: 1.2011
2026-04-07 21:02:35,891 -- Step [300/2166] | Batch loss: 0.9715
2026-04-07 21:02:36,089 -- Step [400/2166] | Batch loss: 0.8792
2026-04-07 21:02:36,288 -- Step [500/2166] | Batch loss: 0.9126
2026-04-07 21:02:36,482 -- Step [600/2166] | Batch loss: 0.7466
2026-04-07 21:02:36,692 -- Step [700/2166] | Batch loss: 0.6860
2026-04-07 21:02:36,895 -- Step [800/2166] | Batch loss: 0.6598
2026-04-07 21:02:37,091 -- Step [900/2166] | Batch loss: 0.7368
2026-04-07 21:02:37,294 -- Step [1000/2166] | Batch loss: 0.6807
2026-04-07 21:02:37,490 -- Step [1100/2166] | Batch loss: 0.6039
2026-04-07 21:02:37,685 -- Step [1200/2166] | Batch loss: 0.5717
2026-04-07 21:02:37,881 -- Step [1300/2166] | Batch loss: 0.6339
2026-04-07 21:02:38,069 -- Step [1400/2166] | Batch loss: 0.6965
2026-04-07 21:02:38,271 -- Step [1500/2166] | Batch loss: 0.5635
2026-04-07 21:02:38,477 -- Step [1600/2166] | Batch loss: 0.6060
2026-04-07 21:02:38,673 -- Step [1700/2166] | Batch loss: 0.6076
2026-04-07 21:02:38,878 -- Step [1800/2166] | Batch loss: 0.5726
2026-04-07 21:02:39,084 -- Step [1900/2166] | Batch loss: 0.6166
2026-04-07 21:02:39,300 -- Step [2000/2166] | Batch loss: 0.5811
2026-04-07 21:02:39,502 -- Step [2100/2166] | Batch loss: 0.5703
2026-04-07 21:02:39,659 -- 
2026-04-07 21:02:39,659 -- Training epoch completed. Validating...
2026-04-07 21:02:43,105 -- 
2026-04-07 21:02:43,105 -- [32m ====== Epoch 1 Summary ====== [0m
2026-04-07 21:02:43,105 -- Training Loss: 0.7088
2026-04-07 21:02:43,105 -- Validation Loss: 2.6220
2026-04-07 21:02:43,176 -- [33m✓ New best model saved with validation loss: 2.6220 [0m
2026-04-07 21:02:43,177 -- 
2026-04-07 21:02:43,177 -- [32m ====== Epoch 2/4 (Round 1) ====== [0m
2026-04-07 21:02:43,177 -- Learning rate: 0.000098
2026-04-07 21:02:43,177 -- 
2026-04-07 21:02:43,253 -- Step [1/2166] | Batch loss: 0.7894
2026-04-07 21:02:43,457 -- Step [100/2166] | Batch loss: 0.5804
2026-04-07 21:02:43,673 -- Step [200/2166] | Batch loss: 0.6588
2026-04-07 21:02:43,869 -- Step [300/2166] | Batch loss: 0.6991
2026-04-07 21:02:44,081 -- Step [400/2166] | Batch loss: 0.5063
2026-04-07 21:02:44,288 -- Step [500/2166] | Batch loss: 0.5530
2026-04-07 21:02:44,499 -- Step [600/2166] | Batch loss: 0.5763
2026-04-07 21:02:44,703 -- Step [700/2166] | Batch loss: 0.5420
2026-04-07 21:02:44,901 -- Step [800/2166] | Batch loss: 0.5522
2026-04-07 21:02:45,101 -- Step [900/2166] | Batch loss: 0.5856
2026-04-07 21:02:45,302 -- Step [1000/2166] | Batch loss: 0.5667
2026-04-07 21:02:45,496 -- Step [1100/2166] | Batch loss: 0.5738
2026-04-07 21:02:45,707 -- Step [1200/2166] | Batch loss: 0.5412
2026-04-07 21:02:45,914 -- Step [1300/2166] | Batch loss: 0.4546
2026-04-07 21:02:46,117 -- Step [1400/2166] | Batch loss: 0.4703
2026-04-07 21:02:46,321 -- Step [1500/2166] | Batch loss: 0.5834
2026-04-07 21:02:46,526 -- Step [1600/2166] | Batch loss: 0.5154
2026-04-07 21:02:46,730 -- Step [1700/2166] | Batch loss: 0.6111
2026-04-07 21:02:46,932 -- Step [1800/2166] | Batch loss: 0.4788
2026-04-07 21:02:47,160 -- Step [1900/2166] | Batch loss: 0.4777
2026-04-07 21:02:47,380 -- Step [2000/2166] | Batch loss: 0.4848
2026-04-07 21:02:47,577 -- Step [2100/2166] | Batch loss: 0.4894
2026-04-07 21:02:47,738 -- 
2026-04-07 21:02:47,738 -- Training epoch completed. Validating...
2026-04-07 21:02:51,156 -- 
2026-04-07 21:02:51,156 -- [32m ====== Epoch 2 Summary ====== [0m
2026-04-07 21:02:51,156 -- Training Loss: 0.5457
2026-04-07 21:02:51,156 -- Validation Loss: 2.9839
2026-04-07 21:02:51,180 -- 
2026-04-07 21:02:51,180 -- [32m ====== Epoch 3/4 (Round 1) ====== [0m
2026-04-07 21:02:51,180 -- Learning rate: 0.000096
2026-04-07 21:02:51,180 -- 
2026-04-07 21:02:51,245 -- Step [1/2166] | Batch loss: 0.4917
2026-04-07 21:02:51,476 -- Step [100/2166] | Batch loss: 0.5410
2026-04-07 21:02:51,682 -- Step [200/2166] | Batch loss: 0.5330
2026-04-07 21:02:51,879 -- Step [300/2166] | Batch loss: 0.4891
2026-04-07 21:02:52,082 -- Step [400/2166] | Batch loss: 0.4944
2026-04-07 21:02:52,288 -- Step [500/2166] | Batch loss: 0.4616
2026-04-07 21:02:52,503 -- Step [600/2166] | Batch loss: 0.5405
2026-04-07 21:02:52,714 -- Step [700/2166] | Batch loss: 0.4791
2026-04-07 21:02:52,914 -- Step [800/2166] | Batch loss: 0.5050
2026-04-07 21:02:53,116 -- Step [900/2166] | Batch loss: 0.4545
2026-04-07 21:02:53,322 -- Step [1000/2166] | Batch loss: 0.5347
2026-04-07 21:02:53,519 -- Step [1100/2166] | Batch loss: 0.5721
2026-04-07 21:02:53,726 -- Step [1200/2166] | Batch loss: 0.4537
2026-04-07 21:02:53,933 -- Step [1300/2166] | Batch loss: 0.4759
2026-04-07 21:02:54,137 -- Step [1400/2166] | Batch loss: 0.4863
2026-04-07 21:02:54,333 -- Step [1500/2166] | Batch loss: 0.4569
2026-04-07 21:02:54,530 -- Step [1600/2166] | Batch loss: 0.4464
2026-04-07 21:02:54,742 -- Step [1700/2166] | Batch loss: 0.4311
2026-04-07 21:02:54,942 -- Step [1800/2166] | Batch loss: 0.4860
2026-04-07 21:02:55,140 -- Step [1900/2166] | Batch loss: 0.4555
2026-04-07 21:02:55,353 -- Step [2000/2166] | Batch loss: 0.4476
2026-04-07 21:02:55,561 -- Step [2100/2166] | Batch loss: 0.4746
2026-04-07 21:02:55,718 -- 
2026-04-07 21:02:55,718 -- Training epoch completed. Validating...
