2026-04-05 17:52:02,786 -- [33m Self-training round [1/3] [0m
2026-04-05 17:52:02,786 -- 
2026-04-05 17:52:02,786 -- [32m ====== Epoch 1/4 (Round 1) ====== [0m
2026-04-05 17:52:02,786 -- Learning rate: 0.000100
2026-04-05 17:52:02,786 -- 
2026-04-05 17:52:02,996 -- Step [1/2166] | Batch loss: 1.4854
2026-04-05 17:52:03,207 -- Step [100/2166] | Batch loss: 1.1605
2026-04-05 17:52:03,428 -- Step [200/2166] | Batch loss: 1.1223
2026-04-05 17:52:03,636 -- Step [300/2166] | Batch loss: 0.8637
2026-04-05 17:52:03,836 -- Step [400/2166] | Batch loss: 0.7601
2026-04-05 17:52:04,045 -- Step [500/2166] | Batch loss: 0.7795
2026-04-05 17:52:04,238 -- Step [600/2166] | Batch loss: 0.6010
2026-04-05 17:52:04,450 -- Step [700/2166] | Batch loss: 0.5338
2026-04-05 17:52:04,657 -- Step [800/2166] | Batch loss: 0.5104
2026-04-05 17:52:04,870 -- Step [900/2166] | Batch loss: 0.5789
2026-04-05 17:52:05,071 -- Step [1000/2166] | Batch loss: 0.5168
2026-04-05 17:52:05,271 -- Step [1100/2166] | Batch loss: 0.4177
2026-04-05 17:52:05,467 -- Step [1200/2166] | Batch loss: 0.3857
2026-04-05 17:52:05,673 -- Step [1300/2166] | Batch loss: 0.4664
2026-04-05 17:52:05,867 -- Step [1400/2166] | Batch loss: 0.5387
2026-04-05 17:52:06,072 -- Step [1500/2166] | Batch loss: 0.3554
2026-04-05 17:52:06,270 -- Step [1600/2166] | Batch loss: 0.4187
2026-04-05 17:52:06,462 -- Step [1700/2166] | Batch loss: 0.3942
2026-04-05 17:52:06,662 -- Step [1800/2166] | Batch loss: 0.3785
2026-04-05 17:52:06,870 -- Step [1900/2166] | Batch loss: 0.4053
2026-04-05 17:52:07,079 -- Step [2000/2166] | Batch loss: 0.3370
2026-04-05 17:52:07,273 -- Step [2100/2166] | Batch loss: 0.3647
2026-04-05 17:52:07,439 -- 
2026-04-05 17:52:07,439 -- Training epoch completed. Validating...
2026-04-05 17:52:10,839 -- 
2026-04-05 17:52:10,839 -- [32m ====== Epoch 1 Summary ====== [0m
2026-04-05 17:52:10,839 -- Training Loss: 0.5443
2026-04-05 17:52:10,839 -- Validation Loss: 3.7254
2026-04-05 17:52:10,910 -- [33m✓ New best model saved with validation loss: 3.7254 [0m
2026-04-05 17:52:10,910 -- 
2026-04-05 17:52:10,910 -- [32m ====== Epoch 2/4 (Round 1) ====== [0m
2026-04-05 17:52:10,910 -- Learning rate: 0.000098
2026-04-05 17:52:10,910 -- 
2026-04-05 17:52:10,975 -- Step [1/2166] | Batch loss: 0.6039
2026-04-05 17:52:11,188 -- Step [100/2166] | Batch loss: 0.3841
2026-04-05 17:52:11,396 -- Step [200/2166] | Batch loss: 0.4565
2026-04-05 17:52:11,612 -- Step [300/2166] | Batch loss: 0.4782
2026-04-05 17:52:11,807 -- Step [400/2166] | Batch loss: 0.2433
2026-04-05 17:52:11,999 -- Step [500/2166] | Batch loss: 0.3243
2026-04-05 17:52:12,201 -- Step [600/2166] | Batch loss: 0.3316
2026-04-05 17:52:12,395 -- Step [700/2166] | Batch loss: 0.3290
2026-04-05 17:52:12,601 -- Step [800/2166] | Batch loss: 0.2973
2026-04-05 17:52:12,816 -- Step [900/2166] | Batch loss: 0.3578
2026-04-05 17:52:13,012 -- Step [1000/2166] | Batch loss: 0.3038
2026-04-05 17:52:13,209 -- Step [1100/2166] | Batch loss: 0.2921
2026-04-05 17:52:13,400 -- Step [1200/2166] | Batch loss: 0.2675
2026-04-05 17:52:13,592 -- Step [1300/2166] | Batch loss: 0.1633
2026-04-05 17:52:13,793 -- Step [1400/2166] | Batch loss: 0.1776
2026-04-05 17:52:14,005 -- Step [1500/2166] | Batch loss: 0.3790
2026-04-05 17:52:14,214 -- Step [1600/2166] | Batch loss: 0.2500
2026-04-05 17:52:14,416 -- Step [1700/2166] | Batch loss: 0.4419
2026-04-05 17:52:14,627 -- Step [1800/2166] | Batch loss: 0.2111
2026-04-05 17:52:14,822 -- Step [1900/2166] | Batch loss: 0.2013
2026-04-05 17:52:15,023 -- Step [2000/2166] | Batch loss: 0.1882
2026-04-05 17:52:15,225 -- Step [2100/2166] | Batch loss: 0.1809
2026-04-05 17:52:15,381 -- 
2026-04-05 17:52:15,381 -- Training epoch completed. Validating...
2026-04-05 17:52:18,789 -- 
2026-04-05 17:52:18,789 -- [32m ====== Epoch 2 Summary ====== [0m
2026-04-05 17:52:18,789 -- Training Loss: 0.2892
2026-04-05 17:52:18,789 -- Validation Loss: 6.1275
2026-04-05 17:52:18,812 -- 
2026-04-05 17:52:18,812 -- [32m ====== Epoch 3/4 (Round 1) ====== [0m
2026-04-05 17:52:18,812 -- Learning rate: 0.000096
2026-04-05 17:52:18,812 -- 
2026-04-05 17:52:18,874 -- Step [1/2166] | Batch loss: 0.2199
2026-04-05 17:52:19,088 -- Step [100/2166] | Batch loss: 0.2617
2026-04-05 17:52:19,293 -- Step [200/2166] | Batch loss: 0.2787
2026-04-05 17:52:19,491 -- Step [300/2166] | Batch loss: 0.1751
2026-04-05 17:52:19,682 -- Step [400/2166] | Batch loss: 0.1727
2026-04-05 17:52:19,875 -- Step [500/2166] | Batch loss: 0.1233
2026-04-05 17:52:20,073 -- Step [600/2166] | Batch loss: 0.2734
2026-04-05 17:52:20,266 -- Step [700/2166] | Batch loss: 0.1616
2026-04-05 17:52:20,464 -- Step [800/2166] | Batch loss: 0.1960
2026-04-05 17:52:20,663 -- Step [900/2166] | Batch loss: 0.1546
2026-04-05 17:52:20,866 -- Step [1000/2166] | Batch loss: 0.2759
2026-04-05 17:52:21,061 -- Step [1100/2166] | Batch loss: 0.3100
2026-04-05 17:52:21,265 -- Step [1200/2166] | Batch loss: 0.1409
2026-04-05 17:52:21,458 -- Step [1300/2166] | Batch loss: 0.1766
2026-04-05 17:52:21,656 -- Step [1400/2166] | Batch loss: 0.1544
2026-04-05 17:52:21,857 -- Step [1500/2166] | Batch loss: 0.1515
2026-04-05 17:52:22,048 -- Step [1600/2166] | Batch loss: 0.1137
2026-04-05 17:52:22,247 -- Step [1700/2166] | Batch loss: 0.0940
2026-04-05 17:52:22,439 -- Step [1800/2166] | Batch loss: 0.1537
2026-04-05 17:52:22,635 -- Step [1900/2166] | Batch loss: 0.1115
2026-04-05 17:52:22,836 -- Step [2000/2166] | Batch loss: 0.1028
2026-04-05 17:52:23,031 -- Step [2100/2166] | Batch loss: 0.2061
2026-04-05 17:52:23,201 -- 
2026-04-05 17:52:23,201 -- Training epoch completed. Validating...
2026-04-05 17:52:26,532 -- 
2026-04-05 17:52:26,533 -- [32m ====== Epoch 3 Summary ====== [0m
2026-04-05 17:52:26,533 -- Training Loss: 0.1891
2026-04-05 17:52:26,533 -- Validation Loss: 8.0856
2026-04-05 17:52:26,556 -- 
2026-04-05 17:52:26,557 -- [32m ====== Epoch 4/4 (Round 1) ====== [0m
2026-04-05 17:52:26,557 -- Learning rate: 0.000094
2026-04-05 17:52:26,557 -- 
2026-04-05 17:52:26,626 -- Step [1/2166] | Batch loss: 0.1346
2026-04-05 17:52:26,828 -- Step [100/2166] | Batch loss: 0.1056
2026-04-05 17:52:27,036 -- Step [200/2166] | Batch loss: 0.1215
2026-04-05 17:52:27,233 -- Step [300/2166] | Batch loss: 0.0757
2026-04-05 17:52:27,434 -- Step [400/2166] | Batch loss: 0.2561
2026-04-05 17:52:27,631 -- Step [500/2166] | Batch loss: 0.0769
2026-04-05 17:52:27,823 -- Step [600/2166] | Batch loss: 0.1049
2026-04-05 17:52:28,021 -- Step [700/2166] | Batch loss: 0.1759
2026-04-05 17:52:28,215 -- Step [800/2166] | Batch loss: 0.0654
2026-04-05 17:52:28,410 -- Step [900/2166] | Batch loss: 0.1463
2026-04-05 17:52:28,616 -- Step [1000/2166] | Batch loss: 0.1243
2026-04-05 17:52:28,814 -- Step [1100/2166] | Batch loss: 0.1243
2026-04-05 17:52:29,015 -- Step [1200/2166] | Batch loss: 0.1812
2026-04-05 17:52:29,221 -- Step [1300/2166] | Batch loss: 0.2535
2026-04-05 17:52:29,423 -- Step [1400/2166] | Batch loss: 0.1803
2026-04-05 17:52:29,633 -- Step [1500/2166] | Batch loss: 0.0761
2026-04-05 17:52:29,823 -- Step [1600/2166] | Batch loss: 0.2384
2026-04-05 17:52:30,017 -- Step [1700/2166] | Batch loss: 0.1311
2026-04-05 17:52:30,214 -- Step [1800/2166] | Batch loss: 0.1259
2026-04-05 17:52:30,417 -- Step [1900/2166] | Batch loss: 0.1612
2026-04-05 17:52:30,610 -- Step [2000/2166] | Batch loss: 0.0817
2026-04-05 17:52:30,836 -- Step [2100/2166] | Batch loss: 0.0527
2026-04-05 17:52:31,003 -- 
2026-04-05 17:52:31,003 -- Training epoch completed. Validating...
2026-04-05 17:52:34,355 -- 
2026-04-05 17:52:34,355 -- [32m ====== Epoch 4 Summary ====== [0m
2026-04-05 17:52:34,355 -- Training Loss: 0.1362
2026-04-05 17:52:34,355 -- Validation Loss: 9.7784
2026-04-05 17:52:34,927 -- 
2026-04-05 17:52:34,927 -- [32m ====== Pseudo-labeling result ====== [0m
2026-04-05 17:52:34,927 -- Confidence threshold: 0.99
2026-04-05 17:52:34,927 -- Pseudo-labeling ratio: 85.20%
2026-04-05 17:52:34,927 -- Total labeled samples: 329867
2026-04-05 17:52:34,927 -- Remaining unlabeled samples: 9143
2026-04-05 17:52:34,927 -- 
2026-04-05 17:52:34,927 -- [33m Self-training round [2/3] [0m
2026-04-05 17:52:34,927 -- 
2026-04-05 17:52:34,927 -- [32m ====== Epoch 1/4 (Round 2) ====== [0m
2026-04-05 17:52:34,927 -- Learning rate: 0.000092
2026-04-05 17:52:34,927 -- 
2026-04-05 17:52:35,001 -- Step [1/2578] | Batch loss: 0.8672
2026-04-05 17:52:35,212 -- Step [100/2578] | Batch loss: 0.1509
2026-04-05 17:52:35,412 -- Step [200/2578] | Batch loss: 0.5287
2026-04-05 17:52:35,623 -- Step [300/2578] | Batch loss: 0.1189
2026-04-05 17:52:35,819 -- Step [400/2578] | Batch loss: 0.1315
2026-04-05 17:52:36,019 -- Step [500/2578] | Batch loss: 0.0670
2026-04-05 17:52:36,213 -- Step [600/2578] | Batch loss: 0.0556
2026-04-05 17:52:36,408 -- Step [700/2578] | Batch loss: 0.1474
2026-04-05 17:52:36,608 -- Step [800/2578] | Batch loss: 0.0547
2026-04-05 17:52:36,806 -- Step [900/2578] | Batch loss: 0.1335
2026-04-05 17:52:37,012 -- Step [1000/2578] | Batch loss: 0.1053
2026-04-05 17:52:37,204 -- Step [1100/2578] | Batch loss: 0.0803
2026-04-05 17:52:37,397 -- Step [1200/2578] | Batch loss: 0.1046
2026-04-05 17:52:37,591 -- Step [1300/2578] | Batch loss: 0.0879
2026-04-05 17:52:37,792 -- Step [1400/2578] | Batch loss: 0.0841
2026-04-05 17:52:37,990 -- Step [1500/2578] | Batch loss: 0.1811
2026-04-05 17:52:38,181 -- Step [1600/2578] | Batch loss: 0.0690
2026-04-05 17:52:38,374 -- Step [1700/2578] | Batch loss: 0.2126
2026-04-05 17:52:38,578 -- Step [1800/2578] | Batch loss: 0.0970
2026-04-05 17:52:38,775 -- Step [1900/2578] | Batch loss: 0.1372
2026-04-05 17:52:38,973 -- Step [2000/2578] | Batch loss: 0.0857
2026-04-05 17:52:39,162 -- Step [2100/2578] | Batch loss: 0.0548
2026-04-05 17:52:39,373 -- Step [2200/2578] | Batch loss: 0.0667
2026-04-05 17:52:39,563 -- Step [2300/2578] | Batch loss: 0.1379
2026-04-05 17:52:39,768 -- Step [2400/2578] | Batch loss: 0.0331
2026-04-05 17:52:39,972 -- Step [2500/2578] | Batch loss: 0.0929
2026-04-05 17:52:40,159 -- 
2026-04-05 17:52:40,159 -- Training epoch completed. Validating...
2026-04-05 17:52:43,511 -- 
2026-04-05 17:52:43,511 -- [32m ====== Epoch 5 Summary ====== [0m
2026-04-05 17:52:43,511 -- Training Loss: 0.1195
2026-04-05 17:52:43,511 -- Validation Loss: 13.2536
2026-04-05 17:52:43,537 -- 
2026-04-05 17:52:43,537 -- [32m ====== Epoch 2/4 (Round 2) ====== [0m
2026-04-05 17:52:43,537 -- Learning rate: 0.000090
2026-04-05 17:52:43,537 -- 
2026-04-05 17:52:43,615 -- Step [1/2578] | Batch loss: 0.0514
2026-04-05 17:52:43,816 -- Step [100/2578] | Batch loss: 0.0727
2026-04-05 17:52:44,019 -- Step [200/2578] | Batch loss: 0.0669
2026-04-05 17:52:44,215 -- Step [300/2578] | Batch loss: 0.0412
2026-04-05 17:52:44,416 -- Step [400/2578] | Batch loss: 0.0292
2026-04-05 17:52:44,619 -- Step [500/2578] | Batch loss: 0.1241
2026-04-05 17:52:44,836 -- Step [600/2578] | Batch loss: 0.0810
2026-04-05 17:52:45,039 -- Step [700/2578] | Batch loss: 0.1314
2026-04-05 17:52:45,239 -- Step [800/2578] | Batch loss: 0.0501
2026-04-05 17:52:45,440 -- Step [900/2578] | Batch loss: 0.0532
2026-04-05 17:52:45,640 -- Step [1000/2578] | Batch loss: 0.0693
2026-04-05 17:52:45,842 -- Step [1100/2578] | Batch loss: 0.0497
2026-04-05 17:52:46,044 -- Step [1200/2578] | Batch loss: 0.1321
2026-04-05 17:52:46,263 -- Step [1300/2578] | Batch loss: 0.1803
2026-04-05 17:52:46,467 -- Step [1400/2578] | Batch loss: 0.0943
2026-04-05 17:52:46,676 -- Step [1500/2578] | Batch loss: 0.0578
2026-04-05 17:52:46,906 -- Step [1600/2578] | Batch loss: 0.0512
2026-04-05 17:52:47,141 -- Step [1700/2578] | Batch loss: 0.0509
2026-04-05 17:52:47,356 -- Step [1800/2578] | Batch loss: 0.0723
2026-04-05 17:52:47,557 -- Step [1900/2578] | Batch loss: 0.0403
2026-04-05 17:52:47,761 -- Step [2000/2578] | Batch loss: 0.0235
2026-04-05 17:52:47,968 -- Step [2100/2578] | Batch loss: 0.0519
2026-04-05 17:52:48,172 -- Step [2200/2578] | Batch loss: 0.0482
2026-04-05 17:52:48,373 -- Step [2300/2578] | Batch loss: 0.0561
2026-04-05 17:52:48,583 -- Step [2400/2578] | Batch loss: 0.0656
2026-04-05 17:52:48,810 -- Step [2500/2578] | Batch loss: 0.0800
2026-04-05 17:52:49,010 -- 
2026-04-05 17:52:49,010 -- Training epoch completed. Validating...
2026-04-05 17:52:52,342 -- 
2026-04-05 17:52:52,342 -- [32m ====== Epoch 6 Summary ====== [0m
2026-04-05 17:52:52,342 -- Training Loss: 0.0846
2026-04-05 17:52:52,342 -- Validation Loss: 14.8266
2026-04-05 17:52:52,365 -- 
2026-04-05 17:52:52,366 -- [32m ====== Epoch 3/4 (Round 2) ====== [0m
2026-04-05 17:52:52,366 -- Learning rate: 0.000089
2026-04-05 17:52:52,366 -- 
2026-04-05 17:52:52,436 -- Step [1/2578] | Batch loss: 0.0790
2026-04-05 17:52:52,641 -- Step [100/2578] | Batch loss: 0.0609
2026-04-05 17:52:52,838 -- Step [200/2578] | Batch loss: 0.1470
2026-04-05 17:52:53,033 -- Step [300/2578] | Batch loss: 0.1426
2026-04-05 17:52:53,242 -- Step [400/2578] | Batch loss: 0.0927
2026-04-05 17:52:53,449 -- Step [500/2578] | Batch loss: 0.0572
2026-04-05 17:52:53,654 -- Step [600/2578] | Batch loss: 0.0448
2026-04-05 17:52:53,853 -- Step [700/2578] | Batch loss: 0.0514
2026-04-05 17:52:54,056 -- Step [800/2578] | Batch loss: 0.0449
2026-04-05 17:52:54,262 -- Step [900/2578] | Batch loss: 0.0849
2026-04-05 17:52:54,465 -- Step [1000/2578] | Batch loss: 0.0167
2026-04-05 17:52:54,662 -- Step [1100/2578] | Batch loss: 0.0643
2026-04-05 17:52:54,857 -- Step [1200/2578] | Batch loss: 0.1379
2026-04-05 17:52:55,047 -- Step [1300/2578] | Batch loss: 0.1364
2026-04-05 17:52:55,242 -- Step [1400/2578] | Batch loss: 0.0671
2026-04-05 17:52:55,433 -- Step [1500/2578] | Batch loss: 0.0485
2026-04-05 17:52:55,640 -- Step [1600/2578] | Batch loss: 0.0687
2026-04-05 17:52:55,842 -- Step [1700/2578] | Batch loss: 0.0559
2026-04-05 17:52:56,036 -- Step [1800/2578] | Batch loss: 0.0552
2026-04-05 17:52:56,229 -- Step [1900/2578] | Batch loss: 0.0637
2026-04-05 17:52:56,428 -- Step [2000/2578] | Batch loss: 0.0162
2026-04-05 17:52:56,637 -- Step [2100/2578] | Batch loss: 0.1063
2026-04-05 17:52:56,837 -- Step [2200/2578] | Batch loss: 0.0636
2026-04-05 17:52:57,031 -- Step [2300/2578] | Batch loss: 0.0331
2026-04-05 17:52:57,234 -- Step [2400/2578] | Batch loss: 0.0565
2026-04-05 17:52:57,447 -- Step [2500/2578] | Batch loss: 0.1029
2026-04-05 17:52:57,647 -- 
2026-04-05 17:52:57,647 -- Training epoch completed. Validating...
2026-04-05 17:53:01,041 -- 
2026-04-05 17:53:01,041 -- [32m ====== Epoch 7 Summary ====== [0m
2026-04-05 17:53:01,041 -- Training Loss: 0.0679
2026-04-05 17:53:01,041 -- Validation Loss: 16.1067
2026-04-05 17:53:01,066 -- 
2026-04-05 17:53:01,066 -- [32m ====== Epoch 4/4 (Round 2) ====== [0m
2026-04-05 17:53:01,066 -- Learning rate: 0.000087
2026-04-05 17:53:01,066 -- 
2026-04-05 17:53:01,133 -- Step [1/2578] | Batch loss: 0.0318
2026-04-05 17:53:01,356 -- Step [100/2578] | Batch loss: 0.0700
2026-04-05 17:53:01,562 -- Step [200/2578] | Batch loss: 0.0670
2026-04-05 17:53:01,770 -- Step [300/2578] | Batch loss: 0.0870
2026-04-05 17:53:01,977 -- Step [400/2578] | Batch loss: 0.0973
2026-04-05 17:53:02,184 -- Step [500/2578] | Batch loss: 0.0651
2026-04-05 17:53:02,397 -- Step [600/2578] | Batch loss: 0.0172
2026-04-05 17:53:02,606 -- Step [700/2578] | Batch loss: 0.0631
2026-04-05 17:53:02,803 -- Step [800/2578] | Batch loss: 0.0566
2026-04-05 17:53:02,996 -- Step [900/2578] | Batch loss: 0.0384
2026-04-05 17:53:03,186 -- Step [1000/2578] | Batch loss: 0.0547
2026-04-05 17:53:03,390 -- Step [1100/2578] | Batch loss: 0.0180
2026-04-05 17:53:03,595 -- Step [1200/2578] | Batch loss: 0.1043
2026-04-05 17:53:03,801 -- Step [1300/2578] | Batch loss: 0.0275
2026-04-05 17:53:04,013 -- Step [1400/2578] | Batch loss: 0.0410
2026-04-05 17:53:04,216 -- Step [1500/2578] | Batch loss: 0.0729
2026-04-05 17:53:04,416 -- Step [1600/2578] | Batch loss: 0.0443
2026-04-05 17:53:04,613 -- Step [1700/2578] | Batch loss: 0.0444
2026-04-05 17:53:04,810 -- Step [1800/2578] | Batch loss: 0.0264
2026-04-05 17:53:05,002 -- Step [1900/2578] | Batch loss: 0.0255
2026-04-05 17:53:05,201 -- Step [2000/2578] | Batch loss: 0.0463
2026-04-05 17:53:05,417 -- Step [2100/2578] | Batch loss: 0.0164
2026-04-05 17:53:05,631 -- Step [2200/2578] | Batch loss: 0.0189
2026-04-05 17:53:05,836 -- Step [2300/2578] | Batch loss: 0.1181
2026-04-05 17:53:06,057 -- Step [2400/2578] | Batch loss: 0.0592
2026-04-05 17:53:06,256 -- Step [2500/2578] | Batch loss: 0.0637
2026-04-05 17:53:06,445 -- 
2026-04-05 17:53:06,445 -- Training epoch completed. Validating...
2026-04-05 17:53:09,818 -- 
2026-04-05 17:53:09,818 -- [32m ====== Epoch 8 Summary ====== [0m
2026-04-05 17:53:09,818 -- Training Loss: 0.0587
2026-04-05 17:53:09,818 -- Validation Loss: 17.4374
2026-04-05 17:53:09,987 -- 
2026-04-05 17:53:09,987 -- [32m ====== Pseudo-labeling result ====== [0m
2026-04-05 17:53:09,987 -- Confidence threshold: 0.99
2026-04-05 17:53:09,987 -- Pseudo-labeling ratio: 60.45%
2026-04-05 17:53:09,987 -- Total labeled samples: 335394
2026-04-05 17:53:09,987 -- Remaining unlabeled samples: 3616
2026-04-05 17:53:09,987 -- 
2026-04-05 17:53:09,987 -- [33m Self-training round [3/3] [0m
2026-04-05 17:53:09,987 -- 
2026-04-05 17:53:09,987 -- [32m ====== Epoch 1/4 (Round 3) ====== [0m
2026-04-05 17:53:09,987 -- Learning rate: 0.000085
2026-04-05 17:53:09,987 -- 
2026-04-05 17:53:10,065 -- Step [1/2621] | Batch loss: 0.0313
2026-04-05 17:53:10,275 -- Step [100/2621] | Batch loss: 0.1235
2026-04-05 17:53:10,481 -- Step [200/2621] | Batch loss: 0.0148
2026-04-05 17:53:10,681 -- Step [300/2621] | Batch loss: 0.0208
2026-04-05 17:53:10,872 -- Step [400/2621] | Batch loss: 0.0620
2026-04-05 17:53:11,064 -- Step [500/2621] | Batch loss: 0.2326
2026-04-05 17:53:11,263 -- Step [600/2621] | Batch loss: 0.0677
2026-04-05 17:53:11,462 -- Step [700/2621] | Batch loss: 0.0533
2026-04-05 17:53:11,663 -- Step [800/2621] | Batch loss: 0.0833
2026-04-05 17:53:11,857 -- Step [900/2621] | Batch loss: 0.0287
2026-04-05 17:53:12,053 -- Step [1000/2621] | Batch loss: 0.0908
2026-04-05 17:53:12,260 -- Step [1100/2621] | Batch loss: 0.0478
2026-04-05 17:53:12,464 -- Step [1200/2621] | Batch loss: 0.0447
2026-04-05 17:53:12,682 -- Step [1300/2621] | Batch loss: 0.0975
2026-04-05 17:53:12,903 -- Step [1400/2621] | Batch loss: 0.2876
2026-04-05 17:53:13,111 -- Step [1500/2621] | Batch loss: 0.0588
2026-04-05 17:53:13,298 -- Step [1600/2621] | Batch loss: 0.0449
2026-04-05 17:53:13,500 -- Step [1700/2621] | Batch loss: 0.0467
2026-04-05 17:53:13,704 -- Step [1800/2621] | Batch loss: 0.1097
2026-04-05 17:53:13,905 -- Step [1900/2621] | Batch loss: 0.0245
2026-04-05 17:53:14,106 -- Step [2000/2621] | Batch loss: 0.0202
2026-04-05 17:53:14,303 -- Step [2100/2621] | Batch loss: 0.0800
2026-04-05 17:53:14,503 -- Step [2200/2621] | Batch loss: 0.0298
2026-04-05 17:53:14,696 -- Step [2300/2621] | Batch loss: 0.1007
2026-04-05 17:53:14,895 -- Step [2400/2621] | Batch loss: 0.0262
2026-04-05 17:53:15,090 -- Step [2500/2621] | Batch loss: 0.0268
2026-04-05 17:53:15,291 -- Step [2600/2621] | Batch loss: 0.0376
2026-04-05 17:53:15,365 -- 
2026-04-05 17:53:15,366 -- Training epoch completed. Validating...
2026-04-05 17:53:18,768 -- 
2026-04-05 17:53:18,768 -- [32m ====== Epoch 9 Summary ====== [0m
2026-04-05 17:53:18,768 -- Training Loss: 0.0567
2026-04-05 17:53:18,768 -- Validation Loss: 17.7262
2026-04-05 17:53:18,791 -- 
2026-04-05 17:53:18,791 -- [32m ====== Epoch 2/4 (Round 3) ====== [0m
2026-04-05 17:53:18,791 -- Learning rate: 0.000083
2026-04-05 17:53:18,791 -- 
2026-04-05 17:53:18,855 -- Step [1/2621] | Batch loss: 0.0313
2026-04-05 17:53:19,070 -- Step [100/2621] | Batch loss: 0.0253
2026-04-05 17:53:19,269 -- Step [200/2621] | Batch loss: 0.0531
2026-04-05 17:53:19,471 -- Step [300/2621] | Batch loss: 0.0518
2026-04-05 17:53:19,679 -- Step [400/2621] | Batch loss: 0.0567
2026-04-05 17:53:19,876 -- Step [500/2621] | Batch loss: 0.0348
2026-04-05 17:53:20,082 -- Step [600/2621] | Batch loss: 0.0369
2026-04-05 17:53:20,291 -- Step [700/2621] | Batch loss: 0.0283
2026-04-05 17:53:20,484 -- Step [800/2621] | Batch loss: 0.0338
2026-04-05 17:53:20,686 -- Step [900/2621] | Batch loss: 0.0111
2026-04-05 17:53:20,890 -- Step [1000/2621] | Batch loss: 0.2373
2026-04-05 17:53:21,083 -- Step [1100/2621] | Batch loss: 0.1014
2026-04-05 17:53:21,279 -- Step [1200/2621] | Batch loss: 0.0332
2026-04-05 17:53:21,474 -- Step [1300/2621] | Batch loss: 0.0144
2026-04-05 17:53:21,673 -- Step [1400/2621] | Batch loss: 0.1241
2026-04-05 17:53:21,868 -- Step [1500/2621] | Batch loss: 0.0554
2026-04-05 17:53:22,069 -- Step [1600/2621] | Batch loss: 0.0628
2026-04-05 17:53:22,270 -- Step [1700/2621] | Batch loss: 0.0729
2026-04-05 17:53:22,473 -- Step [1800/2621] | Batch loss: 0.0838
2026-04-05 17:53:22,674 -- Step [1900/2621] | Batch loss: 0.0404
2026-04-05 17:53:22,877 -- Step [2000/2621] | Batch loss: 0.0139
2026-04-05 17:53:23,109 -- Step [2100/2621] | Batch loss: 0.0691
2026-04-05 17:53:23,311 -- Step [2200/2621] | Batch loss: 0.0402
2026-04-05 17:53:23,523 -- Step [2300/2621] | Batch loss: 0.0706
2026-04-05 17:53:23,726 -- Step [2400/2621] | Batch loss: 0.0344
2026-04-05 17:53:23,918 -- Step [2500/2621] | Batch loss: 0.0197
2026-04-05 17:53:24,119 -- Step [2600/2621] | Batch loss: 0.0550
2026-04-05 17:53:24,200 -- 
2026-04-05 17:53:24,200 -- Training epoch completed. Validating...
2026-04-05 17:53:27,570 -- 
2026-04-05 17:53:27,570 -- [32m ====== Epoch 10 Summary ====== [0m
2026-04-05 17:53:27,570 -- Training Loss: 0.0511
2026-04-05 17:53:27,570 -- Validation Loss: 19.9577
2026-04-05 17:53:27,594 -- 
2026-04-05 17:53:27,594 -- [32m ====== Epoch 3/4 (Round 3) ====== [0m
2026-04-05 17:53:27,594 -- Learning rate: 0.000082
2026-04-05 17:53:27,595 -- 
2026-04-05 17:53:27,662 -- Step [1/2621] | Batch loss: 0.0279
2026-04-05 17:53:27,869 -- Step [100/2621] | Batch loss: 0.0486
2026-04-05 17:53:28,073 -- Step [200/2621] | Batch loss: 0.0254
2026-04-05 17:53:28,276 -- Step [300/2621] | Batch loss: 0.0119
2026-04-05 17:53:28,481 -- Step [400/2621] | Batch loss: 0.0234
2026-04-05 17:53:28,680 -- Step [500/2621] | Batch loss: 0.0401
2026-04-05 17:53:28,896 -- Step [600/2621] | Batch loss: 0.0618
2026-04-05 17:53:29,095 -- Step [700/2621] | Batch loss: 0.0456
2026-04-05 17:53:29,296 -- Step [800/2621] | Batch loss: 0.0200
2026-04-05 17:53:29,507 -- Step [900/2621] | Batch loss: 0.0592
2026-04-05 17:53:29,725 -- Step [1000/2621] | Batch loss: 0.0224
2026-04-05 17:53:29,930 -- Step [1100/2621] | Batch loss: 0.0158
2026-04-05 17:53:30,144 -- Step [1200/2621] | Batch loss: 0.0282
2026-04-05 17:53:30,343 -- Step [1300/2621] | Batch loss: 0.0103
2026-04-05 17:53:30,534 -- Step [1400/2621] | Batch loss: 0.0103
2026-04-05 17:53:30,746 -- Step [1500/2621] | Batch loss: 0.0207
2026-04-05 17:53:30,966 -- Step [1600/2621] | Batch loss: 0.1797
2026-04-05 17:53:31,169 -- Step [1700/2621] | Batch loss: 0.0954
2026-04-05 17:53:31,368 -- Step [1800/2621] | Batch loss: 0.0815
2026-04-05 17:53:31,558 -- Step [1900/2621] | Batch loss: 0.0853
2026-04-05 17:53:31,757 -- Step [2000/2621] | Batch loss: 0.0845
2026-04-05 17:53:31,966 -- Step [2100/2621] | Batch loss: 0.0597
2026-04-05 17:53:32,175 -- Step [2200/2621] | Batch loss: 0.0245
2026-04-05 17:53:32,381 -- Step [2300/2621] | Batch loss: 0.0415
2026-04-05 17:53:32,579 -- Step [2400/2621] | Batch loss: 0.0254
2026-04-05 17:53:32,788 -- Step [2500/2621] | Batch loss: 0.0700
2026-04-05 17:53:32,987 -- Step [2600/2621] | Batch loss: 0.0233
2026-04-05 17:53:33,062 -- 
2026-04-05 17:53:33,062 -- Training epoch completed. Validating...
2026-04-05 17:53:36,454 -- 
2026-04-05 17:53:36,454 -- [32m ====== Epoch 11 Summary ====== [0m
2026-04-05 17:53:36,454 -- Training Loss: 0.0468
2026-04-05 17:53:36,454 -- Validation Loss: 20.2214
2026-04-05 17:53:36,479 -- 
2026-04-05 17:53:36,479 -- [32m ====== Epoch 4/4 (Round 3) ====== [0m
2026-04-05 17:53:36,479 -- Learning rate: 0.000080
2026-04-05 17:53:36,479 -- 
2026-04-05 17:53:36,556 -- Step [1/2621] | Batch loss: 0.0245
2026-04-05 17:53:36,770 -- Step [100/2621] | Batch loss: 0.0147
2026-04-05 17:53:36,974 -- Step [200/2621] | Batch loss: 0.0568
2026-04-05 17:53:37,183 -- Step [300/2621] | Batch loss: 0.0258
2026-04-05 17:53:37,399 -- Step [400/2621] | Batch loss: 0.0273
2026-04-05 17:53:37,601 -- Step [500/2621] | Batch loss: 0.0203
2026-04-05 17:53:37,797 -- Step [600/2621] | Batch loss: 0.0174
2026-04-05 17:53:38,003 -- Step [700/2621] | Batch loss: 0.0489
2026-04-05 17:53:38,206 -- Step [800/2621] | Batch loss: 0.0203
2026-04-05 17:53:38,410 -- Step [900/2621] | Batch loss: 0.0445
2026-04-05 17:53:38,606 -- Step [1000/2621] | Batch loss: 0.0257
2026-04-05 17:53:38,813 -- Step [1100/2621] | Batch loss: 0.0472
2026-04-05 17:53:39,015 -- Step [1200/2621] | Batch loss: 0.0565
2026-04-05 17:53:39,214 -- Step [1300/2621] | Batch loss: 0.0188
2026-04-05 17:53:39,417 -- Step [1400/2621] | Batch loss: 0.1534
2026-04-05 17:53:39,603 -- Step [1500/2621] | Batch loss: 0.1093
2026-04-05 17:53:39,796 -- Step [1600/2621] | Batch loss: 0.0180
2026-04-05 17:53:40,002 -- Step [1700/2621] | Batch loss: 0.2107
2026-04-05 17:53:40,196 -- Step [1800/2621] | Batch loss: 0.2629
2026-04-05 17:53:40,401 -- Step [1900/2621] | Batch loss: 0.0182
2026-04-05 17:53:40,608 -- Step [2000/2621] | Batch loss: 0.0183
2026-04-05 17:53:40,810 -- Step [2100/2621] | Batch loss: 0.0166
2026-04-05 17:53:41,021 -- Step [2200/2621] | Batch loss: 0.0325
2026-04-05 17:53:41,223 -- Step [2300/2621] | Batch loss: 0.0438
2026-04-05 17:53:41,430 -- Step [2400/2621] | Batch loss: 0.0126
2026-04-05 17:53:41,634 -- Step [2500/2621] | Batch loss: 0.0143
2026-04-05 17:53:41,830 -- Step [2600/2621] | Batch loss: 0.1010
2026-04-05 17:53:41,905 -- 
2026-04-05 17:53:41,906 -- Training epoch completed. Validating...
2026-04-05 17:53:45,275 -- 
2026-04-05 17:53:45,275 -- [32m ====== Epoch 12 Summary ====== [0m
2026-04-05 17:53:45,275 -- Training Loss: 0.0433
2026-04-05 17:53:45,275 -- Validation Loss: 21.1948
2026-04-05 17:53:45,389 -- 
2026-04-05 17:53:45,389 -- [32m ====== Pseudo-labeling result ====== [0m
2026-04-05 17:53:45,389 -- Confidence threshold: 0.99
2026-04-05 17:53:45,389 -- Pseudo-labeling ratio: 16.07%
2026-04-05 17:53:45,389 -- Total labeled samples: 335975
2026-04-05 17:53:45,389 -- Remaining unlabeled samples: 3035
2026-04-05 17:53:45,389 -- 
