2026-04-01 22:20:42,741 -- [33m Self-training round [1/3] [0m
2026-04-01 22:20:42,741 -- 
2026-04-01 22:20:42,741 -- [32m ====== Epoch 1/4 (Round 1) ====== [0m
2026-04-01 22:20:42,741 -- Learning rate: 0.000500
2026-04-01 22:20:42,741 -- 
2026-04-01 22:20:42,925 -- Step [1/2152] | Batch loss: 1.9857
2026-04-01 22:20:43,117 -- Step [100/2152] | Batch loss: 0.9053
2026-04-01 22:20:43,295 -- Step [200/2152] | Batch loss: 0.6191
2026-04-01 22:20:43,479 -- Step [300/2152] | Batch loss: 0.6282
2026-04-01 22:20:43,664 -- Step [400/2152] | Batch loss: 0.3605
2026-04-01 22:20:43,838 -- Step [500/2152] | Batch loss: 0.2667
2026-04-01 22:20:44,013 -- Step [600/2152] | Batch loss: 0.1560
2026-04-01 22:20:44,205 -- Step [700/2152] | Batch loss: 0.3336
2026-04-01 22:20:44,394 -- Step [800/2152] | Batch loss: 0.1908
2026-04-01 22:20:44,569 -- Step [900/2152] | Batch loss: 0.0765
2026-04-01 22:20:44,748 -- Step [1000/2152] | Batch loss: 0.0877
2026-04-01 22:20:44,925 -- Step [1100/2152] | Batch loss: 0.1471
2026-04-01 22:20:45,109 -- Step [1200/2152] | Batch loss: 0.0380
2026-04-01 22:20:45,289 -- Step [1300/2152] | Batch loss: 0.0341
2026-04-01 22:20:45,488 -- Step [1400/2152] | Batch loss: 0.0987
2026-04-01 22:20:45,670 -- Step [1500/2152] | Batch loss: 0.1185
2026-04-01 22:20:45,847 -- Step [1600/2152] | Batch loss: 0.1313
2026-04-01 22:20:46,027 -- Step [1700/2152] | Batch loss: 0.0385
2026-04-01 22:20:46,209 -- Step [1800/2152] | Batch loss: 0.0175
2026-04-01 22:20:46,387 -- Step [1900/2152] | Batch loss: 0.0814
2026-04-01 22:20:46,563 -- Step [2000/2152] | Batch loss: 0.2216
2026-04-01 22:20:46,736 -- Step [2100/2152] | Batch loss: 0.0128
2026-04-01 22:20:46,853 -- 
2026-04-01 22:20:46,853 -- Training epoch completed. Validating...
2026-04-01 22:20:49,554 -- 
2026-04-01 22:20:49,555 -- [32m ====== Epoch 1 Summary ====== [0m
2026-04-01 22:20:49,555 -- Training Loss: 0.2548
2026-04-01 22:20:49,555 -- Validation Loss: 0.0055
2026-04-01 22:20:49,625 -- [33m✓ New best model saved with validation loss: 0.0055 [0m
2026-04-01 22:20:49,625 -- 
2026-04-01 22:20:49,625 -- [32m ====== Epoch 2/4 (Round 1) ====== [0m
2026-04-01 22:20:49,625 -- Learning rate: 0.000490
2026-04-01 22:20:49,625 -- 
2026-04-01 22:20:49,686 -- Step [1/2152] | Batch loss: 0.0153
2026-04-01 22:20:49,878 -- Step [100/2152] | Batch loss: 0.0198
2026-04-01 22:20:50,059 -- Step [200/2152] | Batch loss: 0.0318
2026-04-01 22:20:50,236 -- Step [300/2152] | Batch loss: 0.0518
2026-04-01 22:20:50,410 -- Step [400/2152] | Batch loss: 0.2050
2026-04-01 22:20:50,593 -- Step [500/2152] | Batch loss: 0.1157
2026-04-01 22:20:50,781 -- Step [600/2152] | Batch loss: 0.1834
2026-04-01 22:20:50,962 -- Step [700/2152] | Batch loss: 0.0539
2026-04-01 22:20:51,138 -- Step [800/2152] | Batch loss: 0.0043
2026-04-01 22:20:51,318 -- Step [900/2152] | Batch loss: 0.0070
2026-04-01 22:20:51,515 -- Step [1000/2152] | Batch loss: 0.0723
2026-04-01 22:20:51,709 -- Step [1100/2152] | Batch loss: 0.0042
2026-04-01 22:20:51,896 -- Step [1200/2152] | Batch loss: 0.0057
2026-04-01 22:20:52,079 -- Step [1300/2152] | Batch loss: 0.0039
2026-04-01 22:20:52,276 -- Step [1400/2152] | Batch loss: 0.0038
2026-04-01 22:20:52,466 -- Step [1500/2152] | Batch loss: 0.0034
2026-04-01 22:20:52,657 -- Step [1600/2152] | Batch loss: 0.0027
2026-04-01 22:20:52,840 -- Step [1700/2152] | Batch loss: 0.0651
2026-04-01 22:20:53,018 -- Step [1800/2152] | Batch loss: 0.0182
2026-04-01 22:20:53,195 -- Step [1900/2152] | Batch loss: 0.0123
2026-04-01 22:20:53,375 -- Step [2000/2152] | Batch loss: 0.0056
2026-04-01 22:20:53,580 -- Step [2100/2152] | Batch loss: 0.0022
2026-04-01 22:20:53,700 -- 
2026-04-01 22:20:53,700 -- Training epoch completed. Validating...
2026-04-01 22:20:56,441 -- 
2026-04-01 22:20:56,441 -- [32m ====== Epoch 2 Summary ====== [0m
2026-04-01 22:20:56,441 -- Training Loss: 0.0363
2026-04-01 22:20:56,441 -- Validation Loss: 0.0023
2026-04-01 22:20:56,487 -- [33m✓ New best model saved with validation loss: 0.0023 [0m
2026-04-01 22:20:56,487 -- 
2026-04-01 22:20:56,487 -- [32m ====== Epoch 3/4 (Round 1) ====== [0m
2026-04-01 22:20:56,487 -- Learning rate: 0.000480
2026-04-01 22:20:56,487 -- 
2026-04-01 22:20:56,560 -- Step [1/2152] | Batch loss: 0.0460
2026-04-01 22:20:56,753 -- Step [100/2152] | Batch loss: 0.0029
2026-04-01 22:20:56,930 -- Step [200/2152] | Batch loss: 0.0058
2026-04-01 22:20:57,123 -- Step [300/2152] | Batch loss: 0.0328
2026-04-01 22:20:57,318 -- Step [400/2152] | Batch loss: 0.0050
2026-04-01 22:20:57,491 -- Step [500/2152] | Batch loss: 0.0830
2026-04-01 22:20:57,675 -- Step [600/2152] | Batch loss: 0.0034
2026-04-01 22:20:57,859 -- Step [700/2152] | Batch loss: 0.0556
2026-04-01 22:20:58,049 -- Step [800/2152] | Batch loss: 0.0142
2026-04-01 22:20:58,221 -- Step [900/2152] | Batch loss: 0.0220
2026-04-01 22:20:58,402 -- Step [1000/2152] | Batch loss: 0.0044
2026-04-01 22:20:58,582 -- Step [1100/2152] | Batch loss: 0.0048
2026-04-01 22:20:58,760 -- Step [1200/2152] | Batch loss: 0.0470
2026-04-01 22:20:58,936 -- Step [1300/2152] | Batch loss: 0.0039
2026-04-01 22:20:59,126 -- Step [1400/2152] | Batch loss: 0.0023
2026-04-01 22:20:59,321 -- Step [1500/2152] | Batch loss: 0.0133
2026-04-01 22:20:59,504 -- Step [1600/2152] | Batch loss: 0.0012
2026-04-01 22:20:59,693 -- Step [1700/2152] | Batch loss: 0.0011
2026-04-01 22:20:59,873 -- Step [1800/2152] | Batch loss: 0.0346
2026-04-01 22:21:00,052 -- Step [1900/2152] | Batch loss: 0.2058
2026-04-01 22:21:00,231 -- Step [2000/2152] | Batch loss: 0.0525
2026-04-01 22:21:00,413 -- Step [2100/2152] | Batch loss: 0.0057
2026-04-01 22:21:00,537 -- 
2026-04-01 22:21:00,537 -- Training epoch completed. Validating...
2026-04-01 22:21:03,294 -- 
2026-04-01 22:21:03,295 -- [32m ====== Epoch 3 Summary ====== [0m
2026-04-01 22:21:03,295 -- Training Loss: 0.0237
2026-04-01 22:21:03,295 -- Validation Loss: 0.0003
2026-04-01 22:21:03,340 -- [33m✓ New best model saved with validation loss: 0.0003 [0m
2026-04-01 22:21:03,340 -- 
2026-04-01 22:21:03,340 -- [32m ====== Epoch 4/4 (Round 1) ====== [0m
2026-04-01 22:21:03,340 -- Learning rate: 0.000471
2026-04-01 22:21:03,340 -- 
2026-04-01 22:21:03,401 -- Step [1/2152] | Batch loss: 0.1119
2026-04-01 22:21:03,604 -- Step [100/2152] | Batch loss: 0.0425
2026-04-01 22:21:03,806 -- Step [200/2152] | Batch loss: 0.0012
2026-04-01 22:21:03,996 -- Step [300/2152] | Batch loss: 0.0041
2026-04-01 22:21:04,179 -- Step [400/2152] | Batch loss: 0.0022
2026-04-01 22:21:04,364 -- Step [500/2152] | Batch loss: 0.0295
2026-04-01 22:21:04,559 -- Step [600/2152] | Batch loss: 0.0025
2026-04-01 22:21:04,749 -- Step [700/2152] | Batch loss: 0.0164
2026-04-01 22:21:04,937 -- Step [800/2152] | Batch loss: 0.0195
2026-04-01 22:21:05,128 -- Step [900/2152] | Batch loss: 0.0006
2026-04-01 22:21:05,319 -- Step [1000/2152] | Batch loss: 0.0017
2026-04-01 22:21:05,497 -- Step [1100/2152] | Batch loss: 0.0015
2026-04-01 22:21:05,678 -- Step [1200/2152] | Batch loss: 0.0024
2026-04-01 22:21:05,858 -- Step [1300/2152] | Batch loss: 0.0011
2026-04-01 22:21:06,050 -- Step [1400/2152] | Batch loss: 0.0042
2026-04-01 22:21:06,232 -- Step [1500/2152] | Batch loss: 0.0276
2026-04-01 22:21:06,409 -- Step [1600/2152] | Batch loss: 0.0009
2026-04-01 22:21:06,585 -- Step [1700/2152] | Batch loss: 0.0013
2026-04-01 22:21:06,768 -- Step [1800/2152] | Batch loss: 0.0010
2026-04-01 22:21:06,939 -- Step [1900/2152] | Batch loss: 0.0155
2026-04-01 22:21:07,113 -- Step [2000/2152] | Batch loss: 0.0080
2026-04-01 22:21:07,296 -- Step [2100/2152] | Batch loss: 0.0104
2026-04-01 22:21:07,429 -- 
2026-04-01 22:21:07,429 -- Training epoch completed. Validating...
2026-04-01 22:21:10,165 -- 
2026-04-01 22:21:10,165 -- [32m ====== Epoch 4 Summary ====== [0m
2026-04-01 22:21:10,165 -- Training Loss: 0.0175
2026-04-01 22:21:10,165 -- Validation Loss: 0.0003
2026-04-01 22:21:10,211 -- [33m✓ New best model saved with validation loss: 0.0003 [0m
2026-04-01 22:21:10,773 -- 
2026-04-01 22:21:10,773 -- [32m ====== Pseudo-labeling result ====== [0m
2026-04-01 22:21:10,773 -- Confidence threshold: 0.95
2026-04-01 22:21:10,773 -- Pseudo-labeling ratio: 82.75%
2026-04-01 22:21:10,773 -- Total labeled samples: 327649
2026-04-01 22:21:10,773 -- Remaining unlabeled samples: 10890
2026-04-01 22:21:10,773 -- 
2026-04-01 22:21:10,773 -- [33m Self-training round [2/3] [0m
2026-04-01 22:21:10,773 -- 
2026-04-01 22:21:10,773 -- [32m ====== Epoch 1/4 (Round 2) ====== [0m
2026-04-01 22:21:10,773 -- Learning rate: 0.000461
2026-04-01 22:21:10,773 -- 
2026-04-01 22:21:10,843 -- Step [1/2560] | Batch loss: 0.0154
2026-04-01 22:21:11,030 -- Step [100/2560] | Batch loss: 0.1643
2026-04-01 22:21:11,217 -- Step [200/2560] | Batch loss: 0.5621
2026-04-01 22:21:11,401 -- Step [300/2560] | Batch loss: 0.0064
2026-04-01 22:21:11,584 -- Step [400/2560] | Batch loss: 0.0976
2026-04-01 22:21:11,765 -- Step [500/2560] | Batch loss: 0.0249
2026-04-01 22:21:11,953 -- Step [600/2560] | Batch loss: 0.5381
2026-04-01 22:21:12,129 -- Step [700/2560] | Batch loss: 0.5092
2026-04-01 22:21:12,295 -- Step [800/2560] | Batch loss: 0.9133
2026-04-01 22:21:12,463 -- Step [900/2560] | Batch loss: 0.0878
2026-04-01 22:21:12,659 -- Step [1000/2560] | Batch loss: 0.8131
2026-04-01 22:21:12,845 -- Step [1100/2560] | Batch loss: 0.0177
2026-04-01 22:21:13,040 -- Step [1200/2560] | Batch loss: 0.0149
2026-04-01 22:21:13,235 -- Step [1300/2560] | Batch loss: 0.0294
2026-04-01 22:21:13,428 -- Step [1400/2560] | Batch loss: 0.5065
2026-04-01 22:21:13,624 -- Step [1500/2560] | Batch loss: 0.0104
2026-04-01 22:21:13,812 -- Step [1600/2560] | Batch loss: 0.0119
2026-04-01 22:21:13,991 -- Step [1700/2560] | Batch loss: 0.0385
2026-04-01 22:21:14,182 -- Step [1800/2560] | Batch loss: 0.0113
2026-04-01 22:21:14,357 -- Step [1900/2560] | Batch loss: 0.0309
2026-04-01 22:21:14,536 -- Step [2000/2560] | Batch loss: 0.0109
2026-04-01 22:21:14,718 -- Step [2100/2560] | Batch loss: 0.5157
2026-04-01 22:21:14,904 -- Step [2200/2560] | Batch loss: 0.0307
2026-04-01 22:21:15,076 -- Step [2300/2560] | Batch loss: 0.5718
2026-04-01 22:21:15,253 -- Step [2400/2560] | Batch loss: 0.0282
2026-04-01 22:21:15,432 -- Step [2500/2560] | Batch loss: 0.3839
2026-04-01 22:21:15,581 -- 
2026-04-01 22:21:15,581 -- Training epoch completed. Validating...
2026-04-01 22:21:18,309 -- 
2026-04-01 22:21:18,309 -- [32m ====== Epoch 5 Summary ====== [0m
2026-04-01 22:21:18,309 -- Training Loss: 0.2951
2026-04-01 22:21:18,309 -- Validation Loss: 0.0033
2026-04-01 22:21:18,332 -- 
2026-04-01 22:21:18,332 -- [32m ====== Epoch 2/4 (Round 2) ====== [0m
2026-04-01 22:21:18,332 -- Learning rate: 0.000452
2026-04-01 22:21:18,332 -- 
2026-04-01 22:21:18,403 -- Step [1/2560] | Batch loss: 0.0118
2026-04-01 22:21:18,589 -- Step [100/2560] | Batch loss: 0.4759
2026-04-01 22:21:18,756 -- Step [200/2560] | Batch loss: 0.4972
2026-04-01 22:21:18,935 -- Step [300/2560] | Batch loss: 0.4151
2026-04-01 22:21:19,109 -- Step [400/2560] | Batch loss: 0.4228
2026-04-01 22:21:19,298 -- Step [500/2560] | Batch loss: 0.0140
2026-04-01 22:21:19,473 -- Step [600/2560] | Batch loss: 0.0146
2026-04-01 22:21:19,655 -- Step [700/2560] | Batch loss: 0.0200
2026-04-01 22:21:19,839 -- Step [800/2560] | Batch loss: 0.4513
2026-04-01 22:21:20,016 -- Step [900/2560] | Batch loss: 0.4819
2026-04-01 22:21:20,191 -- Step [1000/2560] | Batch loss: 0.6583
2026-04-01 22:21:20,377 -- Step [1100/2560] | Batch loss: 0.0289
2026-04-01 22:21:20,565 -- Step [1200/2560] | Batch loss: 0.0121
2026-04-01 22:21:20,740 -- Step [1300/2560] | Batch loss: 0.0170
2026-04-01 22:21:20,917 -- Step [1400/2560] | Batch loss: 0.0092
2026-04-01 22:21:21,113 -- Step [1500/2560] | Batch loss: 0.0426
2026-04-01 22:21:21,288 -- Step [1600/2560] | Batch loss: 0.0265
2026-04-01 22:21:21,460 -- Step [1700/2560] | Batch loss: 0.4974
2026-04-01 22:21:21,642 -- Step [1800/2560] | Batch loss: 0.0081
2026-04-01 22:21:21,831 -- Step [1900/2560] | Batch loss: 0.0116
2026-04-01 22:21:22,019 -- Step [2000/2560] | Batch loss: 0.0305
2026-04-01 22:21:22,207 -- Step [2100/2560] | Batch loss: 0.4446
2026-04-01 22:21:22,390 -- Step [2200/2560] | Batch loss: 0.3390
2026-04-01 22:21:22,563 -- Step [2300/2560] | Batch loss: 0.4711
2026-04-01 22:21:22,744 -- Step [2400/2560] | Batch loss: 0.4509
2026-04-01 22:21:22,922 -- Step [2500/2560] | Batch loss: 0.5006
2026-04-01 22:21:23,060 -- 
2026-04-01 22:21:23,060 -- Training epoch completed. Validating...
2026-04-01 22:21:25,756 -- 
2026-04-01 22:21:25,757 -- [32m ====== Epoch 6 Summary ====== [0m
2026-04-01 22:21:25,757 -- Training Loss: 0.2549
2026-04-01 22:21:25,757 -- Validation Loss: 0.0016
2026-04-01 22:21:25,780 -- 
2026-04-01 22:21:25,780 -- [32m ====== Epoch 3/4 (Round 2) ====== [0m
2026-04-01 22:21:25,780 -- Learning rate: 0.000443
2026-04-01 22:21:25,780 -- 
2026-04-01 22:21:25,842 -- Step [1/2560] | Batch loss: 0.4402
2026-04-01 22:21:26,039 -- Step [100/2560] | Batch loss: 0.4241
2026-04-01 22:21:26,227 -- Step [200/2560] | Batch loss: 0.3499
2026-04-01 22:21:26,413 -- Step [300/2560] | Batch loss: 0.6791
2026-04-01 22:21:26,592 -- Step [400/2560] | Batch loss: 0.0195
2026-04-01 22:21:26,772 -- Step [500/2560] | Batch loss: 0.4774
2026-04-01 22:21:26,956 -- Step [600/2560] | Batch loss: 0.0124
2026-04-01 22:21:27,132 -- Step [700/2560] | Batch loss: 0.0303
2026-04-01 22:21:27,307 -- Step [800/2560] | Batch loss: 0.4185
2026-04-01 22:21:27,482 -- Step [900/2560] | Batch loss: 0.0093
2026-04-01 22:21:27,676 -- Step [1000/2560] | Batch loss: 0.0119
2026-04-01 22:21:27,853 -- Step [1100/2560] | Batch loss: 0.0125
2026-04-01 22:21:28,026 -- Step [1200/2560] | Batch loss: 0.4336
2026-04-01 22:21:28,203 -- Step [1300/2560] | Batch loss: 0.0261
2026-04-01 22:21:28,376 -- Step [1400/2560] | Batch loss: 0.0208
2026-04-01 22:21:28,560 -- Step [1500/2560] | Batch loss: 0.5091
2026-04-01 22:21:28,754 -- Step [1600/2560] | Batch loss: 0.0231
2026-04-01 22:21:28,930 -- Step [1700/2560] | Batch loss: 0.5004
2026-04-01 22:21:29,111 -- Step [1800/2560] | Batch loss: 0.0128
2026-04-01 22:21:29,296 -- Step [1900/2560] | Batch loss: 0.4907
2026-04-01 22:21:29,479 -- Step [2000/2560] | Batch loss: 0.5495
2026-04-01 22:21:29,679 -- Step [2100/2560] | Batch loss: 0.0155
2026-04-01 22:21:29,856 -- Step [2200/2560] | Batch loss: 0.3671
2026-04-01 22:21:30,033 -- Step [2300/2560] | Batch loss: 0.0090
2026-04-01 22:21:30,206 -- Step [2400/2560] | Batch loss: 0.4862
2026-04-01 22:21:30,389 -- Step [2500/2560] | Batch loss: 0.5220
2026-04-01 22:21:30,524 -- 
2026-04-01 22:21:30,525 -- Training epoch completed. Validating...
2026-04-01 22:21:33,258 -- 
2026-04-01 22:21:33,258 -- [32m ====== Epoch 7 Summary ====== [0m
2026-04-01 22:21:33,258 -- Training Loss: 0.2473
2026-04-01 22:21:33,259 -- Validation Loss: 0.0024
2026-04-01 22:21:33,283 -- 
2026-04-01 22:21:33,283 -- [32m ====== Epoch 4/4 (Round 2) ====== [0m
2026-04-01 22:21:33,283 -- Learning rate: 0.000434
2026-04-01 22:21:33,283 -- 
2026-04-01 22:21:33,349 -- Step [1/2560] | Batch loss: 0.0046
2026-04-01 22:21:33,539 -- Step [100/2560] | Batch loss: 0.3122
2026-04-01 22:21:33,716 -- Step [200/2560] | Batch loss: 0.0398
2026-04-01 22:21:33,912 -- Step [300/2560] | Batch loss: 0.4173
2026-04-01 22:21:34,089 -- Step [400/2560] | Batch loss: 0.0124
2026-04-01 22:21:34,272 -- Step [500/2560] | Batch loss: 0.7155
2026-04-01 22:21:34,448 -- Step [600/2560] | Batch loss: 0.0091
2026-04-01 22:21:34,634 -- Step [700/2560] | Batch loss: 0.0094
2026-04-01 22:21:34,821 -- Step [800/2560] | Batch loss: 0.4811
2026-04-01 22:21:34,996 -- Step [900/2560] | Batch loss: 0.0204
2026-04-01 22:21:35,181 -- Step [1000/2560] | Batch loss: 0.4660
2026-04-01 22:21:35,357 -- Step [1100/2560] | Batch loss: 0.0488
2026-04-01 22:21:35,542 -- Step [1200/2560] | Batch loss: 0.4161
2026-04-01 22:21:35,731 -- Step [1300/2560] | Batch loss: 0.4301
2026-04-01 22:21:35,936 -- Step [1400/2560] | Batch loss: 0.3737
2026-04-01 22:21:36,119 -- Step [1500/2560] | Batch loss: 0.5921
2026-04-01 22:21:36,293 -- Step [1600/2560] | Batch loss: 0.3759
2026-04-01 22:21:36,478 -- Step [1700/2560] | Batch loss: 0.0178
2026-04-01 22:21:36,670 -- Step [1800/2560] | Batch loss: 0.0114
2026-04-01 22:21:36,852 -- Step [1900/2560] | Batch loss: 0.0130
2026-04-01 22:21:37,027 -- Step [2000/2560] | Batch loss: 0.0129
2026-04-01 22:21:37,209 -- Step [2100/2560] | Batch loss: 0.5682
2026-04-01 22:21:37,392 -- Step [2200/2560] | Batch loss: 0.6950
2026-04-01 22:21:37,568 -- Step [2300/2560] | Batch loss: 0.4556
2026-04-01 22:21:37,755 -- Step [2400/2560] | Batch loss: 0.0120
2026-04-01 22:21:37,940 -- Step [2500/2560] | Batch loss: 0.0098
2026-04-01 22:21:38,080 -- 
2026-04-01 22:21:38,080 -- Training epoch completed. Validating...
2026-04-01 22:21:40,754 -- 
2026-04-01 22:21:40,763 -- [32m ====== Epoch 8 Summary ====== [0m
2026-04-01 22:21:40,763 -- Training Loss: 0.2484
2026-04-01 22:21:40,763 -- Validation Loss: 0.0015
2026-04-01 22:21:40,931 -- 
2026-04-01 22:21:40,931 -- [32m ====== Pseudo-labeling result ====== [0m
2026-04-01 22:21:40,931 -- Confidence threshold: 0.95
2026-04-01 22:21:40,931 -- Pseudo-labeling ratio: 87.70%
2026-04-01 22:21:40,931 -- Total labeled samples: 337200
2026-04-01 22:21:40,931 -- Remaining unlabeled samples: 1339
2026-04-01 22:21:40,931 -- 
2026-04-01 22:21:40,931 -- [33m Self-training round [3/3] [0m
2026-04-01 22:21:40,931 -- 
2026-04-01 22:21:40,931 -- [32m ====== Epoch 1/4 (Round 3) ====== [0m
2026-04-01 22:21:40,931 -- Learning rate: 0.000425
2026-04-01 22:21:40,931 -- 
2026-04-01 22:21:41,004 -- Step [1/2635] | Batch loss: 0.7753
2026-04-01 22:21:41,197 -- Step [100/2635] | Batch loss: 0.0217
2026-04-01 22:21:41,386 -- Step [200/2635] | Batch loss: 0.4898
2026-04-01 22:21:41,573 -- Step [300/2635] | Batch loss: 0.0566
2026-04-01 22:21:41,753 -- Step [400/2635] | Batch loss: 0.0229
2026-04-01 22:21:41,942 -- Step [500/2635] | Batch loss: 0.6361
2026-04-01 22:21:42,130 -- Step [600/2635] | Batch loss: 0.0534
2026-04-01 22:21:42,328 -- Step [700/2635] | Batch loss: 0.4150
2026-04-01 22:21:42,530 -- Step [800/2635] | Batch loss: 0.0240
2026-04-01 22:21:42,722 -- Step [900/2635] | Batch loss: 0.0105
2026-04-01 22:21:42,928 -- Step [1000/2635] | Batch loss: 0.5013
2026-04-01 22:21:43,127 -- Step [1100/2635] | Batch loss: 0.5640
2026-04-01 22:21:43,320 -- Step [1200/2635] | Batch loss: 0.5629
2026-04-01 22:21:43,504 -- Step [1300/2635] | Batch loss: 0.5717
2026-04-01 22:21:43,678 -- Step [1400/2635] | Batch loss: 0.5064
2026-04-01 22:21:43,856 -- Step [1500/2635] | Batch loss: 0.7276
2026-04-01 22:21:44,033 -- Step [1600/2635] | Batch loss: 0.4947
2026-04-01 22:21:44,206 -- Step [1700/2635] | Batch loss: 0.0094
2026-04-01 22:21:44,387 -- Step [1800/2635] | Batch loss: 0.5077
2026-04-01 22:21:44,564 -- Step [1900/2635] | Batch loss: 0.4716
2026-04-01 22:21:44,753 -- Step [2000/2635] | Batch loss: 0.5189
2026-04-01 22:21:44,949 -- Step [2100/2635] | Batch loss: 0.4712
2026-04-01 22:21:45,138 -- Step [2200/2635] | Batch loss: 0.5735
2026-04-01 22:21:45,319 -- Step [2300/2635] | Batch loss: 0.3934
2026-04-01 22:21:45,507 -- Step [2400/2635] | Batch loss: 0.6179
2026-04-01 22:21:45,688 -- Step [2500/2635] | Batch loss: 0.0099
2026-04-01 22:21:45,861 -- Step [2600/2635] | Batch loss: 0.4566
2026-04-01 22:21:45,955 -- 
2026-04-01 22:21:45,955 -- Training epoch completed. Validating...
2026-04-01 22:21:48,650 -- 
2026-04-01 22:21:48,651 -- [32m ====== Epoch 9 Summary ====== [0m
2026-04-01 22:21:48,651 -- Training Loss: 0.2643
2026-04-01 22:21:48,651 -- Validation Loss: 0.0015
2026-04-01 22:21:48,675 -- 
2026-04-01 22:21:48,675 -- [32m ====== Epoch 2/4 (Round 3) ====== [0m
2026-04-01 22:21:48,675 -- Learning rate: 0.000417
2026-04-01 22:21:48,675 -- 
2026-04-01 22:21:48,733 -- Step [1/2635] | Batch loss: 0.0111
2026-04-01 22:21:48,934 -- Step [100/2635] | Batch loss: 0.6141
2026-04-01 22:21:49,113 -- Step [200/2635] | Batch loss: 0.4542
2026-04-01 22:21:49,284 -- Step [300/2635] | Batch loss: 0.4631
2026-04-01 22:21:49,474 -- Step [400/2635] | Batch loss: 0.0257
2026-04-01 22:21:49,660 -- Step [500/2635] | Batch loss: 0.3677
2026-04-01 22:21:49,838 -- Step [600/2635] | Batch loss: 0.0084
2026-04-01 22:21:50,014 -- Step [700/2635] | Batch loss: 0.4784
2026-04-01 22:21:50,190 -- Step [800/2635] | Batch loss: 0.0136
2026-04-01 22:21:50,363 -- Step [900/2635] | Batch loss: 0.0269
2026-04-01 22:21:50,537 -- Step [1000/2635] | Batch loss: 0.0173
2026-04-01 22:21:50,719 -- Step [1100/2635] | Batch loss: 0.5707
2026-04-01 22:21:50,890 -- Step [1200/2635] | Batch loss: 0.0094
2026-04-01 22:21:51,070 -- Step [1300/2635] | Batch loss: 0.4498
2026-04-01 22:21:51,250 -- Step [1400/2635] | Batch loss: 0.0080
2026-04-01 22:21:51,421 -- Step [1500/2635] | Batch loss: 0.4941
2026-04-01 22:21:51,598 -- Step [1600/2635] | Batch loss: 0.5352
2026-04-01 22:21:51,771 -- Step [1700/2635] | Batch loss: 0.4718
2026-04-01 22:21:51,951 -- Step [1800/2635] | Batch loss: 0.3631
2026-04-01 22:21:52,128 -- Step [1900/2635] | Batch loss: 0.3613
2026-04-01 22:21:52,309 -- Step [2000/2635] | Batch loss: 0.0087
2026-04-01 22:21:52,489 -- Step [2100/2635] | Batch loss: 0.4967
2026-04-01 22:21:52,665 -- Step [2200/2635] | Batch loss: 0.0550
2026-04-01 22:21:52,853 -- Step [2300/2635] | Batch loss: 0.5435
2026-04-01 22:21:53,032 -- Step [2400/2635] | Batch loss: 0.5317
2026-04-01 22:21:53,209 -- Step [2500/2635] | Batch loss: 0.5648
2026-04-01 22:21:53,384 -- Step [2600/2635] | Batch loss: 0.0070
2026-04-01 22:21:53,481 -- 
2026-04-01 22:21:53,481 -- Training epoch completed. Validating...
2026-04-01 22:21:56,217 -- 
2026-04-01 22:21:56,218 -- [32m ====== Epoch 10 Summary ====== [0m
2026-04-01 22:21:56,218 -- Training Loss: 0.2600
2026-04-01 22:21:56,218 -- Validation Loss: 0.0006
2026-04-01 22:21:56,243 -- 
2026-04-01 22:21:56,243 -- [32m ====== Epoch 3/4 (Round 3) ====== [0m
2026-04-01 22:21:56,243 -- Learning rate: 0.000409
2026-04-01 22:21:56,243 -- 
2026-04-01 22:21:56,309 -- Step [1/2635] | Batch loss: 0.4079
2026-04-01 22:21:56,489 -- Step [100/2635] | Batch loss: 0.3860
2026-04-01 22:21:56,674 -- Step [200/2635] | Batch loss: 0.0103
2026-04-01 22:21:56,859 -- Step [300/2635] | Batch loss: 0.6262
2026-04-01 22:21:57,037 -- Step [400/2635] | Batch loss: 0.4231
2026-04-01 22:21:57,208 -- Step [500/2635] | Batch loss: 0.0103
2026-04-01 22:21:57,393 -- Step [600/2635] | Batch loss: 0.0075
2026-04-01 22:21:57,567 -- Step [700/2635] | Batch loss: 0.4193
2026-04-01 22:21:57,737 -- Step [800/2635] | Batch loss: 0.5824
2026-04-01 22:21:57,916 -- Step [900/2635] | Batch loss: 0.0052
2026-04-01 22:21:58,094 -- Step [1000/2635] | Batch loss: 0.4238
2026-04-01 22:21:58,270 -- Step [1100/2635] | Batch loss: 0.5551
2026-04-01 22:21:58,447 -- Step [1200/2635] | Batch loss: 0.7659
2026-04-01 22:21:58,637 -- Step [1300/2635] | Batch loss: 0.3796
2026-04-01 22:21:58,815 -- Step [1400/2635] | Batch loss: 0.3952
2026-04-01 22:21:58,995 -- Step [1500/2635] | Batch loss: 0.4436
2026-04-01 22:21:59,172 -- Step [1600/2635] | Batch loss: 0.0134
2026-04-01 22:21:59,353 -- Step [1700/2635] | Batch loss: 0.0156
2026-04-01 22:21:59,531 -- Step [1800/2635] | Batch loss: 0.3155
2026-04-01 22:21:59,712 -- Step [1900/2635] | Batch loss: 0.0081
2026-04-01 22:21:59,899 -- Step [2000/2635] | Batch loss: 0.0045
2026-04-01 22:22:00,084 -- Step [2100/2635] | Batch loss: 0.5526
2026-04-01 22:22:00,263 -- Step [2200/2635] | Batch loss: 0.0056
2026-04-01 22:22:00,456 -- Step [2300/2635] | Batch loss: 0.0101
2026-04-01 22:22:00,640 -- Step [2400/2635] | Batch loss: 0.0062
2026-04-01 22:22:00,823 -- Step [2500/2635] | Batch loss: 0.5645
2026-04-01 22:22:01,020 -- Step [2600/2635] | Batch loss: 0.5374
2026-04-01 22:22:01,117 -- 
2026-04-01 22:22:01,117 -- Training epoch completed. Validating...
2026-04-01 22:22:03,806 -- 
2026-04-01 22:22:03,806 -- [32m ====== Epoch 11 Summary ====== [0m
2026-04-01 22:22:03,806 -- Training Loss: 0.2663
2026-04-01 22:22:03,806 -- Validation Loss: 0.0010
2026-04-01 22:22:03,829 -- 
2026-04-01 22:22:03,829 -- [32m ====== Epoch 4/4 (Round 3) ====== [0m
2026-04-01 22:22:03,829 -- Learning rate: 0.000400
2026-04-01 22:22:03,829 -- 
2026-04-01 22:22:03,895 -- Step [1/2635] | Batch loss: 0.0101
2026-04-01 22:22:04,085 -- Step [100/2635] | Batch loss: 0.5602
2026-04-01 22:22:04,266 -- Step [200/2635] | Batch loss: 0.0127
2026-04-01 22:22:04,444 -- Step [300/2635] | Batch loss: 0.5030
2026-04-01 22:22:04,617 -- Step [400/2635] | Batch loss: 0.5575
2026-04-01 22:22:04,802 -- Step [500/2635] | Batch loss: 0.5272
2026-04-01 22:22:04,978 -- Step [600/2635] | Batch loss: 0.0085
2026-04-01 22:22:05,163 -- Step [700/2635] | Batch loss: 0.4797
2026-04-01 22:22:05,342 -- Step [800/2635] | Batch loss: 0.0093
2026-04-01 22:22:05,523 -- Step [900/2635] | Batch loss: 0.0163
2026-04-01 22:22:05,703 -- Step [1000/2635] | Batch loss: 0.0043
2026-04-01 22:22:05,890 -- Step [1100/2635] | Batch loss: 0.0137
2026-04-01 22:22:06,083 -- Step [1200/2635] | Batch loss: 0.0122
2026-04-01 22:22:06,277 -- Step [1300/2635] | Batch loss: 0.0184
2026-04-01 22:22:06,462 -- Step [1400/2635] | Batch loss: 0.0098
2026-04-01 22:22:06,646 -- Step [1500/2635] | Batch loss: 0.0056
2026-04-01 22:22:06,836 -- Step [1600/2635] | Batch loss: 0.0115
2026-04-01 22:22:07,020 -- Step [1700/2635] | Batch loss: 0.4914
2026-04-01 22:22:07,208 -- Step [1800/2635] | Batch loss: 0.0143
2026-04-01 22:22:07,384 -- Step [1900/2635] | Batch loss: 0.7741
2026-04-01 22:22:07,557 -- Step [2000/2635] | Batch loss: 0.4565
2026-04-01 22:22:07,735 -- Step [2100/2635] | Batch loss: 0.0387
2026-04-01 22:22:07,941 -- Step [2200/2635] | Batch loss: 0.0094
2026-04-01 22:22:08,116 -- Step [2300/2635] | Batch loss: 0.0216
2026-04-01 22:22:08,298 -- Step [2400/2635] | Batch loss: 0.0051
2026-04-01 22:22:08,478 -- Step [2500/2635] | Batch loss: 0.5078
2026-04-01 22:22:08,652 -- Step [2600/2635] | Batch loss: 0.0138
2026-04-01 22:22:08,745 -- 
2026-04-01 22:22:08,745 -- Training epoch completed. Validating...
2026-04-01 22:22:11,439 -- 
2026-04-01 22:22:11,439 -- [32m ====== Epoch 12 Summary ====== [0m
2026-04-01 22:22:11,439 -- Training Loss: 0.2606
2026-04-01 22:22:11,439 -- Validation Loss: 0.0008
2026-04-01 22:22:11,538 -- 
2026-04-01 22:22:11,539 -- [32m ====== Pseudo-labeling result ====== [0m
2026-04-01 22:22:11,539 -- Confidence threshold: 0.95
2026-04-01 22:22:11,539 -- Pseudo-labeling ratio: 37.71%
2026-04-01 22:22:11,539 -- Total labeled samples: 337705
2026-04-01 22:22:11,539 -- Remaining unlabeled samples: 834
2026-04-01 22:22:11,539 -- 
