2026-04-02 00:15:32,528 -- [33m Self-training round [1/3] [0m
2026-04-02 00:15:32,528 -- 
2026-04-02 00:15:32,528 -- [32m ====== Epoch 1/4 (Round 1) ====== [0m
2026-04-02 00:15:32,528 -- Learning rate: 0.000500
2026-04-02 00:15:32,528 -- 
2026-04-02 00:15:32,775 -- Step [1/2150] | Batch loss: 1.7567
2026-04-02 00:15:32,960 -- Step [100/2150] | Batch loss: 0.9458
2026-04-02 00:15:33,149 -- Step [200/2150] | Batch loss: 0.7065
2026-04-02 00:15:33,328 -- Step [300/2150] | Batch loss: 0.6853
2026-04-02 00:15:33,507 -- Step [400/2150] | Batch loss: 0.2573
2026-04-02 00:15:33,699 -- Step [500/2150] | Batch loss: 0.2403
2026-04-02 00:15:33,884 -- Step [600/2150] | Batch loss: 0.1334
2026-04-02 00:15:34,061 -- Step [700/2150] | Batch loss: 0.2858
2026-04-02 00:15:34,247 -- Step [800/2150] | Batch loss: 0.3267
2026-04-02 00:15:34,434 -- Step [900/2150] | Batch loss: 0.1091
2026-04-02 00:15:34,622 -- Step [1000/2150] | Batch loss: 0.0625
2026-04-02 00:15:34,799 -- Step [1100/2150] | Batch loss: 0.0657
2026-04-02 00:15:34,984 -- Step [1200/2150] | Batch loss: 0.0963
2026-04-02 00:15:35,162 -- Step [1300/2150] | Batch loss: 0.0370
2026-04-02 00:15:35,346 -- Step [1400/2150] | Batch loss: 0.0714
2026-04-02 00:15:35,530 -- Step [1500/2150] | Batch loss: 0.0824
2026-04-02 00:15:35,722 -- Step [1600/2150] | Batch loss: 0.1781
2026-04-02 00:15:35,899 -- Step [1700/2150] | Batch loss: 0.0167
2026-04-02 00:15:36,087 -- Step [1800/2150] | Batch loss: 0.0123
2026-04-02 00:15:36,277 -- Step [1900/2150] | Batch loss: 0.0390
2026-04-02 00:15:36,460 -- Step [2000/2150] | Batch loss: 0.0624
2026-04-02 00:15:36,648 -- Step [2100/2150] | Batch loss: 0.0156
2026-04-02 00:15:36,763 -- 
2026-04-02 00:15:36,763 -- Training epoch completed. Validating...
2026-04-02 00:15:39,557 -- 
2026-04-02 00:15:39,557 -- [32m ====== Epoch 1 Summary ====== [0m
2026-04-02 00:15:39,557 -- Training Loss: 0.2404
2026-04-02 00:15:39,557 -- Validation Loss: 0.0065
2026-04-02 00:15:39,645 -- [33m✓ New best model saved with validation loss: 0.0065 [0m
2026-04-02 00:15:39,645 -- 
2026-04-02 00:15:39,645 -- [32m ====== Epoch 2/4 (Round 1) ====== [0m
2026-04-02 00:15:39,645 -- Learning rate: 0.000490
2026-04-02 00:15:39,645 -- 
2026-04-02 00:15:39,687 -- Step [1/2150] | Batch loss: 0.0164
2026-04-02 00:15:39,879 -- Step [100/2150] | Batch loss: 0.0139
2026-04-02 00:15:40,057 -- Step [200/2150] | Batch loss: 0.0312
2026-04-02 00:15:40,236 -- Step [300/2150] | Batch loss: 0.0059
2026-04-02 00:15:40,419 -- Step [400/2150] | Batch loss: 0.0382
2026-04-02 00:15:40,604 -- Step [500/2150] | Batch loss: 0.0064
2026-04-02 00:15:40,801 -- Step [600/2150] | Batch loss: 0.0528
2026-04-02 00:15:40,987 -- Step [700/2150] | Batch loss: 0.0411
2026-04-02 00:15:41,168 -- Step [800/2150] | Batch loss: 0.0072
2026-04-02 00:15:41,347 -- Step [900/2150] | Batch loss: 0.0202
2026-04-02 00:15:41,531 -- Step [1000/2150] | Batch loss: 0.0729
2026-04-02 00:15:41,724 -- Step [1100/2150] | Batch loss: 0.0033
2026-04-02 00:15:41,930 -- Step [1200/2150] | Batch loss: 0.2768
2026-04-02 00:15:42,121 -- Step [1300/2150] | Batch loss: 0.0085
2026-04-02 00:15:42,308 -- Step [1400/2150] | Batch loss: 0.0061
2026-04-02 00:15:42,499 -- Step [1500/2150] | Batch loss: 0.0244
2026-04-02 00:15:42,690 -- Step [1600/2150] | Batch loss: 0.0115
2026-04-02 00:15:42,874 -- Step [1700/2150] | Batch loss: 0.0022
2026-04-02 00:15:43,053 -- Step [1800/2150] | Batch loss: 0.0425
2026-04-02 00:15:43,248 -- Step [1900/2150] | Batch loss: 0.0583
2026-04-02 00:15:43,441 -- Step [2000/2150] | Batch loss: 0.0243
2026-04-02 00:15:43,623 -- Step [2100/2150] | Batch loss: 0.0022
2026-04-02 00:15:43,748 -- 
2026-04-02 00:15:43,749 -- Training epoch completed. Validating...
2026-04-02 00:15:46,611 -- 
2026-04-02 00:15:46,611 -- [32m ====== Epoch 2 Summary ====== [0m
2026-04-02 00:15:46,611 -- Training Loss: 0.0309
2026-04-02 00:15:46,611 -- Validation Loss: 0.0012
2026-04-02 00:15:46,654 -- [33m✓ New best model saved with validation loss: 0.0012 [0m
2026-04-02 00:15:46,655 -- 
2026-04-02 00:15:46,655 -- [32m ====== Epoch 3/4 (Round 1) ====== [0m
2026-04-02 00:15:46,655 -- Learning rate: 0.000480
2026-04-02 00:15:46,655 -- 
2026-04-02 00:15:46,719 -- Step [1/2150] | Batch loss: 0.0030
2026-04-02 00:15:46,907 -- Step [100/2150] | Batch loss: 0.0029
2026-04-02 00:15:47,109 -- Step [200/2150] | Batch loss: 0.0396
2026-04-02 00:15:47,298 -- Step [300/2150] | Batch loss: 0.0036
2026-04-02 00:15:47,481 -- Step [400/2150] | Batch loss: 0.0090
2026-04-02 00:15:47,676 -- Step [500/2150] | Batch loss: 0.0030
2026-04-02 00:15:47,866 -- Step [600/2150] | Batch loss: 0.0310
2026-04-02 00:15:48,048 -- Step [700/2150] | Batch loss: 0.0783
2026-04-02 00:15:48,248 -- Step [800/2150] | Batch loss: 0.0014
2026-04-02 00:15:48,439 -- Step [900/2150] | Batch loss: 0.0016
2026-04-02 00:15:48,630 -- Step [1000/2150] | Batch loss: 0.0098
2026-04-02 00:15:48,815 -- Step [1100/2150] | Batch loss: 0.0436
2026-04-02 00:15:48,998 -- Step [1200/2150] | Batch loss: 0.0610
2026-04-02 00:15:49,193 -- Step [1300/2150] | Batch loss: 0.0020
2026-04-02 00:15:49,379 -- Step [1400/2150] | Batch loss: 0.0008
2026-04-02 00:15:49,561 -- Step [1500/2150] | Batch loss: 0.0510
2026-04-02 00:15:49,749 -- Step [1600/2150] | Batch loss: 0.0068
2026-04-02 00:15:49,932 -- Step [1700/2150] | Batch loss: 0.0011
2026-04-02 00:15:50,130 -- Step [1800/2150] | Batch loss: 0.0132
2026-04-02 00:15:50,324 -- Step [1900/2150] | Batch loss: 0.0012
2026-04-02 00:15:50,529 -- Step [2000/2150] | Batch loss: 0.0009
2026-04-02 00:15:50,740 -- Step [2100/2150] | Batch loss: 0.0013
2026-04-02 00:15:50,857 -- 
2026-04-02 00:15:50,857 -- Training epoch completed. Validating...
2026-04-02 00:15:53,669 -- 
2026-04-02 00:15:53,669 -- [32m ====== Epoch 3 Summary ====== [0m
2026-04-02 00:15:53,669 -- Training Loss: 0.0180
2026-04-02 00:15:53,669 -- Validation Loss: 0.0004
2026-04-02 00:15:53,716 -- [33m✓ New best model saved with validation loss: 0.0004 [0m
2026-04-02 00:15:53,716 -- 
2026-04-02 00:15:53,716 -- [32m ====== Epoch 4/4 (Round 1) ====== [0m
2026-04-02 00:15:53,716 -- Learning rate: 0.000471
2026-04-02 00:15:53,716 -- 
2026-04-02 00:15:53,773 -- Step [1/2150] | Batch loss: 0.0166
2026-04-02 00:15:53,997 -- Step [100/2150] | Batch loss: 0.1264
2026-04-02 00:15:54,191 -- Step [200/2150] | Batch loss: 0.0100
2026-04-02 00:15:54,401 -- Step [300/2150] | Batch loss: 0.0007
2026-04-02 00:15:54,606 -- Step [400/2150] | Batch loss: 0.0005
2026-04-02 00:15:54,800 -- Step [500/2150] | Batch loss: 0.0203
2026-04-02 00:15:54,986 -- Step [600/2150] | Batch loss: 0.0583
2026-04-02 00:15:55,164 -- Step [700/2150] | Batch loss: 0.0020
2026-04-02 00:15:55,347 -- Step [800/2150] | Batch loss: 0.0028
2026-04-02 00:15:55,568 -- Step [900/2150] | Batch loss: 0.0009
2026-04-02 00:15:55,782 -- Step [1000/2150] | Batch loss: 0.0470
2026-04-02 00:15:55,972 -- Step [1100/2150] | Batch loss: 0.0009
2026-04-02 00:15:56,168 -- Step [1200/2150] | Batch loss: 0.0083
2026-04-02 00:15:56,366 -- Step [1300/2150] | Batch loss: 0.1284
2026-04-02 00:15:56,564 -- Step [1400/2150] | Batch loss: 0.0041
2026-04-02 00:15:56,763 -- Step [1500/2150] | Batch loss: 0.0015
2026-04-02 00:15:56,956 -- Step [1600/2150] | Batch loss: 0.0014
2026-04-02 00:15:57,146 -- Step [1700/2150] | Batch loss: 0.0133
2026-04-02 00:15:57,339 -- Step [1800/2150] | Batch loss: 0.0183
2026-04-02 00:15:57,529 -- Step [1900/2150] | Batch loss: 0.0009
2026-04-02 00:15:57,709 -- Step [2000/2150] | Batch loss: 0.0006
2026-04-02 00:15:57,953 -- Step [2100/2150] | Batch loss: 0.0008
2026-04-02 00:15:58,094 -- 
2026-04-02 00:15:58,094 -- Training epoch completed. Validating...
2026-04-02 00:16:00,852 -- 
2026-04-02 00:16:00,852 -- [32m ====== Epoch 4 Summary ====== [0m
2026-04-02 00:16:00,852 -- Training Loss: 0.0136
2026-04-02 00:16:00,852 -- Validation Loss: 0.0002
2026-04-02 00:16:00,897 -- [33m✓ New best model saved with validation loss: 0.0002 [0m
2026-04-02 00:16:01,461 -- 
2026-04-02 00:16:01,461 -- [32m ====== Pseudo-labeling result ====== [0m
2026-04-02 00:16:01,461 -- Confidence threshold: 0.95
2026-04-02 00:16:01,461 -- Pseudo-labeling ratio: 94.31%
2026-04-02 00:16:01,461 -- Total labeled samples: 335484
2026-04-02 00:16:01,461 -- Remaining unlabeled samples: 3640
2026-04-02 00:16:01,461 -- 
2026-04-02 00:16:01,461 -- [33m Self-training round [2/3] [0m
2026-04-02 00:16:01,461 -- 
2026-04-02 00:16:01,461 -- [32m ====== Epoch 1/4 (Round 2) ====== [0m
2026-04-02 00:16:01,461 -- Learning rate: 0.000461
2026-04-02 00:16:01,461 -- 
2026-04-02 00:16:01,522 -- Step [1/2621] | Batch loss: 1.3494
2026-04-02 00:16:01,714 -- Step [100/2621] | Batch loss: 0.9426
2026-04-02 00:16:01,893 -- Step [200/2621] | Batch loss: 0.0046
2026-04-02 00:16:02,071 -- Step [300/2621] | Batch loss: 0.5725
2026-04-02 00:16:02,246 -- Step [400/2621] | Batch loss: 0.0071
2026-04-02 00:16:02,426 -- Step [500/2621] | Batch loss: 0.6175
2026-04-02 00:16:02,615 -- Step [600/2621] | Batch loss: 0.0046
2026-04-02 00:16:02,811 -- Step [700/2621] | Batch loss: 0.0196
2026-04-02 00:16:02,988 -- Step [800/2621] | Batch loss: 0.8680
2026-04-02 00:16:03,173 -- Step [900/2621] | Batch loss: 0.7735
2026-04-02 00:16:03,364 -- Step [1000/2621] | Batch loss: 0.6466
2026-04-02 00:16:03,543 -- Step [1100/2621] | Batch loss: 0.6572
2026-04-02 00:16:03,732 -- Step [1200/2621] | Batch loss: 0.0125
2026-04-02 00:16:03,909 -- Step [1300/2621] | Batch loss: 0.5680
2026-04-02 00:16:04,091 -- Step [1400/2621] | Batch loss: 0.0199
2026-04-02 00:16:04,286 -- Step [1500/2621] | Batch loss: 0.6110
2026-04-02 00:16:04,473 -- Step [1600/2621] | Batch loss: 0.0078
2026-04-02 00:16:04,659 -- Step [1700/2621] | Batch loss: 0.0115
2026-04-02 00:16:04,840 -- Step [1800/2621] | Batch loss: 0.0209
2026-04-02 00:16:05,020 -- Step [1900/2621] | Batch loss: 0.0126
2026-04-02 00:16:05,197 -- Step [2000/2621] | Batch loss: 0.5536
2026-04-02 00:16:05,382 -- Step [2100/2621] | Batch loss: 0.0154
2026-04-02 00:16:05,569 -- Step [2200/2621] | Batch loss: 0.0149
2026-04-02 00:16:05,759 -- Step [2300/2621] | Batch loss: 0.0155
2026-04-02 00:16:05,942 -- Step [2400/2621] | Batch loss: 0.6722
2026-04-02 00:16:06,132 -- Step [2500/2621] | Batch loss: 0.8682
2026-04-02 00:16:06,317 -- Step [2600/2621] | Batch loss: 0.5614
2026-04-02 00:16:06,381 -- 
2026-04-02 00:16:06,382 -- Training epoch completed. Validating...
2026-04-02 00:16:09,191 -- 
2026-04-02 00:16:09,192 -- [32m ====== Epoch 5 Summary ====== [0m
2026-04-02 00:16:09,192 -- Training Loss: 0.3223
2026-04-02 00:16:09,192 -- Validation Loss: 0.0021
2026-04-02 00:16:09,216 -- 
2026-04-02 00:16:09,216 -- [32m ====== Epoch 2/4 (Round 2) ====== [0m
2026-04-02 00:16:09,216 -- Learning rate: 0.000452
2026-04-02 00:16:09,216 -- 
2026-04-02 00:16:09,281 -- Step [1/2621] | Batch loss: 0.0116
2026-04-02 00:16:09,486 -- Step [100/2621] | Batch loss: 0.0098
2026-04-02 00:16:09,699 -- Step [200/2621] | Batch loss: 0.5319
2026-04-02 00:16:09,911 -- Step [300/2621] | Batch loss: 0.0127
2026-04-02 00:16:10,107 -- Step [400/2621] | Batch loss: 0.4353
2026-04-02 00:16:10,299 -- Step [500/2621] | Batch loss: 0.6569
2026-04-02 00:16:10,486 -- Step [600/2621] | Batch loss: 0.0108
2026-04-02 00:16:10,677 -- Step [700/2621] | Batch loss: 0.9001
2026-04-02 00:16:10,884 -- Step [800/2621] | Batch loss: 0.0144
2026-04-02 00:16:11,105 -- Step [900/2621] | Batch loss: 0.6801
2026-04-02 00:16:11,301 -- Step [1000/2621] | Batch loss: 0.6174
2026-04-02 00:16:11,513 -- Step [1100/2621] | Batch loss: 0.4945
2026-04-02 00:16:11,716 -- Step [1200/2621] | Batch loss: 0.4280
2026-04-02 00:16:11,920 -- Step [1300/2621] | Batch loss: 0.0119
2026-04-02 00:16:12,110 -- Step [1400/2621] | Batch loss: 0.0172
2026-04-02 00:16:12,299 -- Step [1500/2621] | Batch loss: 0.0148
2026-04-02 00:16:12,524 -- Step [1600/2621] | Batch loss: 0.4133
2026-04-02 00:16:12,715 -- Step [1700/2621] | Batch loss: 0.0160
2026-04-02 00:16:12,899 -- Step [1800/2621] | Batch loss: 0.5500
2026-04-02 00:16:13,086 -- Step [1900/2621] | Batch loss: 0.4102
2026-04-02 00:16:13,263 -- Step [2000/2621] | Batch loss: 0.0153
2026-04-02 00:16:13,456 -- Step [2100/2621] | Batch loss: 0.0192
2026-04-02 00:16:13,654 -- Step [2200/2621] | Batch loss: 0.5377
2026-04-02 00:16:13,833 -- Step [2300/2621] | Batch loss: 0.7520
2026-04-02 00:16:14,027 -- Step [2400/2621] | Batch loss: 0.5594
2026-04-02 00:16:14,222 -- Step [2500/2621] | Batch loss: 0.5617
2026-04-02 00:16:14,415 -- Step [2600/2621] | Batch loss: 0.5266
2026-04-02 00:16:14,510 -- 
2026-04-02 00:16:14,510 -- Training epoch completed. Validating...
2026-04-02 00:16:17,265 -- 
2026-04-02 00:16:17,265 -- [32m ====== Epoch 6 Summary ====== [0m
2026-04-02 00:16:17,265 -- Training Loss: 0.2809
2026-04-02 00:16:17,265 -- Validation Loss: 0.0010
2026-04-02 00:16:17,291 -- 
2026-04-02 00:16:17,291 -- [32m ====== Epoch 3/4 (Round 2) ====== [0m
2026-04-02 00:16:17,291 -- Learning rate: 0.000443
2026-04-02 00:16:17,291 -- 
2026-04-02 00:16:17,355 -- Step [1/2621] | Batch loss: 0.6438
2026-04-02 00:16:17,552 -- Step [100/2621] | Batch loss: 0.0148
2026-04-02 00:16:17,746 -- Step [200/2621] | Batch loss: 0.5272
2026-04-02 00:16:17,930 -- Step [300/2621] | Batch loss: 0.4767
2026-04-02 00:16:18,116 -- Step [400/2621] | Batch loss: 0.4934
2026-04-02 00:16:18,313 -- Step [500/2621] | Batch loss: 0.4790
2026-04-02 00:16:18,495 -- Step [600/2621] | Batch loss: 0.4462
2026-04-02 00:16:18,686 -- Step [700/2621] | Batch loss: 0.0082
2026-04-02 00:16:18,861 -- Step [800/2621] | Batch loss: 0.0095
2026-04-02 00:16:19,051 -- Step [900/2621] | Batch loss: 0.0130
2026-04-02 00:16:19,225 -- Step [1000/2621] | Batch loss: 0.0164
2026-04-02 00:16:19,404 -- Step [1100/2621] | Batch loss: 0.0261
2026-04-02 00:16:19,596 -- Step [1200/2621] | Batch loss: 0.0187
2026-04-02 00:16:19,777 -- Step [1300/2621] | Batch loss: 0.0104
2026-04-02 00:16:19,970 -- Step [1400/2621] | Batch loss: 0.0095
2026-04-02 00:16:20,165 -- Step [1500/2621] | Batch loss: 0.4486
2026-04-02 00:16:20,355 -- Step [1600/2621] | Batch loss: 0.0076
2026-04-02 00:16:20,545 -- Step [1700/2621] | Batch loss: 0.6055
2026-04-02 00:16:20,729 -- Step [1800/2621] | Batch loss: 0.5628
2026-04-02 00:16:20,920 -- Step [1900/2621] | Batch loss: 0.0131
2026-04-02 00:16:21,102 -- Step [2000/2621] | Batch loss: 0.0180
2026-04-02 00:16:21,285 -- Step [2100/2621] | Batch loss: 0.0145
2026-04-02 00:16:21,474 -- Step [2200/2621] | Batch loss: 0.0109
2026-04-02 00:16:21,665 -- Step [2300/2621] | Batch loss: 0.5924
2026-04-02 00:16:21,871 -- Step [2400/2621] | Batch loss: 0.5384
2026-04-02 00:16:22,059 -- Step [2500/2621] | Batch loss: 0.0086
2026-04-02 00:16:22,242 -- Step [2600/2621] | Batch loss: 0.0093
2026-04-02 00:16:22,310 -- 
2026-04-02 00:16:22,310 -- Training epoch completed. Validating...
2026-04-02 00:16:25,062 -- 
2026-04-02 00:16:25,062 -- [32m ====== Epoch 7 Summary ====== [0m
2026-04-02 00:16:25,063 -- Training Loss: 0.2761
2026-04-02 00:16:25,063 -- Validation Loss: 0.0008
2026-04-02 00:16:25,086 -- 
2026-04-02 00:16:25,086 -- [32m ====== Epoch 4/4 (Round 2) ====== [0m
2026-04-02 00:16:25,086 -- Learning rate: 0.000434
2026-04-02 00:16:25,086 -- 
2026-04-02 00:16:25,156 -- Step [1/2621] | Batch loss: 0.0070
2026-04-02 00:16:25,356 -- Step [100/2621] | Batch loss: 0.5550
2026-04-02 00:16:25,542 -- Step [200/2621] | Batch loss: 0.0092
2026-04-02 00:16:25,729 -- Step [300/2621] | Batch loss: 0.5708
2026-04-02 00:16:25,916 -- Step [400/2621] | Batch loss: 0.4983
2026-04-02 00:16:26,117 -- Step [500/2621] | Batch loss: 0.4670
2026-04-02 00:16:26,310 -- Step [600/2621] | Batch loss: 0.5193
2026-04-02 00:16:26,491 -- Step [700/2621] | Batch loss: 0.4368
2026-04-02 00:16:26,676 -- Step [800/2621] | Batch loss: 0.0089
2026-04-02 00:16:26,862 -- Step [900/2621] | Batch loss: 0.0087
2026-04-02 00:16:27,051 -- Step [1000/2621] | Batch loss: 0.5403
2026-04-02 00:16:27,232 -- Step [1100/2621] | Batch loss: 0.0100
2026-04-02 00:16:27,421 -- Step [1200/2621] | Batch loss: 0.5382
2026-04-02 00:16:27,610 -- Step [1300/2621] | Batch loss: 0.0074
2026-04-02 00:16:27,795 -- Step [1400/2621] | Batch loss: 0.6674
2026-04-02 00:16:27,978 -- Step [1500/2621] | Batch loss: 0.5962
2026-04-02 00:16:28,168 -- Step [1600/2621] | Batch loss: 0.0081
2026-04-02 00:16:28,361 -- Step [1700/2621] | Batch loss: 0.5406
2026-04-02 00:16:28,545 -- Step [1800/2621] | Batch loss: 0.4619
2026-04-02 00:16:28,743 -- Step [1900/2621] | Batch loss: 0.4851
2026-04-02 00:16:28,935 -- Step [2000/2621] | Batch loss: 0.4926
2026-04-02 00:16:29,126 -- Step [2100/2621] | Batch loss: 0.5268
2026-04-02 00:16:29,308 -- Step [2200/2621] | Batch loss: 0.6470
2026-04-02 00:16:29,496 -- Step [2300/2621] | Batch loss: 0.5529
2026-04-02 00:16:29,682 -- Step [2400/2621] | Batch loss: 0.0066
2026-04-02 00:16:29,875 -- Step [2500/2621] | Batch loss: 0.0121
2026-04-02 00:16:30,066 -- Step [2600/2621] | Batch loss: 0.0137
2026-04-02 00:16:30,135 -- 
2026-04-02 00:16:30,135 -- Training epoch completed. Validating...
2026-04-02 00:16:32,887 -- 
2026-04-02 00:16:32,887 -- [32m ====== Epoch 8 Summary ====== [0m
2026-04-02 00:16:32,887 -- Training Loss: 0.2775
2026-04-02 00:16:32,887 -- Validation Loss: 0.0004
2026-04-02 00:16:33,008 -- 
2026-04-02 00:16:33,008 -- [32m ====== Pseudo-labeling result ====== [0m
2026-04-02 00:16:33,008 -- Confidence threshold: 0.95
2026-04-02 00:16:33,008 -- Pseudo-labeling ratio: 72.01%
2026-04-02 00:16:33,008 -- Total labeled samples: 338105
2026-04-02 00:16:33,008 -- Remaining unlabeled samples: 1019
2026-04-02 00:16:33,008 -- 
2026-04-02 00:16:33,008 -- [33m Self-training round [3/3] [0m
2026-04-02 00:16:33,008 -- 
2026-04-02 00:16:33,008 -- [32m ====== Epoch 1/4 (Round 3) ====== [0m
2026-04-02 00:16:33,008 -- Learning rate: 0.000425
2026-04-02 00:16:33,008 -- 
2026-04-02 00:16:33,082 -- Step [1/2642] | Batch loss: 0.7180
2026-04-02 00:16:33,294 -- Step [100/2642] | Batch loss: 0.0058
2026-04-02 00:16:33,482 -- Step [200/2642] | Batch loss: 0.0078
2026-04-02 00:16:33,662 -- Step [300/2642] | Batch loss: 0.6130
2026-04-02 00:16:33,849 -- Step [400/2642] | Batch loss: 0.0104
2026-04-02 00:16:34,034 -- Step [500/2642] | Batch loss: 0.0113
2026-04-02 00:16:34,216 -- Step [600/2642] | Batch loss: 0.0072
2026-04-02 00:16:34,390 -- Step [700/2642] | Batch loss: 0.0092
2026-04-02 00:16:34,582 -- Step [800/2642] | Batch loss: 0.5968
2026-04-02 00:16:34,771 -- Step [900/2642] | Batch loss: 0.5848
2026-04-02 00:16:34,953 -- Step [1000/2642] | Batch loss: 0.4584
2026-04-02 00:16:35,146 -- Step [1100/2642] | Batch loss: 0.0077
2026-04-02 00:16:35,338 -- Step [1200/2642] | Batch loss: 0.0039
2026-04-02 00:16:35,524 -- Step [1300/2642] | Batch loss: 0.0141
2026-04-02 00:16:35,709 -- Step [1400/2642] | Batch loss: 0.0092
2026-04-02 00:16:35,886 -- Step [1500/2642] | Batch loss: 0.0072
2026-04-02 00:16:36,070 -- Step [1600/2642] | Batch loss: 0.0127
2026-04-02 00:16:36,250 -- Step [1700/2642] | Batch loss: 0.0055
2026-04-02 00:16:36,430 -- Step [1800/2642] | Batch loss: 0.0094
2026-04-02 00:16:36,612 -- Step [1900/2642] | Batch loss: 0.0078
2026-04-02 00:16:36,795 -- Step [2000/2642] | Batch loss: 0.0071
2026-04-02 00:16:36,991 -- Step [2100/2642] | Batch loss: 0.5123
2026-04-02 00:16:37,175 -- Step [2200/2642] | Batch loss: 0.5679
2026-04-02 00:16:37,372 -- Step [2300/2642] | Batch loss: 0.0064
2026-04-02 00:16:37,554 -- Step [2400/2642] | Batch loss: 0.4545
2026-04-02 00:16:37,742 -- Step [2500/2642] | Batch loss: 0.0078
2026-04-02 00:16:37,943 -- Step [2600/2642] | Batch loss: 0.0065
2026-04-02 00:16:38,062 -- 
2026-04-02 00:16:38,062 -- Training epoch completed. Validating...
2026-04-02 00:16:40,802 -- 
2026-04-02 00:16:40,802 -- [32m ====== Epoch 9 Summary ====== [0m
2026-04-02 00:16:40,802 -- Training Loss: 0.2687
2026-04-02 00:16:40,802 -- Validation Loss: 0.0003
2026-04-02 00:16:40,826 -- 
2026-04-02 00:16:40,826 -- [32m ====== Epoch 2/4 (Round 3) ====== [0m
2026-04-02 00:16:40,826 -- Learning rate: 0.000417
2026-04-02 00:16:40,826 -- 
2026-04-02 00:16:40,882 -- Step [1/2642] | Batch loss: 0.4596
2026-04-02 00:16:41,084 -- Step [100/2642] | Batch loss: 0.5041
2026-04-02 00:16:41,271 -- Step [200/2642] | Batch loss: 0.0041
2026-04-02 00:16:41,454 -- Step [300/2642] | Batch loss: 0.0049
2026-04-02 00:16:41,661 -- Step [400/2642] | Batch loss: 0.0083
2026-04-02 00:16:41,853 -- Step [500/2642] | Batch loss: 0.0138
2026-04-02 00:16:42,048 -- Step [600/2642] | Batch loss: 0.6383
2026-04-02 00:16:42,233 -- Step [700/2642] | Batch loss: 0.3718
2026-04-02 00:16:42,418 -- Step [800/2642] | Batch loss: 0.0112
2026-04-02 00:16:42,608 -- Step [900/2642] | Batch loss: 0.0080
2026-04-02 00:16:42,793 -- Step [1000/2642] | Batch loss: 0.5695
2026-04-02 00:16:42,970 -- Step [1100/2642] | Batch loss: 0.1696
2026-04-02 00:16:43,142 -- Step [1200/2642] | Batch loss: 0.5062
2026-04-02 00:16:43,321 -- Step [1300/2642] | Batch loss: 0.0100
2026-04-02 00:16:43,501 -- Step [1400/2642] | Batch loss: 0.5226
2026-04-02 00:16:43,688 -- Step [1500/2642] | Batch loss: 0.0188
2026-04-02 00:16:43,876 -- Step [1600/2642] | Batch loss: 0.0068
2026-04-02 00:16:44,070 -- Step [1700/2642] | Batch loss: 0.4821
2026-04-02 00:16:44,256 -- Step [1800/2642] | Batch loss: 0.6844
2026-04-02 00:16:44,457 -- Step [1900/2642] | Batch loss: 0.0067
2026-04-02 00:16:44,674 -- Step [2000/2642] | Batch loss: 0.0112
2026-04-02 00:16:44,867 -- Step [2100/2642] | Batch loss: 0.0099
2026-04-02 00:16:45,053 -- Step [2200/2642] | Batch loss: 0.5038
2026-04-02 00:16:45,249 -- Step [2300/2642] | Batch loss: 0.5814
2026-04-02 00:16:45,434 -- Step [2400/2642] | Batch loss: 0.5427
2026-04-02 00:16:45,626 -- Step [2500/2642] | Batch loss: 0.4718
2026-04-02 00:16:45,820 -- Step [2600/2642] | Batch loss: 0.4236
2026-04-02 00:16:45,932 -- 
2026-04-02 00:16:45,932 -- Training epoch completed. Validating...
2026-04-02 00:16:48,634 -- 
2026-04-02 00:16:48,634 -- [32m ====== Epoch 10 Summary ====== [0m
2026-04-02 00:16:48,634 -- Training Loss: 0.2672
2026-04-02 00:16:48,634 -- Validation Loss: 0.0006
2026-04-02 00:16:48,656 -- 
2026-04-02 00:16:48,656 -- [32m ====== Epoch 3/4 (Round 3) ====== [0m
2026-04-02 00:16:48,657 -- Learning rate: 0.000409
2026-04-02 00:16:48,657 -- 
2026-04-02 00:16:48,718 -- Step [1/2642] | Batch loss: 0.4779
2026-04-02 00:16:48,913 -- Step [100/2642] | Batch loss: 0.4393
2026-04-02 00:16:49,105 -- Step [200/2642] | Batch loss: 0.0064
2026-04-02 00:16:49,290 -- Step [300/2642] | Batch loss: 0.0055
2026-04-02 00:16:49,468 -- Step [400/2642] | Batch loss: 0.0048
2026-04-02 00:16:49,641 -- Step [500/2642] | Batch loss: 0.5301
2026-04-02 00:16:49,819 -- Step [600/2642] | Batch loss: 0.0084
2026-04-02 00:16:50,015 -- Step [700/2642] | Batch loss: 0.0068
2026-04-02 00:16:50,195 -- Step [800/2642] | Batch loss: 0.0200
2026-04-02 00:16:50,383 -- Step [900/2642] | Batch loss: 0.3879
2026-04-02 00:16:50,569 -- Step [1000/2642] | Batch loss: 0.0038
2026-04-02 00:16:50,758 -- Step [1100/2642] | Batch loss: 0.4821
2026-04-02 00:16:50,946 -- Step [1200/2642] | Batch loss: 0.0097
2026-04-02 00:16:51,131 -- Step [1300/2642] | Batch loss: 0.0058
2026-04-02 00:16:51,323 -- Step [1400/2642] | Batch loss: 0.0050
2026-04-02 00:16:51,497 -- Step [1500/2642] | Batch loss: 0.5762
2026-04-02 00:16:51,680 -- Step [1600/2642] | Batch loss: 0.0082
2026-04-02 00:16:51,862 -- Step [1700/2642] | Batch loss: 0.0049
2026-04-02 00:16:52,043 -- Step [1800/2642] | Batch loss: 0.5250
2026-04-02 00:16:52,222 -- Step [1900/2642] | Batch loss: 0.5213
2026-04-02 00:16:52,401 -- Step [2000/2642] | Batch loss: 0.0055
2026-04-02 00:16:52,588 -- Step [2100/2642] | Batch loss: 0.0078
2026-04-02 00:16:52,786 -- Step [2200/2642] | Batch loss: 0.0091
2026-04-02 00:16:52,978 -- Step [2300/2642] | Batch loss: 0.5276
2026-04-02 00:16:53,170 -- Step [2400/2642] | Batch loss: 0.4105
2026-04-02 00:16:53,371 -- Step [2500/2642] | Batch loss: 0.0182
2026-04-02 00:16:53,563 -- Step [2600/2642] | Batch loss: 0.0063
2026-04-02 00:16:53,666 -- 
2026-04-02 00:16:53,667 -- Training epoch completed. Validating...
2026-04-02 00:16:56,371 -- 
2026-04-02 00:16:56,371 -- [32m ====== Epoch 11 Summary ====== [0m
2026-04-02 00:16:56,372 -- Training Loss: 0.2755
2026-04-02 00:16:56,372 -- Validation Loss: 0.0002
2026-04-02 00:16:56,394 -- 
2026-04-02 00:16:56,394 -- [32m ====== Epoch 4/4 (Round 3) ====== [0m
2026-04-02 00:16:56,394 -- Learning rate: 0.000400
2026-04-02 00:16:56,394 -- 
2026-04-02 00:16:56,462 -- Step [1/2642] | Batch loss: 0.0108
2026-04-02 00:16:56,658 -- Step [100/2642] | Batch loss: 0.5824
2026-04-02 00:16:56,841 -- Step [200/2642] | Batch loss: 0.4877
2026-04-02 00:16:57,020 -- Step [300/2642] | Batch loss: 0.0125
2026-04-02 00:16:57,211 -- Step [400/2642] | Batch loss: 0.0032
2026-04-02 00:16:57,396 -- Step [500/2642] | Batch loss: 0.4831
2026-04-02 00:16:57,577 -- Step [600/2642] | Batch loss: 0.4565
2026-04-02 00:16:57,774 -- Step [700/2642] | Batch loss: 0.0038
2026-04-02 00:16:57,969 -- Step [800/2642] | Batch loss: 0.0036
2026-04-02 00:16:58,160 -- Step [900/2642] | Batch loss: 0.6253
2026-04-02 00:16:58,342 -- Step [1000/2642] | Batch loss: 0.0063
2026-04-02 00:16:58,516 -- Step [1100/2642] | Batch loss: 0.0069
2026-04-02 00:16:58,692 -- Step [1200/2642] | Batch loss: 0.0079
2026-04-02 00:16:58,869 -- Step [1300/2642] | Batch loss: 0.0052
2026-04-02 00:16:59,053 -- Step [1400/2642] | Batch loss: 0.8790
2026-04-02 00:16:59,245 -- Step [1500/2642] | Batch loss: 0.0102
2026-04-02 00:16:59,422 -- Step [1600/2642] | Batch loss: 0.5604
2026-04-02 00:16:59,600 -- Step [1700/2642] | Batch loss: 0.5180
2026-04-02 00:16:59,791 -- Step [1800/2642] | Batch loss: 0.0034
2026-04-02 00:16:59,990 -- Step [1900/2642] | Batch loss: 0.4912
2026-04-02 00:17:00,181 -- Step [2000/2642] | Batch loss: 0.4916
2026-04-02 00:17:00,355 -- Step [2100/2642] | Batch loss: 0.0101
2026-04-02 00:17:00,545 -- Step [2200/2642] | Batch loss: 0.0057
2026-04-02 00:17:00,738 -- Step [2300/2642] | Batch loss: 0.0031
2026-04-02 00:17:00,922 -- Step [2400/2642] | Batch loss: 0.0036
2026-04-02 00:17:01,110 -- Step [2500/2642] | Batch loss: 0.0069
2026-04-02 00:17:01,289 -- Step [2600/2642] | Batch loss: 0.6268
2026-04-02 00:17:01,389 -- 
2026-04-02 00:17:01,389 -- Training epoch completed. Validating...
2026-04-02 00:17:04,127 -- 
2026-04-02 00:17:04,127 -- [32m ====== Epoch 12 Summary ====== [0m
2026-04-02 00:17:04,127 -- Training Loss: 0.2736
2026-04-02 00:17:04,127 -- Validation Loss: 0.0002
2026-04-02 00:17:04,222 -- 
2026-04-02 00:17:04,222 -- [32m ====== Pseudo-labeling result ====== [0m
2026-04-02 00:17:04,222 -- Confidence threshold: 0.95
2026-04-02 00:17:04,223 -- Pseudo-labeling ratio: 27.87%
2026-04-02 00:17:04,223 -- Total labeled samples: 338389
2026-04-02 00:17:04,223 -- Remaining unlabeled samples: 735
2026-04-02 00:17:04,223 -- 
