2026-04-02 14:32:08,364 -- [33m Self-training round [1/3] [0m
2026-04-02 14:32:08,364 -- 
2026-04-02 14:32:08,364 -- [32m ====== Epoch 1/4 (Round 1) ====== [0m
2026-04-02 14:32:08,364 -- Learning rate: 0.001000
2026-04-02 14:32:08,364 -- 
2026-04-02 14:32:08,539 -- Step [1/2150] | Batch loss: 1.8105
2026-04-02 14:32:08,740 -- Step [100/2150] | Batch loss: 0.7724
2026-04-02 14:32:08,942 -- Step [200/2150] | Batch loss: 0.5374
2026-04-02 14:32:09,131 -- Step [300/2150] | Batch loss: 0.3634
2026-04-02 14:32:09,318 -- Step [400/2150] | Batch loss: 0.3780
2026-04-02 14:32:09,504 -- Step [500/2150] | Batch loss: 0.3252
2026-04-02 14:32:09,694 -- Step [600/2150] | Batch loss: 0.1667
2026-04-02 14:32:09,894 -- Step [700/2150] | Batch loss: 0.1263
2026-04-02 14:32:10,099 -- Step [800/2150] | Batch loss: 0.1550
2026-04-02 14:32:10,306 -- Step [900/2150] | Batch loss: 0.0960
2026-04-02 14:32:10,485 -- Step [1000/2150] | Batch loss: 0.1001
2026-04-02 14:32:10,675 -- Step [1100/2150] | Batch loss: 0.0596
2026-04-02 14:32:10,859 -- Step [1200/2150] | Batch loss: 0.0988
2026-04-02 14:32:11,045 -- Step [1300/2150] | Batch loss: 0.1239
2026-04-02 14:32:11,232 -- Step [1400/2150] | Batch loss: 0.0319
2026-04-02 14:32:11,418 -- Step [1500/2150] | Batch loss: 0.0577
2026-04-02 14:32:11,607 -- Step [1600/2150] | Batch loss: 0.0355
2026-04-02 14:32:11,801 -- Step [1700/2150] | Batch loss: 0.0422
2026-04-02 14:32:11,996 -- Step [1800/2150] | Batch loss: 0.0132
2026-04-02 14:32:12,183 -- Step [1900/2150] | Batch loss: 0.0278
2026-04-02 14:32:12,374 -- Step [2000/2150] | Batch loss: 0.0437
2026-04-02 14:32:12,565 -- Step [2100/2150] | Batch loss: 0.0639
2026-04-02 14:32:12,672 -- 
2026-04-02 14:32:12,672 -- Training epoch completed. Validating...
2026-04-02 14:32:15,579 -- 
2026-04-02 14:32:15,580 -- [32m ====== Epoch 1 Summary ====== [0m
2026-04-02 14:32:15,580 -- Training Loss: 0.2221
2026-04-02 14:32:15,580 -- Validation Loss: 0.0186
2026-04-02 14:32:15,652 -- [33m✓ New best model saved with validation loss: 0.0186 [0m
2026-04-02 14:32:15,652 -- 
2026-04-02 14:32:15,652 -- [32m ====== Epoch 2/4 (Round 1) ====== [0m
2026-04-02 14:32:15,652 -- Learning rate: 0.000980
2026-04-02 14:32:15,652 -- 
2026-04-02 14:32:15,717 -- Step [1/2150] | Batch loss: 0.1087
2026-04-02 14:32:15,918 -- Step [100/2150] | Batch loss: 0.2634
2026-04-02 14:32:16,113 -- Step [200/2150] | Batch loss: 0.0609
2026-04-02 14:32:16,294 -- Step [300/2150] | Batch loss: 0.0706
2026-04-02 14:32:16,479 -- Step [400/2150] | Batch loss: 0.0284
2026-04-02 14:32:16,674 -- Step [500/2150] | Batch loss: 0.0435
2026-04-02 14:32:16,850 -- Step [600/2150] | Batch loss: 0.0206
2026-04-02 14:32:17,048 -- Step [700/2150] | Batch loss: 0.0387
2026-04-02 14:32:17,242 -- Step [800/2150] | Batch loss: 0.0108
2026-04-02 14:32:17,435 -- Step [900/2150] | Batch loss: 0.0088
2026-04-02 14:32:17,625 -- Step [1000/2150] | Batch loss: 0.0161
2026-04-02 14:32:17,810 -- Step [1100/2150] | Batch loss: 0.0585
2026-04-02 14:32:17,996 -- Step [1200/2150] | Batch loss: 0.0209
2026-04-02 14:32:18,191 -- Step [1300/2150] | Batch loss: 0.0077
2026-04-02 14:32:18,378 -- Step [1400/2150] | Batch loss: 0.0171
2026-04-02 14:32:18,581 -- Step [1500/2150] | Batch loss: 0.1209
2026-04-02 14:32:18,764 -- Step [1600/2150] | Batch loss: 0.0100
2026-04-02 14:32:18,945 -- Step [1700/2150] | Batch loss: 0.0054
2026-04-02 14:32:19,133 -- Step [1800/2150] | Batch loss: 0.0056
2026-04-02 14:32:19,317 -- Step [1900/2150] | Batch loss: 0.0201
2026-04-02 14:32:19,509 -- Step [2000/2150] | Batch loss: 0.0056
2026-04-02 14:32:19,694 -- Step [2100/2150] | Batch loss: 0.1183
2026-04-02 14:32:19,814 -- 
2026-04-02 14:32:19,814 -- Training epoch completed. Validating...
2026-04-02 14:32:22,649 -- 
2026-04-02 14:32:22,649 -- [32m ====== Epoch 2 Summary ====== [0m
2026-04-02 14:32:22,649 -- Training Loss: 0.0422
2026-04-02 14:32:22,649 -- Validation Loss: 0.0122
2026-04-02 14:32:22,695 -- [33m✓ New best model saved with validation loss: 0.0122 [0m
2026-04-02 14:32:22,695 -- 
2026-04-02 14:32:22,695 -- [32m ====== Epoch 3/4 (Round 1) ====== [0m
2026-04-02 14:32:22,695 -- Learning rate: 0.000960
2026-04-02 14:32:22,695 -- 
2026-04-02 14:32:22,748 -- Step [1/2150] | Batch loss: 0.0063
2026-04-02 14:32:22,939 -- Step [100/2150] | Batch loss: 0.0498
2026-04-02 14:32:23,129 -- Step [200/2150] | Batch loss: 0.0027
2026-04-02 14:32:23,332 -- Step [300/2150] | Batch loss: 0.0079
2026-04-02 14:32:23,523 -- Step [400/2150] | Batch loss: 0.0051
2026-04-02 14:32:23,712 -- Step [500/2150] | Batch loss: 0.0951
2026-04-02 14:32:23,911 -- Step [600/2150] | Batch loss: 0.0235
2026-04-02 14:32:24,091 -- Step [700/2150] | Batch loss: 0.0196
2026-04-02 14:32:24,284 -- Step [800/2150] | Batch loss: 0.0104
2026-04-02 14:32:24,477 -- Step [900/2150] | Batch loss: 0.0127
2026-04-02 14:32:24,657 -- Step [1000/2150] | Batch loss: 0.0071
2026-04-02 14:32:24,852 -- Step [1100/2150] | Batch loss: 0.0351
2026-04-02 14:32:25,033 -- Step [1200/2150] | Batch loss: 0.0769
2026-04-02 14:32:25,220 -- Step [1300/2150] | Batch loss: 0.0030
2026-04-02 14:32:25,403 -- Step [1400/2150] | Batch loss: 0.0731
2026-04-02 14:32:25,591 -- Step [1500/2150] | Batch loss: 0.0070
2026-04-02 14:32:25,777 -- Step [1600/2150] | Batch loss: 0.0043
2026-04-02 14:32:25,964 -- Step [1700/2150] | Batch loss: 0.0648
2026-04-02 14:32:26,152 -- Step [1800/2150] | Batch loss: 0.0040
2026-04-02 14:32:26,343 -- Step [1900/2150] | Batch loss: 0.3039
2026-04-02 14:32:26,536 -- Step [2000/2150] | Batch loss: 0.0243
2026-04-02 14:32:26,725 -- Step [2100/2150] | Batch loss: 0.0151
2026-04-02 14:32:26,842 -- 
2026-04-02 14:32:26,842 -- Training epoch completed. Validating...
2026-04-02 14:32:29,657 -- 
2026-04-02 14:32:29,657 -- [32m ====== Epoch 3 Summary ====== [0m
2026-04-02 14:32:29,657 -- Training Loss: 0.0309
2026-04-02 14:32:29,657 -- Validation Loss: 0.0067
2026-04-02 14:32:29,702 -- [33m✓ New best model saved with validation loss: 0.0067 [0m
2026-04-02 14:32:29,702 -- 
2026-04-02 14:32:29,702 -- [32m ====== Epoch 4/4 (Round 1) ====== [0m
2026-04-02 14:32:29,702 -- Learning rate: 0.000941
2026-04-02 14:32:29,702 -- 
2026-04-02 14:32:29,768 -- Step [1/2150] | Batch loss: 0.0020
2026-04-02 14:32:29,960 -- Step [100/2150] | Batch loss: 0.0207
2026-04-02 14:32:30,157 -- Step [200/2150] | Batch loss: 0.0014
2026-04-02 14:32:30,352 -- Step [300/2150] | Batch loss: 0.0060
2026-04-02 14:32:30,552 -- Step [400/2150] | Batch loss: 0.0190
2026-04-02 14:32:30,736 -- Step [500/2150] | Batch loss: 0.0139
2026-04-02 14:32:30,933 -- Step [600/2150] | Batch loss: 0.0070
2026-04-02 14:32:31,123 -- Step [700/2150] | Batch loss: 0.1261
2026-04-02 14:32:31,314 -- Step [800/2150] | Batch loss: 0.0914
2026-04-02 14:32:31,494 -- Step [900/2150] | Batch loss: 0.0156
2026-04-02 14:32:31,674 -- Step [1000/2150] | Batch loss: 0.0594
2026-04-02 14:32:31,868 -- Step [1100/2150] | Batch loss: 0.0023
2026-04-02 14:32:32,050 -- Step [1200/2150] | Batch loss: 0.0149
2026-04-02 14:32:32,229 -- Step [1300/2150] | Batch loss: 0.0031
2026-04-02 14:32:32,410 -- Step [1400/2150] | Batch loss: 0.0465
2026-04-02 14:32:32,601 -- Step [1500/2150] | Batch loss: 0.0071
2026-04-02 14:32:32,785 -- Step [1600/2150] | Batch loss: 0.0252
2026-04-02 14:32:32,980 -- Step [1700/2150] | Batch loss: 0.0019
2026-04-02 14:32:33,166 -- Step [1800/2150] | Batch loss: 0.0028
2026-04-02 14:32:33,358 -- Step [1900/2150] | Batch loss: 0.0057
2026-04-02 14:32:33,550 -- Step [2000/2150] | Batch loss: 0.0163
2026-04-02 14:32:33,734 -- Step [2100/2150] | Batch loss: 0.0184
2026-04-02 14:32:33,858 -- 
2026-04-02 14:32:33,858 -- Training epoch completed. Validating...
2026-04-02 14:32:36,711 -- 
2026-04-02 14:32:36,711 -- [32m ====== Epoch 4 Summary ====== [0m
2026-04-02 14:32:36,711 -- Training Loss: 0.0256
2026-04-02 14:32:36,711 -- Validation Loss: 0.0077
2026-04-02 14:32:37,319 -- 
2026-04-02 14:32:37,319 -- [32m ====== Pseudo-labeling result ====== [0m
2026-04-02 14:32:37,319 -- Confidence threshold: 0.95
2026-04-02 14:32:37,319 -- Pseudo-labeling ratio: 96.85%
2026-04-02 14:32:37,319 -- Total labeled samples: 337108
2026-04-02 14:32:37,319 -- Remaining unlabeled samples: 2016
2026-04-02 14:32:37,319 -- 
2026-04-02 14:32:37,319 -- [33m Self-training round [2/3] [0m
2026-04-02 14:32:37,319 -- 
2026-04-02 14:32:37,319 -- [32m ====== Epoch 1/4 (Round 2) ====== [0m
2026-04-02 14:32:37,319 -- Learning rate: 0.000922
2026-04-02 14:32:37,319 -- 
2026-04-02 14:32:37,374 -- Step [1/2634] | Batch loss: 0.1271
2026-04-02 14:32:37,561 -- Step [100/2634] | Batch loss: 0.0480
2026-04-02 14:32:37,756 -- Step [200/2634] | Batch loss: 0.1810
2026-04-02 14:32:37,944 -- Step [300/2634] | Batch loss: 0.0280
2026-04-02 14:32:38,134 -- Step [400/2634] | Batch loss: 0.0119
2026-04-02 14:32:38,331 -- Step [500/2634] | Batch loss: 0.0429
2026-04-02 14:32:38,537 -- Step [600/2634] | Batch loss: 0.0227
2026-04-02 14:32:38,724 -- Step [700/2634] | Batch loss: 0.0145
2026-04-02 14:32:38,907 -- Step [800/2634] | Batch loss: 0.0167
2026-04-02 14:32:39,088 -- Step [900/2634] | Batch loss: 0.0382
2026-04-02 14:32:39,270 -- Step [1000/2634] | Batch loss: 0.0035
2026-04-02 14:32:39,468 -- Step [1100/2634] | Batch loss: 0.0114
2026-04-02 14:32:39,655 -- Step [1200/2634] | Batch loss: 0.0081
2026-04-02 14:32:39,852 -- Step [1300/2634] | Batch loss: 0.0085
2026-04-02 14:32:40,041 -- Step [1400/2634] | Batch loss: 0.0299
2026-04-02 14:32:40,239 -- Step [1500/2634] | Batch loss: 0.0095
2026-04-02 14:32:40,436 -- Step [1600/2634] | Batch loss: 0.0251
2026-04-02 14:32:40,621 -- Step [1700/2634] | Batch loss: 0.0179
2026-04-02 14:32:40,811 -- Step [1800/2634] | Batch loss: 0.0108
2026-04-02 14:32:41,007 -- Step [1900/2634] | Batch loss: 0.0253
2026-04-02 14:32:41,206 -- Step [2000/2634] | Batch loss: 0.0349
2026-04-02 14:32:41,403 -- Step [2100/2634] | Batch loss: 0.0485
2026-04-02 14:32:41,596 -- Step [2200/2634] | Batch loss: 0.0093
2026-04-02 14:32:41,784 -- Step [2300/2634] | Batch loss: 0.0033
2026-04-02 14:32:41,973 -- Step [2400/2634] | Batch loss: 0.0068
2026-04-02 14:32:42,169 -- Step [2500/2634] | Batch loss: 0.0131
2026-04-02 14:32:42,349 -- Step [2600/2634] | Batch loss: 0.0077
2026-04-02 14:32:42,437 -- 
2026-04-02 14:32:42,437 -- Training epoch completed. Validating...
2026-04-02 14:32:45,292 -- 
2026-04-02 14:32:45,292 -- [32m ====== Epoch 5 Summary ====== [0m
2026-04-02 14:32:45,292 -- Training Loss: 0.0349
2026-04-02 14:32:45,292 -- Validation Loss: 0.0081
2026-04-02 14:32:45,319 -- 
2026-04-02 14:32:45,319 -- [32m ====== Epoch 2/4 (Round 2) ====== [0m
2026-04-02 14:32:45,319 -- Learning rate: 0.000904
2026-04-02 14:32:45,319 -- 
2026-04-02 14:32:45,383 -- Step [1/2634] | Batch loss: 0.0051
2026-04-02 14:32:45,595 -- Step [100/2634] | Batch loss: 0.0189
2026-04-02 14:32:45,791 -- Step [200/2634] | Batch loss: 0.0059
2026-04-02 14:32:45,985 -- Step [300/2634] | Batch loss: 0.0187
2026-04-02 14:32:46,181 -- Step [400/2634] | Batch loss: 0.0013
2026-04-02 14:32:46,366 -- Step [500/2634] | Batch loss: 0.0087
2026-04-02 14:32:46,577 -- Step [600/2634] | Batch loss: 0.0086
2026-04-02 14:32:46,805 -- Step [700/2634] | Batch loss: 0.0466
2026-04-02 14:32:46,992 -- Step [800/2634] | Batch loss: 0.0007
2026-04-02 14:32:47,178 -- Step [900/2634] | Batch loss: 0.0054
2026-04-02 14:32:47,361 -- Step [1000/2634] | Batch loss: 0.0141
2026-04-02 14:32:47,552 -- Step [1100/2634] | Batch loss: 0.0182
2026-04-02 14:32:47,731 -- Step [1200/2634] | Batch loss: 0.0193
2026-04-02 14:32:47,908 -- Step [1300/2634] | Batch loss: 0.0617
2026-04-02 14:32:48,095 -- Step [1400/2634] | Batch loss: 0.0337
2026-04-02 14:32:48,279 -- Step [1500/2634] | Batch loss: 0.0023
2026-04-02 14:32:48,458 -- Step [1600/2634] | Batch loss: 0.0020
2026-04-02 14:32:48,644 -- Step [1700/2634] | Batch loss: 0.0045
2026-04-02 14:32:48,827 -- Step [1800/2634] | Batch loss: 0.0260
2026-04-02 14:32:49,017 -- Step [1900/2634] | Batch loss: 0.0267
2026-04-02 14:32:49,209 -- Step [2000/2634] | Batch loss: 0.0595
2026-04-02 14:32:49,391 -- Step [2100/2634] | Batch loss: 0.0047
2026-04-02 14:32:49,588 -- Step [2200/2634] | Batch loss: 0.0128
2026-04-02 14:32:49,780 -- Step [2300/2634] | Batch loss: 0.0742
2026-04-02 14:32:49,964 -- Step [2400/2634] | Batch loss: 0.0069
2026-04-02 14:32:50,152 -- Step [2500/2634] | Batch loss: 0.1755
2026-04-02 14:32:50,354 -- Step [2600/2634] | Batch loss: 0.0833
2026-04-02 14:32:50,450 -- 
2026-04-02 14:32:50,450 -- Training epoch completed. Validating...
2026-04-02 14:32:53,296 -- 
2026-04-02 14:32:53,296 -- [32m ====== Epoch 6 Summary ====== [0m
2026-04-02 14:32:53,296 -- Training Loss: 0.0244
2026-04-02 14:32:53,296 -- Validation Loss: 0.0051
2026-04-02 14:32:53,342 -- [33m✓ New best model saved with validation loss: 0.0051 [0m
2026-04-02 14:32:53,342 -- 
2026-04-02 14:32:53,342 -- [32m ====== Epoch 3/4 (Round 2) ====== [0m
2026-04-02 14:32:53,342 -- Learning rate: 0.000886
2026-04-02 14:32:53,342 -- 
2026-04-02 14:32:53,422 -- Step [1/2634] | Batch loss: 0.0026
2026-04-02 14:32:53,611 -- Step [100/2634] | Batch loss: 0.0018
2026-04-02 14:32:53,793 -- Step [200/2634] | Batch loss: 0.0063
2026-04-02 14:32:53,988 -- Step [300/2634] | Batch loss: 0.0137
2026-04-02 14:32:54,176 -- Step [400/2634] | Batch loss: 0.0062
2026-04-02 14:32:54,358 -- Step [500/2634] | Batch loss: 0.0020
2026-04-02 14:32:54,547 -- Step [600/2634] | Batch loss: 0.0180
2026-04-02 14:32:54,729 -- Step [700/2634] | Batch loss: 0.0041
2026-04-02 14:32:54,922 -- Step [800/2634] | Batch loss: 0.0065
2026-04-02 14:32:55,118 -- Step [900/2634] | Batch loss: 0.0553
2026-04-02 14:32:55,322 -- Step [1000/2634] | Batch loss: 0.0026
2026-04-02 14:32:55,504 -- Step [1100/2634] | Batch loss: 0.0851
2026-04-02 14:32:55,694 -- Step [1200/2634] | Batch loss: 0.0263
2026-04-02 14:32:55,882 -- Step [1300/2634] | Batch loss: 0.0057
2026-04-02 14:32:56,070 -- Step [1400/2634] | Batch loss: 0.0313
2026-04-02 14:32:56,259 -- Step [1500/2634] | Batch loss: 0.0056
2026-04-02 14:32:56,449 -- Step [1600/2634] | Batch loss: 0.0105
2026-04-02 14:32:56,640 -- Step [1700/2634] | Batch loss: 0.0568
2026-04-02 14:32:56,830 -- Step [1800/2634] | Batch loss: 0.0024
2026-04-02 14:32:57,016 -- Step [1900/2634] | Batch loss: 0.0008
2026-04-02 14:32:57,214 -- Step [2000/2634] | Batch loss: 0.0010
2026-04-02 14:32:57,397 -- Step [2100/2634] | Batch loss: 0.0070
2026-04-02 14:32:57,584 -- Step [2200/2634] | Batch loss: 0.0104
2026-04-02 14:32:57,794 -- Step [2300/2634] | Batch loss: 0.0012
2026-04-02 14:32:57,993 -- Step [2400/2634] | Batch loss: 0.0039
2026-04-02 14:32:58,194 -- Step [2500/2634] | Batch loss: 0.0235
2026-04-02 14:32:58,373 -- Step [2600/2634] | Batch loss: 0.0074
2026-04-02 14:32:58,474 -- 
2026-04-02 14:32:58,474 -- Training epoch completed. Validating...
2026-04-02 14:33:01,329 -- 
2026-04-02 14:33:01,330 -- [32m ====== Epoch 7 Summary ====== [0m
2026-04-02 14:33:01,330 -- Training Loss: 0.0211
2026-04-02 14:33:01,330 -- Validation Loss: 0.0048
2026-04-02 14:33:01,376 -- [33m✓ New best model saved with validation loss: 0.0048 [0m
2026-04-02 14:33:01,376 -- 
2026-04-02 14:33:01,376 -- [32m ====== Epoch 4/4 (Round 2) ====== [0m
2026-04-02 14:33:01,376 -- Learning rate: 0.000868
2026-04-02 14:33:01,376 -- 
2026-04-02 14:33:01,448 -- Step [1/2634] | Batch loss: 0.0163
2026-04-02 14:33:01,634 -- Step [100/2634] | Batch loss: 0.0464
2026-04-02 14:33:01,830 -- Step [200/2634] | Batch loss: 0.0129
2026-04-02 14:33:02,014 -- Step [300/2634] | Batch loss: 0.0108
2026-04-02 14:33:02,209 -- Step [400/2634] | Batch loss: 0.0004
2026-04-02 14:33:02,396 -- Step [500/2634] | Batch loss: 0.0078
2026-04-02 14:33:02,584 -- Step [600/2634] | Batch loss: 0.0173
2026-04-02 14:33:02,764 -- Step [700/2634] | Batch loss: 0.0119
2026-04-02 14:33:02,975 -- Step [800/2634] | Batch loss: 0.0092
2026-04-02 14:33:03,175 -- Step [900/2634] | Batch loss: 0.0139
2026-04-02 14:33:03,373 -- Step [1000/2634] | Batch loss: 0.0041
2026-04-02 14:33:03,564 -- Step [1100/2634] | Batch loss: 0.0029
2026-04-02 14:33:03,749 -- Step [1200/2634] | Batch loss: 0.0004
2026-04-02 14:33:03,935 -- Step [1300/2634] | Batch loss: 0.0030
2026-04-02 14:33:04,122 -- Step [1400/2634] | Batch loss: 0.0126
2026-04-02 14:33:04,315 -- Step [1500/2634] | Batch loss: 0.0017
2026-04-02 14:33:04,519 -- Step [1600/2634] | Batch loss: 0.0008
2026-04-02 14:33:04,716 -- Step [1700/2634] | Batch loss: 0.0068
2026-04-02 14:33:04,909 -- Step [1800/2634] | Batch loss: 0.0298
2026-04-02 14:33:05,104 -- Step [1900/2634] | Batch loss: 0.0008
2026-04-02 14:33:05,284 -- Step [2000/2634] | Batch loss: 0.0027
2026-04-02 14:33:05,468 -- Step [2100/2634] | Batch loss: 0.0233
2026-04-02 14:33:05,663 -- Step [2200/2634] | Batch loss: 0.0073
2026-04-02 14:33:05,860 -- Step [2300/2634] | Batch loss: 0.0043
2026-04-02 14:33:06,069 -- Step [2400/2634] | Batch loss: 0.0552
2026-04-02 14:33:06,259 -- Step [2500/2634] | Batch loss: 0.0108
2026-04-02 14:33:06,458 -- Step [2600/2634] | Batch loss: 0.0365
2026-04-02 14:33:06,545 -- 
2026-04-02 14:33:06,546 -- Training epoch completed. Validating...
2026-04-02 14:33:09,366 -- 
2026-04-02 14:33:09,366 -- [32m ====== Epoch 8 Summary ====== [0m
2026-04-02 14:33:09,366 -- Training Loss: 0.0180
2026-04-02 14:33:09,366 -- Validation Loss: 0.0042
2026-04-02 14:33:09,412 -- [33m✓ New best model saved with validation loss: 0.0042 [0m
2026-04-02 14:33:09,503 -- 
2026-04-02 14:33:09,504 -- [32m ====== Pseudo-labeling result ====== [0m
2026-04-02 14:33:09,504 -- Confidence threshold: 0.95
2026-04-02 14:33:09,504 -- Pseudo-labeling ratio: 6.10%
2026-04-02 14:33:09,504 -- Total labeled samples: 337231
2026-04-02 14:33:09,504 -- Remaining unlabeled samples: 1893
2026-04-02 14:33:09,504 -- 
2026-04-02 14:33:09,504 -- [33m Stopping criteria met. Quitting...[0m
2026-04-02 14:33:09,504 -- Requires pseudo-labeling ratio over 10.00%
2026-04-02 14:33:09,504 -- Current pseudo-labeling ratio: 6.10%
