2026-04-01 22:15:38,398 -- [33m Self-training round [1/3] [0m
2026-04-01 22:15:38,398 -- 
2026-04-01 22:15:38,398 -- [32m ====== Epoch 1/4 (Round 1) ====== [0m
2026-04-01 22:15:38,398 -- Learning rate: 0.000500
2026-04-01 22:15:38,398 -- 
2026-04-01 22:15:38,563 -- Step [1/2152] | Batch loss: 1.5247
2026-04-01 22:15:38,732 -- Step [100/2152] | Batch loss: 0.7130
2026-04-01 22:15:38,884 -- Step [200/2152] | Batch loss: 0.4649
2026-04-01 22:15:39,037 -- Step [300/2152] | Batch loss: 0.5076
2026-04-01 22:15:39,202 -- Step [400/2152] | Batch loss: 0.2698
2026-04-01 22:15:39,360 -- Step [500/2152] | Batch loss: 0.1880
2026-04-01 22:15:39,522 -- Step [600/2152] | Batch loss: 0.1090
2026-04-01 22:15:39,687 -- Step [700/2152] | Batch loss: 0.2586
2026-04-01 22:15:39,851 -- Step [800/2152] | Batch loss: 0.1611
2026-04-01 22:15:40,031 -- Step [900/2152] | Batch loss: 0.0500
2026-04-01 22:15:40,200 -- Step [1000/2152] | Batch loss: 0.0557
2026-04-01 22:15:40,357 -- Step [1100/2152] | Batch loss: 0.0869
2026-04-01 22:15:40,515 -- Step [1200/2152] | Batch loss: 0.0275
2026-04-01 22:15:40,658 -- Step [1300/2152] | Batch loss: 0.0235
2026-04-01 22:15:40,812 -- Step [1400/2152] | Batch loss: 0.0946
2026-04-01 22:15:40,961 -- Step [1500/2152] | Batch loss: 0.0771
2026-04-01 22:15:41,111 -- Step [1600/2152] | Batch loss: 0.1136
2026-04-01 22:15:41,268 -- Step [1700/2152] | Batch loss: 0.0291
2026-04-01 22:15:41,443 -- Step [1800/2152] | Batch loss: 0.0126
2026-04-01 22:15:41,630 -- Step [1900/2152] | Batch loss: 0.0662
2026-04-01 22:15:41,787 -- Step [2000/2152] | Batch loss: 0.1443
2026-04-01 22:15:41,956 -- Step [2100/2152] | Batch loss: 0.0103
2026-04-01 22:15:42,053 -- 
2026-04-01 22:15:42,053 -- Training epoch completed. Validating...
2026-04-01 22:15:44,615 -- 
2026-04-01 22:15:44,615 -- [32m ====== Epoch 1 Summary ====== [0m
2026-04-01 22:15:44,615 -- Training Loss: 0.1937
2026-04-01 22:15:44,615 -- Validation Loss: 0.0042
2026-04-01 22:15:44,690 -- [33m✓ New best model saved with validation loss: 0.0042 [0m
2026-04-01 22:15:44,690 -- 
2026-04-01 22:15:44,690 -- [32m ====== Epoch 2/4 (Round 1) ====== [0m
2026-04-01 22:15:44,690 -- Learning rate: 0.000490
2026-04-01 22:15:44,691 -- 
2026-04-01 22:15:44,754 -- Step [1/2152] | Batch loss: 0.0117
2026-04-01 22:15:44,911 -- Step [100/2152] | Batch loss: 0.0164
2026-04-01 22:15:45,066 -- Step [200/2152] | Batch loss: 0.0207
2026-04-01 22:15:45,217 -- Step [300/2152] | Batch loss: 0.0416
2026-04-01 22:15:45,355 -- Step [400/2152] | Batch loss: 0.1117
2026-04-01 22:15:45,508 -- Step [500/2152] | Batch loss: 0.0449
2026-04-01 22:15:45,651 -- Step [600/2152] | Batch loss: 0.1135
2026-04-01 22:15:45,815 -- Step [700/2152] | Batch loss: 0.0453
2026-04-01 22:15:45,974 -- Step [800/2152] | Batch loss: 0.0031
2026-04-01 22:15:46,125 -- Step [900/2152] | Batch loss: 0.0048
2026-04-01 22:15:46,290 -- Step [1000/2152] | Batch loss: 0.0717
2026-04-01 22:15:46,453 -- Step [1100/2152] | Batch loss: 0.0030
2026-04-01 22:15:46,600 -- Step [1200/2152] | Batch loss: 0.0042
2026-04-01 22:15:46,753 -- Step [1300/2152] | Batch loss: 0.0027
2026-04-01 22:15:46,912 -- Step [1400/2152] | Batch loss: 0.0025
2026-04-01 22:15:47,060 -- Step [1500/2152] | Batch loss: 0.0024
2026-04-01 22:15:47,208 -- Step [1600/2152] | Batch loss: 0.0023
2026-04-01 22:15:47,352 -- Step [1700/2152] | Batch loss: 0.0422
2026-04-01 22:15:47,514 -- Step [1800/2152] | Batch loss: 0.0136
2026-04-01 22:15:47,669 -- Step [1900/2152] | Batch loss: 0.0111
2026-04-01 22:15:47,828 -- Step [2000/2152] | Batch loss: 0.0043
2026-04-01 22:15:48,008 -- Step [2100/2152] | Batch loss: 0.0016
2026-04-01 22:15:48,126 -- 
2026-04-01 22:15:48,127 -- Training epoch completed. Validating...
2026-04-01 22:15:50,715 -- 
2026-04-01 22:15:50,715 -- [32m ====== Epoch 2 Summary ====== [0m
2026-04-01 22:15:50,715 -- Training Loss: 0.0269
2026-04-01 22:15:50,715 -- Validation Loss: 0.0012
2026-04-01 22:15:50,759 -- [33m✓ New best model saved with validation loss: 0.0012 [0m
2026-04-01 22:15:50,759 -- 
2026-04-01 22:15:50,760 -- [32m ====== Epoch 3/4 (Round 1) ====== [0m
2026-04-01 22:15:50,760 -- Learning rate: 0.000480
2026-04-01 22:15:50,760 -- 
2026-04-01 22:15:50,844 -- Step [1/2152] | Batch loss: 0.0215
2026-04-01 22:15:50,999 -- Step [100/2152] | Batch loss: 0.0022
2026-04-01 22:15:51,168 -- Step [200/2152] | Batch loss: 0.0040
2026-04-01 22:15:51,323 -- Step [300/2152] | Batch loss: 0.0326
2026-04-01 22:15:51,471 -- Step [400/2152] | Batch loss: 0.0043
2026-04-01 22:15:51,627 -- Step [500/2152] | Batch loss: 0.0919
2026-04-01 22:15:51,782 -- Step [600/2152] | Batch loss: 0.0028
2026-04-01 22:15:51,933 -- Step [700/2152] | Batch loss: 0.0597
2026-04-01 22:15:52,091 -- Step [800/2152] | Batch loss: 0.0107
2026-04-01 22:15:52,244 -- Step [900/2152] | Batch loss: 0.0281
2026-04-01 22:15:52,396 -- Step [1000/2152] | Batch loss: 0.0037
2026-04-01 22:15:52,556 -- Step [1100/2152] | Batch loss: 0.0030
2026-04-01 22:15:52,713 -- Step [1200/2152] | Batch loss: 0.0308
2026-04-01 22:15:52,856 -- Step [1300/2152] | Batch loss: 0.0030
2026-04-01 22:15:53,005 -- Step [1400/2152] | Batch loss: 0.0018
2026-04-01 22:15:53,145 -- Step [1500/2152] | Batch loss: 0.0103
2026-04-01 22:15:53,291 -- Step [1600/2152] | Batch loss: 0.0010
2026-04-01 22:15:53,443 -- Step [1700/2152] | Batch loss: 0.0009
2026-04-01 22:15:53,588 -- Step [1800/2152] | Batch loss: 0.0275
2026-04-01 22:15:53,737 -- Step [1900/2152] | Batch loss: 0.1195
2026-04-01 22:15:53,890 -- Step [2000/2152] | Batch loss: 0.0491
2026-04-01 22:15:54,047 -- Step [2100/2152] | Batch loss: 0.0073
2026-04-01 22:15:54,165 -- 
2026-04-01 22:15:54,165 -- Training epoch completed. Validating...
2026-04-01 22:15:56,745 -- 
2026-04-01 22:15:56,745 -- [32m ====== Epoch 3 Summary ====== [0m
2026-04-01 22:15:56,745 -- Training Loss: 0.0180
2026-04-01 22:15:56,745 -- Validation Loss: 0.0002
2026-04-01 22:15:56,788 -- [33m✓ New best model saved with validation loss: 0.0002 [0m
2026-04-01 22:15:56,789 -- 
2026-04-01 22:15:56,789 -- [32m ====== Epoch 4/4 (Round 1) ====== [0m
2026-04-01 22:15:56,789 -- Learning rate: 0.000471
2026-04-01 22:15:56,789 -- 
2026-04-01 22:15:56,856 -- Step [1/2152] | Batch loss: 0.0514
2026-04-01 22:15:57,023 -- Step [100/2152] | Batch loss: 0.0430
2026-04-01 22:15:57,179 -- Step [200/2152] | Batch loss: 0.0009
2026-04-01 22:15:57,339 -- Step [300/2152] | Batch loss: 0.0042
2026-04-01 22:15:57,503 -- Step [400/2152] | Batch loss: 0.0017
2026-04-01 22:15:57,661 -- Step [500/2152] | Batch loss: 0.0283
2026-04-01 22:15:57,821 -- Step [600/2152] | Batch loss: 0.0015
2026-04-01 22:15:57,973 -- Step [700/2152] | Batch loss: 0.0160
2026-04-01 22:15:58,124 -- Step [800/2152] | Batch loss: 0.0158
2026-04-01 22:15:58,278 -- Step [900/2152] | Batch loss: 0.0005
2026-04-01 22:15:58,445 -- Step [1000/2152] | Batch loss: 0.0011
2026-04-01 22:15:58,604 -- Step [1100/2152] | Batch loss: 0.0014
2026-04-01 22:15:58,750 -- Step [1200/2152] | Batch loss: 0.0009
2026-04-01 22:15:58,900 -- Step [1300/2152] | Batch loss: 0.0009
2026-04-01 22:15:59,058 -- Step [1400/2152] | Batch loss: 0.0035
2026-04-01 22:15:59,212 -- Step [1500/2152] | Batch loss: 0.0151
2026-04-01 22:15:59,365 -- Step [1600/2152] | Batch loss: 0.0008
2026-04-01 22:15:59,517 -- Step [1700/2152] | Batch loss: 0.0009
2026-04-01 22:15:59,672 -- Step [1800/2152] | Batch loss: 0.0007
2026-04-01 22:15:59,842 -- Step [1900/2152] | Batch loss: 0.0153
2026-04-01 22:15:59,997 -- Step [2000/2152] | Batch loss: 0.0066
2026-04-01 22:16:00,150 -- Step [2100/2152] | Batch loss: 0.0084
2026-04-01 22:16:00,262 -- 
2026-04-01 22:16:00,262 -- Training epoch completed. Validating...
2026-04-01 22:16:02,856 -- 
2026-04-01 22:16:02,856 -- [32m ====== Epoch 4 Summary ====== [0m
2026-04-01 22:16:02,856 -- Training Loss: 0.0132
2026-04-01 22:16:02,857 -- Validation Loss: 0.0002
2026-04-01 22:16:02,900 -- [33m✓ New best model saved with validation loss: 0.0002 [0m
2026-04-01 22:16:03,455 -- 
2026-04-01 22:16:03,455 -- [32m ====== Pseudo-labeling result ====== [0m
2026-04-01 22:16:03,455 -- Confidence threshold: 0.95
2026-04-01 22:16:03,455 -- Pseudo-labeling ratio: 85.58%
2026-04-01 22:16:03,455 -- Total labeled samples: 329436
2026-04-01 22:16:03,455 -- Remaining unlabeled samples: 9103
2026-04-01 22:16:03,455 -- 
2026-04-01 22:16:03,455 -- [33m Self-training round [2/3] [0m
2026-04-01 22:16:03,455 -- 
2026-04-01 22:16:03,455 -- [32m ====== Epoch 1/4 (Round 2) ====== [0m
2026-04-01 22:16:03,455 -- Learning rate: 0.000461
2026-04-01 22:16:03,455 -- 
2026-04-01 22:16:03,512 -- Step [1/2574] | Batch loss: 0.0019
2026-04-01 22:16:03,720 -- Step [100/2574] | Batch loss: 0.0159
2026-04-01 22:16:03,881 -- Step [200/2574] | Batch loss: 0.5648
2026-04-01 22:16:04,028 -- Step [300/2574] | Batch loss: 0.0138
2026-04-01 22:16:04,178 -- Step [400/2574] | Batch loss: 0.0181
2026-04-01 22:16:04,334 -- Step [500/2574] | Batch loss: 0.0113
2026-04-01 22:16:04,488 -- Step [600/2574] | Batch loss: 0.2806
2026-04-01 22:16:04,635 -- Step [700/2574] | Batch loss: 0.5113
2026-04-01 22:16:04,791 -- Step [800/2574] | Batch loss: 0.4120
2026-04-01 22:16:04,943 -- Step [900/2574] | Batch loss: 0.0182
2026-04-01 22:16:05,100 -- Step [1000/2574] | Batch loss: 0.5003
2026-04-01 22:16:05,247 -- Step [1100/2574] | Batch loss: 0.0140
2026-04-01 22:16:05,406 -- Step [1200/2574] | Batch loss: 0.0104
2026-04-01 22:16:05,569 -- Step [1300/2574] | Batch loss: 0.0088
2026-04-01 22:16:05,724 -- Step [1400/2574] | Batch loss: 0.3052
2026-04-01 22:16:05,883 -- Step [1500/2574] | Batch loss: 0.0173
2026-04-01 22:16:06,052 -- Step [1600/2574] | Batch loss: 0.0080
2026-04-01 22:16:06,204 -- Step [1700/2574] | Batch loss: 0.0113
2026-04-01 22:16:06,356 -- Step [1800/2574] | Batch loss: 0.0072
2026-04-01 22:16:06,505 -- Step [1900/2574] | Batch loss: 0.0152
2026-04-01 22:16:06,652 -- Step [2000/2574] | Batch loss: 0.0180
2026-04-01 22:16:06,811 -- Step [2100/2574] | Batch loss: 0.5549
2026-04-01 22:16:06,974 -- Step [2200/2574] | Batch loss: 0.0145
2026-04-01 22:16:07,132 -- Step [2300/2574] | Batch loss: 0.3731
2026-04-01 22:16:07,291 -- Step [2400/2574] | Batch loss: 0.0127
2026-04-01 22:16:07,434 -- Step [2500/2574] | Batch loss: 0.3072
2026-04-01 22:16:07,575 -- 
2026-04-01 22:16:07,575 -- Training epoch completed. Validating...
2026-04-01 22:16:10,126 -- 
2026-04-01 22:16:10,126 -- [32m ====== Epoch 5 Summary ====== [0m
2026-04-01 22:16:10,126 -- Training Loss: 0.2467
2026-04-01 22:16:10,126 -- Validation Loss: 0.0027
2026-04-01 22:16:10,150 -- 
2026-04-01 22:16:10,150 -- [32m ====== Epoch 2/4 (Round 2) ====== [0m
2026-04-01 22:16:10,150 -- Learning rate: 0.000452
2026-04-01 22:16:10,150 -- 
2026-04-01 22:16:10,209 -- Step [1/2574] | Batch loss: 0.0264
2026-04-01 22:16:10,388 -- Step [100/2574] | Batch loss: 0.6015
2026-04-01 22:16:10,544 -- Step [200/2574] | Batch loss: 0.4316
2026-04-01 22:16:10,704 -- Step [300/2574] | Batch loss: 0.3584
2026-04-01 22:16:10,859 -- Step [400/2574] | Batch loss: 0.0125
2026-04-01 22:16:11,037 -- Step [500/2574] | Batch loss: 0.4662
2026-04-01 22:16:11,189 -- Step [600/2574] | Batch loss: 0.0201
2026-04-01 22:16:11,348 -- Step [700/2574] | Batch loss: 0.0082
2026-04-01 22:16:11,516 -- Step [800/2574] | Batch loss: 0.0541
2026-04-01 22:16:11,676 -- Step [900/2574] | Batch loss: 0.5467
2026-04-01 22:16:11,829 -- Step [1000/2574] | Batch loss: 0.0384
2026-04-01 22:16:11,983 -- Step [1100/2574] | Batch loss: 0.0126
2026-04-01 22:16:12,135 -- Step [1200/2574] | Batch loss: 0.0111
2026-04-01 22:16:12,288 -- Step [1300/2574] | Batch loss: 0.4911
2026-04-01 22:16:12,443 -- Step [1400/2574] | Batch loss: 0.0114
2026-04-01 22:16:12,593 -- Step [1500/2574] | Batch loss: 0.3771
2026-04-01 22:16:12,751 -- Step [1600/2574] | Batch loss: 0.0074
2026-04-01 22:16:12,905 -- Step [1700/2574] | Batch loss: 0.0193
2026-04-01 22:16:13,069 -- Step [1800/2574] | Batch loss: 0.3497
2026-04-01 22:16:13,225 -- Step [1900/2574] | Batch loss: 0.0135
2026-04-01 22:16:13,405 -- Step [2000/2574] | Batch loss: 0.0226
2026-04-01 22:16:13,567 -- Step [2100/2574] | Batch loss: 0.0107
2026-04-01 22:16:13,725 -- Step [2200/2574] | Batch loss: 0.0242
2026-04-01 22:16:13,887 -- Step [2300/2574] | Batch loss: 0.4156
2026-04-01 22:16:14,046 -- Step [2400/2574] | Batch loss: 0.5660
2026-04-01 22:16:14,209 -- Step [2500/2574] | Batch loss: 0.3437
2026-04-01 22:16:14,360 -- 
2026-04-01 22:16:14,360 -- Training epoch completed. Validating...
2026-04-01 22:16:16,914 -- 
2026-04-01 22:16:16,914 -- [32m ====== Epoch 6 Summary ====== [0m
2026-04-01 22:16:16,914 -- Training Loss: 0.2153
2026-04-01 22:16:16,914 -- Validation Loss: 0.0018
2026-04-01 22:16:16,937 -- 
2026-04-01 22:16:16,938 -- [32m ====== Epoch 3/4 (Round 2) ====== [0m
2026-04-01 22:16:16,938 -- Learning rate: 0.000443
2026-04-01 22:16:16,938 -- 
2026-04-01 22:16:17,012 -- Step [1/2574] | Batch loss: 0.4049
2026-04-01 22:16:17,171 -- Step [100/2574] | Batch loss: 0.3429
2026-04-01 22:16:17,324 -- Step [200/2574] | Batch loss: 0.0057
2026-04-01 22:16:17,475 -- Step [300/2574] | Batch loss: 0.0087
2026-04-01 22:16:17,635 -- Step [400/2574] | Batch loss: 0.4157
2026-04-01 22:16:17,785 -- Step [500/2574] | Batch loss: 0.0092
2026-04-01 22:16:17,942 -- Step [600/2574] | Batch loss: 0.0171
2026-04-01 22:16:18,101 -- Step [700/2574] | Batch loss: 0.0117
2026-04-01 22:16:18,259 -- Step [800/2574] | Batch loss: 0.0102
2026-04-01 22:16:18,407 -- Step [900/2574] | Batch loss: 0.0099
2026-04-01 22:16:18,560 -- Step [1000/2574] | Batch loss: 0.0101
2026-04-01 22:16:18,712 -- Step [1100/2574] | Batch loss: 0.0106
2026-04-01 22:16:18,862 -- Step [1200/2574] | Batch loss: 0.4341
2026-04-01 22:16:19,029 -- Step [1300/2574] | Batch loss: 0.0113
2026-04-01 22:16:19,185 -- Step [1400/2574] | Batch loss: 0.0119
2026-04-01 22:16:19,335 -- Step [1500/2574] | Batch loss: 0.3616
2026-04-01 22:16:19,519 -- Step [1600/2574] | Batch loss: 0.4673
2026-04-01 22:16:19,683 -- Step [1700/2574] | Batch loss: 0.0134
2026-04-01 22:16:19,840 -- Step [1800/2574] | Batch loss: 0.3161
2026-04-01 22:16:20,013 -- Step [1900/2574] | Batch loss: 0.3426
2026-04-01 22:16:20,171 -- Step [2000/2574] | Batch loss: 0.4146
2026-04-01 22:16:20,323 -- Step [2100/2574] | Batch loss: 0.0076
2026-04-01 22:16:20,481 -- Step [2200/2574] | Batch loss: 0.0064
2026-04-01 22:16:20,634 -- Step [2300/2574] | Batch loss: 0.0093
2026-04-01 22:16:20,785 -- Step [2400/2574] | Batch loss: 0.4733
2026-04-01 22:16:20,945 -- Step [2500/2574] | Batch loss: 0.0082
2026-04-01 22:16:21,089 -- 
2026-04-01 22:16:21,090 -- Training epoch completed. Validating...
2026-04-01 22:16:23,605 -- 
2026-04-01 22:16:23,605 -- [32m ====== Epoch 7 Summary ====== [0m
2026-04-01 22:16:23,605 -- Training Loss: 0.2114
2026-04-01 22:16:23,605 -- Validation Loss: 0.0017
2026-04-01 22:16:23,629 -- 
2026-04-01 22:16:23,629 -- [32m ====== Epoch 4/4 (Round 2) ====== [0m
2026-04-01 22:16:23,629 -- Learning rate: 0.000434
2026-04-01 22:16:23,629 -- 
2026-04-01 22:16:23,693 -- Step [1/2574] | Batch loss: 0.2394
2026-04-01 22:16:23,859 -- Step [100/2574] | Batch loss: 0.3897
2026-04-01 22:16:24,008 -- Step [200/2574] | Batch loss: 0.0077
2026-04-01 22:16:24,161 -- Step [300/2574] | Batch loss: 0.0348
2026-04-01 22:16:24,314 -- Step [400/2574] | Batch loss: 0.3367
2026-04-01 22:16:24,459 -- Step [500/2574] | Batch loss: 0.3051
2026-04-01 22:16:24,611 -- Step [600/2574] | Batch loss: 0.4708
2026-04-01 22:16:24,777 -- Step [700/2574] | Batch loss: 0.0670
2026-04-01 22:16:24,927 -- Step [800/2574] | Batch loss: 0.0046
2026-04-01 22:16:25,082 -- Step [900/2574] | Batch loss: 0.0108
2026-04-01 22:16:25,230 -- Step [1000/2574] | Batch loss: 0.0153
2026-04-01 22:16:25,386 -- Step [1100/2574] | Batch loss: 0.0092
2026-04-01 22:16:25,539 -- Step [1200/2574] | Batch loss: 0.3683
2026-04-01 22:16:25,697 -- Step [1300/2574] | Batch loss: 0.0095
2026-04-01 22:16:25,850 -- Step [1400/2574] | Batch loss: 0.0096
2026-04-01 22:16:26,003 -- Step [1500/2574] | Batch loss: 0.0076
2026-04-01 22:16:26,163 -- Step [1600/2574] | Batch loss: 0.4084
2026-04-01 22:16:26,311 -- Step [1700/2574] | Batch loss: 0.0052
2026-04-01 22:16:26,480 -- Step [1800/2574] | Batch loss: 0.0133
2026-04-01 22:16:26,647 -- Step [1900/2574] | Batch loss: 0.2639
2026-04-01 22:16:26,815 -- Step [2000/2574] | Batch loss: 0.0040
2026-04-01 22:16:27,015 -- Step [2100/2574] | Batch loss: 0.0103
2026-04-01 22:16:27,169 -- Step [2200/2574] | Batch loss: 0.0069
2026-04-01 22:16:27,325 -- Step [2300/2574] | Batch loss: 0.0067
2026-04-01 22:16:27,491 -- Step [2400/2574] | Batch loss: 0.0082
2026-04-01 22:16:27,657 -- Step [2500/2574] | Batch loss: 0.4615
2026-04-01 22:16:27,799 -- 
2026-04-01 22:16:27,799 -- Training epoch completed. Validating...
2026-04-01 22:16:30,378 -- 
2026-04-01 22:16:30,378 -- [32m ====== Epoch 8 Summary ====== [0m
2026-04-01 22:16:30,378 -- Training Loss: 0.2137
2026-04-01 22:16:30,378 -- Validation Loss: 0.0012
2026-04-01 22:16:30,537 -- 
2026-04-01 22:16:30,537 -- [32m ====== Pseudo-labeling result ====== [0m
2026-04-01 22:16:30,537 -- Confidence threshold: 0.95
2026-04-01 22:16:30,537 -- Pseudo-labeling ratio: 80.57%
2026-04-01 22:16:30,537 -- Total labeled samples: 336770
2026-04-01 22:16:30,537 -- Remaining unlabeled samples: 1769
2026-04-01 22:16:30,537 -- 
2026-04-01 22:16:30,537 -- [33m Self-training round [3/3] [0m
2026-04-01 22:16:30,537 -- 
2026-04-01 22:16:30,537 -- [32m ====== Epoch 1/4 (Round 3) ====== [0m
2026-04-01 22:16:30,537 -- Learning rate: 0.000425
2026-04-01 22:16:30,537 -- 
2026-04-01 22:16:30,606 -- Step [1/2632] | Batch loss: 0.0126
2026-04-01 22:16:30,761 -- Step [100/2632] | Batch loss: 0.5976
2026-04-01 22:16:30,919 -- Step [200/2632] | Batch loss: 0.0068
2026-04-01 22:16:31,068 -- Step [300/2632] | Batch loss: 0.0119
2026-04-01 22:16:31,216 -- Step [400/2632] | Batch loss: 0.0069
2026-04-01 22:16:31,386 -- Step [500/2632] | Batch loss: 0.3961
2026-04-01 22:16:31,546 -- Step [600/2632] | Batch loss: 0.5138
2026-04-01 22:16:31,704 -- Step [700/2632] | Batch loss: 0.5032
2026-04-01 22:16:31,859 -- Step [800/2632] | Batch loss: 0.0421
2026-04-01 22:16:32,020 -- Step [900/2632] | Batch loss: 0.0149
2026-04-01 22:16:32,192 -- Step [1000/2632] | Batch loss: 0.4234
2026-04-01 22:16:32,354 -- Step [1100/2632] | Batch loss: 0.0205
2026-04-01 22:16:32,534 -- Step [1200/2632] | Batch loss: 0.0157
2026-04-01 22:16:32,724 -- Step [1300/2632] | Batch loss: 0.3934
2026-04-01 22:16:32,882 -- Step [1400/2632] | Batch loss: 0.0157
2026-04-01 22:16:33,040 -- Step [1500/2632] | Batch loss: 0.3961
2026-04-01 22:16:33,202 -- Step [1600/2632] | Batch loss: 0.0326
2026-04-01 22:16:33,363 -- Step [1700/2632] | Batch loss: 0.0160
2026-04-01 22:16:33,519 -- Step [1800/2632] | Batch loss: 0.4784
2026-04-01 22:16:33,670 -- Step [1900/2632] | Batch loss: 0.3476
2026-04-01 22:16:33,834 -- Step [2000/2632] | Batch loss: 0.3352
2026-04-01 22:16:33,984 -- Step [2100/2632] | Batch loss: 0.3840
2026-04-01 22:16:34,136 -- Step [2200/2632] | Batch loss: 0.3808
2026-04-01 22:16:34,283 -- Step [2300/2632] | Batch loss: 0.0076
2026-04-01 22:16:34,441 -- Step [2400/2632] | Batch loss: 0.0074
2026-04-01 22:16:34,597 -- Step [2500/2632] | Batch loss: 0.0087
2026-04-01 22:16:34,754 -- Step [2600/2632] | Batch loss: 0.0064
2026-04-01 22:16:34,836 -- 
2026-04-01 22:16:34,836 -- Training epoch completed. Validating...
2026-04-01 22:16:37,377 -- 
2026-04-01 22:16:37,377 -- [32m ====== Epoch 9 Summary ====== [0m
2026-04-01 22:16:37,377 -- Training Loss: 0.2180
2026-04-01 22:16:37,377 -- Validation Loss: 0.0004
2026-04-01 22:16:37,402 -- 
2026-04-01 22:16:37,402 -- [32m ====== Epoch 2/4 (Round 3) ====== [0m
2026-04-01 22:16:37,402 -- Learning rate: 0.000417
2026-04-01 22:16:37,402 -- 
2026-04-01 22:16:37,475 -- Step [1/2632] | Batch loss: 0.3578
2026-04-01 22:16:37,664 -- Step [100/2632] | Batch loss: 0.0059
2026-04-01 22:16:37,819 -- Step [200/2632] | Batch loss: 0.0119
2026-04-01 22:16:37,972 -- Step [300/2632] | Batch loss: 0.0157
2026-04-01 22:16:38,126 -- Step [400/2632] | Batch loss: 0.4419
2026-04-01 22:16:38,276 -- Step [500/2632] | Batch loss: 0.0058
2026-04-01 22:16:38,425 -- Step [600/2632] | Batch loss: 0.4467
2026-04-01 22:16:38,587 -- Step [700/2632] | Batch loss: 0.3892
2026-04-01 22:16:38,736 -- Step [800/2632] | Batch loss: 0.3941
2026-04-01 22:16:38,887 -- Step [900/2632] | Batch loss: 0.0136
2026-04-01 22:16:39,043 -- Step [1000/2632] | Batch loss: 0.4301
2026-04-01 22:16:39,204 -- Step [1100/2632] | Batch loss: 0.4721
2026-04-01 22:16:39,367 -- Step [1200/2632] | Batch loss: 0.0051
2026-04-01 22:16:39,522 -- Step [1300/2632] | Batch loss: 0.3894
2026-04-01 22:16:39,678 -- Step [1400/2632] | Batch loss: 0.4304
2026-04-01 22:16:39,827 -- Step [1500/2632] | Batch loss: 0.5056
2026-04-01 22:16:39,987 -- Step [1600/2632] | Batch loss: 0.4241
2026-04-01 22:16:40,159 -- Step [1700/2632] | Batch loss: 0.0095
2026-04-01 22:16:40,304 -- Step [1800/2632] | Batch loss: 0.0032
2026-04-01 22:16:40,460 -- Step [1900/2632] | Batch loss: 0.3676
2026-04-01 22:16:40,620 -- Step [2000/2632] | Batch loss: 0.0111
2026-04-01 22:16:40,786 -- Step [2100/2632] | Batch loss: 0.0056
2026-04-01 22:16:40,951 -- Step [2200/2632] | Batch loss: 0.0050
2026-04-01 22:16:41,113 -- Step [2300/2632] | Batch loss: 0.0076
2026-04-01 22:16:41,271 -- Step [2400/2632] | Batch loss: 0.0108
2026-04-01 22:16:41,416 -- Step [2500/2632] | Batch loss: 0.5169
2026-04-01 22:16:41,576 -- Step [2600/2632] | Batch loss: 0.3284
2026-04-01 22:16:41,658 -- 
2026-04-01 22:16:41,658 -- Training epoch completed. Validating...
2026-04-01 22:16:44,330 -- 
2026-04-01 22:16:44,331 -- [32m ====== Epoch 10 Summary ====== [0m
2026-04-01 22:16:44,331 -- Training Loss: 0.2135
2026-04-01 22:16:44,331 -- Validation Loss: 0.0005
2026-04-01 22:16:44,355 -- 
2026-04-01 22:16:44,355 -- [32m ====== Epoch 3/4 (Round 3) ====== [0m
2026-04-01 22:16:44,355 -- Learning rate: 0.000409
2026-04-01 22:16:44,355 -- 
2026-04-01 22:16:44,420 -- Step [1/2632] | Batch loss: 0.0063
2026-04-01 22:16:44,592 -- Step [100/2632] | Batch loss: 0.0088
2026-04-01 22:16:44,753 -- Step [200/2632] | Batch loss: 0.0117
2026-04-01 22:16:44,915 -- Step [300/2632] | Batch loss: 0.4281
2026-04-01 22:16:45,071 -- Step [400/2632] | Batch loss: 0.0071
2026-04-01 22:16:45,239 -- Step [500/2632] | Batch loss: 0.0093
2026-04-01 22:16:45,396 -- Step [600/2632] | Batch loss: 0.0080
2026-04-01 22:16:45,573 -- Step [700/2632] | Batch loss: 0.4078
2026-04-01 22:16:45,724 -- Step [800/2632] | Batch loss: 0.0092
2026-04-01 22:16:45,883 -- Step [900/2632] | Batch loss: 0.0049
2026-04-01 22:16:46,066 -- Step [1000/2632] | Batch loss: 0.0040
2026-04-01 22:16:46,253 -- Step [1100/2632] | Batch loss: 0.4587
2026-04-01 22:16:46,439 -- Step [1200/2632] | Batch loss: 0.0045
2026-04-01 22:16:46,605 -- Step [1300/2632] | Batch loss: 0.4210
2026-04-01 22:16:46,775 -- Step [1400/2632] | Batch loss: 0.0058
2026-04-01 22:16:46,943 -- Step [1500/2632] | Batch loss: 0.0034
2026-04-01 22:16:47,103 -- Step [1600/2632] | Batch loss: 0.0113
2026-04-01 22:16:47,267 -- Step [1700/2632] | Batch loss: 0.3122
2026-04-01 22:16:47,425 -- Step [1800/2632] | Batch loss: 0.0197
2026-04-01 22:16:47,590 -- Step [1900/2632] | Batch loss: 0.0048
2026-04-01 22:16:47,762 -- Step [2000/2632] | Batch loss: 0.4577
2026-04-01 22:16:47,920 -- Step [2100/2632] | Batch loss: 0.3933
2026-04-01 22:16:48,076 -- Step [2200/2632] | Batch loss: 0.0106
2026-04-01 22:16:48,227 -- Step [2300/2632] | Batch loss: 0.0039
2026-04-01 22:16:48,379 -- Step [2400/2632] | Batch loss: 0.0055
2026-04-01 22:16:48,529 -- Step [2500/2632] | Batch loss: 0.4279
2026-04-01 22:16:48,689 -- Step [2600/2632] | Batch loss: 0.3593
2026-04-01 22:16:48,769 -- 
2026-04-01 22:16:48,769 -- Training epoch completed. Validating...
2026-04-01 22:16:51,355 -- 
2026-04-01 22:16:51,355 -- [32m ====== Epoch 11 Summary ====== [0m
2026-04-01 22:16:51,355 -- Training Loss: 0.2202
2026-04-01 22:16:51,355 -- Validation Loss: 0.0003
2026-04-01 22:16:51,379 -- 
2026-04-01 22:16:51,379 -- [32m ====== Epoch 4/4 (Round 3) ====== [0m
2026-04-01 22:16:51,379 -- Learning rate: 0.000400
2026-04-01 22:16:51,379 -- 
2026-04-01 22:16:51,443 -- Step [1/2632] | Batch loss: 0.3224
2026-04-01 22:16:51,606 -- Step [100/2632] | Batch loss: 0.0171
2026-04-01 22:16:51,781 -- Step [200/2632] | Batch loss: 0.3348
2026-04-01 22:16:51,960 -- Step [300/2632] | Batch loss: 0.0093
2026-04-01 22:16:52,110 -- Step [400/2632] | Batch loss: 0.3443
2026-04-01 22:16:52,258 -- Step [500/2632] | Batch loss: 0.0054
2026-04-01 22:16:52,416 -- Step [600/2632] | Batch loss: 0.0042
2026-04-01 22:16:52,564 -- Step [700/2632] | Batch loss: 0.3668
2026-04-01 22:16:52,726 -- Step [800/2632] | Batch loss: 0.7273
2026-04-01 22:16:52,880 -- Step [900/2632] | Batch loss: 0.4957
2026-04-01 22:16:53,035 -- Step [1000/2632] | Batch loss: 0.0045
2026-04-01 22:16:53,178 -- Step [1100/2632] | Batch loss: 0.3676
2026-04-01 22:16:53,326 -- Step [1200/2632] | Batch loss: 0.0095
2026-04-01 22:16:53,480 -- Step [1300/2632] | Batch loss: 0.4207
2026-04-01 22:16:53,631 -- Step [1400/2632] | Batch loss: 0.5201
2026-04-01 22:16:53,787 -- Step [1500/2632] | Batch loss: 0.0092
2026-04-01 22:16:53,946 -- Step [1600/2632] | Batch loss: 0.0036
2026-04-01 22:16:54,103 -- Step [1700/2632] | Batch loss: 0.4322
2026-04-01 22:16:54,269 -- Step [1800/2632] | Batch loss: 0.3803
2026-04-01 22:16:54,418 -- Step [1900/2632] | Batch loss: 0.0405
2026-04-01 22:16:54,585 -- Step [2000/2632] | Batch loss: 0.0041
2026-04-01 22:16:54,741 -- Step [2100/2632] | Batch loss: 0.0158
2026-04-01 22:16:54,900 -- Step [2200/2632] | Batch loss: 0.5854
2026-04-01 22:16:55,054 -- Step [2300/2632] | Batch loss: 0.5481
2026-04-01 22:16:55,233 -- Step [2400/2632] | Batch loss: 0.0056
2026-04-01 22:16:55,383 -- Step [2500/2632] | Batch loss: 0.4998
2026-04-01 22:16:55,531 -- Step [2600/2632] | Batch loss: 0.3561
2026-04-01 22:16:55,610 -- 
2026-04-01 22:16:55,611 -- Training epoch completed. Validating...
2026-04-01 22:16:58,116 -- 
2026-04-01 22:16:58,116 -- [32m ====== Epoch 12 Summary ====== [0m
2026-04-01 22:16:58,116 -- Training Loss: 0.2177
2026-04-01 22:16:58,117 -- Validation Loss: 0.0003
2026-04-01 22:16:58,224 -- 
2026-04-01 22:16:58,224 -- [32m ====== Pseudo-labeling result ====== [0m
2026-04-01 22:16:58,224 -- Confidence threshold: 0.95
2026-04-01 22:16:58,224 -- Pseudo-labeling ratio: 35.33%
2026-04-01 22:16:58,224 -- Total labeled samples: 337395
2026-04-01 22:16:58,224 -- Remaining unlabeled samples: 1144
2026-04-01 22:16:58,224 -- 
