2026-04-03 16:38:06,091 -- [33m Self-training round [1/3] [0m
2026-04-03 16:38:06,091 -- 
2026-04-03 16:38:06,092 -- [32m ====== Epoch 1/4 (Round 1) ====== [0m
2026-04-03 16:38:06,092 -- Learning rate: 0.001000
2026-04-03 16:38:06,092 -- 
2026-04-03 16:38:06,321 -- Step [1/2166] | Batch loss: 1.3821
2026-04-03 16:38:06,517 -- Step [100/2166] | Batch loss: 0.6101
2026-04-03 16:38:06,696 -- Step [200/2166] | Batch loss: 0.4896
2026-04-03 16:38:06,876 -- Step [300/2166] | Batch loss: 0.3841
2026-04-03 16:38:07,059 -- Step [400/2166] | Batch loss: 0.3723
2026-04-03 16:38:07,255 -- Step [500/2166] | Batch loss: 0.3375
2026-04-03 16:38:07,463 -- Step [600/2166] | Batch loss: 0.1577
2026-04-03 16:38:07,658 -- Step [700/2166] | Batch loss: 0.1723
2026-04-03 16:38:07,855 -- Step [800/2166] | Batch loss: 0.1110
2026-04-03 16:38:08,038 -- Step [900/2166] | Batch loss: 0.0472
2026-04-03 16:38:08,231 -- Step [1000/2166] | Batch loss: 0.0329
2026-04-03 16:38:08,424 -- Step [1100/2166] | Batch loss: 0.0801
2026-04-03 16:38:08,624 -- Step [1200/2166] | Batch loss: 0.0608
2026-04-03 16:38:08,832 -- Step [1300/2166] | Batch loss: 0.0461
2026-04-03 16:38:09,040 -- Step [1400/2166] | Batch loss: 0.0574
2026-04-03 16:38:09,224 -- Step [1500/2166] | Batch loss: 0.0299
2026-04-03 16:38:09,411 -- Step [1600/2166] | Batch loss: 0.1534
2026-04-03 16:38:09,613 -- Step [1700/2166] | Batch loss: 0.0459
2026-04-03 16:38:09,810 -- Step [1800/2166] | Batch loss: 0.0172
2026-04-03 16:38:09,998 -- Step [1900/2166] | Batch loss: 0.0232
2026-04-03 16:38:10,189 -- Step [2000/2166] | Batch loss: 0.0094
2026-04-03 16:38:10,378 -- Step [2100/2166] | Batch loss: 0.0156
2026-04-03 16:38:10,527 -- 
2026-04-03 16:38:10,527 -- Training epoch completed. Validating...
2026-04-03 16:38:13,380 -- 
2026-04-03 16:38:13,380 -- [32m ====== Epoch 1 Summary ====== [0m
2026-04-03 16:38:13,380 -- Training Loss: 0.1778
2026-04-03 16:38:13,380 -- Validation Loss: 15.6466
2026-04-03 16:38:13,464 -- [33m✓ New best model saved with validation loss: 15.6466 [0m
2026-04-03 16:38:13,464 -- 
2026-04-03 16:38:13,464 -- [32m ====== Epoch 2/4 (Round 1) ====== [0m
2026-04-03 16:38:13,464 -- Learning rate: 0.000980
2026-04-03 16:38:13,465 -- 
2026-04-03 16:38:13,539 -- Step [1/2166] | Batch loss: 0.1542
2026-04-03 16:38:13,737 -- Step [100/2166] | Batch loss: 0.1334
2026-04-03 16:38:13,923 -- Step [200/2166] | Batch loss: 0.0131
2026-04-03 16:38:14,123 -- Step [300/2166] | Batch loss: 0.0401
2026-04-03 16:38:14,314 -- Step [400/2166] | Batch loss: 0.0185
2026-04-03 16:38:14,514 -- Step [500/2166] | Batch loss: 0.0106
2026-04-03 16:38:14,709 -- Step [600/2166] | Batch loss: 0.0676
2026-04-03 16:38:14,915 -- Step [700/2166] | Batch loss: 0.0375
2026-04-03 16:38:15,111 -- Step [800/2166] | Batch loss: 0.0052
2026-04-03 16:38:15,296 -- Step [900/2166] | Batch loss: 0.1141
2026-04-03 16:38:15,488 -- Step [1000/2166] | Batch loss: 0.0151
2026-04-03 16:38:15,686 -- Step [1100/2166] | Batch loss: 0.0152
2026-04-03 16:38:15,870 -- Step [1200/2166] | Batch loss: 0.0149
2026-04-03 16:38:16,072 -- Step [1300/2166] | Batch loss: 0.0130
2026-04-03 16:38:16,260 -- Step [1400/2166] | Batch loss: 0.0062
2026-04-03 16:38:16,473 -- Step [1500/2166] | Batch loss: 0.0204
2026-04-03 16:38:16,657 -- Step [1600/2166] | Batch loss: 0.0275
2026-04-03 16:38:16,853 -- Step [1700/2166] | Batch loss: 0.0058
2026-04-03 16:38:17,048 -- Step [1800/2166] | Batch loss: 0.0097
2026-04-03 16:38:17,231 -- Step [1900/2166] | Batch loss: 0.0228
2026-04-03 16:38:17,413 -- Step [2000/2166] | Batch loss: 0.0062
2026-04-03 16:38:17,601 -- Step [2100/2166] | Batch loss: 0.0066
2026-04-03 16:38:17,764 -- 
2026-04-03 16:38:17,764 -- Training epoch completed. Validating...
2026-04-03 16:38:20,656 -- 
2026-04-03 16:38:20,656 -- [32m ====== Epoch 2 Summary ====== [0m
2026-04-03 16:38:20,656 -- Training Loss: 0.0334
2026-04-03 16:38:20,656 -- Validation Loss: 19.6713
2026-04-03 16:38:20,680 -- 
2026-04-03 16:38:20,680 -- [32m ====== Epoch 3/4 (Round 1) ====== [0m
2026-04-03 16:38:20,680 -- Learning rate: 0.000960
2026-04-03 16:38:20,680 -- 
2026-04-03 16:38:20,751 -- Step [1/2166] | Batch loss: 0.0242
2026-04-03 16:38:20,970 -- Step [100/2166] | Batch loss: 0.0264
2026-04-03 16:38:21,162 -- Step [200/2166] | Batch loss: 0.1246
2026-04-03 16:38:21,356 -- Step [300/2166] | Batch loss: 0.0063
2026-04-03 16:38:21,542 -- Step [400/2166] | Batch loss: 0.0251
2026-04-03 16:38:21,725 -- Step [500/2166] | Batch loss: 0.0054
2026-04-03 16:38:21,930 -- Step [600/2166] | Batch loss: 0.0016
2026-04-03 16:38:22,130 -- Step [700/2166] | Batch loss: 0.0957
2026-04-03 16:38:22,332 -- Step [800/2166] | Batch loss: 0.0018
2026-04-03 16:38:22,528 -- Step [900/2166] | Batch loss: 0.0139
2026-04-03 16:38:22,716 -- Step [1000/2166] | Batch loss: 0.0049
2026-04-03 16:38:22,913 -- Step [1100/2166] | Batch loss: 0.0127
2026-04-03 16:38:23,102 -- Step [1200/2166] | Batch loss: 0.0099
2026-04-03 16:38:23,286 -- Step [1300/2166] | Batch loss: 0.0082
2026-04-03 16:38:23,472 -- Step [1400/2166] | Batch loss: 0.0025
2026-04-03 16:38:23,654 -- Step [1500/2166] | Batch loss: 0.0030
2026-04-03 16:38:23,840 -- Step [1600/2166] | Batch loss: 0.0024
2026-04-03 16:38:24,023 -- Step [1700/2166] | Batch loss: 0.0022
2026-04-03 16:38:24,203 -- Step [1800/2166] | Batch loss: 0.0521
2026-04-03 16:38:24,379 -- Step [1900/2166] | Batch loss: 0.0298
2026-04-03 16:38:24,579 -- Step [2000/2166] | Batch loss: 0.0256
2026-04-03 16:38:24,767 -- Step [2100/2166] | Batch loss: 0.0080
2026-04-03 16:38:24,917 -- 
2026-04-03 16:38:24,917 -- Training epoch completed. Validating...
2026-04-03 16:38:27,749 -- 
2026-04-03 16:38:27,750 -- [32m ====== Epoch 3 Summary ====== [0m
2026-04-03 16:38:27,750 -- Training Loss: 0.0260
2026-04-03 16:38:27,750 -- Validation Loss: 22.4817
2026-04-03 16:38:27,774 -- 
2026-04-03 16:38:27,774 -- [32m ====== Epoch 4/4 (Round 1) ====== [0m
2026-04-03 16:38:27,774 -- Learning rate: 0.000941
2026-04-03 16:38:27,774 -- 
2026-04-03 16:38:27,845 -- Step [1/2166] | Batch loss: 0.0137
2026-04-03 16:38:28,038 -- Step [100/2166] | Batch loss: 0.0026
2026-04-03 16:38:28,227 -- Step [200/2166] | Batch loss: 0.0055
2026-04-03 16:38:28,416 -- Step [300/2166] | Batch loss: 0.0019
2026-04-03 16:38:28,594 -- Step [400/2166] | Batch loss: 0.0022
2026-04-03 16:38:28,785 -- Step [500/2166] | Batch loss: 0.0040
2026-04-03 16:38:28,971 -- Step [600/2166] | Batch loss: 0.0039
2026-04-03 16:38:29,161 -- Step [700/2166] | Batch loss: 0.0036
2026-04-03 16:38:29,350 -- Step [800/2166] | Batch loss: 0.0133
2026-04-03 16:38:29,547 -- Step [900/2166] | Batch loss: 0.0046
2026-04-03 16:38:29,750 -- Step [1000/2166] | Batch loss: 0.0028
2026-04-03 16:38:29,941 -- Step [1100/2166] | Batch loss: 0.1715
2026-04-03 16:38:30,128 -- Step [1200/2166] | Batch loss: 0.0129
2026-04-03 16:38:30,320 -- Step [1300/2166] | Batch loss: 0.0117
2026-04-03 16:38:30,511 -- Step [1400/2166] | Batch loss: 0.0022
2026-04-03 16:38:30,708 -- Step [1500/2166] | Batch loss: 0.0023
2026-04-03 16:38:30,910 -- Step [1600/2166] | Batch loss: 0.0014
2026-04-03 16:38:31,111 -- Step [1700/2166] | Batch loss: 0.0062
2026-04-03 16:38:31,310 -- Step [1800/2166] | Batch loss: 0.0139
2026-04-03 16:38:31,508 -- Step [1900/2166] | Batch loss: 0.1732
2026-04-03 16:38:31,701 -- Step [2000/2166] | Batch loss: 0.0168
2026-04-03 16:38:31,889 -- Step [2100/2166] | Batch loss: 0.0070
2026-04-03 16:38:32,040 -- 
2026-04-03 16:38:32,040 -- Training epoch completed. Validating...
2026-04-03 16:38:34,919 -- 
2026-04-03 16:38:34,919 -- [32m ====== Epoch 4 Summary ====== [0m
2026-04-03 16:38:34,919 -- Training Loss: 0.0243
2026-04-03 16:38:34,919 -- Validation Loss: 23.8983
2026-04-03 16:38:35,530 -- 
2026-04-03 16:38:35,530 -- [32m ====== Pseudo-labeling result ====== [0m
2026-04-03 16:38:35,530 -- Confidence threshold: 0.95
2026-04-03 16:38:35,530 -- Pseudo-labeling ratio: 94.28%
2026-04-03 16:38:35,530 -- Total labeled samples: 335476
2026-04-03 16:38:35,530 -- Remaining unlabeled samples: 3534
2026-04-03 16:38:35,530 -- 
2026-04-03 16:38:35,530 -- [33m Self-training round [2/3] [0m
2026-04-03 16:38:35,530 -- 
2026-04-03 16:38:35,530 -- [32m ====== Epoch 1/4 (Round 2) ====== [0m
2026-04-03 16:38:35,530 -- Learning rate: 0.000922
2026-04-03 16:38:35,530 -- 
2026-04-03 16:38:35,591 -- Step [1/2621] | Batch loss: 0.7100
2026-04-03 16:38:35,789 -- Step [100/2621] | Batch loss: 0.0111
2026-04-03 16:38:35,966 -- Step [200/2621] | Batch loss: 0.1006
2026-04-03 16:38:36,157 -- Step [300/2621] | Batch loss: 0.0051
2026-04-03 16:38:36,348 -- Step [400/2621] | Batch loss: 0.0271
2026-04-03 16:38:36,540 -- Step [500/2621] | Batch loss: 0.0908
2026-04-03 16:38:36,731 -- Step [600/2621] | Batch loss: 0.0128
2026-04-03 16:38:36,937 -- Step [700/2621] | Batch loss: 0.0578
2026-04-03 16:38:37,127 -- Step [800/2621] | Batch loss: 0.0022
2026-04-03 16:38:37,312 -- Step [900/2621] | Batch loss: 0.0094
2026-04-03 16:38:37,500 -- Step [1000/2621] | Batch loss: 0.0032
2026-04-03 16:38:37,685 -- Step [1100/2621] | Batch loss: 0.0122
2026-04-03 16:38:37,879 -- Step [1200/2621] | Batch loss: 0.0168
2026-04-03 16:38:38,080 -- Step [1300/2621] | Batch loss: 0.0046
2026-04-03 16:38:38,263 -- Step [1400/2621] | Batch loss: 0.0130
2026-04-03 16:38:38,448 -- Step [1500/2621] | Batch loss: 0.0075
2026-04-03 16:38:38,651 -- Step [1600/2621] | Batch loss: 0.0138
2026-04-03 16:38:38,837 -- Step [1700/2621] | Batch loss: 0.0262
2026-04-03 16:38:39,035 -- Step [1800/2621] | Batch loss: 0.0132
2026-04-03 16:38:39,239 -- Step [1900/2621] | Batch loss: 0.0040
2026-04-03 16:38:39,434 -- Step [2000/2621] | Batch loss: 0.0605
2026-04-03 16:38:39,628 -- Step [2100/2621] | Batch loss: 0.0450
2026-04-03 16:38:39,814 -- Step [2200/2621] | Batch loss: 0.0100
2026-04-03 16:38:40,002 -- Step [2300/2621] | Batch loss: 0.0053
2026-04-03 16:38:40,187 -- Step [2400/2621] | Batch loss: 0.0290
2026-04-03 16:38:40,373 -- Step [2500/2621] | Batch loss: 0.0021
2026-04-03 16:38:40,577 -- Step [2600/2621] | Batch loss: 0.0048
2026-04-03 16:38:40,656 -- 
2026-04-03 16:38:40,656 -- Training epoch completed. Validating...
2026-04-03 16:38:43,519 -- 
2026-04-03 16:38:43,519 -- [32m ====== Epoch 5 Summary ====== [0m
2026-04-03 16:38:43,520 -- Training Loss: 0.0319
2026-04-03 16:38:43,520 -- Validation Loss: 31.0298
2026-04-03 16:38:43,544 -- 
2026-04-03 16:38:43,544 -- [32m ====== Epoch 2/4 (Round 2) ====== [0m
2026-04-03 16:38:43,544 -- Learning rate: 0.000904
2026-04-03 16:38:43,544 -- 
2026-04-03 16:38:43,605 -- Step [1/2621] | Batch loss: 0.0050
2026-04-03 16:38:43,807 -- Step [100/2621] | Batch loss: 0.0056
2026-04-03 16:38:43,991 -- Step [200/2621] | Batch loss: 0.0060
2026-04-03 16:38:44,187 -- Step [300/2621] | Batch loss: 0.0007
2026-04-03 16:38:44,381 -- Step [400/2621] | Batch loss: 0.2524
2026-04-03 16:38:44,577 -- Step [500/2621] | Batch loss: 0.0382
2026-04-03 16:38:44,783 -- Step [600/2621] | Batch loss: 0.0050
2026-04-03 16:38:44,973 -- Step [700/2621] | Batch loss: 0.1230
2026-04-03 16:38:45,158 -- Step [800/2621] | Batch loss: 0.0487
2026-04-03 16:38:45,353 -- Step [900/2621] | Batch loss: 0.0071
2026-04-03 16:38:45,556 -- Step [1000/2621] | Batch loss: 0.0069
2026-04-03 16:38:45,751 -- Step [1100/2621] | Batch loss: 0.0081
2026-04-03 16:38:45,942 -- Step [1200/2621] | Batch loss: 0.0056
2026-04-03 16:38:46,133 -- Step [1300/2621] | Batch loss: 0.0316
2026-04-03 16:38:46,324 -- Step [1400/2621] | Batch loss: 0.0117
