2026-04-05 17:41:38,292 -- [33m Self-training round [1/3] [0m
2026-04-05 17:41:38,292 -- 
2026-04-05 17:41:38,292 -- [32m ====== Epoch 1/4 (Round 1) ====== [0m
2026-04-05 17:41:38,293 -- Learning rate: 0.000100
2026-04-05 17:41:38,293 -- 
2026-04-05 17:41:38,491 -- Step [1/2166] | Batch loss: 1.4854
2026-04-05 17:41:38,693 -- Step [100/2166] | Batch loss: 1.1605
2026-04-05 17:41:38,888 -- Step [200/2166] | Batch loss: 1.1223
2026-04-05 17:41:39,085 -- Step [300/2166] | Batch loss: 0.8637
2026-04-05 17:41:39,291 -- Step [400/2166] | Batch loss: 0.7601
2026-04-05 17:41:39,483 -- Step [500/2166] | Batch loss: 0.7795
2026-04-05 17:41:39,668 -- Step [600/2166] | Batch loss: 0.6010
2026-04-05 17:41:39,862 -- Step [700/2166] | Batch loss: 0.5338
2026-04-05 17:41:40,052 -- Step [800/2166] | Batch loss: 0.5104
2026-04-05 17:41:40,249 -- Step [900/2166] | Batch loss: 0.5789
2026-04-05 17:41:40,446 -- Step [1000/2166] | Batch loss: 0.5168
2026-04-05 17:41:40,646 -- Step [1100/2166] | Batch loss: 0.4177
2026-04-05 17:41:40,837 -- Step [1200/2166] | Batch loss: 0.3857
2026-04-05 17:41:41,036 -- Step [1300/2166] | Batch loss: 0.4664
2026-04-05 17:41:41,233 -- Step [1400/2166] | Batch loss: 0.5387
2026-04-05 17:41:41,448 -- Step [1500/2166] | Batch loss: 0.3554
2026-04-05 17:41:41,656 -- Step [1600/2166] | Batch loss: 0.4187
2026-04-05 17:41:41,873 -- Step [1700/2166] | Batch loss: 0.3942
2026-04-05 17:41:42,086 -- Step [1800/2166] | Batch loss: 0.3785
2026-04-05 17:41:42,289 -- Step [1900/2166] | Batch loss: 0.4053
2026-04-05 17:41:42,493 -- Step [2000/2166] | Batch loss: 0.3370
2026-04-05 17:41:42,692 -- Step [2100/2166] | Batch loss: 0.3647
2026-04-05 17:41:42,842 -- 
2026-04-05 17:41:42,842 -- Training epoch completed. Validating...
2026-04-05 17:41:46,213 -- 
2026-04-05 17:41:46,213 -- [32m ====== Epoch 1 Summary ====== [0m
2026-04-05 17:41:46,213 -- Training Loss: 0.5443
2026-04-05 17:41:46,213 -- Validation Loss: 3.7254
2026-04-05 17:41:46,284 -- [33m✓ New best model saved with validation loss: 3.7254 [0m
2026-04-05 17:41:46,284 -- 
2026-04-05 17:41:46,284 -- [32m ====== Epoch 2/4 (Round 1) ====== [0m
2026-04-05 17:41:46,284 -- Learning rate: 0.000098
2026-04-05 17:41:46,284 -- 
2026-04-05 17:41:46,350 -- Step [1/2166] | Batch loss: 0.6039
2026-04-05 17:41:46,566 -- Step [100/2166] | Batch loss: 0.3841
2026-04-05 17:41:46,770 -- Step [200/2166] | Batch loss: 0.4565
2026-04-05 17:41:46,969 -- Step [300/2166] | Batch loss: 0.4782
2026-04-05 17:41:47,175 -- Step [400/2166] | Batch loss: 0.2433
2026-04-05 17:41:47,380 -- Step [500/2166] | Batch loss: 0.3243
2026-04-05 17:41:47,572 -- Step [600/2166] | Batch loss: 0.3316
2026-04-05 17:41:47,774 -- Step [700/2166] | Batch loss: 0.3290
2026-04-05 17:41:47,985 -- Step [800/2166] | Batch loss: 0.2973
2026-04-05 17:41:48,184 -- Step [900/2166] | Batch loss: 0.3578
2026-04-05 17:41:48,375 -- Step [1000/2166] | Batch loss: 0.3038
2026-04-05 17:41:48,597 -- Step [1100/2166] | Batch loss: 0.2921
2026-04-05 17:41:48,797 -- Step [1200/2166] | Batch loss: 0.2675
2026-04-05 17:41:49,003 -- Step [1300/2166] | Batch loss: 0.1633
2026-04-05 17:41:49,210 -- Step [1400/2166] | Batch loss: 0.1776
2026-04-05 17:41:49,412 -- Step [1500/2166] | Batch loss: 0.3790
2026-04-05 17:41:49,610 -- Step [1600/2166] | Batch loss: 0.2500
2026-04-05 17:41:49,807 -- Step [1700/2166] | Batch loss: 0.4419
2026-04-05 17:41:50,006 -- Step [1800/2166] | Batch loss: 0.2111
2026-04-05 17:41:50,212 -- Step [1900/2166] | Batch loss: 0.2013
2026-04-05 17:41:50,410 -- Step [2000/2166] | Batch loss: 0.1882
2026-04-05 17:41:50,599 -- Step [2100/2166] | Batch loss: 0.1809
2026-04-05 17:41:50,766 -- 
2026-04-05 17:41:50,766 -- Training epoch completed. Validating...
2026-04-05 17:41:54,103 -- 
2026-04-05 17:41:54,103 -- [32m ====== Epoch 2 Summary ====== [0m
2026-04-05 17:41:54,104 -- Training Loss: 0.2892
2026-04-05 17:41:54,104 -- Validation Loss: 6.1275
2026-04-05 17:41:54,126 -- 
2026-04-05 17:41:54,127 -- [32m ====== Epoch 3/4 (Round 1) ====== [0m
2026-04-05 17:41:54,127 -- Learning rate: 0.000096
2026-04-05 17:41:54,127 -- 
2026-04-05 17:41:54,190 -- Step [1/2166] | Batch loss: 0.2199
2026-04-05 17:41:54,406 -- Step [100/2166] | Batch loss: 0.2617
2026-04-05 17:41:54,615 -- Step [200/2166] | Batch loss: 0.2787
2026-04-05 17:41:54,809 -- Step [300/2166] | Batch loss: 0.1751
2026-04-05 17:41:55,003 -- Step [400/2166] | Batch loss: 0.1727
2026-04-05 17:41:55,199 -- Step [500/2166] | Batch loss: 0.1233
2026-04-05 17:41:55,396 -- Step [600/2166] | Batch loss: 0.2734
2026-04-05 17:41:55,597 -- Step [700/2166] | Batch loss: 0.1616
2026-04-05 17:41:55,791 -- Step [800/2166] | Batch loss: 0.1960
2026-04-05 17:41:55,991 -- Step [900/2166] | Batch loss: 0.1546
2026-04-05 17:41:56,195 -- Step [1000/2166] | Batch loss: 0.2759
2026-04-05 17:41:56,394 -- Step [1100/2166] | Batch loss: 0.3100
2026-04-05 17:41:56,606 -- Step [1200/2166] | Batch loss: 0.1409
2026-04-05 17:41:56,806 -- Step [1300/2166] | Batch loss: 0.1766
2026-04-05 17:41:57,002 -- Step [1400/2166] | Batch loss: 0.1544
2026-04-05 17:41:57,207 -- Step [1500/2166] | Batch loss: 0.1515
2026-04-05 17:41:57,406 -- Step [1600/2166] | Batch loss: 0.1137
2026-04-05 17:41:57,620 -- Step [1700/2166] | Batch loss: 0.0940
2026-04-05 17:41:57,822 -- Step [1800/2166] | Batch loss: 0.1537
2026-04-05 17:41:58,026 -- Step [1900/2166] | Batch loss: 0.1115
2026-04-05 17:41:58,226 -- Step [2000/2166] | Batch loss: 0.1028
2026-04-05 17:41:58,444 -- Step [2100/2166] | Batch loss: 0.2061
2026-04-05 17:41:58,606 -- 
2026-04-05 17:41:58,606 -- Training epoch completed. Validating...
2026-04-05 17:42:01,958 -- 
2026-04-05 17:42:01,958 -- [32m ====== Epoch 3 Summary ====== [0m
2026-04-05 17:42:01,958 -- Training Loss: 0.1891
2026-04-05 17:42:01,958 -- Validation Loss: 8.0856
2026-04-05 17:42:01,981 -- 
2026-04-05 17:42:01,981 -- [32m ====== Epoch 4/4 (Round 1) ====== [0m
2026-04-05 17:42:01,981 -- Learning rate: 0.000094
2026-04-05 17:42:01,981 -- 
2026-04-05 17:42:02,035 -- Step [1/2166] | Batch loss: 0.1346
2026-04-05 17:42:02,239 -- Step [100/2166] | Batch loss: 0.1056
2026-04-05 17:42:02,445 -- Step [200/2166] | Batch loss: 0.1215
2026-04-05 17:42:02,644 -- Step [300/2166] | Batch loss: 0.0757
2026-04-05 17:42:02,859 -- Step [400/2166] | Batch loss: 0.2561
2026-04-05 17:42:03,064 -- Step [500/2166] | Batch loss: 0.0769
2026-04-05 17:42:03,264 -- Step [600/2166] | Batch loss: 0.1049
2026-04-05 17:42:03,467 -- Step [700/2166] | Batch loss: 0.1759
2026-04-05 17:42:03,666 -- Step [800/2166] | Batch loss: 0.0654
2026-04-05 17:42:03,870 -- Step [900/2166] | Batch loss: 0.1463
2026-04-05 17:42:04,069 -- Step [1000/2166] | Batch loss: 0.1243
2026-04-05 17:42:04,262 -- Step [1100/2166] | Batch loss: 0.1243
2026-04-05 17:42:04,454 -- Step [1200/2166] | Batch loss: 0.1812
2026-04-05 17:42:04,642 -- Step [1300/2166] | Batch loss: 0.2535
2026-04-05 17:42:04,836 -- Step [1400/2166] | Batch loss: 0.1803
2026-04-05 17:42:05,034 -- Step [1500/2166] | Batch loss: 0.0761
2026-04-05 17:42:05,235 -- Step [1600/2166] | Batch loss: 0.2384
2026-04-05 17:42:05,441 -- Step [1700/2166] | Batch loss: 0.1311
2026-04-05 17:42:05,640 -- Step [1800/2166] | Batch loss: 0.1259
2026-04-05 17:42:05,843 -- Step [1900/2166] | Batch loss: 0.1612
2026-04-05 17:42:06,046 -- Step [2000/2166] | Batch loss: 0.0817
2026-04-05 17:42:06,247 -- Step [2100/2166] | Batch loss: 0.0527
2026-04-05 17:42:06,412 -- 
2026-04-05 17:42:06,412 -- Training epoch completed. Validating...
2026-04-05 17:42:09,770 -- 
2026-04-05 17:42:09,770 -- [32m ====== Epoch 4 Summary ====== [0m
2026-04-05 17:42:09,770 -- Training Loss: 0.1362
2026-04-05 17:42:09,770 -- Validation Loss: 9.7784
2026-04-05 17:42:10,335 -- 
2026-04-05 17:42:10,335 -- [32m ====== Pseudo-labeling result ====== [0m
2026-04-05 17:42:10,335 -- Confidence threshold: 0.99
2026-04-05 17:42:10,335 -- Pseudo-labeling ratio: 85.20%
2026-04-05 17:42:10,335 -- Total labeled samples: 329867
2026-04-05 17:42:10,335 -- Remaining unlabeled samples: 9143
2026-04-05 17:42:10,335 -- 
2026-04-05 17:42:10,335 -- [33m Self-training round [2/3] [0m
2026-04-05 17:42:10,335 -- 
2026-04-05 17:42:10,335 -- [32m ====== Epoch 1/4 (Round 2) ====== [0m
2026-04-05 17:42:10,335 -- Learning rate: 0.000092
2026-04-05 17:42:10,335 -- 
2026-04-05 17:42:10,404 -- Step [1/2578] | Batch loss: 0.8672
2026-04-05 17:42:10,605 -- Step [100/2578] | Batch loss: 0.1509
2026-04-05 17:42:10,809 -- Step [200/2578] | Batch loss: 0.5287
2026-04-05 17:42:11,018 -- Step [300/2578] | Batch loss: 0.1189
2026-04-05 17:42:11,221 -- Step [400/2578] | Batch loss: 0.1315
2026-04-05 17:42:11,424 -- Step [500/2578] | Batch loss: 0.0670
2026-04-05 17:42:11,624 -- Step [600/2578] | Batch loss: 0.0556
2026-04-05 17:42:11,832 -- Step [700/2578] | Batch loss: 0.1474
2026-04-05 17:42:12,028 -- Step [800/2578] | Batch loss: 0.0547
2026-04-05 17:42:12,214 -- Step [900/2578] | Batch loss: 0.1335
2026-04-05 17:42:12,409 -- Step [1000/2578] | Batch loss: 0.1053
2026-04-05 17:42:12,602 -- Step [1100/2578] | Batch loss: 0.0803
2026-04-05 17:42:12,793 -- Step [1200/2578] | Batch loss: 0.1046
2026-04-05 17:42:12,985 -- Step [1300/2578] | Batch loss: 0.0879
2026-04-05 17:42:13,203 -- Step [1400/2578] | Batch loss: 0.0841
2026-04-05 17:42:13,411 -- Step [1500/2578] | Batch loss: 0.1811
2026-04-05 17:42:13,611 -- Step [1600/2578] | Batch loss: 0.0690
2026-04-05 17:42:13,806 -- Step [1700/2578] | Batch loss: 0.2126
2026-04-05 17:42:14,003 -- Step [1800/2578] | Batch loss: 0.0970
2026-04-05 17:42:14,204 -- Step [1900/2578] | Batch loss: 0.1372
2026-04-05 17:42:14,401 -- Step [2000/2578] | Batch loss: 0.0857
2026-04-05 17:42:14,596 -- Step [2100/2578] | Batch loss: 0.0548
2026-04-05 17:42:14,804 -- Step [2200/2578] | Batch loss: 0.0667
2026-04-05 17:42:15,005 -- Step [2300/2578] | Batch loss: 0.1379
2026-04-05 17:42:15,219 -- Step [2400/2578] | Batch loss: 0.0331
2026-04-05 17:42:15,414 -- Step [2500/2578] | Batch loss: 0.0929
2026-04-05 17:42:15,615 -- 
2026-04-05 17:42:15,615 -- Training epoch completed. Validating...
2026-04-05 17:42:18,957 -- 
2026-04-05 17:42:18,958 -- [32m ====== Epoch 5 Summary ====== [0m
2026-04-05 17:42:18,958 -- Training Loss: 0.1195
2026-04-05 17:42:18,958 -- Validation Loss: 13.2536
2026-04-05 17:42:18,981 -- 
2026-04-05 17:42:18,981 -- [32m ====== Epoch 2/4 (Round 2) ====== [0m
2026-04-05 17:42:18,981 -- Learning rate: 0.000090
2026-04-05 17:42:18,981 -- 
2026-04-05 17:42:19,043 -- Step [1/2578] | Batch loss: 0.0514
2026-04-05 17:42:19,252 -- Step [100/2578] | Batch loss: 0.0727
2026-04-05 17:42:19,454 -- Step [200/2578] | Batch loss: 0.0669
2026-04-05 17:42:19,649 -- Step [300/2578] | Batch loss: 0.0412
2026-04-05 17:42:19,847 -- Step [400/2578] | Batch loss: 0.0292
2026-04-05 17:42:20,072 -- Step [500/2578] | Batch loss: 0.1241
2026-04-05 17:42:20,277 -- Step [600/2578] | Batch loss: 0.0810
2026-04-05 17:42:20,484 -- Step [700/2578] | Batch loss: 0.1314
2026-04-05 17:42:20,677 -- Step [800/2578] | Batch loss: 0.0501
2026-04-05 17:42:20,881 -- Step [900/2578] | Batch loss: 0.0532
2026-04-05 17:42:21,076 -- Step [1000/2578] | Batch loss: 0.0693
2026-04-05 17:42:21,273 -- Step [1100/2578] | Batch loss: 0.0497
2026-04-05 17:42:21,478 -- Step [1200/2578] | Batch loss: 0.1321
2026-04-05 17:42:21,675 -- Step [1300/2578] | Batch loss: 0.1803
2026-04-05 17:42:21,886 -- Step [1400/2578] | Batch loss: 0.0943
2026-04-05 17:42:22,096 -- Step [1500/2578] | Batch loss: 0.0578
2026-04-05 17:42:22,299 -- Step [1600/2578] | Batch loss: 0.0512
2026-04-05 17:42:22,501 -- Step [1700/2578] | Batch loss: 0.0509
2026-04-05 17:42:22,699 -- Step [1800/2578] | Batch loss: 0.0723
2026-04-05 17:42:22,909 -- Step [1900/2578] | Batch loss: 0.0403
2026-04-05 17:42:23,123 -- Step [2000/2578] | Batch loss: 0.0235
2026-04-05 17:42:23,325 -- Step [2100/2578] | Batch loss: 0.0519
2026-04-05 17:42:23,533 -- Step [2200/2578] | Batch loss: 0.0482
2026-04-05 17:42:23,733 -- Step [2300/2578] | Batch loss: 0.0561
2026-04-05 17:42:23,925 -- Step [2400/2578] | Batch loss: 0.0656
2026-04-05 17:42:24,123 -- Step [2500/2578] | Batch loss: 0.0800
2026-04-05 17:42:24,308 -- 
2026-04-05 17:42:24,308 -- Training epoch completed. Validating...
2026-04-05 17:42:27,653 -- 
2026-04-05 17:42:27,653 -- [32m ====== Epoch 6 Summary ====== [0m
2026-04-05 17:42:27,653 -- Training Loss: 0.0846
2026-04-05 17:42:27,653 -- Validation Loss: 14.8266
2026-04-05 17:42:27,677 -- 
2026-04-05 17:42:27,677 -- [32m ====== Epoch 3/4 (Round 2) ====== [0m
2026-04-05 17:42:27,677 -- Learning rate: 0.000089
2026-04-05 17:42:27,677 -- 
2026-04-05 17:42:27,744 -- Step [1/2578] | Batch loss: 0.0790
2026-04-05 17:42:27,949 -- Step [100/2578] | Batch loss: 0.0609
2026-04-05 17:42:28,150 -- Step [200/2578] | Batch loss: 0.1470
2026-04-05 17:42:28,350 -- Step [300/2578] | Batch loss: 0.1426
2026-04-05 17:42:28,545 -- Step [400/2578] | Batch loss: 0.0927
2026-04-05 17:42:28,742 -- Step [500/2578] | Batch loss: 0.0572
2026-04-05 17:42:28,934 -- Step [600/2578] | Batch loss: 0.0448
2026-04-05 17:42:29,135 -- Step [700/2578] | Batch loss: 0.0514
2026-04-05 17:42:29,331 -- Step [800/2578] | Batch loss: 0.0449
2026-04-05 17:42:29,526 -- Step [900/2578] | Batch loss: 0.0849
2026-04-05 17:42:29,728 -- Step [1000/2578] | Batch loss: 0.0167
2026-04-05 17:42:29,929 -- Step [1100/2578] | Batch loss: 0.0643
2026-04-05 17:42:30,124 -- Step [1200/2578] | Batch loss: 0.1379
2026-04-05 17:42:30,331 -- Step [1300/2578] | Batch loss: 0.1364
2026-04-05 17:42:30,529 -- Step [1400/2578] | Batch loss: 0.0671
2026-04-05 17:42:30,720 -- Step [1500/2578] | Batch loss: 0.0485
2026-04-05 17:42:30,914 -- Step [1600/2578] | Batch loss: 0.0687
2026-04-05 17:42:31,107 -- Step [1700/2578] | Batch loss: 0.0559
2026-04-05 17:42:31,297 -- Step [1800/2578] | Batch loss: 0.0552
2026-04-05 17:42:31,484 -- Step [1900/2578] | Batch loss: 0.0637
2026-04-05 17:42:31,673 -- Step [2000/2578] | Batch loss: 0.0162
2026-04-05 17:42:31,859 -- Step [2100/2578] | Batch loss: 0.1063
2026-04-05 17:42:32,070 -- Step [2200/2578] | Batch loss: 0.0636
2026-04-05 17:42:32,274 -- Step [2300/2578] | Batch loss: 0.0331
2026-04-05 17:42:32,515 -- Step [2400/2578] | Batch loss: 0.0565
2026-04-05 17:42:32,718 -- Step [2500/2578] | Batch loss: 0.1029
2026-04-05 17:42:32,901 -- 
2026-04-05 17:42:32,901 -- Training epoch completed. Validating...
2026-04-05 17:42:36,245 -- 
2026-04-05 17:42:36,245 -- [32m ====== Epoch 7 Summary ====== [0m
2026-04-05 17:42:36,245 -- Training Loss: 0.0679
2026-04-05 17:42:36,245 -- Validation Loss: 16.1067
2026-04-05 17:42:36,270 -- 
2026-04-05 17:42:36,270 -- [32m ====== Epoch 4/4 (Round 2) ====== [0m
2026-04-05 17:42:36,270 -- Learning rate: 0.000087
2026-04-05 17:42:36,271 -- 
2026-04-05 17:42:36,344 -- Step [1/2578] | Batch loss: 0.0318
2026-04-05 17:42:36,547 -- Step [100/2578] | Batch loss: 0.0700
2026-04-05 17:42:36,750 -- Step [200/2578] | Batch loss: 0.0670
2026-04-05 17:42:36,949 -- Step [300/2578] | Batch loss: 0.0870
2026-04-05 17:42:37,140 -- Step [400/2578] | Batch loss: 0.0973
2026-04-05 17:42:37,342 -- Step [500/2578] | Batch loss: 0.0651
2026-04-05 17:42:37,547 -- Step [600/2578] | Batch loss: 0.0172
2026-04-05 17:42:37,756 -- Step [700/2578] | Batch loss: 0.0631
2026-04-05 17:42:37,953 -- Step [800/2578] | Batch loss: 0.0566
2026-04-05 17:42:38,154 -- Step [900/2578] | Batch loss: 0.0384
2026-04-05 17:42:38,352 -- Step [1000/2578] | Batch loss: 0.0547
2026-04-05 17:42:38,549 -- Step [1100/2578] | Batch loss: 0.0180
2026-04-05 17:42:38,749 -- Step [1200/2578] | Batch loss: 0.1043
2026-04-05 17:42:38,951 -- Step [1300/2578] | Batch loss: 0.0275
2026-04-05 17:42:39,154 -- Step [1400/2578] | Batch loss: 0.0410
2026-04-05 17:42:39,357 -- Step [1500/2578] | Batch loss: 0.0729
2026-04-05 17:42:39,558 -- Step [1600/2578] | Batch loss: 0.0443
2026-04-05 17:42:39,758 -- Step [1700/2578] | Batch loss: 0.0444
2026-04-05 17:42:39,959 -- Step [1800/2578] | Batch loss: 0.0264
2026-04-05 17:42:40,172 -- Step [1900/2578] | Batch loss: 0.0255
2026-04-05 17:42:40,395 -- Step [2000/2578] | Batch loss: 0.0463
2026-04-05 17:42:40,595 -- Step [2100/2578] | Batch loss: 0.0164
2026-04-05 17:42:40,792 -- Step [2200/2578] | Batch loss: 0.0189
2026-04-05 17:42:40,983 -- Step [2300/2578] | Batch loss: 0.1181
2026-04-05 17:42:41,189 -- Step [2400/2578] | Batch loss: 0.0592
2026-04-05 17:42:41,386 -- Step [2500/2578] | Batch loss: 0.0637
2026-04-05 17:42:41,571 -- 
2026-04-05 17:42:41,571 -- Training epoch completed. Validating...
2026-04-05 17:42:44,871 -- 
2026-04-05 17:42:44,871 -- [32m ====== Epoch 8 Summary ====== [0m
2026-04-05 17:42:44,871 -- Training Loss: 0.0587
2026-04-05 17:42:44,871 -- Validation Loss: 17.4374
2026-04-05 17:42:45,038 -- 
2026-04-05 17:42:45,038 -- [32m ====== Pseudo-labeling result ====== [0m
2026-04-05 17:42:45,038 -- Confidence threshold: 0.99
2026-04-05 17:42:45,038 -- Pseudo-labeling ratio: 60.45%
2026-04-05 17:42:45,038 -- Total labeled samples: 335394
2026-04-05 17:42:45,038 -- Remaining unlabeled samples: 3616
2026-04-05 17:42:45,038 -- 
2026-04-05 17:42:45,038 -- [33m Self-training round [3/3] [0m
2026-04-05 17:42:45,038 -- 
2026-04-05 17:42:45,038 -- [32m ====== Epoch 1/4 (Round 3) ====== [0m
2026-04-05 17:42:45,038 -- Learning rate: 0.000085
2026-04-05 17:42:45,038 -- 
2026-04-05 17:42:45,097 -- Step [1/2621] | Batch loss: 0.0313
2026-04-05 17:42:45,302 -- Step [100/2621] | Batch loss: 0.1235
2026-04-05 17:42:45,507 -- Step [200/2621] | Batch loss: 0.0148
2026-04-05 17:42:45,719 -- Step [300/2621] | Batch loss: 0.0208
2026-04-05 17:42:45,944 -- Step [400/2621] | Batch loss: 0.0620
2026-04-05 17:42:46,137 -- Step [500/2621] | Batch loss: 0.2326
2026-04-05 17:42:46,332 -- Step [600/2621] | Batch loss: 0.0677
2026-04-05 17:42:46,547 -- Step [700/2621] | Batch loss: 0.0533
2026-04-05 17:42:46,752 -- Step [800/2621] | Batch loss: 0.0833
2026-04-05 17:42:46,952 -- Step [900/2621] | Batch loss: 0.0287
2026-04-05 17:42:47,154 -- Step [1000/2621] | Batch loss: 0.0908
2026-04-05 17:42:47,360 -- Step [1100/2621] | Batch loss: 0.0478
2026-04-05 17:42:47,557 -- Step [1200/2621] | Batch loss: 0.0447
2026-04-05 17:42:47,753 -- Step [1300/2621] | Batch loss: 0.0975
2026-04-05 17:42:47,962 -- Step [1400/2621] | Batch loss: 0.2876
2026-04-05 17:42:48,167 -- Step [1500/2621] | Batch loss: 0.0588
2026-04-05 17:42:48,368 -- Step [1600/2621] | Batch loss: 0.0449
2026-04-05 17:42:48,579 -- Step [1700/2621] | Batch loss: 0.0467
2026-04-05 17:42:48,772 -- Step [1800/2621] | Batch loss: 0.1097
2026-04-05 17:42:48,981 -- Step [1900/2621] | Batch loss: 0.0245
2026-04-05 17:42:49,187 -- Step [2000/2621] | Batch loss: 0.0202
2026-04-05 17:42:49,395 -- Step [2100/2621] | Batch loss: 0.0800
2026-04-05 17:42:49,583 -- Step [2200/2621] | Batch loss: 0.0298
2026-04-05 17:42:49,788 -- Step [2300/2621] | Batch loss: 0.1007
2026-04-05 17:42:49,995 -- Step [2400/2621] | Batch loss: 0.0262
2026-04-05 17:42:50,206 -- Step [2500/2621] | Batch loss: 0.0268
2026-04-05 17:42:50,410 -- Step [2600/2621] | Batch loss: 0.0376
2026-04-05 17:42:50,488 -- 
2026-04-05 17:42:50,488 -- Training epoch completed. Validating...
2026-04-05 17:42:53,830 -- 
2026-04-05 17:42:53,830 -- [32m ====== Epoch 9 Summary ====== [0m
2026-04-05 17:42:53,830 -- Training Loss: 0.0567
2026-04-05 17:42:53,830 -- Validation Loss: 17.7262
2026-04-05 17:42:53,853 -- 
2026-04-05 17:42:53,853 -- [32m ====== Epoch 2/4 (Round 3) ====== [0m
2026-04-05 17:42:53,853 -- Learning rate: 0.000083
2026-04-05 17:42:53,853 -- 
2026-04-05 17:42:53,912 -- Step [1/2621] | Batch loss: 0.0313
2026-04-05 17:42:54,126 -- Step [100/2621] | Batch loss: 0.0253
2026-04-05 17:42:54,331 -- Step [200/2621] | Batch loss: 0.0531
2026-04-05 17:42:54,536 -- Step [300/2621] | Batch loss: 0.0518
2026-04-05 17:42:54,739 -- Step [400/2621] | Batch loss: 0.0567
2026-04-05 17:42:54,947 -- Step [500/2621] | Batch loss: 0.0348
2026-04-05 17:42:55,150 -- Step [600/2621] | Batch loss: 0.0369
2026-04-05 17:42:55,359 -- Step [700/2621] | Batch loss: 0.0283
2026-04-05 17:42:55,561 -- Step [800/2621] | Batch loss: 0.0338
2026-04-05 17:42:55,761 -- Step [900/2621] | Batch loss: 0.0111
2026-04-05 17:42:55,958 -- Step [1000/2621] | Batch loss: 0.2373
2026-04-05 17:42:56,167 -- Step [1100/2621] | Batch loss: 0.1014
2026-04-05 17:42:56,369 -- Step [1200/2621] | Batch loss: 0.0332
2026-04-05 17:42:56,567 -- Step [1300/2621] | Batch loss: 0.0144
2026-04-05 17:42:56,758 -- Step [1400/2621] | Batch loss: 0.1241
2026-04-05 17:42:56,961 -- Step [1500/2621] | Batch loss: 0.0554
2026-04-05 17:42:57,161 -- Step [1600/2621] | Batch loss: 0.0628
2026-04-05 17:42:57,357 -- Step [1700/2621] | Batch loss: 0.0729
2026-04-05 17:42:57,558 -- Step [1800/2621] | Batch loss: 0.0838
2026-04-05 17:42:57,772 -- Step [1900/2621] | Batch loss: 0.0404
2026-04-05 17:42:57,962 -- Step [2000/2621] | Batch loss: 0.0139
2026-04-05 17:42:58,161 -- Step [2100/2621] | Batch loss: 0.0691
2026-04-05 17:42:58,362 -- Step [2200/2621] | Batch loss: 0.0402
2026-04-05 17:42:58,583 -- Step [2300/2621] | Batch loss: 0.0706
2026-04-05 17:42:58,784 -- Step [2400/2621] | Batch loss: 0.0344
2026-04-05 17:42:58,981 -- Step [2500/2621] | Batch loss: 0.0197
2026-04-05 17:42:59,176 -- Step [2600/2621] | Batch loss: 0.0550
2026-04-05 17:42:59,247 -- 
2026-04-05 17:42:59,247 -- Training epoch completed. Validating...
2026-04-05 17:43:02,693 -- 
2026-04-05 17:43:02,693 -- [32m ====== Epoch 10 Summary ====== [0m
2026-04-05 17:43:02,693 -- Training Loss: 0.0511
2026-04-05 17:43:02,693 -- Validation Loss: 19.9577
2026-04-05 17:43:02,717 -- 
2026-04-05 17:43:02,717 -- [32m ====== Epoch 3/4 (Round 3) ====== [0m
2026-04-05 17:43:02,717 -- Learning rate: 0.000082
2026-04-05 17:43:02,717 -- 
2026-04-05 17:43:02,779 -- Step [1/2621] | Batch loss: 0.0279
2026-04-05 17:43:02,984 -- Step [100/2621] | Batch loss: 0.0486
2026-04-05 17:43:03,194 -- Step [200/2621] | Batch loss: 0.0254
2026-04-05 17:43:03,385 -- Step [300/2621] | Batch loss: 0.0119
2026-04-05 17:43:03,580 -- Step [400/2621] | Batch loss: 0.0234
2026-04-05 17:43:03,780 -- Step [500/2621] | Batch loss: 0.0401
2026-04-05 17:43:03,993 -- Step [600/2621] | Batch loss: 0.0618
2026-04-05 17:43:04,209 -- Step [700/2621] | Batch loss: 0.0456
2026-04-05 17:43:04,421 -- Step [800/2621] | Batch loss: 0.0200
2026-04-05 17:43:04,619 -- Step [900/2621] | Batch loss: 0.0592
2026-04-05 17:43:04,820 -- Step [1000/2621] | Batch loss: 0.0224
2026-04-05 17:43:05,030 -- Step [1100/2621] | Batch loss: 0.0158
2026-04-05 17:43:05,227 -- Step [1200/2621] | Batch loss: 0.0282
2026-04-05 17:43:05,450 -- Step [1300/2621] | Batch loss: 0.0103
2026-04-05 17:43:05,652 -- Step [1400/2621] | Batch loss: 0.0103
2026-04-05 17:43:05,848 -- Step [1500/2621] | Batch loss: 0.0207
2026-04-05 17:43:06,041 -- Step [1600/2621] | Batch loss: 0.1797
2026-04-05 17:43:06,232 -- Step [1700/2621] | Batch loss: 0.0954
2026-04-05 17:43:06,424 -- Step [1800/2621] | Batch loss: 0.0815
2026-04-05 17:43:06,612 -- Step [1900/2621] | Batch loss: 0.0853
2026-04-05 17:43:06,805 -- Step [2000/2621] | Batch loss: 0.0845
2026-04-05 17:43:07,003 -- Step [2100/2621] | Batch loss: 0.0597
2026-04-05 17:43:07,202 -- Step [2200/2621] | Batch loss: 0.0245
2026-04-05 17:43:07,393 -- Step [2300/2621] | Batch loss: 0.0415
2026-04-05 17:43:07,589 -- Step [2400/2621] | Batch loss: 0.0254
2026-04-05 17:43:07,786 -- Step [2500/2621] | Batch loss: 0.0700
2026-04-05 17:43:07,987 -- Step [2600/2621] | Batch loss: 0.0233
2026-04-05 17:43:08,065 -- 
2026-04-05 17:43:08,065 -- Training epoch completed. Validating...
2026-04-05 17:43:11,413 -- 
2026-04-05 17:43:11,413 -- [32m ====== Epoch 11 Summary ====== [0m
2026-04-05 17:43:11,413 -- Training Loss: 0.0468
2026-04-05 17:43:11,413 -- Validation Loss: 20.2214
2026-04-05 17:43:11,436 -- 
2026-04-05 17:43:11,436 -- [32m ====== Epoch 4/4 (Round 3) ====== [0m
2026-04-05 17:43:11,436 -- Learning rate: 0.000080
2026-04-05 17:43:11,436 -- 
2026-04-05 17:43:11,500 -- Step [1/2621] | Batch loss: 0.0245
2026-04-05 17:43:11,702 -- Step [100/2621] | Batch loss: 0.0147
2026-04-05 17:43:11,910 -- Step [200/2621] | Batch loss: 0.0568
2026-04-05 17:43:12,106 -- Step [300/2621] | Batch loss: 0.0258
2026-04-05 17:43:12,316 -- Step [400/2621] | Batch loss: 0.0273
2026-04-05 17:43:12,528 -- Step [500/2621] | Batch loss: 0.0203
2026-04-05 17:43:12,730 -- Step [600/2621] | Batch loss: 0.0174
2026-04-05 17:43:12,932 -- Step [700/2621] | Batch loss: 0.0489
2026-04-05 17:43:13,139 -- Step [800/2621] | Batch loss: 0.0203
2026-04-05 17:43:13,337 -- Step [900/2621] | Batch loss: 0.0445
2026-04-05 17:43:13,546 -- Step [1000/2621] | Batch loss: 0.0257
2026-04-05 17:43:13,746 -- Step [1100/2621] | Batch loss: 0.0472
2026-04-05 17:43:13,963 -- Step [1200/2621] | Batch loss: 0.0565
2026-04-05 17:43:14,161 -- Step [1300/2621] | Batch loss: 0.0188
2026-04-05 17:43:14,361 -- Step [1400/2621] | Batch loss: 0.1534
2026-04-05 17:43:14,558 -- Step [1500/2621] | Batch loss: 0.1093
2026-04-05 17:43:14,751 -- Step [1600/2621] | Batch loss: 0.0180
2026-04-05 17:43:14,947 -- Step [1700/2621] | Batch loss: 0.2107
2026-04-05 17:43:15,145 -- Step [1800/2621] | Batch loss: 0.2629
2026-04-05 17:43:15,343 -- Step [1900/2621] | Batch loss: 0.0182
2026-04-05 17:43:15,548 -- Step [2000/2621] | Batch loss: 0.0183
2026-04-05 17:43:15,745 -- Step [2100/2621] | Batch loss: 0.0166
2026-04-05 17:43:15,948 -- Step [2200/2621] | Batch loss: 0.0325
2026-04-05 17:43:16,153 -- Step [2300/2621] | Batch loss: 0.0438
2026-04-05 17:43:16,364 -- Step [2400/2621] | Batch loss: 0.0126
2026-04-05 17:43:16,565 -- Step [2500/2621] | Batch loss: 0.0143
2026-04-05 17:43:16,766 -- Step [2600/2621] | Batch loss: 0.1010
2026-04-05 17:43:16,837 -- 
2026-04-05 17:43:16,837 -- Training epoch completed. Validating...
2026-04-05 17:43:20,167 -- 
2026-04-05 17:43:20,167 -- [32m ====== Epoch 12 Summary ====== [0m
2026-04-05 17:43:20,167 -- Training Loss: 0.0433
2026-04-05 17:43:20,167 -- Validation Loss: 21.1948
2026-04-05 17:43:20,289 -- 
2026-04-05 17:43:20,289 -- [32m ====== Pseudo-labeling result ====== [0m
2026-04-05 17:43:20,289 -- Confidence threshold: 0.99
2026-04-05 17:43:20,289 -- Pseudo-labeling ratio: 16.07%
2026-04-05 17:43:20,289 -- Total labeled samples: 335975
2026-04-05 17:43:20,289 -- Remaining unlabeled samples: 3035
2026-04-05 17:43:20,289 -- 
