2026-04-03 16:39:22,904 -- [33m Self-training round [1/3] [0m
2026-04-03 16:39:22,904 -- 
2026-04-03 16:39:22,904 -- [32m ====== Epoch 1/4 (Round 1) ====== [0m
2026-04-03 16:39:22,904 -- Learning rate: 0.000500
2026-04-03 16:39:22,904 -- 
2026-04-03 16:39:23,095 -- Step [1/2166] | Batch loss: 1.3821
2026-04-03 16:39:23,295 -- Step [100/2166] | Batch loss: 0.7697
2026-04-03 16:39:23,493 -- Step [200/2166] | Batch loss: 0.6472
2026-04-03 16:39:23,687 -- Step [300/2166] | Batch loss: 0.6245
2026-04-03 16:39:23,874 -- Step [400/2166] | Batch loss: 0.5501
2026-04-03 16:39:24,062 -- Step [500/2166] | Batch loss: 0.5802
2026-04-03 16:39:24,262 -- Step [600/2166] | Batch loss: 0.3487
2026-04-03 16:39:24,448 -- Step [700/2166] | Batch loss: 0.3687
2026-04-03 16:39:24,650 -- Step [800/2166] | Batch loss: 0.3131
2026-04-03 16:39:24,838 -- Step [900/2166] | Batch loss: 0.1937
2026-04-03 16:39:25,028 -- Step [1000/2166] | Batch loss: 0.1828
2026-04-03 16:39:25,209 -- Step [1100/2166] | Batch loss: 0.2415
2026-04-03 16:39:25,394 -- Step [1200/2166] | Batch loss: 0.1753
2026-04-03 16:39:25,598 -- Step [1300/2166] | Batch loss: 0.1175
2026-04-03 16:39:25,794 -- Step [1400/2166] | Batch loss: 0.0930
2026-04-03 16:39:25,990 -- Step [1500/2166] | Batch loss: 0.0631
2026-04-03 16:39:26,166 -- Step [1600/2166] | Batch loss: 0.1395
2026-04-03 16:39:26,347 -- Step [1700/2166] | Batch loss: 0.0769
2026-04-03 16:39:26,559 -- Step [1800/2166] | Batch loss: 0.0487
2026-04-03 16:39:26,771 -- Step [1900/2166] | Batch loss: 0.0718
2026-04-03 16:39:26,964 -- Step [2000/2166] | Batch loss: 0.0273
2026-04-03 16:39:27,158 -- Step [2100/2166] | Batch loss: 0.0448
2026-04-03 16:39:27,326 -- 
2026-04-03 16:39:27,326 -- Training epoch completed. Validating...
2026-04-03 16:39:30,231 -- 
2026-04-03 16:39:30,231 -- [32m ====== Epoch 1 Summary ====== [0m
2026-04-03 16:39:30,231 -- Training Loss: 0.3018
2026-04-03 16:39:30,231 -- Validation Loss: 11.5946
2026-04-03 16:39:30,303 -- [33m✓ New best model saved with validation loss: 11.5946 [0m
2026-04-03 16:39:30,303 -- 
2026-04-03 16:39:30,303 -- [32m ====== Epoch 2/4 (Round 1) ====== [0m
2026-04-03 16:39:30,303 -- Learning rate: 0.000490
2026-04-03 16:39:30,303 -- 
2026-04-03 16:39:30,367 -- Step [1/2166] | Batch loss: 0.1972
2026-04-03 16:39:30,602 -- Step [100/2166] | Batch loss: 0.1014
2026-04-03 16:39:30,791 -- Step [200/2166] | Batch loss: 0.0389
2026-04-03 16:39:30,985 -- Step [300/2166] | Batch loss: 0.0615
2026-04-03 16:39:31,163 -- Step [400/2166] | Batch loss: 0.0459
2026-04-03 16:39:31,344 -- Step [500/2166] | Batch loss: 0.0239
2026-04-03 16:39:31,539 -- Step [600/2166] | Batch loss: 0.0998
2026-04-03 16:39:31,720 -- Step [700/2166] | Batch loss: 0.0501
2026-04-03 16:39:31,910 -- Step [800/2166] | Batch loss: 0.0116
2026-04-03 16:39:32,103 -- Step [900/2166] | Batch loss: 0.1365
2026-04-03 16:39:32,300 -- Step [1000/2166] | Batch loss: 0.0205
2026-04-03 16:39:32,486 -- Step [1100/2166] | Batch loss: 0.0300
2026-04-03 16:39:32,668 -- Step [1200/2166] | Batch loss: 0.0208
2026-04-03 16:39:32,847 -- Step [1300/2166] | Batch loss: 0.0193
2026-04-03 16:39:33,031 -- Step [1400/2166] | Batch loss: 0.0117
2026-04-03 16:39:33,214 -- Step [1500/2166] | Batch loss: 0.0233
2026-04-03 16:39:33,404 -- Step [1600/2166] | Batch loss: 0.0259
2026-04-03 16:39:33,593 -- Step [1700/2166] | Batch loss: 0.0149
2026-04-03 16:39:33,781 -- Step [1800/2166] | Batch loss: 0.0194
2026-04-03 16:39:33,970 -- Step [1900/2166] | Batch loss: 0.0319
2026-04-03 16:39:34,168 -- Step [2000/2166] | Batch loss: 0.0106
2026-04-03 16:39:34,364 -- Step [2100/2166] | Batch loss: 0.0135
2026-04-03 16:39:34,517 -- 
2026-04-03 16:39:34,517 -- Training epoch completed. Validating...
2026-04-03 16:39:37,361 -- 
2026-04-03 16:39:37,361 -- [32m ====== Epoch 2 Summary ====== [0m
2026-04-03 16:39:37,361 -- Training Loss: 0.0459
2026-04-03 16:39:37,361 -- Validation Loss: 16.2765
2026-04-03 16:39:37,386 -- 
2026-04-03 16:39:37,386 -- [32m ====== Epoch 3/4 (Round 1) ====== [0m
2026-04-03 16:39:37,386 -- Learning rate: 0.000480
2026-04-03 16:39:37,386 -- 
2026-04-03 16:39:37,459 -- Step [1/2166] | Batch loss: 0.0391
2026-04-03 16:39:37,663 -- Step [100/2166] | Batch loss: 0.0383
2026-04-03 16:39:37,859 -- Step [200/2166] | Batch loss: 0.1373
2026-04-03 16:39:38,051 -- Step [300/2166] | Batch loss: 0.0139
2026-04-03 16:39:38,247 -- Step [400/2166] | Batch loss: 0.0413
2026-04-03 16:39:38,426 -- Step [500/2166] | Batch loss: 0.0082
2026-04-03 16:39:38,621 -- Step [600/2166] | Batch loss: 0.0039
2026-04-03 16:39:38,815 -- Step [700/2166] | Batch loss: 0.0699
2026-04-03 16:39:39,004 -- Step [800/2166] | Batch loss: 0.0037
2026-04-03 16:39:39,184 -- Step [900/2166] | Batch loss: 0.0160
2026-04-03 16:39:39,370 -- Step [1000/2166] | Batch loss: 0.0216
2026-04-03 16:39:39,554 -- Step [1100/2166] | Batch loss: 0.0639
2026-04-03 16:39:39,754 -- Step [1200/2166] | Batch loss: 0.0155
2026-04-03 16:39:39,950 -- Step [1300/2166] | Batch loss: 0.0088
2026-04-03 16:39:40,146 -- Step [1400/2166] | Batch loss: 0.0058
2026-04-03 16:39:40,329 -- Step [1500/2166] | Batch loss: 0.0040
2026-04-03 16:39:40,510 -- Step [1600/2166] | Batch loss: 0.0044
2026-04-03 16:39:40,706 -- Step [1700/2166] | Batch loss: 0.0034
2026-04-03 16:39:40,909 -- Step [1800/2166] | Batch loss: 0.0897
2026-04-03 16:39:41,096 -- Step [1900/2166] | Batch loss: 0.0610
2026-04-03 16:39:41,288 -- Step [2000/2166] | Batch loss: 0.0365
2026-04-03 16:39:41,484 -- Step [2100/2166] | Batch loss: 0.0096
2026-04-03 16:39:41,643 -- 
2026-04-03 16:39:41,643 -- Training epoch completed. Validating...
2026-04-03 16:39:44,513 -- 
2026-04-03 16:39:44,513 -- [32m ====== Epoch 3 Summary ====== [0m
2026-04-03 16:39:44,513 -- Training Loss: 0.0317
2026-04-03 16:39:44,513 -- Validation Loss: 19.5139
2026-04-03 16:39:44,536 -- 
2026-04-03 16:39:44,536 -- [32m ====== Epoch 4/4 (Round 1) ====== [0m
2026-04-03 16:39:44,536 -- Learning rate: 0.000471
2026-04-03 16:39:44,536 -- 
2026-04-03 16:39:44,598 -- Step [1/2166] | Batch loss: 0.0179
2026-04-03 16:39:44,823 -- Step [100/2166] | Batch loss: 0.0046
2026-04-03 16:39:45,014 -- Step [200/2166] | Batch loss: 0.0091
2026-04-03 16:39:45,204 -- Step [300/2166] | Batch loss: 0.0027
2026-04-03 16:39:45,393 -- Step [400/2166] | Batch loss: 0.0035
2026-04-03 16:39:45,595 -- Step [500/2166] | Batch loss: 0.0071
2026-04-03 16:39:45,796 -- Step [600/2166] | Batch loss: 0.0111
2026-04-03 16:39:45,989 -- Step [700/2166] | Batch loss: 0.0042
2026-04-03 16:39:46,175 -- Step [800/2166] | Batch loss: 0.0229
2026-04-03 16:39:46,360 -- Step [900/2166] | Batch loss: 0.0038
2026-04-03 16:39:46,563 -- Step [1000/2166] | Batch loss: 0.0044
2026-04-03 16:39:46,764 -- Step [1100/2166] | Batch loss: 0.1016
2026-04-03 16:39:46,958 -- Step [1200/2166] | Batch loss: 0.0411
2026-04-03 16:39:47,143 -- Step [1300/2166] | Batch loss: 0.0108
2026-04-03 16:39:47,348 -- Step [1400/2166] | Batch loss: 0.0057
2026-04-03 16:39:47,536 -- Step [1500/2166] | Batch loss: 0.0052
2026-04-03 16:39:47,735 -- Step [1600/2166] | Batch loss: 0.0018
2026-04-03 16:39:47,930 -- Step [1700/2166] | Batch loss: 0.0020
2026-04-03 16:39:48,125 -- Step [1800/2166] | Batch loss: 0.0153
2026-04-03 16:39:48,328 -- Step [1900/2166] | Batch loss: 0.3082
2026-04-03 16:39:48,509 -- Step [2000/2166] | Batch loss: 0.0310
2026-04-03 16:39:48,697 -- Step [2100/2166] | Batch loss: 0.0060
2026-04-03 16:39:48,844 -- 
2026-04-03 16:39:48,844 -- Training epoch completed. Validating...
2026-04-03 16:39:51,794 -- 
2026-04-03 16:39:51,794 -- [32m ====== Epoch 4 Summary ====== [0m
2026-04-03 16:39:51,794 -- Training Loss: 0.0269
2026-04-03 16:39:51,794 -- Validation Loss: 22.0680
2026-04-03 16:39:52,375 -- 
2026-04-03 16:39:52,375 -- [32m ====== Pseudo-labeling result ====== [0m
2026-04-03 16:39:52,375 -- Confidence threshold: 0.97
2026-04-03 16:39:52,375 -- Pseudo-labeling ratio: 93.53%
2026-04-03 16:39:52,375 -- Total labeled samples: 335012
2026-04-03 16:39:52,375 -- Remaining unlabeled samples: 3998
2026-04-03 16:39:52,375 -- 
2026-04-03 16:39:52,375 -- [33m Self-training round [2/3] [0m
2026-04-03 16:39:52,375 -- 
2026-04-03 16:39:52,375 -- [32m ====== Epoch 1/4 (Round 2) ====== [0m
2026-04-03 16:39:52,375 -- Learning rate: 0.000461
2026-04-03 16:39:52,375 -- 
2026-04-03 16:39:52,452 -- Step [1/2618] | Batch loss: 1.0113
2026-04-03 16:39:52,649 -- Step [100/2618] | Batch loss: 0.0120
2026-04-03 16:39:52,844 -- Step [200/2618] | Batch loss: 0.0054
2026-04-03 16:39:53,031 -- Step [300/2618] | Batch loss: 0.0043
2026-04-03 16:39:53,214 -- Step [400/2618] | Batch loss: 0.0146
2026-04-03 16:39:53,411 -- Step [500/2618] | Batch loss: 0.0366
2026-04-03 16:39:53,599 -- Step [600/2618] | Batch loss: 0.0166
2026-04-03 16:39:53,786 -- Step [700/2618] | Batch loss: 0.0802
2026-04-03 16:39:53,971 -- Step [800/2618] | Batch loss: 0.0262
2026-04-03 16:39:54,158 -- Step [900/2618] | Batch loss: 0.2377
2026-04-03 16:39:54,351 -- Step [1000/2618] | Batch loss: 0.0100
2026-04-03 16:39:54,536 -- Step [1100/2618] | Batch loss: 0.0114
2026-04-03 16:39:54,730 -- Step [1200/2618] | Batch loss: 0.0065
2026-04-03 16:39:54,915 -- Step [1300/2618] | Batch loss: 0.0053
2026-04-03 16:39:55,105 -- Step [1400/2618] | Batch loss: 0.0116
2026-04-03 16:39:55,288 -- Step [1500/2618] | Batch loss: 0.0079
2026-04-03 16:39:55,466 -- Step [1600/2618] | Batch loss: 0.0549
2026-04-03 16:39:55,659 -- Step [1700/2618] | Batch loss: 0.0729
2026-04-03 16:39:55,850 -- Step [1800/2618] | Batch loss: 0.0050
2026-04-03 16:39:56,046 -- Step [1900/2618] | Batch loss: 0.0145
2026-04-03 16:39:56,231 -- Step [2000/2618] | Batch loss: 0.0167
2026-04-03 16:39:56,420 -- Step [2100/2618] | Batch loss: 0.0644
2026-04-03 16:39:56,610 -- Step [2200/2618] | Batch loss: 0.0597
2026-04-03 16:39:56,798 -- Step [2300/2618] | Batch loss: 0.0256
2026-04-03 16:39:56,990 -- Step [2400/2618] | Batch loss: 0.0049
2026-04-03 16:39:57,188 -- Step [2500/2618] | Batch loss: 0.0058
2026-04-03 16:39:57,376 -- Step [2600/2618] | Batch loss: 0.0218
2026-04-03 16:39:57,444 -- 
2026-04-03 16:39:57,444 -- Training epoch completed. Validating...
2026-04-03 16:40:00,312 -- 
2026-04-03 16:40:00,313 -- [32m ====== Epoch 5 Summary ====== [0m
2026-04-03 16:40:00,313 -- Training Loss: 0.0413
2026-04-03 16:40:00,313 -- Validation Loss: 27.6342
2026-04-03 16:40:00,336 -- 
2026-04-03 16:40:00,336 -- [32m ====== Epoch 2/4 (Round 2) ====== [0m
2026-04-03 16:40:00,336 -- Learning rate: 0.000452
2026-04-03 16:40:00,336 -- 
2026-04-03 16:40:00,398 -- Step [1/2618] | Batch loss: 0.1184
2026-04-03 16:40:00,598 -- Step [100/2618] | Batch loss: 0.0108
2026-04-03 16:40:00,768 -- Step [200/2618] | Batch loss: 0.0706
2026-04-03 16:40:00,949 -- Step [300/2618] | Batch loss: 0.0027
2026-04-03 16:40:01,155 -- Step [400/2618] | Batch loss: 0.0065
2026-04-03 16:40:01,344 -- Step [500/2618] | Batch loss: 0.0022
2026-04-03 16:40:01,537 -- Step [600/2618] | Batch loss: 0.3717
2026-04-03 16:40:01,721 -- Step [700/2618] | Batch loss: 0.0027
2026-04-03 16:40:01,924 -- Step [800/2618] | Batch loss: 0.0260
2026-04-03 16:40:02,103 -- Step [900/2618] | Batch loss: 0.0036
2026-04-03 16:40:02,301 -- Step [1000/2618] | Batch loss: 0.0150
2026-04-03 16:40:02,494 -- Step [1100/2618] | Batch loss: 0.0131
2026-04-03 16:40:02,700 -- Step [1200/2618] | Batch loss: 0.0047
2026-04-03 16:40:02,898 -- Step [1300/2618] | Batch loss: 0.0935
2026-04-03 16:40:03,084 -- Step [1400/2618] | Batch loss: 0.0456
2026-04-03 16:40:03,293 -- Step [1500/2618] | Batch loss: 0.0397
2026-04-03 16:40:03,501 -- Step [1600/2618] | Batch loss: 0.0571
2026-04-03 16:40:03,685 -- Step [1700/2618] | Batch loss: 0.0409
2026-04-03 16:40:03,867 -- Step [1800/2618] | Batch loss: 0.0975
2026-04-03 16:40:04,059 -- Step [1900/2618] | Batch loss: 0.0016
2026-04-03 16:40:04,250 -- Step [2000/2618] | Batch loss: 0.0030
2026-04-03 16:40:04,442 -- Step [2100/2618] | Batch loss: 0.0041
2026-04-03 16:40:04,646 -- Step [2200/2618] | Batch loss: 0.0161
2026-04-03 16:40:04,847 -- Step [2300/2618] | Batch loss: 0.0197
2026-04-03 16:40:05,037 -- Step [2400/2618] | Batch loss: 0.0641
2026-04-03 16:40:05,227 -- Step [2500/2618] | Batch loss: 0.0240
2026-04-03 16:40:05,417 -- Step [2600/2618] | Batch loss: 0.0041
2026-04-03 16:40:05,487 -- 
2026-04-03 16:40:05,487 -- Training epoch completed. Validating...
2026-04-03 16:40:08,624 -- 
2026-04-03 16:40:08,624 -- [32m ====== Epoch 6 Summary ====== [0m
2026-04-03 16:40:08,624 -- Training Loss: 0.0279
2026-04-03 16:40:08,624 -- Validation Loss: 28.6000
2026-04-03 16:40:08,647 -- 
2026-04-03 16:40:08,648 -- [32m ====== Epoch 3/4 (Round 2) ====== [0m
2026-04-03 16:40:08,648 -- Learning rate: 0.000443
2026-04-03 16:40:08,648 -- 
2026-04-03 16:40:08,713 -- Step [1/2618] | Batch loss: 0.0022
2026-04-03 16:40:08,930 -- Step [100/2618] | Batch loss: 0.0115
2026-04-03 16:40:09,125 -- Step [200/2618] | Batch loss: 0.1068
2026-04-03 16:40:09,323 -- Step [300/2618] | Batch loss: 0.0443
2026-04-03 16:40:09,510 -- Step [400/2618] | Batch loss: 0.0210
2026-04-03 16:40:09,690 -- Step [500/2618] | Batch loss: 0.0173
2026-04-03 16:40:09,881 -- Step [600/2618] | Batch loss: 0.0044
2026-04-03 16:40:10,063 -- Step [700/2618] | Batch loss: 0.0065
2026-04-03 16:40:10,244 -- Step [800/2618] | Batch loss: 0.0118
2026-04-03 16:40:10,458 -- Step [900/2618] | Batch loss: 0.0089
2026-04-03 16:40:10,663 -- Step [1000/2618] | Batch loss: 0.0047
2026-04-03 16:40:10,857 -- Step [1100/2618] | Batch loss: 0.0039
2026-04-03 16:40:11,047 -- Step [1200/2618] | Batch loss: 0.0046
2026-04-03 16:40:11,244 -- Step [1300/2618] | Batch loss: 0.0022
2026-04-03 16:40:11,470 -- Step [1400/2618] | Batch loss: 0.0381
2026-04-03 16:40:11,662 -- Step [1500/2618] | Batch loss: 0.0122
2026-04-03 16:40:11,864 -- Step [1600/2618] | Batch loss: 0.0587
2026-04-03 16:40:12,056 -- Step [1700/2618] | Batch loss: 0.0006
2026-04-03 16:40:12,241 -- Step [1800/2618] | Batch loss: 0.0192
2026-04-03 16:40:12,443 -- Step [1900/2618] | Batch loss: 0.0789
2026-04-03 16:40:12,649 -- Step [2000/2618] | Batch loss: 0.0816
2026-04-03 16:40:12,844 -- Step [2100/2618] | Batch loss: 0.0031
2026-04-03 16:40:13,037 -- Step [2200/2618] | Batch loss: 0.0180
2026-04-03 16:40:13,226 -- Step [2300/2618] | Batch loss: 0.0046
2026-04-03 16:40:13,436 -- Step [2400/2618] | Batch loss: 0.0247
2026-04-03 16:40:13,621 -- Step [2500/2618] | Batch loss: 0.0059
2026-04-03 16:40:13,814 -- Step [2600/2618] | Batch loss: 0.0268
2026-04-03 16:40:13,877 -- 
2026-04-03 16:40:13,877 -- Training epoch completed. Validating...
2026-04-03 16:40:16,754 -- 
2026-04-03 16:40:16,754 -- [32m ====== Epoch 7 Summary ====== [0m
2026-04-03 16:40:16,754 -- Training Loss: 0.0233
2026-04-03 16:40:16,754 -- Validation Loss: 30.7010
2026-04-03 16:40:16,777 -- 
2026-04-03 16:40:16,777 -- [32m ====== Epoch 4/4 (Round 2) ====== [0m
2026-04-03 16:40:16,777 -- Learning rate: 0.000434
2026-04-03 16:40:16,777 -- 
2026-04-03 16:40:16,838 -- Step [1/2618] | Batch loss: 0.0090
2026-04-03 16:40:17,035 -- Step [100/2618] | Batch loss: 0.0011
2026-04-03 16:40:17,238 -- Step [200/2618] | Batch loss: 0.0030
2026-04-03 16:40:17,420 -- Step [300/2618] | Batch loss: 0.0011
2026-04-03 16:40:17,608 -- Step [400/2618] | Batch loss: 0.0137
2026-04-03 16:40:17,800 -- Step [500/2618] | Batch loss: 0.0444
2026-04-03 16:40:17,990 -- Step [600/2618] | Batch loss: 0.0198
2026-04-03 16:40:18,175 -- Step [700/2618] | Batch loss: 0.0006
2026-04-03 16:40:18,371 -- Step [800/2618] | Batch loss: 0.0036
2026-04-03 16:40:18,563 -- Step [900/2618] | Batch loss: 0.0015
2026-04-03 16:40:18,753 -- Step [1000/2618] | Batch loss: 0.0039
2026-04-03 16:40:18,944 -- Step [1100/2618] | Batch loss: 0.0035
2026-04-03 16:40:19,138 -- Step [1200/2618] | Batch loss: 0.0006
2026-04-03 16:40:19,324 -- Step [1300/2618] | Batch loss: 0.1635
2026-04-03 16:40:19,514 -- Step [1400/2618] | Batch loss: 0.2458
2026-04-03 16:40:19,698 -- Step [1500/2618] | Batch loss: 0.0233
2026-04-03 16:40:19,889 -- Step [1600/2618] | Batch loss: 0.0332
2026-04-03 16:40:20,082 -- Step [1700/2618] | Batch loss: 0.0029
2026-04-03 16:40:20,288 -- Step [1800/2618] | Batch loss: 0.0014
2026-04-03 16:40:20,479 -- Step [1900/2618] | Batch loss: 0.0275
2026-04-03 16:40:20,664 -- Step [2000/2618] | Batch loss: 0.0120
2026-04-03 16:40:20,852 -- Step [2100/2618] | Batch loss: 0.0068
2026-04-03 16:40:21,035 -- Step [2200/2618] | Batch loss: 0.0174
2026-04-03 16:40:21,234 -- Step [2300/2618] | Batch loss: 0.0031
2026-04-03 16:40:21,420 -- Step [2400/2618] | Batch loss: 0.0131
2026-04-03 16:40:21,612 -- Step [2500/2618] | Batch loss: 0.0234
2026-04-03 16:40:21,810 -- Step [2600/2618] | Batch loss: 0.0028
2026-04-03 16:40:21,878 -- 
2026-04-03 16:40:21,878 -- Training epoch completed. Validating...
2026-04-03 16:40:24,753 -- 
2026-04-03 16:40:24,753 -- [32m ====== Epoch 8 Summary ====== [0m
2026-04-03 16:40:24,753 -- Training Loss: 0.0217
2026-04-03 16:40:24,753 -- Validation Loss: 30.8561
2026-04-03 16:40:24,878 -- 
2026-04-03 16:40:24,878 -- [32m ====== Pseudo-labeling result ====== [0m
2026-04-03 16:40:24,878 -- Confidence threshold: 0.97
2026-04-03 16:40:24,878 -- Pseudo-labeling ratio: 40.97%
2026-04-03 16:40:24,878 -- Total labeled samples: 336650
2026-04-03 16:40:24,879 -- Remaining unlabeled samples: 2360
2026-04-03 16:40:24,879 -- 
2026-04-03 16:40:24,879 -- [33m Self-training round [3/3] [0m
2026-04-03 16:40:24,879 -- 
2026-04-03 16:40:24,879 -- [32m ====== Epoch 1/4 (Round 3) ====== [0m
2026-04-03 16:40:24,879 -- Learning rate: 0.000425
2026-04-03 16:40:24,879 -- 
2026-04-03 16:40:24,938 -- Step [1/2631] | Batch loss: 0.0066
2026-04-03 16:40:25,164 -- Step [100/2631] | Batch loss: 0.0040
2026-04-03 16:40:25,376 -- Step [200/2631] | Batch loss: 0.0028
2026-04-03 16:40:25,573 -- Step [300/2631] | Batch loss: 0.0756
2026-04-03 16:40:25,757 -- Step [400/2631] | Batch loss: 0.0477
2026-04-03 16:40:25,943 -- Step [500/2631] | Batch loss: 0.0395
2026-04-03 16:40:26,135 -- Step [600/2631] | Batch loss: 0.0319
2026-04-03 16:40:26,340 -- Step [700/2631] | Batch loss: 0.0036
2026-04-03 16:40:26,557 -- Step [800/2631] | Batch loss: 0.1012
2026-04-03 16:40:26,760 -- Step [900/2631] | Batch loss: 0.0027
2026-04-03 16:40:26,945 -- Step [1000/2631] | Batch loss: 0.0316
2026-04-03 16:40:27,144 -- Step [1100/2631] | Batch loss: 0.0296
2026-04-03 16:40:27,340 -- Step [1200/2631] | Batch loss: 0.0668
2026-04-03 16:40:27,526 -- Step [1300/2631] | Batch loss: 0.0287
2026-04-03 16:40:27,722 -- Step [1400/2631] | Batch loss: 0.0113
2026-04-03 16:40:27,928 -- Step [1500/2631] | Batch loss: 0.0009
2026-04-03 16:40:28,142 -- Step [1600/2631] | Batch loss: 0.0033
2026-04-03 16:40:28,346 -- Step [1700/2631] | Batch loss: 0.0128
2026-04-03 16:40:28,539 -- Step [1800/2631] | Batch loss: 0.0086
2026-04-03 16:40:28,756 -- Step [1900/2631] | Batch loss: 0.0029
2026-04-03 16:40:28,960 -- Step [2000/2631] | Batch loss: 0.0471
2026-04-03 16:40:29,171 -- Step [2100/2631] | Batch loss: 0.0173
2026-04-03 16:40:29,377 -- Step [2200/2631] | Batch loss: 0.0103
2026-04-03 16:40:29,594 -- Step [2300/2631] | Batch loss: 0.0142
2026-04-03 16:40:29,786 -- Step [2400/2631] | Batch loss: 0.0031
2026-04-03 16:40:29,977 -- Step [2500/2631] | Batch loss: 0.0075
2026-04-03 16:40:30,158 -- Step [2600/2631] | Batch loss: 0.0396
2026-04-03 16:40:30,255 -- 
2026-04-03 16:40:30,255 -- Training epoch completed. Validating...
2026-04-03 16:40:33,124 -- 
2026-04-03 16:40:33,125 -- [32m ====== Epoch 9 Summary ====== [0m
2026-04-03 16:40:33,125 -- Training Loss: 0.0223
2026-04-03 16:40:33,125 -- Validation Loss: 30.3429
2026-04-03 16:40:33,150 -- 
2026-04-03 16:40:33,150 -- [32m ====== Epoch 2/4 (Round 3) ====== [0m
2026-04-03 16:40:33,150 -- Learning rate: 0.000417
2026-04-03 16:40:33,150 -- 
2026-04-03 16:40:33,220 -- Step [1/2631] | Batch loss: 0.0007
2026-04-03 16:40:33,418 -- Step [100/2631] | Batch loss: 0.0052
2026-04-03 16:40:33,600 -- Step [200/2631] | Batch loss: 0.0069
2026-04-03 16:40:33,803 -- Step [300/2631] | Batch loss: 0.0988
2026-04-03 16:40:33,986 -- Step [400/2631] | Batch loss: 0.0786
2026-04-03 16:40:34,200 -- Step [500/2631] | Batch loss: 0.0032
2026-04-03 16:40:34,399 -- Step [600/2631] | Batch loss: 0.0106
2026-04-03 16:40:34,586 -- Step [700/2631] | Batch loss: 0.0859
2026-04-03 16:40:34,782 -- Step [800/2631] | Batch loss: 0.0136
2026-04-03 16:40:34,961 -- Step [900/2631] | Batch loss: 0.0084
2026-04-03 16:40:35,140 -- Step [1000/2631] | Batch loss: 0.0165
2026-04-03 16:40:35,330 -- Step [1100/2631] | Batch loss: 0.0015
2026-04-03 16:40:35,523 -- Step [1200/2631] | Batch loss: 0.0010
