2026-04-03 11:55:31,415 -- [33m Self-training round [1/3] [0m
2026-04-03 11:55:31,415 -- 
2026-04-03 11:55:31,415 -- [32m ====== Epoch 1/4 (Round 1) ====== [0m
2026-04-03 11:55:31,415 -- Learning rate: 0.001000
2026-04-03 11:55:31,415 -- 
2026-04-03 11:55:31,658 -- Step [1/2166] | Batch loss: 1.3821
2026-04-03 11:55:31,869 -- Step [100/2166] | Batch loss: 0.6101
2026-04-03 11:55:32,067 -- Step [200/2166] | Batch loss: 0.4896
2026-04-03 11:55:32,259 -- Step [300/2166] | Batch loss: 0.3841
2026-04-03 11:55:32,448 -- Step [400/2166] | Batch loss: 0.3723
2026-04-03 11:55:32,640 -- Step [500/2166] | Batch loss: 0.3375
2026-04-03 11:55:32,847 -- Step [600/2166] | Batch loss: 0.1577
2026-04-03 11:55:33,049 -- Step [700/2166] | Batch loss: 0.1723
2026-04-03 11:55:33,254 -- Step [800/2166] | Batch loss: 0.1110
2026-04-03 11:55:33,450 -- Step [900/2166] | Batch loss: 0.0472
2026-04-03 11:55:33,643 -- Step [1000/2166] | Batch loss: 0.0329
2026-04-03 11:55:33,839 -- Step [1100/2166] | Batch loss: 0.0801
2026-04-03 11:55:34,042 -- Step [1200/2166] | Batch loss: 0.0608
2026-04-03 11:55:34,241 -- Step [1300/2166] | Batch loss: 0.0461
2026-04-03 11:55:34,439 -- Step [1400/2166] | Batch loss: 0.0574
2026-04-03 11:55:34,625 -- Step [1500/2166] | Batch loss: 0.0299
2026-04-03 11:55:34,837 -- Step [1600/2166] | Batch loss: 0.1534
2026-04-03 11:55:35,024 -- Step [1700/2166] | Batch loss: 0.0459
2026-04-03 11:55:35,208 -- Step [1800/2166] | Batch loss: 0.0172
2026-04-03 11:55:35,399 -- Step [1900/2166] | Batch loss: 0.0232
2026-04-03 11:55:35,594 -- Step [2000/2166] | Batch loss: 0.0094
2026-04-03 11:55:35,798 -- Step [2100/2166] | Batch loss: 0.0156
2026-04-03 11:55:35,950 -- 
2026-04-03 11:55:35,950 -- Training epoch completed. Validating...
2026-04-03 11:55:38,956 -- 
2026-04-03 11:55:38,956 -- [32m ====== Epoch 1 Summary ====== [0m
2026-04-03 11:55:38,956 -- Training Loss: 0.1778
2026-04-03 11:55:38,956 -- Validation Loss: 0.0138
2026-04-03 11:55:39,045 -- [33m✓ New best model saved with validation loss: 0.0138 [0m
2026-04-03 11:55:39,045 -- 
2026-04-03 11:55:39,045 -- [32m ====== Epoch 2/4 (Round 1) ====== [0m
2026-04-03 11:55:39,045 -- Learning rate: 0.000980
2026-04-03 11:55:39,045 -- 
2026-04-03 11:55:39,114 -- Step [1/2166] | Batch loss: 0.1542
2026-04-03 11:55:39,303 -- Step [100/2166] | Batch loss: 0.1334
2026-04-03 11:55:39,499 -- Step [200/2166] | Batch loss: 0.0131
2026-04-03 11:55:39,695 -- Step [300/2166] | Batch loss: 0.0401
2026-04-03 11:55:39,914 -- Step [400/2166] | Batch loss: 0.0185
2026-04-03 11:55:40,101 -- Step [500/2166] | Batch loss: 0.0106
2026-04-03 11:55:40,291 -- Step [600/2166] | Batch loss: 0.0676
2026-04-03 11:55:40,484 -- Step [700/2166] | Batch loss: 0.0375
2026-04-03 11:55:40,669 -- Step [800/2166] | Batch loss: 0.0052
2026-04-03 11:55:40,868 -- Step [900/2166] | Batch loss: 0.1141
2026-04-03 11:55:41,061 -- Step [1000/2166] | Batch loss: 0.0151
2026-04-03 11:55:41,252 -- Step [1100/2166] | Batch loss: 0.0152
2026-04-03 11:55:41,433 -- Step [1200/2166] | Batch loss: 0.0149
2026-04-03 11:55:41,610 -- Step [1300/2166] | Batch loss: 0.0130
2026-04-03 11:55:41,801 -- Step [1400/2166] | Batch loss: 0.0062
2026-04-03 11:55:41,997 -- Step [1500/2166] | Batch loss: 0.0204
2026-04-03 11:55:42,182 -- Step [1600/2166] | Batch loss: 0.0275
2026-04-03 11:55:42,386 -- Step [1700/2166] | Batch loss: 0.0058
2026-04-03 11:55:42,577 -- Step [1800/2166] | Batch loss: 0.0097
2026-04-03 11:55:42,776 -- Step [1900/2166] | Batch loss: 0.0228
2026-04-03 11:55:42,989 -- Step [2000/2166] | Batch loss: 0.0062
2026-04-03 11:55:43,174 -- Step [2100/2166] | Batch loss: 0.0066
2026-04-03 11:55:43,327 -- 
2026-04-03 11:55:43,327 -- Training epoch completed. Validating...
2026-04-03 11:55:46,271 -- 
2026-04-03 11:55:46,271 -- [32m ====== Epoch 2 Summary ====== [0m
2026-04-03 11:55:46,271 -- Training Loss: 0.0334
2026-04-03 11:55:46,271 -- Validation Loss: 0.0096
2026-04-03 11:55:46,317 -- [33m✓ New best model saved with validation loss: 0.0096 [0m
2026-04-03 11:55:46,317 -- 
2026-04-03 11:55:46,317 -- [32m ====== Epoch 3/4 (Round 1) ====== [0m
2026-04-03 11:55:46,317 -- Learning rate: 0.000960
2026-04-03 11:55:46,317 -- 
2026-04-03 11:55:46,394 -- Step [1/2166] | Batch loss: 0.0047
2026-04-03 11:55:46,591 -- Step [100/2166] | Batch loss: 0.0088
2026-04-03 11:55:46,785 -- Step [200/2166] | Batch loss: 0.0380
2026-04-03 11:55:46,983 -- Step [300/2166] | Batch loss: 0.0293
2026-04-03 11:55:47,178 -- Step [400/2166] | Batch loss: 0.0024
2026-04-03 11:55:47,375 -- Step [500/2166] | Batch loss: 0.0189
2026-04-03 11:55:47,574 -- Step [600/2166] | Batch loss: 0.0093
2026-04-03 11:55:47,760 -- Step [700/2166] | Batch loss: 0.1039
2026-04-03 11:55:47,961 -- Step [800/2166] | Batch loss: 0.0043
2026-04-03 11:55:48,159 -- Step [900/2166] | Batch loss: 0.0074
2026-04-03 11:55:48,337 -- Step [1000/2166] | Batch loss: 0.0100
2026-04-03 11:55:48,515 -- Step [1100/2166] | Batch loss: 0.0109
2026-04-03 11:55:48,710 -- Step [1200/2166] | Batch loss: 0.0034
2026-04-03 11:55:48,915 -- Step [1300/2166] | Batch loss: 0.0025
2026-04-03 11:55:49,103 -- Step [1400/2166] | Batch loss: 0.0397
2026-04-03 11:55:49,303 -- Step [1500/2166] | Batch loss: 0.0016
2026-04-03 11:55:49,524 -- Step [1600/2166] | Batch loss: 0.0061
2026-04-03 11:55:49,719 -- Step [1700/2166] | Batch loss: 0.0027
2026-04-03 11:55:49,930 -- Step [1800/2166] | Batch loss: 0.0062
2026-04-03 11:55:50,119 -- Step [1900/2166] | Batch loss: 0.0020
2026-04-03 11:55:50,309 -- Step [2000/2166] | Batch loss: 0.0595
2026-04-03 11:55:50,498 -- Step [2100/2166] | Batch loss: 0.0715
2026-04-03 11:55:50,644 -- 
2026-04-03 11:55:50,644 -- Training epoch completed. Validating...
2026-04-03 11:55:53,593 -- 
2026-04-03 11:55:53,594 -- [32m ====== Epoch 3 Summary ====== [0m
2026-04-03 11:55:53,594 -- Training Loss: 0.0263
2026-04-03 11:55:53,594 -- Validation Loss: 0.0177
2026-04-03 11:55:53,617 -- 
2026-04-03 11:55:53,617 -- [32m ====== Epoch 4/4 (Round 1) ====== [0m
2026-04-03 11:55:53,617 -- Learning rate: 0.000941
2026-04-03 11:55:53,617 -- 
2026-04-03 11:55:53,686 -- Step [1/2166] | Batch loss: 0.0042
2026-04-03 11:55:53,902 -- Step [100/2166] | Batch loss: 0.0052
2026-04-03 11:55:54,092 -- Step [200/2166] | Batch loss: 0.0406
2026-04-03 11:55:54,285 -- Step [300/2166] | Batch loss: 0.0171
2026-04-03 11:55:54,469 -- Step [400/2166] | Batch loss: 0.0493
2026-04-03 11:55:54,647 -- Step [500/2166] | Batch loss: 0.0020
2026-04-03 11:55:54,848 -- Step [600/2166] | Batch loss: 0.0123
2026-04-03 11:55:55,043 -- Step [700/2166] | Batch loss: 0.0091
2026-04-03 11:55:55,232 -- Step [800/2166] | Batch loss: 0.0038
2026-04-03 11:55:55,426 -- Step [900/2166] | Batch loss: 0.0014
2026-04-03 11:55:55,622 -- Step [1000/2166] | Batch loss: 0.0114
2026-04-03 11:55:55,819 -- Step [1100/2166] | Batch loss: 0.0010
2026-04-03 11:55:56,014 -- Step [1200/2166] | Batch loss: 0.0053
2026-04-03 11:55:56,198 -- Step [1300/2166] | Batch loss: 0.0383
2026-04-03 11:55:56,377 -- Step [1400/2166] | Batch loss: 0.0017
2026-04-03 11:55:56,575 -- Step [1500/2166] | Batch loss: 0.0276
2026-04-03 11:55:56,756 -- Step [1600/2166] | Batch loss: 0.0086
2026-04-03 11:55:56,958 -- Step [1700/2166] | Batch loss: 0.0491
2026-04-03 11:55:57,146 -- Step [1800/2166] | Batch loss: 0.0707
2026-04-03 11:55:57,345 -- Step [1900/2166] | Batch loss: 0.0042
2026-04-03 11:55:57,537 -- Step [2000/2166] | Batch loss: 0.0098
2026-04-03 11:55:57,726 -- Step [2100/2166] | Batch loss: 0.0188
2026-04-03 11:55:57,889 -- 
2026-04-03 11:55:57,889 -- Training epoch completed. Validating...
2026-04-03 11:56:00,771 -- 
2026-04-03 11:56:00,771 -- [32m ====== Epoch 4 Summary ====== [0m
2026-04-03 11:56:00,771 -- Training Loss: 0.0234
2026-04-03 11:56:00,771 -- Validation Loss: 0.0137
2026-04-03 11:56:01,361 -- 
2026-04-03 11:56:01,361 -- [32m ====== Pseudo-labeling result ====== [0m
2026-04-03 11:56:01,361 -- Confidence threshold: 0.95
2026-04-03 11:56:01,361 -- Pseudo-labeling ratio: 92.70%
2026-04-03 11:56:01,361 -- Total labeled samples: 334502
2026-04-03 11:56:01,361 -- Remaining unlabeled samples: 4508
2026-04-03 11:56:01,361 -- 
2026-04-03 11:56:01,361 -- [33m Self-training round [2/3] [0m
2026-04-03 11:56:01,361 -- 
2026-04-03 11:56:01,361 -- [32m ====== Epoch 1/4 (Round 2) ====== [0m
2026-04-03 11:56:01,361 -- Learning rate: 0.000922
2026-04-03 11:56:01,361 -- 
2026-04-03 11:56:01,414 -- Step [1/2614] | Batch loss: 0.1910
2026-04-03 11:56:01,604 -- Step [100/2614] | Batch loss: 0.0663
2026-04-03 11:56:01,797 -- Step [200/2614] | Batch loss: 0.0066
2026-04-03 11:56:02,001 -- Step [300/2614] | Batch loss: 0.0282
2026-04-03 11:56:02,196 -- Step [400/2614] | Batch loss: 0.1647
2026-04-03 11:56:02,384 -- Step [500/2614] | Batch loss: 0.0087
2026-04-03 11:56:02,557 -- Step [600/2614] | Batch loss: 0.3884
2026-04-03 11:56:02,739 -- Step [700/2614] | Batch loss: 0.0096
2026-04-03 11:56:02,940 -- Step [800/2614] | Batch loss: 0.0301
2026-04-03 11:56:03,150 -- Step [900/2614] | Batch loss: 0.0900
2026-04-03 11:56:03,345 -- Step [1000/2614] | Batch loss: 0.0022
2026-04-03 11:56:03,534 -- Step [1100/2614] | Batch loss: 0.0121
2026-04-03 11:56:03,716 -- Step [1200/2614] | Batch loss: 0.0410
2026-04-03 11:56:03,920 -- Step [1300/2614] | Batch loss: 0.0122
2026-04-03 11:56:04,113 -- Step [1400/2614] | Batch loss: 0.0036
2026-04-03 11:56:04,305 -- Step [1500/2614] | Batch loss: 0.0239
2026-04-03 11:56:04,490 -- Step [1600/2614] | Batch loss: 0.0255
2026-04-03 11:56:04,685 -- Step [1700/2614] | Batch loss: 0.0031
2026-04-03 11:56:04,880 -- Step [1800/2614] | Batch loss: 0.0485
2026-04-03 11:56:05,072 -- Step [1900/2614] | Batch loss: 0.0065
2026-04-03 11:56:05,262 -- Step [2000/2614] | Batch loss: 0.0096
2026-04-03 11:56:05,448 -- Step [2100/2614] | Batch loss: 0.0380
2026-04-03 11:56:05,635 -- Step [2200/2614] | Batch loss: 0.0159
2026-04-03 11:56:05,820 -- Step [2300/2614] | Batch loss: 0.0275
2026-04-03 11:56:06,026 -- Step [2400/2614] | Batch loss: 0.0159
2026-04-03 11:56:06,207 -- Step [2500/2614] | Batch loss: 0.0273
2026-04-03 11:56:06,383 -- Step [2600/2614] | Batch loss: 0.0167
2026-04-03 11:56:06,444 -- 
2026-04-03 11:56:06,444 -- Training epoch completed. Validating...
2026-04-03 11:56:09,359 -- 
2026-04-03 11:56:09,359 -- [32m ====== Epoch 5 Summary ====== [0m
2026-04-03 11:56:09,359 -- Training Loss: 0.0310
2026-04-03 11:56:09,359 -- Validation Loss: 0.0068
2026-04-03 11:56:09,405 -- [33m✓ New best model saved with validation loss: 0.0068 [0m
2026-04-03 11:56:09,405 -- 
2026-04-03 11:56:09,405 -- [32m ====== Epoch 2/4 (Round 2) ====== [0m
2026-04-03 11:56:09,405 -- Learning rate: 0.000904
2026-04-03 11:56:09,405 -- 
2026-04-03 11:56:09,490 -- Step [1/2614] | Batch loss: 0.0016
2026-04-03 11:56:09,678 -- Step [100/2614] | Batch loss: 0.0524
2026-04-03 11:56:09,872 -- Step [200/2614] | Batch loss: 0.0257
2026-04-03 11:56:10,064 -- Step [300/2614] | Batch loss: 0.0114
2026-04-03 11:56:10,248 -- Step [400/2614] | Batch loss: 0.0015
2026-04-03 11:56:10,435 -- Step [500/2614] | Batch loss: 0.0302
2026-04-03 11:56:10,615 -- Step [600/2614] | Batch loss: 0.0020
2026-04-03 11:56:10,826 -- Step [700/2614] | Batch loss: 0.0010
2026-04-03 11:56:11,034 -- Step [800/2614] | Batch loss: 0.0021
2026-04-03 11:56:11,214 -- Step [900/2614] | Batch loss: 0.1027
2026-04-03 11:56:11,402 -- Step [1000/2614] | Batch loss: 0.0873
2026-04-03 11:56:11,586 -- Step [1100/2614] | Batch loss: 0.0127
2026-04-03 11:56:11,774 -- Step [1200/2614] | Batch loss: 0.0119
2026-04-03 11:56:11,978 -- Step [1300/2614] | Batch loss: 0.0181
2026-04-03 11:56:12,174 -- Step [1400/2614] | Batch loss: 0.0117
2026-04-03 11:56:12,373 -- Step [1500/2614] | Batch loss: 0.0124
2026-04-03 11:56:12,565 -- Step [1600/2614] | Batch loss: 0.0043
2026-04-03 11:56:12,758 -- Step [1700/2614] | Batch loss: 0.0020
2026-04-03 11:56:12,957 -- Step [1800/2614] | Batch loss: 0.0349
2026-04-03 11:56:13,139 -- Step [1900/2614] | Batch loss: 0.0261
2026-04-03 11:56:13,325 -- Step [2000/2614] | Batch loss: 0.1078
2026-04-03 11:56:13,518 -- Step [2100/2614] | Batch loss: 0.0115
2026-04-03 11:56:13,729 -- Step [2200/2614] | Batch loss: 0.0046
2026-04-03 11:56:13,933 -- Step [2300/2614] | Batch loss: 0.0009
2026-04-03 11:56:14,118 -- Step [2400/2614] | Batch loss: 0.0047
2026-04-03 11:56:14,302 -- Step [2500/2614] | Batch loss: 0.0091
2026-04-03 11:56:14,477 -- Step [2600/2614] | Batch loss: 0.0097
2026-04-03 11:56:14,532 -- 
2026-04-03 11:56:14,532 -- Training epoch completed. Validating...
2026-04-03 11:56:17,458 -- 
2026-04-03 11:56:17,458 -- [32m ====== Epoch 6 Summary ====== [0m
2026-04-03 11:56:17,458 -- Training Loss: 0.0222
2026-04-03 11:56:17,458 -- Validation Loss: 0.0088
2026-04-03 11:56:17,482 -- 
2026-04-03 11:56:17,482 -- [32m ====== Epoch 3/4 (Round 2) ====== [0m
2026-04-03 11:56:17,482 -- Learning rate: 0.000886
2026-04-03 11:56:17,482 -- 
2026-04-03 11:56:17,551 -- Step [1/2614] | Batch loss: 0.0014
2026-04-03 11:56:17,754 -- Step [100/2614] | Batch loss: 0.0037
2026-04-03 11:56:17,951 -- Step [200/2614] | Batch loss: 0.0591
2026-04-03 11:56:18,149 -- Step [300/2614] | Batch loss: 0.0006
2026-04-03 11:56:18,334 -- Step [400/2614] | Batch loss: 0.0887
2026-04-03 11:56:18,526 -- Step [500/2614] | Batch loss: 0.0693
2026-04-03 11:56:18,714 -- Step [600/2614] | Batch loss: 0.0001
2026-04-03 11:56:18,915 -- Step [700/2614] | Batch loss: 0.0119
2026-04-03 11:56:19,108 -- Step [800/2614] | Batch loss: 0.0575
2026-04-03 11:56:19,293 -- Step [900/2614] | Batch loss: 0.0173
2026-04-03 11:56:19,486 -- Step [1000/2614] | Batch loss: 0.0247
2026-04-03 11:56:19,686 -- Step [1100/2614] | Batch loss: 0.0040
2026-04-03 11:56:19,875 -- Step [1200/2614] | Batch loss: 0.0090
2026-04-03 11:56:20,070 -- Step [1300/2614] | Batch loss: 0.0048
2026-04-03 11:56:20,257 -- Step [1400/2614] | Batch loss: 0.0092
