2026-04-03 16:41:15,408 -- [33m Self-training round [1/3] [0m
2026-04-03 16:41:15,408 -- 
2026-04-03 16:41:15,408 -- [32m ====== Epoch 1/4 (Round 1) ====== [0m
2026-04-03 16:41:15,408 -- Learning rate: 0.000100
2026-04-03 16:41:15,408 -- 
2026-04-03 16:41:15,602 -- Step [1/2166] | Batch loss: 1.3821
2026-04-03 16:41:15,803 -- Step [100/2166] | Batch loss: 1.3461
2026-04-03 16:41:16,004 -- Step [200/2166] | Batch loss: 1.1351
2026-04-03 16:41:16,194 -- Step [300/2166] | Batch loss: 1.2939
2026-04-03 16:41:16,380 -- Step [400/2166] | Batch loss: 0.9902
2026-04-03 16:41:16,603 -- Step [500/2166] | Batch loss: 0.9207
2026-04-03 16:41:16,796 -- Step [600/2166] | Batch loss: 0.7268
2026-04-03 16:41:16,987 -- Step [700/2166] | Batch loss: 0.7343
2026-04-03 16:41:17,174 -- Step [800/2166] | Batch loss: 0.7858
2026-04-03 16:41:17,368 -- Step [900/2166] | Batch loss: 0.6669
2026-04-03 16:41:17,568 -- Step [1000/2166] | Batch loss: 0.6953
2026-04-03 16:41:17,759 -- Step [1100/2166] | Batch loss: 0.8005
2026-04-03 16:41:17,951 -- Step [1200/2166] | Batch loss: 0.7018
2026-04-03 16:41:18,137 -- Step [1300/2166] | Batch loss: 0.6946
2026-04-03 16:41:18,318 -- Step [1400/2166] | Batch loss: 0.5876
2026-04-03 16:41:18,516 -- Step [1500/2166] | Batch loss: 0.5374
2026-04-03 16:41:18,695 -- Step [1600/2166] | Batch loss: 0.7071
2026-04-03 16:41:18,891 -- Step [1700/2166] | Batch loss: 0.5125
2026-04-03 16:41:19,076 -- Step [1800/2166] | Batch loss: 0.5817
2026-04-03 16:41:19,258 -- Step [1900/2166] | Batch loss: 0.5933
2026-04-03 16:41:19,444 -- Step [2000/2166] | Batch loss: 0.4633
2026-04-03 16:41:19,634 -- Step [2100/2166] | Batch loss: 0.6549
2026-04-03 16:41:19,792 -- 
2026-04-03 16:41:19,792 -- Training epoch completed. Validating...
2026-04-03 16:41:22,670 -- 
2026-04-03 16:41:22,670 -- [32m ====== Epoch 1 Summary ====== [0m
2026-04-03 16:41:22,670 -- Training Loss: 0.7691
2026-04-03 16:41:22,670 -- Validation Loss: 3.5829
2026-04-03 16:41:22,742 -- [33m✓ New best model saved with validation loss: 3.5829 [0m
2026-04-03 16:41:22,743 -- 
2026-04-03 16:41:22,743 -- [32m ====== Epoch 2/4 (Round 1) ====== [0m
2026-04-03 16:41:22,743 -- Learning rate: 0.000098
2026-04-03 16:41:22,743 -- 
2026-04-03 16:41:22,807 -- Step [1/2166] | Batch loss: 0.6646
2026-04-03 16:41:23,001 -- Step [100/2166] | Batch loss: 0.5051
2026-04-03 16:41:23,188 -- Step [200/2166] | Batch loss: 0.4881
2026-04-03 16:41:23,390 -- Step [300/2166] | Batch loss: 0.4146
2026-04-03 16:41:23,586 -- Step [400/2166] | Batch loss: 0.4399
2026-04-03 16:41:23,767 -- Step [500/2166] | Batch loss: 0.3396
2026-04-03 16:41:23,961 -- Step [600/2166] | Batch loss: 0.4484
2026-04-03 16:41:24,157 -- Step [700/2166] | Batch loss: 0.4654
2026-04-03 16:41:24,346 -- Step [800/2166] | Batch loss: 0.3621
2026-04-03 16:41:24,551 -- Step [900/2166] | Batch loss: 0.3528
2026-04-03 16:41:24,744 -- Step [1000/2166] | Batch loss: 0.2859
2026-04-03 16:41:24,931 -- Step [1100/2166] | Batch loss: 0.2626
2026-04-03 16:41:25,114 -- Step [1200/2166] | Batch loss: 0.3930
2026-04-03 16:41:25,310 -- Step [1300/2166] | Batch loss: 0.2624
2026-04-03 16:41:25,518 -- Step [1400/2166] | Batch loss: 0.2773
2026-04-03 16:41:25,715 -- Step [1500/2166] | Batch loss: 0.3179
2026-04-03 16:41:25,899 -- Step [1600/2166] | Batch loss: 0.3374
2026-04-03 16:41:26,076 -- Step [1700/2166] | Batch loss: 0.2288
2026-04-03 16:41:26,270 -- Step [1800/2166] | Batch loss: 0.3553
2026-04-03 16:41:26,453 -- Step [1900/2166] | Batch loss: 0.2893
2026-04-03 16:41:26,646 -- Step [2000/2166] | Batch loss: 0.1769
2026-04-03 16:41:26,828 -- Step [2100/2166] | Batch loss: 0.2392
2026-04-03 16:41:26,997 -- 
2026-04-03 16:41:26,997 -- Training epoch completed. Validating...
2026-04-03 16:41:29,865 -- 
2026-04-03 16:41:29,866 -- [32m ====== Epoch 2 Summary ====== [0m
2026-04-03 16:41:29,866 -- Training Loss: 0.3566
2026-04-03 16:41:29,866 -- Validation Loss: 5.7282
2026-04-03 16:41:29,889 -- 
2026-04-03 16:41:29,889 -- [32m ====== Epoch 3/4 (Round 1) ====== [0m
2026-04-03 16:41:29,889 -- Learning rate: 0.000096
2026-04-03 16:41:29,889 -- 
2026-04-03 16:41:29,946 -- Step [1/2166] | Batch loss: 0.2401
2026-04-03 16:41:30,137 -- Step [100/2166] | Batch loss: 0.2444
2026-04-03 16:41:30,323 -- Step [200/2166] | Batch loss: 0.2658
2026-04-03 16:41:30,533 -- Step [300/2166] | Batch loss: 0.2245
2026-04-03 16:41:30,718 -- Step [400/2166] | Batch loss: 0.2188
2026-04-03 16:41:30,898 -- Step [500/2166] | Batch loss: 0.1745
2026-04-03 16:41:31,078 -- Step [600/2166] | Batch loss: 0.1679
2026-04-03 16:41:31,265 -- Step [700/2166] | Batch loss: 0.2544
2026-04-03 16:41:31,460 -- Step [800/2166] | Batch loss: 0.1207
2026-04-03 16:41:31,650 -- Step [900/2166] | Batch loss: 0.1861
2026-04-03 16:41:31,837 -- Step [1000/2166] | Batch loss: 0.3064
2026-04-03 16:41:32,017 -- Step [1100/2166] | Batch loss: 0.1654
2026-04-03 16:41:32,200 -- Step [1200/2166] | Batch loss: 0.2189
2026-04-03 16:41:32,394 -- Step [1300/2166] | Batch loss: 0.1460
2026-04-03 16:41:32,598 -- Step [1400/2166] | Batch loss: 0.1698
2026-04-03 16:41:32,771 -- Step [1500/2166] | Batch loss: 0.0697
2026-04-03 16:41:32,955 -- Step [1600/2166] | Batch loss: 0.1246
2026-04-03 16:41:33,150 -- Step [1700/2166] | Batch loss: 0.0752
2026-04-03 16:41:33,345 -- Step [1800/2166] | Batch loss: 0.1997
2026-04-03 16:41:33,532 -- Step [1900/2166] | Batch loss: 0.1491
2026-04-03 16:41:33,718 -- Step [2000/2166] | Batch loss: 0.0985
2026-04-03 16:41:33,902 -- Step [2100/2166] | Batch loss: 0.1901
2026-04-03 16:41:34,062 -- 
2026-04-03 16:41:34,062 -- Training epoch completed. Validating...
2026-04-03 16:41:36,938 -- 
2026-04-03 16:41:36,938 -- [32m ====== Epoch 3 Summary ====== [0m
2026-04-03 16:41:36,938 -- Training Loss: 0.1904
2026-04-03 16:41:36,939 -- Validation Loss: 8.5467
2026-04-03 16:41:36,963 -- 
2026-04-03 16:41:36,963 -- [32m ====== Epoch 4/4 (Round 1) ====== [0m
2026-04-03 16:41:36,963 -- Learning rate: 0.000094
2026-04-03 16:41:36,963 -- 
2026-04-03 16:41:37,022 -- Step [1/2166] | Batch loss: 0.1235
2026-04-03 16:41:37,241 -- Step [100/2166] | Batch loss: 0.0877
2026-04-03 16:41:37,436 -- Step [200/2166] | Batch loss: 0.1309
2026-04-03 16:41:37,632 -- Step [300/2166] | Batch loss: 0.0607
2026-04-03 16:41:37,813 -- Step [400/2166] | Batch loss: 0.0722
2026-04-03 16:41:38,012 -- Step [500/2166] | Batch loss: 0.1237
2026-04-03 16:41:38,198 -- Step [600/2166] | Batch loss: 0.1063
2026-04-03 16:41:38,385 -- Step [700/2166] | Batch loss: 0.0684
2026-04-03 16:41:38,571 -- Step [800/2166] | Batch loss: 0.1276
2026-04-03 16:41:38,754 -- Step [900/2166] | Batch loss: 0.0700
2026-04-03 16:41:38,937 -- Step [1000/2166] | Batch loss: 0.0455
2026-04-03 16:41:39,131 -- Step [1100/2166] | Batch loss: 0.1608
2026-04-03 16:41:39,325 -- Step [1200/2166] | Batch loss: 0.3074
2026-04-03 16:41:39,537 -- Step [1300/2166] | Batch loss: 0.0693
2026-04-03 16:41:39,728 -- Step [1400/2166] | Batch loss: 0.0623
2026-04-03 16:41:39,919 -- Step [1500/2166] | Batch loss: 0.1175
2026-04-03 16:41:40,109 -- Step [1600/2166] | Batch loss: 0.0331
2026-04-03 16:41:40,304 -- Step [1700/2166] | Batch loss: 0.0668
2026-04-03 16:41:40,491 -- Step [1800/2166] | Batch loss: 0.0638
2026-04-03 16:41:40,683 -- Step [1900/2166] | Batch loss: 0.2248
2026-04-03 16:41:40,872 -- Step [2000/2166] | Batch loss: 0.1323
2026-04-03 16:41:41,069 -- Step [2100/2166] | Batch loss: 0.0500
2026-04-03 16:41:41,243 -- 
2026-04-03 16:41:41,243 -- Training epoch completed. Validating...
2026-04-03 16:41:44,110 -- 
2026-04-03 16:41:44,110 -- [32m ====== Epoch 4 Summary ====== [0m
2026-04-03 16:41:44,110 -- Training Loss: 0.1029
2026-04-03 16:41:44,110 -- Validation Loss: 11.3770
2026-04-03 16:41:44,708 -- 
2026-04-03 16:41:44,708 -- [32m ====== Pseudo-labeling result ====== [0m
2026-04-03 16:41:44,708 -- Confidence threshold: 0.98
2026-04-03 16:41:44,708 -- Pseudo-labeling ratio: 82.53%
2026-04-03 16:41:44,708 -- Total labeled samples: 328220
2026-04-03 16:41:44,708 -- Remaining unlabeled samples: 10790
2026-04-03 16:41:44,708 -- 
2026-04-03 16:41:44,708 -- [33m Self-training round [2/3] [0m
2026-04-03 16:41:44,708 -- 
2026-04-03 16:41:44,708 -- [32m ====== Epoch 1/4 (Round 2) ====== [0m
2026-04-03 16:41:44,708 -- Learning rate: 0.000092
2026-04-03 16:41:44,708 -- 
2026-04-03 16:41:44,771 -- Step [1/2565] | Batch loss: 0.1993
2026-04-03 16:41:44,978 -- Step [100/2565] | Batch loss: 0.1199
2026-04-03 16:41:45,165 -- Step [200/2565] | Batch loss: 0.1039
2026-04-03 16:41:45,353 -- Step [300/2565] | Batch loss: 0.2405
2026-04-03 16:41:45,531 -- Step [400/2565] | Batch loss: 0.2111
2026-04-03 16:41:45,716 -- Step [500/2565] | Batch loss: 0.2318
2026-04-03 16:41:45,908 -- Step [600/2565] | Batch loss: 0.0694
2026-04-03 16:41:46,113 -- Step [700/2565] | Batch loss: 0.0738
2026-04-03 16:41:46,296 -- Step [800/2565] | Batch loss: 0.1078
2026-04-03 16:41:46,499 -- Step [900/2565] | Batch loss: 0.0819
2026-04-03 16:41:46,689 -- Step [1000/2565] | Batch loss: 0.0582
2026-04-03 16:41:46,873 -- Step [1100/2565] | Batch loss: 0.0452
2026-04-03 16:41:47,063 -- Step [1200/2565] | Batch loss: 0.0960
2026-04-03 16:41:47,253 -- Step [1300/2565] | Batch loss: 0.0686
2026-04-03 16:41:47,438 -- Step [1400/2565] | Batch loss: 0.0425
2026-04-03 16:41:47,626 -- Step [1500/2565] | Batch loss: 0.1118
2026-04-03 16:41:47,815 -- Step [1600/2565] | Batch loss: 0.0696
2026-04-03 16:41:47,999 -- Step [1700/2565] | Batch loss: 0.1303
2026-04-03 16:41:48,186 -- Step [1800/2565] | Batch loss: 0.0738
2026-04-03 16:41:48,363 -- Step [1900/2565] | Batch loss: 0.1464
2026-04-03 16:41:48,566 -- Step [2000/2565] | Batch loss: 0.1002
2026-04-03 16:41:48,769 -- Step [2100/2565] | Batch loss: 0.0998
2026-04-03 16:41:48,953 -- Step [2200/2565] | Batch loss: 0.1007
2026-04-03 16:41:49,163 -- Step [2300/2565] | Batch loss: 0.0374
2026-04-03 16:41:49,357 -- Step [2400/2565] | Batch loss: 0.0441
2026-04-03 16:41:49,546 -- Step [2500/2565] | Batch loss: 0.0750
2026-04-03 16:41:49,707 -- 
2026-04-03 16:41:49,707 -- Training epoch completed. Validating...
2026-04-03 16:41:52,525 -- 
2026-04-03 16:41:52,525 -- [32m ====== Epoch 5 Summary ====== [0m
2026-04-03 16:41:52,525 -- Training Loss: 0.1105
2026-04-03 16:41:52,525 -- Validation Loss: 15.0147
2026-04-03 16:41:52,549 -- 
2026-04-03 16:41:52,549 -- [32m ====== Epoch 2/4 (Round 2) ====== [0m
2026-04-03 16:41:52,549 -- Learning rate: 0.000090
2026-04-03 16:41:52,549 -- 
2026-04-03 16:41:52,617 -- Step [1/2565] | Batch loss: 0.0469
2026-04-03 16:41:52,806 -- Step [100/2565] | Batch loss: 0.0814
2026-04-03 16:41:53,001 -- Step [200/2565] | Batch loss: 0.1523
2026-04-03 16:41:53,197 -- Step [300/2565] | Batch loss: 0.1399
2026-04-03 16:41:53,388 -- Step [400/2565] | Batch loss: 0.0342
2026-04-03 16:41:53,586 -- Step [500/2565] | Batch loss: 0.1482
2026-04-03 16:41:53,775 -- Step [600/2565] | Batch loss: 0.0111
2026-04-03 16:41:53,956 -- Step [700/2565] | Batch loss: 0.1675
2026-04-03 16:41:54,149 -- Step [800/2565] | Batch loss: 0.0250
2026-04-03 16:41:54,346 -- Step [900/2565] | Batch loss: 0.0159
2026-04-03 16:41:54,556 -- Step [1000/2565] | Batch loss: 0.0375
2026-04-03 16:41:54,754 -- Step [1100/2565] | Batch loss: 0.0696
2026-04-03 16:41:54,950 -- Step [1200/2565] | Batch loss: 0.0355
