2026-04-02 13:44:48,667 -- [33m Self-training round [1/3] [0m
2026-04-02 13:44:48,667 -- 
2026-04-02 13:44:48,667 -- [32m ====== Epoch 1/4 (Round 1) ====== [0m
2026-04-02 13:44:48,667 -- Learning rate: 0.001000
2026-04-02 13:44:48,667 -- 
2026-04-02 13:44:48,841 -- Step [1/2150] | Batch loss: 1.6306
2026-04-02 13:44:49,039 -- Step [100/2150] | Batch loss: 0.9816
2026-04-02 13:44:49,241 -- Step [200/2150] | Batch loss: 0.4128
2026-04-02 13:44:49,429 -- Step [300/2150] | Batch loss: 0.2287
2026-04-02 13:44:49,615 -- Step [400/2150] | Batch loss: 0.1733
2026-04-02 13:44:49,809 -- Step [500/2150] | Batch loss: 0.1373
2026-04-02 13:44:49,996 -- Step [600/2150] | Batch loss: 0.1553
2026-04-02 13:44:50,186 -- Step [700/2150] | Batch loss: 0.0771
2026-04-02 13:44:50,370 -- Step [800/2150] | Batch loss: 0.0652
2026-04-02 13:44:50,549 -- Step [900/2150] | Batch loss: 0.0419
2026-04-02 13:44:50,738 -- Step [1000/2150] | Batch loss: 0.0404
2026-04-02 13:44:50,930 -- Step [1100/2150] | Batch loss: 0.0241
2026-04-02 13:44:51,118 -- Step [1200/2150] | Batch loss: 0.0220
2026-04-02 13:44:51,309 -- Step [1300/2150] | Batch loss: 0.0281
2026-04-02 13:44:51,503 -- Step [1400/2150] | Batch loss: 0.0180
2026-04-02 13:44:51,687 -- Step [1500/2150] | Batch loss: 0.0167
2026-04-02 13:44:51,865 -- Step [1600/2150] | Batch loss: 0.0185
2026-04-02 13:44:52,038 -- Step [1700/2150] | Batch loss: 0.0268
2026-04-02 13:44:52,222 -- Step [1800/2150] | Batch loss: 0.0063
2026-04-02 13:44:52,406 -- Step [1900/2150] | Batch loss: 0.0130
2026-04-02 13:44:52,585 -- Step [2000/2150] | Batch loss: 0.0080
2026-04-02 13:44:52,770 -- Step [2100/2150] | Batch loss: 0.0069
2026-04-02 13:44:52,879 -- 
2026-04-02 13:44:52,879 -- Training epoch completed. Validating...
2026-04-02 13:44:55,658 -- 
2026-04-02 13:44:55,658 -- [32m ====== Epoch 1 Summary ====== [0m
2026-04-02 13:44:55,658 -- Training Loss: 0.1513
2026-04-02 13:44:55,658 -- Validation Loss: 0.0023
2026-04-02 13:44:55,729 -- [33m✓ New best model saved with validation loss: 0.0023 [0m
2026-04-02 13:44:55,729 -- 
2026-04-02 13:44:55,729 -- [32m ====== Epoch 2/4 (Round 1) ====== [0m
2026-04-02 13:44:55,729 -- Learning rate: 0.000980
2026-04-02 13:44:55,729 -- 
2026-04-02 13:44:55,795 -- Step [1/2150] | Batch loss: 0.0063
2026-04-02 13:44:55,994 -- Step [100/2150] | Batch loss: 0.0078
2026-04-02 13:44:56,173 -- Step [200/2150] | Batch loss: 0.0068
2026-04-02 13:44:56,365 -- Step [300/2150] | Batch loss: 0.0050
2026-04-02 13:44:56,552 -- Step [400/2150] | Batch loss: 0.0047
2026-04-02 13:44:56,745 -- Step [500/2150] | Batch loss: 0.0057
2026-04-02 13:44:56,926 -- Step [600/2150] | Batch loss: 0.0047
2026-04-02 13:44:57,108 -- Step [700/2150] | Batch loss: 0.0042
2026-04-02 13:44:57,290 -- Step [800/2150] | Batch loss: 0.0024
2026-04-02 13:44:57,476 -- Step [900/2150] | Batch loss: 0.0075
2026-04-02 13:44:57,649 -- Step [1000/2150] | Batch loss: 0.0070
2026-04-02 13:44:57,829 -- Step [1100/2150] | Batch loss: 0.0023
2026-04-02 13:44:58,010 -- Step [1200/2150] | Batch loss: 0.0076
2026-04-02 13:44:58,189 -- Step [1300/2150] | Batch loss: 0.0023
2026-04-02 13:44:58,373 -- Step [1400/2150] | Batch loss: 0.0040
2026-04-02 13:44:58,551 -- Step [1500/2150] | Batch loss: 0.0019
2026-04-02 13:44:58,737 -- Step [1600/2150] | Batch loss: 0.0028
2026-04-02 13:44:58,923 -- Step [1700/2150] | Batch loss: 0.0014
2026-04-02 13:44:59,108 -- Step [1800/2150] | Batch loss: 0.0137
2026-04-02 13:44:59,286 -- Step [1900/2150] | Batch loss: 0.0019
2026-04-02 13:44:59,469 -- Step [2000/2150] | Batch loss: 0.0012
2026-04-02 13:44:59,662 -- Step [2100/2150] | Batch loss: 0.0033
2026-04-02 13:44:59,771 -- 
2026-04-02 13:44:59,771 -- Training epoch completed. Validating...
2026-04-02 13:45:02,486 -- 
2026-04-02 13:45:02,486 -- [32m ====== Epoch 2 Summary ====== [0m
2026-04-02 13:45:02,486 -- Training Loss: 0.0052
2026-04-02 13:45:02,486 -- Validation Loss: 0.0002
2026-04-02 13:45:02,531 -- [33m✓ New best model saved with validation loss: 0.0002 [0m
2026-04-02 13:45:02,531 -- 
2026-04-02 13:45:02,531 -- [32m ====== Epoch 3/4 (Round 1) ====== [0m
2026-04-02 13:45:02,531 -- Learning rate: 0.000960
2026-04-02 13:45:02,531 -- 
2026-04-02 13:45:02,601 -- Step [1/2150] | Batch loss: 0.0013
2026-04-02 13:45:02,820 -- Step [100/2150] | Batch loss: 0.0026
2026-04-02 13:45:03,014 -- Step [200/2150] | Batch loss: 0.0013
2026-04-02 13:45:03,205 -- Step [300/2150] | Batch loss: 0.0029
2026-04-02 13:45:03,380 -- Step [400/2150] | Batch loss: 0.0013
2026-04-02 13:45:03,566 -- Step [500/2150] | Batch loss: 0.0010
2026-04-02 13:45:03,748 -- Step [600/2150] | Batch loss: 0.0006
2026-04-02 13:45:03,930 -- Step [700/2150] | Batch loss: 0.0010
2026-04-02 13:45:04,114 -- Step [800/2150] | Batch loss: 0.0004
2026-04-02 13:45:04,295 -- Step [900/2150] | Batch loss: 0.0038
2026-04-02 13:45:04,475 -- Step [1000/2150] | Batch loss: 0.0019
2026-04-02 13:45:04,664 -- Step [1100/2150] | Batch loss: 0.0009
2026-04-02 13:45:04,846 -- Step [1200/2150] | Batch loss: 0.0006
2026-04-02 13:45:05,033 -- Step [1300/2150] | Batch loss: 0.0005
2026-04-02 13:45:05,218 -- Step [1400/2150] | Batch loss: 0.0010
2026-04-02 13:45:05,402 -- Step [1500/2150] | Batch loss: 0.0004
2026-04-02 13:45:05,582 -- Step [1600/2150] | Batch loss: 0.0009
2026-04-02 13:45:05,771 -- Step [1700/2150] | Batch loss: 0.0009
2026-04-02 13:45:05,963 -- Step [1800/2150] | Batch loss: 0.0003
