2026-04-05 17:55:44,378 -- [33m Self-training round [1/3] [0m
2026-04-05 17:55:44,378 -- 
2026-04-05 17:55:44,378 -- [32m ====== Epoch 1/4 (Round 1) ====== [0m
2026-04-05 17:55:44,378 -- Learning rate: 0.000100
2026-04-05 17:55:44,378 -- 
2026-04-05 17:55:44,596 -- Step [1/2166] | Batch loss: 1.5332
2026-04-05 17:55:44,806 -- Step [100/2166] | Batch loss: 1.2283
2026-04-05 17:55:45,023 -- Step [200/2166] | Batch loss: 1.2011
2026-04-05 17:55:45,225 -- Step [300/2166] | Batch loss: 0.9715
2026-04-05 17:55:45,435 -- Step [400/2166] | Batch loss: 0.8792
2026-04-05 17:55:45,654 -- Step [500/2166] | Batch loss: 0.9126
2026-04-05 17:55:45,862 -- Step [600/2166] | Batch loss: 0.7466
2026-04-05 17:55:46,075 -- Step [700/2166] | Batch loss: 0.6860
2026-04-05 17:55:46,272 -- Step [800/2166] | Batch loss: 0.6598
2026-04-05 17:55:46,467 -- Step [900/2166] | Batch loss: 0.7368
2026-04-05 17:55:46,667 -- Step [1000/2166] | Batch loss: 0.6807
2026-04-05 17:55:46,868 -- Step [1100/2166] | Batch loss: 0.6039
2026-04-05 17:55:47,077 -- Step [1200/2166] | Batch loss: 0.5717
2026-04-05 17:55:47,276 -- Step [1300/2166] | Batch loss: 0.6339
2026-04-05 17:55:47,484 -- Step [1400/2166] | Batch loss: 0.6965
2026-04-05 17:55:47,687 -- Step [1500/2166] | Batch loss: 0.5635
2026-04-05 17:55:47,897 -- Step [1600/2166] | Batch loss: 0.6060
2026-04-05 17:55:48,096 -- Step [1700/2166] | Batch loss: 0.6076
2026-04-05 17:55:48,301 -- Step [1800/2166] | Batch loss: 0.5726
2026-04-05 17:55:48,502 -- Step [1900/2166] | Batch loss: 0.6166
2026-04-05 17:55:48,711 -- Step [2000/2166] | Batch loss: 0.5811
2026-04-05 17:55:48,913 -- Step [2100/2166] | Batch loss: 0.5703
2026-04-05 17:55:49,066 -- 
2026-04-05 17:55:49,066 -- Training epoch completed. Validating...
2026-04-05 17:55:52,542 -- 
2026-04-05 17:55:52,542 -- [32m ====== Epoch 1 Summary ====== [0m
2026-04-05 17:55:52,542 -- Training Loss: 0.7088
2026-04-05 17:55:52,542 -- Validation Loss: 2.6220
2026-04-05 17:55:52,612 -- [33m✓ New best model saved with validation loss: 2.6220 [0m
2026-04-05 17:55:52,612 -- 
2026-04-05 17:55:52,612 -- [32m ====== Epoch 2/4 (Round 1) ====== [0m
2026-04-05 17:55:52,612 -- Learning rate: 0.000098
2026-04-05 17:55:52,612 -- 
2026-04-05 17:55:52,679 -- Step [1/2166] | Batch loss: 0.7894
2026-04-05 17:55:52,890 -- Step [100/2166] | Batch loss: 0.5804
2026-04-05 17:55:53,101 -- Step [200/2166] | Batch loss: 0.6588
2026-04-05 17:55:53,310 -- Step [300/2166] | Batch loss: 0.6991
2026-04-05 17:55:53,512 -- Step [400/2166] | Batch loss: 0.5063
2026-04-05 17:55:53,720 -- Step [500/2166] | Batch loss: 0.5530
2026-04-05 17:55:53,911 -- Step [600/2166] | Batch loss: 0.5763
2026-04-05 17:55:54,112 -- Step [700/2166] | Batch loss: 0.5420
2026-04-05 17:55:54,309 -- Step [800/2166] | Batch loss: 0.5522
2026-04-05 17:55:54,507 -- Step [900/2166] | Batch loss: 0.5856
2026-04-05 17:55:54,722 -- Step [1000/2166] | Batch loss: 0.5667
2026-04-05 17:55:54,927 -- Step [1100/2166] | Batch loss: 0.5738
2026-04-05 17:55:55,127 -- Step [1200/2166] | Batch loss: 0.5412
2026-04-05 17:55:55,324 -- Step [1300/2166] | Batch loss: 0.4546
2026-04-05 17:55:55,523 -- Step [1400/2166] | Batch loss: 0.4703
2026-04-05 17:55:55,721 -- Step [1500/2166] | Batch loss: 0.5834
2026-04-05 17:55:55,921 -- Step [1600/2166] | Batch loss: 0.5154
2026-04-05 17:55:56,126 -- Step [1700/2166] | Batch loss: 0.6111
2026-04-05 17:55:56,321 -- Step [1800/2166] | Batch loss: 0.4788
2026-04-05 17:55:56,519 -- Step [1900/2166] | Batch loss: 0.4777
2026-04-05 17:55:56,722 -- Step [2000/2166] | Batch loss: 0.4848
2026-04-05 17:55:56,922 -- Step [2100/2166] | Batch loss: 0.4894
2026-04-05 17:55:57,089 -- 
2026-04-05 17:55:57,089 -- Training epoch completed. Validating...
2026-04-05 17:56:00,475 -- 
2026-04-05 17:56:00,475 -- [32m ====== Epoch 2 Summary ====== [0m
2026-04-05 17:56:00,475 -- Training Loss: 0.5457
2026-04-05 17:56:00,475 -- Validation Loss: 2.9839
2026-04-05 17:56:00,498 -- 
2026-04-05 17:56:00,498 -- [32m ====== Epoch 3/4 (Round 1) ====== [0m
2026-04-05 17:56:00,498 -- Learning rate: 0.000096
2026-04-05 17:56:00,498 -- 
2026-04-05 17:56:00,564 -- Step [1/2166] | Batch loss: 0.4917
2026-04-05 17:56:00,775 -- Step [100/2166] | Batch loss: 0.5410
2026-04-05 17:56:00,986 -- Step [200/2166] | Batch loss: 0.5330
2026-04-05 17:56:01,193 -- Step [300/2166] | Batch loss: 0.4891
2026-04-05 17:56:01,400 -- Step [400/2166] | Batch loss: 0.4944
2026-04-05 17:56:01,608 -- Step [500/2166] | Batch loss: 0.4616
2026-04-05 17:56:01,823 -- Step [600/2166] | Batch loss: 0.5405
2026-04-05 17:56:02,020 -- Step [700/2166] | Batch loss: 0.4791
2026-04-05 17:56:02,217 -- Step [800/2166] | Batch loss: 0.5050
2026-04-05 17:56:02,419 -- Step [900/2166] | Batch loss: 0.4545
2026-04-05 17:56:02,633 -- Step [1000/2166] | Batch loss: 0.5347
2026-04-05 17:56:02,846 -- Step [1100/2166] | Batch loss: 0.5721
2026-04-05 17:56:03,047 -- Step [1200/2166] | Batch loss: 0.4537
2026-04-05 17:56:03,254 -- Step [1300/2166] | Batch loss: 0.4759
2026-04-05 17:56:03,451 -- Step [1400/2166] | Batch loss: 0.4863
2026-04-05 17:56:03,668 -- Step [1500/2166] | Batch loss: 0.4569
2026-04-05 17:56:03,885 -- Step [1600/2166] | Batch loss: 0.4464
2026-04-05 17:56:04,094 -- Step [1700/2166] | Batch loss: 0.4311
2026-04-05 17:56:04,307 -- Step [1800/2166] | Batch loss: 0.4860
2026-04-05 17:56:04,516 -- Step [1900/2166] | Batch loss: 0.4555
2026-04-05 17:56:04,726 -- Step [2000/2166] | Batch loss: 0.4476
2026-04-05 17:56:04,927 -- Step [2100/2166] | Batch loss: 0.4746
2026-04-05 17:56:05,097 -- 
2026-04-05 17:56:05,097 -- Training epoch completed. Validating...
2026-04-05 17:56:08,466 -- 
2026-04-05 17:56:08,475 -- [32m ====== Epoch 3 Summary ====== [0m
2026-04-05 17:56:08,475 -- Training Loss: 0.4961
2026-04-05 17:56:08,475 -- Validation Loss: 3.0178
2026-04-05 17:56:08,499 -- 
2026-04-05 17:56:08,499 -- [32m ====== Epoch 4/4 (Round 1) ====== [0m
2026-04-05 17:56:08,499 -- Learning rate: 0.000094
2026-04-05 17:56:08,499 -- 
2026-04-05 17:56:08,565 -- Step [1/2166] | Batch loss: 0.4571
2026-04-05 17:56:08,766 -- Step [100/2166] | Batch loss: 0.4637
2026-04-05 17:56:08,989 -- Step [200/2166] | Batch loss: 0.4739
2026-04-05 17:56:09,189 -- Step [300/2166] | Batch loss: 0.4215
2026-04-05 17:56:09,398 -- Step [400/2166] | Batch loss: 0.5094
2026-04-05 17:56:09,613 -- Step [500/2166] | Batch loss: 0.4413
2026-04-05 17:56:09,811 -- Step [600/2166] | Batch loss: 0.4497
2026-04-05 17:56:10,007 -- Step [700/2166] | Batch loss: 0.4957
2026-04-05 17:56:10,215 -- Step [800/2166] | Batch loss: 0.4239
2026-04-05 17:56:10,417 -- Step [900/2166] | Batch loss: 0.4858
2026-04-05 17:56:10,624 -- Step [1000/2166] | Batch loss: 0.4672
2026-04-05 17:56:10,818 -- Step [1100/2166] | Batch loss: 0.4783
2026-04-05 17:56:11,018 -- Step [1200/2166] | Batch loss: 0.4960
2026-04-05 17:56:11,218 -- Step [1300/2166] | Batch loss: 0.5458
2026-04-05 17:56:11,426 -- Step [1400/2166] | Batch loss: 0.4776
2026-04-05 17:56:11,637 -- Step [1500/2166] | Batch loss: 0.4258
2026-04-05 17:56:11,854 -- Step [1600/2166] | Batch loss: 0.5161
2026-04-05 17:56:12,068 -- Step [1700/2166] | Batch loss: 0.4749
2026-04-05 17:56:12,272 -- Step [1800/2166] | Batch loss: 0.4511
2026-04-05 17:56:12,473 -- Step [1900/2166] | Batch loss: 0.4734
2026-04-05 17:56:12,670 -- Step [2000/2166] | Batch loss: 0.4434
2026-04-05 17:56:12,863 -- Step [2100/2166] | Batch loss: 0.4236
2026-04-05 17:56:13,036 -- 
2026-04-05 17:56:13,036 -- Training epoch completed. Validating...
2026-04-05 17:56:16,432 -- 
2026-04-05 17:56:16,432 -- [32m ====== Epoch 4 Summary ====== [0m
2026-04-05 17:56:16,432 -- Training Loss: 0.4685
2026-04-05 17:56:16,432 -- Validation Loss: 3.0322
2026-04-05 17:56:17,006 -- 
2026-04-05 17:56:17,006 -- [32m ====== Pseudo-labeling result ====== [0m
2026-04-05 17:56:17,006 -- Confidence threshold: 0.99
2026-04-05 17:56:17,006 -- Pseudo-labeling ratio: 50.83%
2026-04-05 17:56:17,006 -- Total labeled samples: 308632
2026-04-05 17:56:17,006 -- Remaining unlabeled samples: 30378
2026-04-05 17:56:17,006 -- 
2026-04-05 17:56:17,006 -- [33m Self-training round [2/3] [0m
2026-04-05 17:56:17,006 -- 
2026-04-05 17:56:17,006 -- [32m ====== Epoch 1/4 (Round 2) ====== [0m
2026-04-05 17:56:17,006 -- Learning rate: 0.000092
2026-04-05 17:56:17,006 -- 
2026-04-05 17:56:17,062 -- Step [1/2412] | Batch loss: 0.4528
2026-04-05 17:56:17,266 -- Step [100/2412] | Batch loss: 0.5396
2026-04-05 17:56:17,475 -- Step [200/2412] | Batch loss: 0.4378
2026-04-05 17:56:17,677 -- Step [300/2412] | Batch loss: 0.4462
2026-04-05 17:56:17,877 -- Step [400/2412] | Batch loss: 0.4631
2026-04-05 17:56:18,083 -- Step [500/2412] | Batch loss: 0.4802
2026-04-05 17:56:18,283 -- Step [600/2412] | Batch loss: 0.4730
2026-04-05 17:56:18,491 -- Step [700/2412] | Batch loss: 0.4458
2026-04-05 17:56:18,685 -- Step [800/2412] | Batch loss: 0.4397
2026-04-05 17:56:18,875 -- Step [900/2412] | Batch loss: 0.4420
2026-04-05 17:56:19,081 -- Step [1000/2412] | Batch loss: 0.4515
2026-04-05 17:56:19,275 -- Step [1100/2412] | Batch loss: 0.4192
2026-04-05 17:56:19,465 -- Step [1200/2412] | Batch loss: 0.4278
2026-04-05 17:56:19,677 -- Step [1300/2412] | Batch loss: 0.4759
2026-04-05 17:56:19,889 -- Step [1400/2412] | Batch loss: 0.4137
2026-04-05 17:56:20,087 -- Step [1500/2412] | Batch loss: 0.4141
2026-04-05 17:56:20,291 -- Step [1600/2412] | Batch loss: 0.4294
2026-04-05 17:56:20,489 -- Step [1700/2412] | Batch loss: 0.4659
2026-04-05 17:56:20,691 -- Step [1800/2412] | Batch loss: 0.4673
2026-04-05 17:56:20,909 -- Step [1900/2412] | Batch loss: 0.4034
2026-04-05 17:56:21,119 -- Step [2000/2412] | Batch loss: 0.4092
2026-04-05 17:56:21,331 -- Step [2100/2412] | Batch loss: 0.4252
2026-04-05 17:56:21,537 -- Step [2200/2412] | Batch loss: 0.4593
2026-04-05 17:56:21,740 -- Step [2300/2412] | Batch loss: 0.4245
2026-04-05 17:56:21,941 -- Step [2400/2412] | Batch loss: 0.5325
2026-04-05 17:56:22,004 -- 
2026-04-05 17:56:22,004 -- Training epoch completed. Validating...
2026-04-05 17:56:25,344 -- 
2026-04-05 17:56:25,344 -- [32m ====== Epoch 5 Summary ====== [0m
2026-04-05 17:56:25,344 -- Training Loss: 0.4472
2026-04-05 17:56:25,344 -- Validation Loss: 3.0892
2026-04-05 17:56:25,367 -- 
2026-04-05 17:56:25,368 -- [32m ====== Epoch 2/4 (Round 2) ====== [0m
2026-04-05 17:56:25,368 -- Learning rate: 0.000090
2026-04-05 17:56:25,368 -- 
2026-04-05 17:56:25,435 -- Step [1/2412] | Batch loss: 0.4162
2026-04-05 17:56:25,633 -- Step [100/2412] | Batch loss: 0.4174
2026-04-05 17:56:25,831 -- Step [200/2412] | Batch loss: 0.4081
2026-04-05 17:56:26,032 -- Step [300/2412] | Batch loss: 0.4100
2026-04-05 17:56:26,241 -- Step [400/2412] | Batch loss: 0.4634
2026-04-05 17:56:26,435 -- Step [500/2412] | Batch loss: 0.4139
2026-04-05 17:56:26,637 -- Step [600/2412] | Batch loss: 0.4461
2026-04-05 17:56:26,827 -- Step [700/2412] | Batch loss: 0.4206
2026-04-05 17:56:27,022 -- Step [800/2412] | Batch loss: 0.4095
2026-04-05 17:56:27,221 -- Step [900/2412] | Batch loss: 0.4393
2026-04-05 17:56:27,413 -- Step [1000/2412] | Batch loss: 0.4696
2026-04-05 17:56:27,615 -- Step [1100/2412] | Batch loss: 0.4575
2026-04-05 17:56:27,810 -- Step [1200/2412] | Batch loss: 0.4275
2026-04-05 17:56:27,997 -- Step [1300/2412] | Batch loss: 0.4434
2026-04-05 17:56:28,194 -- Step [1400/2412] | Batch loss: 0.4247
2026-04-05 17:56:28,396 -- Step [1500/2412] | Batch loss: 0.4388
2026-04-05 17:56:28,601 -- Step [1600/2412] | Batch loss: 0.4922
2026-04-05 17:56:28,803 -- Step [1700/2412] | Batch loss: 0.4092
2026-04-05 17:56:29,015 -- Step [1800/2412] | Batch loss: 0.4048
2026-04-05 17:56:29,218 -- Step [1900/2412] | Batch loss: 0.4347
2026-04-05 17:56:29,418 -- Step [2000/2412] | Batch loss: 0.4567
2026-04-05 17:56:29,623 -- Step [2100/2412] | Batch loss: 0.3990
2026-04-05 17:56:29,823 -- Step [2200/2412] | Batch loss: 0.4043
2026-04-05 17:56:30,018 -- Step [2300/2412] | Batch loss: 0.4166
2026-04-05 17:56:30,216 -- Step [2400/2412] | Batch loss: 0.4093
2026-04-05 17:56:30,275 -- 
2026-04-05 17:56:30,275 -- Training epoch completed. Validating...
2026-04-05 17:56:33,669 -- 
2026-04-05 17:56:33,669 -- [32m ====== Epoch 6 Summary ====== [0m
2026-04-05 17:56:33,670 -- Training Loss: 0.4297
2026-04-05 17:56:33,670 -- Validation Loss: 3.0205
2026-04-05 17:56:33,692 -- 
2026-04-05 17:56:33,692 -- [32m ====== Epoch 3/4 (Round 2) ====== [0m
2026-04-05 17:56:33,692 -- Learning rate: 0.000089
2026-04-05 17:56:33,692 -- 
2026-04-05 17:56:33,751 -- Step [1/2412] | Batch loss: 0.4074
2026-04-05 17:56:33,967 -- Step [100/2412] | Batch loss: 0.3943
2026-04-05 17:56:34,179 -- Step [200/2412] | Batch loss: 0.4079
2026-04-05 17:56:34,387 -- Step [300/2412] | Batch loss: 0.4443
2026-04-05 17:56:34,598 -- Step [400/2412] | Batch loss: 0.4092
2026-04-05 17:56:34,804 -- Step [500/2412] | Batch loss: 0.4427
2026-04-05 17:56:35,016 -- Step [600/2412] | Batch loss: 0.4434
2026-04-05 17:56:35,220 -- Step [700/2412] | Batch loss: 0.3954
2026-04-05 17:56:35,423 -- Step [800/2412] | Batch loss: 0.4178
2026-04-05 17:56:35,636 -- Step [900/2412] | Batch loss: 0.4006
2026-04-05 17:56:35,838 -- Step [1000/2412] | Batch loss: 0.4366
2026-04-05 17:56:36,036 -- Step [1100/2412] | Batch loss: 0.4387
2026-04-05 17:56:36,238 -- Step [1200/2412] | Batch loss: 0.4325
2026-04-05 17:56:36,439 -- Step [1300/2412] | Batch loss: 0.4053
2026-04-05 17:56:36,655 -- Step [1400/2412] | Batch loss: 0.3951
2026-04-05 17:56:36,856 -- Step [1500/2412] | Batch loss: 0.4035
2026-04-05 17:56:37,083 -- Step [1600/2412] | Batch loss: 0.4188
2026-04-05 17:56:37,293 -- Step [1700/2412] | Batch loss: 0.4078
2026-04-05 17:56:37,499 -- Step [1800/2412] | Batch loss: 0.4239
2026-04-05 17:56:37,706 -- Step [1900/2412] | Batch loss: 0.4594
2026-04-05 17:56:37,902 -- Step [2000/2412] | Batch loss: 0.4064
2026-04-05 17:56:38,101 -- Step [2100/2412] | Batch loss: 0.4106
2026-04-05 17:56:38,302 -- Step [2200/2412] | Batch loss: 0.3825
2026-04-05 17:56:38,508 -- Step [2300/2412] | Batch loss: 0.3878
2026-04-05 17:56:38,714 -- Step [2400/2412] | Batch loss: 0.4241
2026-04-05 17:56:38,769 -- 
2026-04-05 17:56:38,770 -- Training epoch completed. Validating...
2026-04-05 17:56:42,169 -- 
2026-04-05 17:56:42,169 -- [32m ====== Epoch 7 Summary ====== [0m
2026-04-05 17:56:42,169 -- Training Loss: 0.4217
2026-04-05 17:56:42,169 -- Validation Loss: 3.1273
2026-04-05 17:56:42,193 -- 
2026-04-05 17:56:42,193 -- [32m ====== Epoch 4/4 (Round 2) ====== [0m
2026-04-05 17:56:42,193 -- Learning rate: 0.000087
2026-04-05 17:56:42,193 -- 
2026-04-05 17:56:42,268 -- Step [1/2412] | Batch loss: 0.4337
2026-04-05 17:56:42,474 -- Step [100/2412] | Batch loss: 0.4222
2026-04-05 17:56:42,671 -- Step [200/2412] | Batch loss: 0.4047
2026-04-05 17:56:42,873 -- Step [300/2412] | Batch loss: 0.4568
2026-04-05 17:56:43,071 -- Step [400/2412] | Batch loss: 0.4212
2026-04-05 17:56:43,267 -- Step [500/2412] | Batch loss: 0.4286
2026-04-05 17:56:43,462 -- Step [600/2412] | Batch loss: 0.4138
2026-04-05 17:56:43,666 -- Step [700/2412] | Batch loss: 0.3975
2026-04-05 17:56:43,866 -- Step [800/2412] | Batch loss: 0.4495
2026-04-05 17:56:44,065 -- Step [900/2412] | Batch loss: 0.4010
2026-04-05 17:56:44,271 -- Step [1000/2412] | Batch loss: 0.4283
2026-04-05 17:56:44,463 -- Step [1100/2412] | Batch loss: 0.4166
2026-04-05 17:56:44,669 -- Step [1200/2412] | Batch loss: 0.4011
2026-04-05 17:56:44,869 -- Step [1300/2412] | Batch loss: 0.4288
2026-04-05 17:56:45,070 -- Step [1400/2412] | Batch loss: 0.4219
2026-04-05 17:56:45,267 -- Step [1500/2412] | Batch loss: 0.4261
2026-04-05 17:56:45,462 -- Step [1600/2412] | Batch loss: 0.4105
2026-04-05 17:56:45,664 -- Step [1700/2412] | Batch loss: 0.4291
2026-04-05 17:56:45,865 -- Step [1800/2412] | Batch loss: 0.4331
2026-04-05 17:56:46,066 -- Step [1900/2412] | Batch loss: 0.4164
2026-04-05 17:56:46,279 -- Step [2000/2412] | Batch loss: 0.4331
2026-04-05 17:56:46,489 -- Step [2100/2412] | Batch loss: 0.4383
2026-04-05 17:56:46,696 -- Step [2200/2412] | Batch loss: 0.4090
2026-04-05 17:56:46,904 -- Step [2300/2412] | Batch loss: 0.4102
2026-04-05 17:56:47,128 -- Step [2400/2412] | Batch loss: 0.4384
2026-04-05 17:56:47,189 -- 
2026-04-05 17:56:47,189 -- Training epoch completed. Validating...
2026-04-05 17:56:50,594 -- 
2026-04-05 17:56:50,594 -- [32m ====== Epoch 8 Summary ====== [0m
2026-04-05 17:56:50,594 -- Training Loss: 0.4175
2026-04-05 17:56:50,594 -- Validation Loss: 3.3109
2026-04-05 17:56:50,930 -- 
2026-04-05 17:56:50,930 -- [32m ====== Pseudo-labeling result ====== [0m
2026-04-05 17:56:50,930 -- Confidence threshold: 0.99
2026-04-05 17:56:50,930 -- Pseudo-labeling ratio: 12.50%
2026-04-05 17:56:50,930 -- Total labeled samples: 312428
2026-04-05 17:56:50,930 -- Remaining unlabeled samples: 26582
2026-04-05 17:56:50,930 -- 
2026-04-05 17:56:50,930 -- [33m Self-training round [3/3] [0m
2026-04-05 17:56:50,930 -- 
2026-04-05 17:56:50,930 -- [32m ====== Epoch 1/4 (Round 3) ====== [0m
2026-04-05 17:56:50,930 -- Learning rate: 0.000085
2026-04-05 17:56:50,930 -- 
2026-04-05 17:56:50,995 -- Step [1/2441] | Batch loss: 0.4168
2026-04-05 17:56:51,219 -- Step [100/2441] | Batch loss: 0.4286
2026-04-05 17:56:51,414 -- Step [200/2441] | Batch loss: 0.4394
2026-04-05 17:56:51,609 -- Step [300/2441] | Batch loss: 0.4071
2026-04-05 17:56:51,807 -- Step [400/2441] | Batch loss: 0.4367
2026-04-05 17:56:52,005 -- Step [500/2441] | Batch loss: 0.4281
2026-04-05 17:56:52,203 -- Step [600/2441] | Batch loss: 0.4660
2026-04-05 17:56:52,407 -- Step [700/2441] | Batch loss: 0.4194
2026-04-05 17:56:52,610 -- Step [800/2441] | Batch loss: 0.4281
2026-04-05 17:56:52,800 -- Step [900/2441] | Batch loss: 0.4034
2026-04-05 17:56:52,991 -- Step [1000/2441] | Batch loss: 0.4371
2026-04-05 17:56:53,196 -- Step [1100/2441] | Batch loss: 0.4265
2026-04-05 17:56:53,407 -- Step [1200/2441] | Batch loss: 0.4279
2026-04-05 17:56:53,616 -- Step [1300/2441] | Batch loss: 0.3884
2026-04-05 17:56:53,810 -- Step [1400/2441] | Batch loss: 0.4292
2026-04-05 17:56:54,000 -- Step [1500/2441] | Batch loss: 0.4108
2026-04-05 17:56:54,210 -- Step [1600/2441] | Batch loss: 0.4247
2026-04-05 17:56:54,410 -- Step [1700/2441] | Batch loss: 0.4211
2026-04-05 17:56:54,608 -- Step [1800/2441] | Batch loss: 0.4047
2026-04-05 17:56:54,806 -- Step [1900/2441] | Batch loss: 0.4339
2026-04-05 17:56:55,011 -- Step [2000/2441] | Batch loss: 0.4461
2026-04-05 17:56:55,221 -- Step [2100/2441] | Batch loss: 0.3986
2026-04-05 17:56:55,432 -- Step [2200/2441] | Batch loss: 0.4351
2026-04-05 17:56:55,636 -- Step [2300/2441] | Batch loss: 0.3890
2026-04-05 17:56:55,838 -- Step [2400/2441] | Batch loss: 0.4210
2026-04-05 17:56:55,964 -- 
2026-04-05 17:56:55,965 -- Training epoch completed. Validating...
2026-04-05 17:56:59,353 -- 
2026-04-05 17:56:59,353 -- [32m ====== Epoch 9 Summary ====== [0m
2026-04-05 17:56:59,353 -- Training Loss: 0.4139
2026-04-05 17:56:59,353 -- Validation Loss: 3.1794
2026-04-05 17:56:59,376 -- 
2026-04-05 17:56:59,376 -- [32m ====== Epoch 2/4 (Round 3) ====== [0m
2026-04-05 17:56:59,376 -- Learning rate: 0.000083
2026-04-05 17:56:59,376 -- 
2026-04-05 17:56:59,454 -- Step [1/2441] | Batch loss: 0.4681
2026-04-05 17:56:59,662 -- Step [100/2441] | Batch loss: 0.3746
2026-04-05 17:56:59,866 -- Step [200/2441] | Batch loss: 0.4258
2026-04-05 17:57:00,068 -- Step [300/2441] | Batch loss: 0.3997
2026-04-05 17:57:00,270 -- Step [400/2441] | Batch loss: 0.4700
2026-04-05 17:57:00,474 -- Step [500/2441] | Batch loss: 0.4176
2026-04-05 17:57:00,689 -- Step [600/2441] | Batch loss: 0.4165
2026-04-05 17:57:00,886 -- Step [700/2441] | Batch loss: 0.4170
2026-04-05 17:57:01,085 -- Step [800/2441] | Batch loss: 0.4274
2026-04-05 17:57:01,275 -- Step [900/2441] | Batch loss: 0.3773
2026-04-05 17:57:01,471 -- Step [1000/2441] | Batch loss: 0.4056
2026-04-05 17:57:01,663 -- Step [1100/2441] | Batch loss: 0.3906
2026-04-05 17:57:01,871 -- Step [1200/2441] | Batch loss: 0.4264
2026-04-05 17:57:02,077 -- Step [1300/2441] | Batch loss: 0.4059
2026-04-05 17:57:02,277 -- Step [1400/2441] | Batch loss: 0.4157
2026-04-05 17:57:02,470 -- Step [1500/2441] | Batch loss: 0.3910
2026-04-05 17:57:02,669 -- Step [1600/2441] | Batch loss: 0.4454
2026-04-05 17:57:02,875 -- Step [1700/2441] | Batch loss: 0.3945
2026-04-05 17:57:03,077 -- Step [1800/2441] | Batch loss: 0.3840
2026-04-05 17:57:03,269 -- Step [1900/2441] | Batch loss: 0.4132
2026-04-05 17:57:03,474 -- Step [2000/2441] | Batch loss: 0.4338
2026-04-05 17:57:03,682 -- Step [2100/2441] | Batch loss: 0.3896
2026-04-05 17:57:03,894 -- Step [2200/2441] | Batch loss: 0.3950
2026-04-05 17:57:04,097 -- Step [2300/2441] | Batch loss: 0.4221
2026-04-05 17:57:04,318 -- Step [2400/2441] | Batch loss: 0.4619
2026-04-05 17:57:04,431 -- 
2026-04-05 17:57:04,431 -- Training epoch completed. Validating...
2026-04-05 17:57:07,790 -- 
2026-04-05 17:57:07,790 -- [32m ====== Epoch 10 Summary ====== [0m
2026-04-05 17:57:07,790 -- Training Loss: 0.4113
2026-04-05 17:57:07,790 -- Validation Loss: 3.2749
2026-04-05 17:57:07,813 -- 
2026-04-05 17:57:07,813 -- [32m ====== Epoch 3/4 (Round 3) ====== [0m
2026-04-05 17:57:07,813 -- Learning rate: 0.000082
2026-04-05 17:57:07,813 -- 
2026-04-05 17:57:07,885 -- Step [1/2441] | Batch loss: 0.4039
2026-04-05 17:57:08,097 -- Step [100/2441] | Batch loss: 0.4159
2026-04-05 17:57:08,302 -- Step [200/2441] | Batch loss: 0.3882
2026-04-05 17:57:08,513 -- Step [300/2441] | Batch loss: 0.4065
2026-04-05 17:57:08,723 -- Step [400/2441] | Batch loss: 0.4086
2026-04-05 17:57:08,922 -- Step [500/2441] | Batch loss: 0.4225
2026-04-05 17:57:09,137 -- Step [600/2441] | Batch loss: 0.4198
2026-04-05 17:57:09,356 -- Step [700/2441] | Batch loss: 0.3916
2026-04-05 17:57:09,580 -- Step [800/2441] | Batch loss: 0.4095
2026-04-05 17:57:09,795 -- Step [900/2441] | Batch loss: 0.3990
2026-04-05 17:57:09,996 -- Step [1000/2441] | Batch loss: 0.4053
2026-04-05 17:57:10,201 -- Step [1100/2441] | Batch loss: 0.4021
2026-04-05 17:57:10,398 -- Step [1200/2441] | Batch loss: 0.4150
2026-04-05 17:57:10,588 -- Step [1300/2441] | Batch loss: 0.4160
2026-04-05 17:57:10,799 -- Step [1400/2441] | Batch loss: 0.4148
2026-04-05 17:57:10,998 -- Step [1500/2441] | Batch loss: 0.3904
2026-04-05 17:57:11,197 -- Step [1600/2441] | Batch loss: 0.4215
2026-04-05 17:57:11,398 -- Step [1700/2441] | Batch loss: 0.3920
2026-04-05 17:57:11,596 -- Step [1800/2441] | Batch loss: 0.3963
2026-04-05 17:57:11,788 -- Step [1900/2441] | Batch loss: 0.4124
2026-04-05 17:57:11,986 -- Step [2000/2441] | Batch loss: 0.4284
2026-04-05 17:57:12,188 -- Step [2100/2441] | Batch loss: 0.4103
2026-04-05 17:57:12,388 -- Step [2200/2441] | Batch loss: 0.4357
2026-04-05 17:57:12,588 -- Step [2300/2441] | Batch loss: 0.4151
2026-04-05 17:57:12,787 -- Step [2400/2441] | Batch loss: 0.4043
2026-04-05 17:57:12,899 -- 
2026-04-05 17:57:12,899 -- Training epoch completed. Validating...
2026-04-05 17:57:16,303 -- 
2026-04-05 17:57:16,303 -- [32m ====== Epoch 11 Summary ====== [0m
2026-04-05 17:57:16,303 -- Training Loss: 0.4097
2026-04-05 17:57:16,303 -- Validation Loss: 3.1960
2026-04-05 17:57:16,327 -- 
2026-04-05 17:57:16,327 -- [32m ====== Epoch 4/4 (Round 3) ====== [0m
2026-04-05 17:57:16,327 -- Learning rate: 0.000080
2026-04-05 17:57:16,327 -- 
2026-04-05 17:57:16,383 -- Step [1/2441] | Batch loss: 0.3859
2026-04-05 17:57:16,595 -- Step [100/2441] | Batch loss: 0.4002
2026-04-05 17:57:16,804 -- Step [200/2441] | Batch loss: 0.4010
2026-04-05 17:57:16,995 -- Step [300/2441] | Batch loss: 0.4144
2026-04-05 17:57:17,190 -- Step [400/2441] | Batch loss: 0.4176
2026-04-05 17:57:17,386 -- Step [500/2441] | Batch loss: 0.4099
2026-04-05 17:57:17,597 -- Step [600/2441] | Batch loss: 0.4380
2026-04-05 17:57:17,805 -- Step [700/2441] | Batch loss: 0.4012
2026-04-05 17:57:18,001 -- Step [800/2441] | Batch loss: 0.4071
2026-04-05 17:57:18,208 -- Step [900/2441] | Batch loss: 0.4032
2026-04-05 17:57:18,407 -- Step [1000/2441] | Batch loss: 0.4001
2026-04-05 17:57:18,604 -- Step [1100/2441] | Batch loss: 0.4007
2026-04-05 17:57:18,800 -- Step [1200/2441] | Batch loss: 0.3994
2026-04-05 17:57:18,994 -- Step [1300/2441] | Batch loss: 0.3854
2026-04-05 17:57:19,193 -- Step [1400/2441] | Batch loss: 0.4088
2026-04-05 17:57:19,387 -- Step [1500/2441] | Batch loss: 0.3866
2026-04-05 17:57:19,587 -- Step [1600/2441] | Batch loss: 0.4070
2026-04-05 17:57:19,793 -- Step [1700/2441] | Batch loss: 0.3916
2026-04-05 17:57:19,993 -- Step [1800/2441] | Batch loss: 0.3945
2026-04-05 17:57:20,188 -- Step [1900/2441] | Batch loss: 0.3985
2026-04-05 17:57:20,389 -- Step [2000/2441] | Batch loss: 0.4082
2026-04-05 17:57:20,589 -- Step [2100/2441] | Batch loss: 0.4298
2026-04-05 17:57:20,784 -- Step [2200/2441] | Batch loss: 0.4140
2026-04-05 17:57:20,989 -- Step [2300/2441] | Batch loss: 0.4246
2026-04-05 17:57:21,199 -- Step [2400/2441] | Batch loss: 0.3990
2026-04-05 17:57:21,319 -- 
2026-04-05 17:57:21,319 -- Training epoch completed. Validating...
2026-04-05 17:57:24,762 -- 
2026-04-05 17:57:24,762 -- [32m ====== Epoch 12 Summary ====== [0m
2026-04-05 17:57:24,763 -- Training Loss: 0.4087
2026-04-05 17:57:24,763 -- Validation Loss: 3.3381
2026-04-05 17:57:25,050 -- 
2026-04-05 17:57:25,050 -- [32m ====== Pseudo-labeling result ====== [0m
2026-04-05 17:57:25,050 -- Confidence threshold: 0.99
2026-04-05 17:57:25,051 -- Pseudo-labeling ratio: 1.14%
2026-04-05 17:57:25,051 -- Total labeled samples: 312731
2026-04-05 17:57:25,051 -- Remaining unlabeled samples: 26279
2026-04-05 17:57:25,051 -- 
2026-04-05 17:57:25,051 -- [33m Stopping criteria met. Quitting...[0m
2026-04-05 17:57:25,051 -- Requires pseudo-labeling ratio over 5.00%
2026-04-05 17:57:25,051 -- Current pseudo-labeling ratio: 1.14%
