2026-04-05 17:32:27,475 -- [33m Self-training round [1/3] [0m
2026-04-05 17:32:27,475 -- 
2026-04-05 17:32:27,475 -- [32m ====== Epoch 1/4 (Round 1) ====== [0m
2026-04-05 17:32:27,475 -- Learning rate: 0.001000
2026-04-05 17:32:27,475 -- 
2026-04-05 17:32:27,740 -- Step [1/2166] | Batch loss: 1.3941
2026-04-05 17:32:27,952 -- Step [100/2166] | Batch loss: 0.4149
2026-04-05 17:32:28,162 -- Step [200/2166] | Batch loss: 0.3498
2026-04-05 17:32:28,363 -- Step [300/2166] | Batch loss: 0.1899
2026-04-05 17:32:28,572 -- Step [400/2166] | Batch loss: 0.1692
2026-04-05 17:32:28,791 -- Step [500/2166] | Batch loss: 0.0701
2026-04-05 17:32:28,997 -- Step [600/2166] | Batch loss: 0.2307
2026-04-05 17:32:29,212 -- Step [700/2166] | Batch loss: 0.0818
2026-04-05 17:32:29,419 -- Step [800/2166] | Batch loss: 0.1174
2026-04-05 17:32:29,634 -- Step [900/2166] | Batch loss: 0.1123
2026-04-05 17:32:29,832 -- Step [1000/2166] | Batch loss: 0.0874
2026-04-05 17:32:30,024 -- Step [1100/2166] | Batch loss: 0.0535
2026-04-05 17:32:30,222 -- Step [1200/2166] | Batch loss: 0.0236
2026-04-05 17:32:30,442 -- Step [1300/2166] | Batch loss: 0.0540
2026-04-05 17:32:30,653 -- Step [1400/2166] | Batch loss: 0.0452
2026-04-05 17:32:30,856 -- Step [1500/2166] | Batch loss: 0.0748
2026-04-05 17:32:31,058 -- Step [1600/2166] | Batch loss: 0.0656
2026-04-05 17:32:31,261 -- Step [1700/2166] | Batch loss: 0.0163
2026-04-05 17:32:31,459 -- Step [1800/2166] | Batch loss: 0.0267
2026-04-05 17:32:31,661 -- Step [1900/2166] | Batch loss: 0.0902
2026-04-05 17:32:31,853 -- Step [2000/2166] | Batch loss: 0.0174
2026-04-05 17:32:32,059 -- Step [2100/2166] | Batch loss: 0.1085
2026-04-05 17:32:32,222 -- 
2026-04-05 17:32:32,222 -- Training epoch completed. Validating...
2026-04-05 17:32:35,647 -- 
2026-04-05 17:32:35,647 -- [32m ====== Epoch 1 Summary ====== [0m
2026-04-05 17:32:35,647 -- Training Loss: 0.1132
2026-04-05 17:32:35,647 -- Validation Loss: 16.0856
2026-04-05 17:32:35,734 -- [33m✓ New best model saved with validation loss: 16.0856 [0m
2026-04-05 17:32:35,734 -- 
2026-04-05 17:32:35,734 -- [32m ====== Epoch 2/4 (Round 1) ====== [0m
2026-04-05 17:32:35,734 -- Learning rate: 0.000980
2026-04-05 17:32:35,734 -- 
2026-04-05 17:32:35,794 -- Step [1/2166] | Batch loss: 0.0082
2026-04-05 17:32:36,008 -- Step [100/2166] | Batch loss: 0.0151
2026-04-05 17:32:36,224 -- Step [200/2166] | Batch loss: 0.1444
2026-04-05 17:32:36,420 -- Step [300/2166] | Batch loss: 0.0208
2026-04-05 17:32:36,620 -- Step [400/2166] | Batch loss: 0.0101
2026-04-05 17:32:36,829 -- Step [500/2166] | Batch loss: 0.0100
2026-04-05 17:32:37,031 -- Step [600/2166] | Batch loss: 0.0079
2026-04-05 17:32:37,225 -- Step [700/2166] | Batch loss: 0.0086
2026-04-05 17:32:37,417 -- Step [800/2166] | Batch loss: 0.0136
2026-04-05 17:32:37,617 -- Step [900/2166] | Batch loss: 0.0049
2026-04-05 17:32:37,819 -- Step [1000/2166] | Batch loss: 0.0076
2026-04-05 17:32:38,017 -- Step [1100/2166] | Batch loss: 0.0294
2026-04-05 17:32:38,222 -- Step [1200/2166] | Batch loss: 0.0046
2026-04-05 17:32:38,436 -- Step [1300/2166] | Batch loss: 0.0696
2026-04-05 17:32:38,642 -- Step [1400/2166] | Batch loss: 0.0086
2026-04-05 17:32:38,844 -- Step [1500/2166] | Batch loss: 0.0329
2026-04-05 17:32:39,035 -- Step [1600/2166] | Batch loss: 0.0024
2026-04-05 17:32:39,231 -- Step [1700/2166] | Batch loss: 0.0123
2026-04-05 17:32:39,435 -- Step [1800/2166] | Batch loss: 0.0156
2026-04-05 17:32:39,638 -- Step [1900/2166] | Batch loss: 0.0107
2026-04-05 17:32:39,833 -- Step [2000/2166] | Batch loss: 0.0062
2026-04-05 17:32:40,030 -- Step [2100/2166] | Batch loss: 0.0206
2026-04-05 17:32:40,195 -- 
2026-04-05 17:32:40,195 -- Training epoch completed. Validating...
2026-04-05 17:32:43,640 -- 
2026-04-05 17:32:43,640 -- [32m ====== Epoch 2 Summary ====== [0m
2026-04-05 17:32:43,640 -- Training Loss: 0.0256
2026-04-05 17:32:43,640 -- Validation Loss: 20.8743
2026-04-05 17:32:43,663 -- 
2026-04-05 17:32:43,663 -- [32m ====== Epoch 3/4 (Round 1) ====== [0m
2026-04-05 17:32:43,663 -- Learning rate: 0.000960
2026-04-05 17:32:43,663 -- 
2026-04-05 17:32:43,728 -- Step [1/2166] | Batch loss: 0.0570
2026-04-05 17:32:43,946 -- Step [100/2166] | Batch loss: 0.0055
2026-04-05 17:32:44,155 -- Step [200/2166] | Batch loss: 0.0181
2026-04-05 17:32:44,364 -- Step [300/2166] | Batch loss: 0.0202
2026-04-05 17:32:44,555 -- Step [400/2166] | Batch loss: 0.0064
2026-04-05 17:32:44,749 -- Step [500/2166] | Batch loss: 0.0009
2026-04-05 17:32:44,943 -- Step [600/2166] | Batch loss: 0.0428
2026-04-05 17:32:45,141 -- Step [700/2166] | Batch loss: 0.0016
2026-04-05 17:32:45,337 -- Step [800/2166] | Batch loss: 0.0751
2026-04-05 17:32:45,530 -- Step [900/2166] | Batch loss: 0.0032
2026-04-05 17:32:45,724 -- Step [1000/2166] | Batch loss: 0.0271
2026-04-05 17:32:45,931 -- Step [1100/2166] | Batch loss: 0.0682
2026-04-05 17:32:46,140 -- Step [1200/2166] | Batch loss: 0.0024
2026-04-05 17:32:46,347 -- Step [1300/2166] | Batch loss: 0.0019
2026-04-05 17:32:46,538 -- Step [1400/2166] | Batch loss: 0.0070
2026-04-05 17:32:46,739 -- Step [1500/2166] | Batch loss: 0.0249
2026-04-05 17:32:46,938 -- Step [1600/2166] | Batch loss: 0.0074
2026-04-05 17:32:47,136 -- Step [1700/2166] | Batch loss: 0.0102
2026-04-05 17:32:47,335 -- Step [1800/2166] | Batch loss: 0.0092
2026-04-05 17:32:47,529 -- Step [1900/2166] | Batch loss: 0.0073
2026-04-05 17:32:47,728 -- Step [2000/2166] | Batch loss: 0.0015
2026-04-05 17:32:47,936 -- Step [2100/2166] | Batch loss: 0.0079
2026-04-05 17:32:48,098 -- 
2026-04-05 17:32:48,098 -- Training epoch completed. Validating...
2026-04-05 17:32:51,486 -- 
2026-04-05 17:32:51,486 -- [32m ====== Epoch 3 Summary ====== [0m
2026-04-05 17:32:51,486 -- Training Loss: 0.0190
2026-04-05 17:32:51,487 -- Validation Loss: 22.3899
2026-04-05 17:32:51,510 -- 
2026-04-05 17:32:51,510 -- [32m ====== Epoch 4/4 (Round 1) ====== [0m
2026-04-05 17:32:51,510 -- Learning rate: 0.000941
2026-04-05 17:32:51,510 -- 
2026-04-05 17:32:51,569 -- Step [1/2166] | Batch loss: 0.0019
2026-04-05 17:32:51,794 -- Step [100/2166] | Batch loss: 0.0018
2026-04-05 17:32:52,000 -- Step [200/2166] | Batch loss: 0.0036
2026-04-05 17:32:52,204 -- Step [300/2166] | Batch loss: 0.0023
2026-04-05 17:32:52,405 -- Step [400/2166] | Batch loss: 0.0062
2026-04-05 17:32:52,610 -- Step [500/2166] | Batch loss: 0.0005
2026-04-05 17:32:52,815 -- Step [600/2166] | Batch loss: 0.0017
2026-04-05 17:32:53,017 -- Step [700/2166] | Batch loss: 0.0032
2026-04-05 17:32:53,216 -- Step [800/2166] | Batch loss: 0.0022
2026-04-05 17:32:53,412 -- Step [900/2166] | Batch loss: 0.0703
2026-04-05 17:32:53,610 -- Step [1000/2166] | Batch loss: 0.0108
2026-04-05 17:32:53,811 -- Step [1100/2166] | Batch loss: 0.0289
2026-04-05 17:32:54,007 -- Step [1200/2166] | Batch loss: 0.0207
2026-04-05 17:32:54,221 -- Step [1300/2166] | Batch loss: 0.0090
2026-04-05 17:32:54,422 -- Step [1400/2166] | Batch loss: 0.0483
2026-04-05 17:32:54,625 -- Step [1500/2166] | Batch loss: 0.0029
2026-04-05 17:32:54,820 -- Step [1600/2166] | Batch loss: 0.0758
2026-04-05 17:32:55,033 -- Step [1700/2166] | Batch loss: 0.0215
2026-04-05 17:32:55,248 -- Step [1800/2166] | Batch loss: 0.0017
2026-04-05 17:32:55,447 -- Step [1900/2166] | Batch loss: 0.0073
2026-04-05 17:32:55,647 -- Step [2000/2166] | Batch loss: 0.0075
2026-04-05 17:32:55,846 -- Step [2100/2166] | Batch loss: 0.0009
2026-04-05 17:32:56,019 -- 
2026-04-05 17:32:56,019 -- Training epoch completed. Validating...
2026-04-05 17:32:59,426 -- 
2026-04-05 17:32:59,426 -- [32m ====== Epoch 4 Summary ====== [0m
2026-04-05 17:32:59,426 -- Training Loss: 0.0169
2026-04-05 17:32:59,426 -- Validation Loss: 23.3088
2026-04-05 17:33:00,008 -- 
2026-04-05 17:33:00,008 -- [32m ====== Pseudo-labeling result ====== [0m
2026-04-05 17:33:00,008 -- Confidence threshold: 0.95
2026-04-05 17:33:00,008 -- Pseudo-labeling ratio: 95.87%
2026-04-05 17:33:00,008 -- Total labeled samples: 336457
2026-04-05 17:33:00,008 -- Remaining unlabeled samples: 2553
2026-04-05 17:33:00,008 -- 
2026-04-05 17:33:00,008 -- [33m Self-training round [2/3] [0m
2026-04-05 17:33:00,008 -- 
2026-04-05 17:33:00,008 -- [32m ====== Epoch 1/4 (Round 2) ====== [0m
2026-04-05 17:33:00,009 -- Learning rate: 0.000922
2026-04-05 17:33:00,009 -- 
2026-04-05 17:33:00,070 -- Step [1/2629] | Batch loss: 0.2155
2026-04-05 17:33:00,288 -- Step [100/2629] | Batch loss: 0.0402
2026-04-05 17:33:00,494 -- Step [200/2629] | Batch loss: 0.1910
2026-04-05 17:33:00,689 -- Step [300/2629] | Batch loss: 0.0179
2026-04-05 17:33:00,901 -- Step [400/2629] | Batch loss: 0.0394
2026-04-05 17:33:01,088 -- Step [500/2629] | Batch loss: 0.0104
2026-04-05 17:33:01,277 -- Step [600/2629] | Batch loss: 0.0047
2026-04-05 17:33:01,476 -- Step [700/2629] | Batch loss: 0.0161
2026-04-05 17:33:01,668 -- Step [800/2629] | Batch loss: 0.0007
2026-04-05 17:33:01,865 -- Step [900/2629] | Batch loss: 0.0216
2026-04-05 17:33:02,059 -- Step [1000/2629] | Batch loss: 0.0152
2026-04-05 17:33:02,250 -- Step [1100/2629] | Batch loss: 0.0099
2026-04-05 17:33:02,449 -- Step [1200/2629] | Batch loss: 0.0016
2026-04-05 17:33:02,645 -- Step [1300/2629] | Batch loss: 0.0304
2026-04-05 17:33:02,852 -- Step [1400/2629] | Batch loss: 0.0527
2026-04-05 17:33:03,047 -- Step [1500/2629] | Batch loss: 0.0049
2026-04-05 17:33:03,245 -- Step [1600/2629] | Batch loss: 0.0326
2026-04-05 17:33:03,436 -- Step [1700/2629] | Batch loss: 0.0500
2026-04-05 17:33:03,650 -- Step [1800/2629] | Batch loss: 0.0146
2026-04-05 17:33:03,843 -- Step [1900/2629] | Batch loss: 0.0045
2026-04-05 17:33:04,047 -- Step [2000/2629] | Batch loss: 0.0126
2026-04-05 17:33:04,246 -- Step [2100/2629] | Batch loss: 0.0493
2026-04-05 17:33:04,454 -- Step [2200/2629] | Batch loss: 0.0578
2026-04-05 17:33:04,654 -- Step [2300/2629] | Batch loss: 0.0067
2026-04-05 17:33:04,859 -- Step [2400/2629] | Batch loss: 0.0034
2026-04-05 17:33:05,063 -- Step [2500/2629] | Batch loss: 0.0091
2026-04-05 17:33:05,268 -- Step [2600/2629] | Batch loss: 0.0140
2026-04-05 17:33:05,366 -- 
2026-04-05 17:33:05,366 -- Training epoch completed. Validating...
2026-04-05 17:33:08,726 -- 
2026-04-05 17:33:08,726 -- [32m ====== Epoch 5 Summary ====== [0m
2026-04-05 17:33:08,726 -- Training Loss: 0.0212
2026-04-05 17:33:08,726 -- Validation Loss: 31.6229
2026-04-05 17:33:08,749 -- 
2026-04-05 17:33:08,750 -- [32m ====== Epoch 2/4 (Round 2) ====== [0m
2026-04-05 17:33:08,750 -- Learning rate: 0.000904
2026-04-05 17:33:08,750 -- 
2026-04-05 17:33:08,808 -- Step [1/2629] | Batch loss: 0.0143
2026-04-05 17:33:09,022 -- Step [100/2629] | Batch loss: 0.0147
2026-04-05 17:33:09,232 -- Step [200/2629] | Batch loss: 0.0175
2026-04-05 17:33:09,433 -- Step [300/2629] | Batch loss: 0.0054
2026-04-05 17:33:09,639 -- Step [400/2629] | Batch loss: 0.0454
2026-04-05 17:33:09,841 -- Step [500/2629] | Batch loss: 0.0069
2026-04-05 17:33:10,039 -- Step [600/2629] | Batch loss: 0.0049
2026-04-05 17:33:10,244 -- Step [700/2629] | Batch loss: 0.0224
2026-04-05 17:33:10,444 -- Step [800/2629] | Batch loss: 0.0257
2026-04-05 17:33:10,639 -- Step [900/2629] | Batch loss: 0.0214
2026-04-05 17:33:10,843 -- Step [1000/2629] | Batch loss: 0.0090
2026-04-05 17:33:11,059 -- Step [1100/2629] | Batch loss: 0.0034
2026-04-05 17:33:11,258 -- Step [1200/2629] | Batch loss: 0.0707
2026-04-05 17:33:11,463 -- Step [1300/2629] | Batch loss: 0.0032
2026-04-05 17:33:11,668 -- Step [1400/2629] | Batch loss: 0.0037
2026-04-05 17:33:11,879 -- Step [1500/2629] | Batch loss: 0.0035
2026-04-05 17:33:12,112 -- Step [1600/2629] | Batch loss: 0.0148
2026-04-05 17:33:12,324 -- Step [1700/2629] | Batch loss: 0.0038
2026-04-05 17:33:12,531 -- Step [1800/2629] | Batch loss: 0.0077
2026-04-05 17:33:12,771 -- Step [1900/2629] | Batch loss: 0.0459
2026-04-05 17:33:13,064 -- Step [2000/2629] | Batch loss: 0.0013
2026-04-05 17:33:13,276 -- Step [2100/2629] | Batch loss: 0.0799
2026-04-05 17:33:13,498 -- Step [2200/2629] | Batch loss: 0.0087
2026-04-05 17:33:13,695 -- Step [2300/2629] | Batch loss: 0.0095
2026-04-05 17:33:13,895 -- Step [2400/2629] | Batch loss: 0.0026
2026-04-05 17:33:14,097 -- Step [2500/2629] | Batch loss: 0.0054
2026-04-05 17:33:14,301 -- Step [2600/2629] | Batch loss: 0.0044
2026-04-05 17:33:14,395 -- 
2026-04-05 17:33:14,395 -- Training epoch completed. Validating...
2026-04-05 17:33:17,797 -- 
2026-04-05 17:33:17,797 -- [32m ====== Epoch 6 Summary ====== [0m
2026-04-05 17:33:17,797 -- Training Loss: 0.0161
2026-04-05 17:33:17,797 -- Validation Loss: 31.2919
2026-04-05 17:33:17,820 -- 
2026-04-05 17:33:17,820 -- [32m ====== Epoch 3/4 (Round 2) ====== [0m
2026-04-05 17:33:17,820 -- Learning rate: 0.000886
2026-04-05 17:33:17,820 -- 
2026-04-05 17:33:17,879 -- Step [1/2629] | Batch loss: 0.0014
2026-04-05 17:33:18,093 -- Step [100/2629] | Batch loss: 0.0023
2026-04-05 17:33:18,307 -- Step [200/2629] | Batch loss: 0.0025
2026-04-05 17:33:18,536 -- Step [300/2629] | Batch loss: 0.0103
2026-04-05 17:33:18,757 -- Step [400/2629] | Batch loss: 0.0036
2026-04-05 17:33:18,963 -- Step [500/2629] | Batch loss: 0.0131
2026-04-05 17:33:19,165 -- Step [600/2629] | Batch loss: 0.0145
2026-04-05 17:33:19,366 -- Step [700/2629] | Batch loss: 0.0044
2026-04-05 17:33:19,583 -- Step [800/2629] | Batch loss: 0.0017
2026-04-05 17:33:19,783 -- Step [900/2629] | Batch loss: 0.0014
2026-04-05 17:33:19,987 -- Step [1000/2629] | Batch loss: 0.0446
2026-04-05 17:33:20,199 -- Step [1100/2629] | Batch loss: 0.0006
2026-04-05 17:33:20,405 -- Step [1200/2629] | Batch loss: 0.0053
2026-04-05 17:33:20,604 -- Step [1300/2629] | Batch loss: 0.0037
2026-04-05 17:33:20,805 -- Step [1400/2629] | Batch loss: 0.0153
2026-04-05 17:33:21,004 -- Step [1500/2629] | Batch loss: 0.0158
2026-04-05 17:33:21,202 -- Step [1600/2629] | Batch loss: 0.0092
2026-04-05 17:33:21,398 -- Step [1700/2629] | Batch loss: 0.0031
2026-04-05 17:33:21,626 -- Step [1800/2629] | Batch loss: 0.0359
2026-04-05 17:33:21,837 -- Step [1900/2629] | Batch loss: 0.0022
2026-04-05 17:33:22,042 -- Step [2000/2629] | Batch loss: 0.0008
2026-04-05 17:33:22,244 -- Step [2100/2629] | Batch loss: 0.0103
2026-04-05 17:33:22,447 -- Step [2200/2629] | Batch loss: 0.0208
2026-04-05 17:33:22,656 -- Step [2300/2629] | Batch loss: 0.0081
2026-04-05 17:33:22,852 -- Step [2400/2629] | Batch loss: 0.0008
2026-04-05 17:33:23,068 -- Step [2500/2629] | Batch loss: 0.0226
2026-04-05 17:33:23,269 -- Step [2600/2629] | Batch loss: 0.0006
2026-04-05 17:33:23,365 -- 
2026-04-05 17:33:23,366 -- Training epoch completed. Validating...
2026-04-05 17:33:26,747 -- 
2026-04-05 17:33:26,748 -- [32m ====== Epoch 7 Summary ====== [0m
2026-04-05 17:33:26,748 -- Training Loss: 0.0143
2026-04-05 17:33:26,748 -- Validation Loss: 29.0659
2026-04-05 17:33:26,772 -- 
2026-04-05 17:33:26,772 -- [32m ====== Epoch 4/4 (Round 2) ====== [0m
2026-04-05 17:33:26,772 -- Learning rate: 0.000868
2026-04-05 17:33:26,772 -- 
2026-04-05 17:33:26,834 -- Step [1/2629] | Batch loss: 0.0022
2026-04-05 17:33:27,057 -- Step [100/2629] | Batch loss: 0.0022
2026-04-05 17:33:27,277 -- Step [200/2629] | Batch loss: 0.0027
2026-04-05 17:33:27,479 -- Step [300/2629] | Batch loss: 0.0005
2026-04-05 17:33:27,691 -- Step [400/2629] | Batch loss: 0.0186
2026-04-05 17:33:27,899 -- Step [500/2629] | Batch loss: 0.0018
2026-04-05 17:33:28,101 -- Step [600/2629] | Batch loss: 0.0120
2026-04-05 17:33:28,302 -- Step [700/2629] | Batch loss: 0.0026
2026-04-05 17:33:28,503 -- Step [800/2629] | Batch loss: 0.0011
2026-04-05 17:33:28,709 -- Step [900/2629] | Batch loss: 0.0070
2026-04-05 17:33:28,907 -- Step [1000/2629] | Batch loss: 0.0010
2026-04-05 17:33:29,115 -- Step [1100/2629] | Batch loss: 0.0019
2026-04-05 17:33:29,320 -- Step [1200/2629] | Batch loss: 0.0023
2026-04-05 17:33:29,523 -- Step [1300/2629] | Batch loss: 0.0081
2026-04-05 17:33:29,733 -- Step [1400/2629] | Batch loss: 0.0254
2026-04-05 17:33:29,944 -- Step [1500/2629] | Batch loss: 0.0004
2026-04-05 17:33:30,149 -- Step [1600/2629] | Batch loss: 0.0061
2026-04-05 17:33:30,350 -- Step [1700/2629] | Batch loss: 0.0029
2026-04-05 17:33:30,548 -- Step [1800/2629] | Batch loss: 0.0026
2026-04-05 17:33:30,745 -- Step [1900/2629] | Batch loss: 0.0018
2026-04-05 17:33:30,945 -- Step [2000/2629] | Batch loss: 0.0475
2026-04-05 17:33:31,145 -- Step [2100/2629] | Batch loss: 0.0026
2026-04-05 17:33:31,350 -- Step [2200/2629] | Batch loss: 0.0004
2026-04-05 17:33:31,554 -- Step [2300/2629] | Batch loss: 0.0180
2026-04-05 17:33:31,761 -- Step [2400/2629] | Batch loss: 0.0289
2026-04-05 17:33:31,958 -- Step [2500/2629] | Batch loss: 0.0022
2026-04-05 17:33:32,164 -- Step [2600/2629] | Batch loss: 0.0016
2026-04-05 17:33:32,257 -- 
2026-04-05 17:33:32,258 -- Training epoch completed. Validating...
2026-04-05 17:33:35,644 -- 
2026-04-05 17:33:35,644 -- [32m ====== Epoch 8 Summary ====== [0m
2026-04-05 17:33:35,644 -- Training Loss: 0.0123
2026-04-05 17:33:35,644 -- Validation Loss: 31.1180
2026-04-05 17:33:35,761 -- 
2026-04-05 17:33:35,762 -- [32m ====== Pseudo-labeling result ====== [0m
2026-04-05 17:33:35,762 -- Confidence threshold: 0.95
2026-04-05 17:33:35,762 -- Pseudo-labeling ratio: 59.34%
2026-04-05 17:33:35,762 -- Total labeled samples: 337972
2026-04-05 17:33:35,762 -- Remaining unlabeled samples: 1038
2026-04-05 17:33:35,762 -- 
2026-04-05 17:33:35,762 -- [33m Self-training round [3/3] [0m
2026-04-05 17:33:35,762 -- 
2026-04-05 17:33:35,762 -- [32m ====== Epoch 1/4 (Round 3) ====== [0m
2026-04-05 17:33:35,762 -- Learning rate: 0.000851
2026-04-05 17:33:35,762 -- 
2026-04-05 17:33:35,829 -- Step [1/2641] | Batch loss: 0.0113
2026-04-05 17:33:36,048 -- Step [100/2641] | Batch loss: 0.0057
2026-04-05 17:33:36,249 -- Step [200/2641] | Batch loss: 0.0188
2026-04-05 17:33:36,437 -- Step [300/2641] | Batch loss: 0.0033
2026-04-05 17:33:36,627 -- Step [400/2641] | Batch loss: 0.0165
2026-04-05 17:33:36,827 -- Step [500/2641] | Batch loss: 0.0082
2026-04-05 17:33:37,023 -- Step [600/2641] | Batch loss: 0.0025
2026-04-05 17:33:37,229 -- Step [700/2641] | Batch loss: 0.0096
2026-04-05 17:33:37,429 -- Step [800/2641] | Batch loss: 0.0004
2026-04-05 17:33:37,629 -- Step [900/2641] | Batch loss: 0.0022
2026-04-05 17:33:37,832 -- Step [1000/2641] | Batch loss: 0.0829
2026-04-05 17:33:38,037 -- Step [1100/2641] | Batch loss: 0.0088
2026-04-05 17:33:38,250 -- Step [1200/2641] | Batch loss: 0.0087
2026-04-05 17:33:38,463 -- Step [1300/2641] | Batch loss: 0.0031
2026-04-05 17:33:38,662 -- Step [1400/2641] | Batch loss: 0.0013
2026-04-05 17:33:38,860 -- Step [1500/2641] | Batch loss: 0.0003
2026-04-05 17:33:39,068 -- Step [1600/2641] | Batch loss: 0.0014
2026-04-05 17:33:39,268 -- Step [1700/2641] | Batch loss: 0.0770
2026-04-05 17:33:39,468 -- Step [1800/2641] | Batch loss: 0.0106
2026-04-05 17:33:39,673 -- Step [1900/2641] | Batch loss: 0.0023
2026-04-05 17:33:39,885 -- Step [2000/2641] | Batch loss: 0.0139
2026-04-05 17:33:40,090 -- Step [2100/2641] | Batch loss: 0.0120
2026-04-05 17:33:40,293 -- Step [2200/2641] | Batch loss: 0.0438
2026-04-05 17:33:40,495 -- Step [2300/2641] | Batch loss: 0.0008
2026-04-05 17:33:40,698 -- Step [2400/2641] | Batch loss: 0.0017
2026-04-05 17:33:40,909 -- Step [2500/2641] | Batch loss: 0.0048
2026-04-05 17:33:41,119 -- Step [2600/2641] | Batch loss: 0.0046
2026-04-05 17:33:41,234 -- 
2026-04-05 17:33:41,235 -- Training epoch completed. Validating...
2026-04-05 17:33:44,632 -- 
2026-04-05 17:33:44,632 -- [32m ====== Epoch 9 Summary ====== [0m
2026-04-05 17:33:44,632 -- Training Loss: 0.0134
2026-04-05 17:33:44,632 -- Validation Loss: 31.7814
2026-04-05 17:33:44,655 -- 
2026-04-05 17:33:44,655 -- [32m ====== Epoch 2/4 (Round 3) ====== [0m
2026-04-05 17:33:44,655 -- Learning rate: 0.000834
2026-04-05 17:33:44,655 -- 
2026-04-05 17:33:44,718 -- Step [1/2641] | Batch loss: 0.0020
2026-04-05 17:33:44,922 -- Step [100/2641] | Batch loss: 0.0020
2026-04-05 17:33:45,121 -- Step [200/2641] | Batch loss: 0.0014
2026-04-05 17:33:45,314 -- Step [300/2641] | Batch loss: 0.0032
2026-04-05 17:33:45,507 -- Step [400/2641] | Batch loss: 0.0027
2026-04-05 17:33:45,703 -- Step [500/2641] | Batch loss: 0.0018
2026-04-05 17:33:45,909 -- Step [600/2641] | Batch loss: 0.0004
2026-04-05 17:33:46,108 -- Step [700/2641] | Batch loss: 0.0039
2026-04-05 17:33:46,303 -- Step [800/2641] | Batch loss: 0.0026
2026-04-05 17:33:46,504 -- Step [900/2641] | Batch loss: 0.0002
2026-04-05 17:33:46,706 -- Step [1000/2641] | Batch loss: 0.0019
2026-04-05 17:33:46,899 -- Step [1100/2641] | Batch loss: 0.0003
2026-04-05 17:33:47,102 -- Step [1200/2641] | Batch loss: 0.0233
2026-04-05 17:33:47,304 -- Step [1300/2641] | Batch loss: 0.0005
2026-04-05 17:33:47,510 -- Step [1400/2641] | Batch loss: 0.0119
2026-04-05 17:33:47,716 -- Step [1500/2641] | Batch loss: 0.0022
2026-04-05 17:33:47,919 -- Step [1600/2641] | Batch loss: 0.0459
2026-04-05 17:33:48,121 -- Step [1700/2641] | Batch loss: 0.0229
2026-04-05 17:33:48,319 -- Step [1800/2641] | Batch loss: 0.0006
2026-04-05 17:33:48,515 -- Step [1900/2641] | Batch loss: 0.0071
2026-04-05 17:33:48,711 -- Step [2000/2641] | Batch loss: 0.0036
2026-04-05 17:33:48,907 -- Step [2100/2641] | Batch loss: 0.0028
2026-04-05 17:33:49,103 -- Step [2200/2641] | Batch loss: 0.0011
2026-04-05 17:33:49,303 -- Step [2300/2641] | Batch loss: 0.0388
2026-04-05 17:33:49,507 -- Step [2400/2641] | Batch loss: 0.0016
2026-04-05 17:33:49,721 -- Step [2500/2641] | Batch loss: 0.0007
2026-04-05 17:33:49,925 -- Step [2600/2641] | Batch loss: 0.0009
2026-04-05 17:33:50,040 -- 
2026-04-05 17:33:50,040 -- Training epoch completed. Validating...
2026-04-05 17:33:53,428 -- 
2026-04-05 17:33:53,429 -- [32m ====== Epoch 10 Summary ====== [0m
2026-04-05 17:33:53,429 -- Training Loss: 0.0126
2026-04-05 17:33:53,429 -- Validation Loss: 30.9318
2026-04-05 17:33:53,452 -- 
2026-04-05 17:33:53,452 -- [32m ====== Epoch 3/4 (Round 3) ====== [0m
2026-04-05 17:33:53,452 -- Learning rate: 0.000817
2026-04-05 17:33:53,452 -- 
2026-04-05 17:33:53,518 -- Step [1/2641] | Batch loss: 0.0080
2026-04-05 17:33:53,721 -- Step [100/2641] | Batch loss: 0.0020
2026-04-05 17:33:53,919 -- Step [200/2641] | Batch loss: 0.0414
2026-04-05 17:33:54,122 -- Step [300/2641] | Batch loss: 0.0014
2026-04-05 17:33:54,327 -- Step [400/2641] | Batch loss: 0.0058
2026-04-05 17:33:54,540 -- Step [500/2641] | Batch loss: 0.0395
2026-04-05 17:33:54,734 -- Step [600/2641] | Batch loss: 0.0008
2026-04-05 17:33:54,927 -- Step [700/2641] | Batch loss: 0.0026
2026-04-05 17:33:55,128 -- Step [800/2641] | Batch loss: 0.0011
2026-04-05 17:33:55,336 -- Step [900/2641] | Batch loss: 0.0115
2026-04-05 17:33:55,546 -- Step [1000/2641] | Batch loss: 0.0046
2026-04-05 17:33:55,748 -- Step [1100/2641] | Batch loss: 0.0029
2026-04-05 17:33:55,943 -- Step [1200/2641] | Batch loss: 0.0183
2026-04-05 17:33:56,137 -- Step [1300/2641] | Batch loss: 0.0042
2026-04-05 17:33:56,352 -- Step [1400/2641] | Batch loss: 0.0086
2026-04-05 17:33:56,557 -- Step [1500/2641] | Batch loss: 0.0008
2026-04-05 17:33:56,760 -- Step [1600/2641] | Batch loss: 0.0013
2026-04-05 17:33:56,973 -- Step [1700/2641] | Batch loss: 0.0317
2026-04-05 17:33:57,185 -- Step [1800/2641] | Batch loss: 0.0021
2026-04-05 17:33:57,389 -- Step [1900/2641] | Batch loss: 0.0177
2026-04-05 17:33:57,595 -- Step [2000/2641] | Batch loss: 0.0002
2026-04-05 17:33:57,798 -- Step [2100/2641] | Batch loss: 0.0661
2026-04-05 17:33:58,001 -- Step [2200/2641] | Batch loss: 0.0140
2026-04-05 17:33:58,208 -- Step [2300/2641] | Batch loss: 0.0005
2026-04-05 17:33:58,409 -- Step [2400/2641] | Batch loss: 0.0389
2026-04-05 17:33:58,611 -- Step [2500/2641] | Batch loss: 0.0007
2026-04-05 17:33:58,819 -- Step [2600/2641] | Batch loss: 0.0156
2026-04-05 17:33:58,933 -- 
2026-04-05 17:33:58,933 -- Training epoch completed. Validating...
2026-04-05 17:34:02,328 -- 
2026-04-05 17:34:02,328 -- [32m ====== Epoch 11 Summary ====== [0m
2026-04-05 17:34:02,328 -- Training Loss: 0.0121
2026-04-05 17:34:02,328 -- Validation Loss: 30.8988
2026-04-05 17:34:02,352 -- 
2026-04-05 17:34:02,352 -- [32m ====== Epoch 4/4 (Round 3) ====== [0m
2026-04-05 17:34:02,352 -- Learning rate: 0.000801
2026-04-05 17:34:02,353 -- 
2026-04-05 17:34:02,419 -- Step [1/2641] | Batch loss: 0.0062
2026-04-05 17:34:02,663 -- Step [100/2641] | Batch loss: 0.0021
2026-04-05 17:34:02,865 -- Step [200/2641] | Batch loss: 0.0082
2026-04-05 17:34:03,068 -- Step [300/2641] | Batch loss: 0.0013
2026-04-05 17:34:03,290 -- Step [400/2641] | Batch loss: 0.0152
2026-04-05 17:34:03,489 -- Step [500/2641] | Batch loss: 0.0032
2026-04-05 17:34:03,685 -- Step [600/2641] | Batch loss: 0.0008
2026-04-05 17:34:03,883 -- Step [700/2641] | Batch loss: 0.0076
2026-04-05 17:34:04,075 -- Step [800/2641] | Batch loss: 0.0407
2026-04-05 17:34:04,271 -- Step [900/2641] | Batch loss: 0.0009
2026-04-05 17:34:04,479 -- Step [1000/2641] | Batch loss: 0.0118
2026-04-05 17:34:04,675 -- Step [1100/2641] | Batch loss: 0.0003
2026-04-05 17:34:04,886 -- Step [1200/2641] | Batch loss: 0.0081
2026-04-05 17:34:05,084 -- Step [1300/2641] | Batch loss: 0.0009
2026-04-05 17:34:05,283 -- Step [1400/2641] | Batch loss: 0.0013
2026-04-05 17:34:05,484 -- Step [1500/2641] | Batch loss: 0.0104
2026-04-05 17:34:05,684 -- Step [1600/2641] | Batch loss: 0.0035
2026-04-05 17:34:05,887 -- Step [1700/2641] | Batch loss: 0.0010
2026-04-05 17:34:06,093 -- Step [1800/2641] | Batch loss: 0.0004
2026-04-05 17:34:06,293 -- Step [1900/2641] | Batch loss: 0.0163
2026-04-05 17:34:06,499 -- Step [2000/2641] | Batch loss: 0.0672
2026-04-05 17:34:06,694 -- Step [2100/2641] | Batch loss: 0.3021
2026-04-05 17:34:06,898 -- Step [2200/2641] | Batch loss: 0.0018
2026-04-05 17:34:07,113 -- Step [2300/2641] | Batch loss: 0.0151
2026-04-05 17:34:07,323 -- Step [2400/2641] | Batch loss: 0.0036
2026-04-05 17:34:07,524 -- Step [2500/2641] | Batch loss: 0.0113
2026-04-05 17:34:07,725 -- Step [2600/2641] | Batch loss: 0.0004
2026-04-05 17:34:07,842 -- 
2026-04-05 17:34:07,842 -- Training epoch completed. Validating...
2026-04-05 17:34:11,193 -- 
2026-04-05 17:34:11,194 -- [32m ====== Epoch 12 Summary ====== [0m
2026-04-05 17:34:11,194 -- Training Loss: 0.0115
2026-04-05 17:34:11,194 -- Validation Loss: 32.4488
2026-04-05 17:34:11,307 -- 
2026-04-05 17:34:11,307 -- [32m ====== Pseudo-labeling result ====== [0m
2026-04-05 17:34:11,307 -- Confidence threshold: 0.95
2026-04-05 17:34:11,307 -- Pseudo-labeling ratio: 98.94%
2026-04-05 17:34:11,307 -- Total labeled samples: 338999
2026-04-05 17:34:11,307 -- Remaining unlabeled samples: 11
2026-04-05 17:34:11,307 -- 
