2026-04-05 17:49:58,314 -- [33m Self-training round [1/3] [0m
2026-04-05 17:49:58,314 -- 
2026-04-05 17:49:58,314 -- [32m ====== Epoch 1/4 (Round 1) ====== [0m
2026-04-05 17:49:58,314 -- Learning rate: 0.000100
2026-04-05 17:49:58,314 -- 
2026-04-05 17:49:58,524 -- Step [1/2166] | Batch loss: 1.4854
2026-04-05 17:49:58,745 -- Step [100/2166] | Batch loss: 1.1605
2026-04-05 17:49:58,956 -- Step [200/2166] | Batch loss: 1.1223
2026-04-05 17:49:59,163 -- Step [300/2166] | Batch loss: 0.8637
2026-04-05 17:49:59,369 -- Step [400/2166] | Batch loss: 0.7601
2026-04-05 17:49:59,574 -- Step [500/2166] | Batch loss: 0.7795
2026-04-05 17:49:59,772 -- Step [600/2166] | Batch loss: 0.6010
2026-04-05 17:49:59,983 -- Step [700/2166] | Batch loss: 0.5338
2026-04-05 17:50:00,189 -- Step [800/2166] | Batch loss: 0.5104
2026-04-05 17:50:00,400 -- Step [900/2166] | Batch loss: 0.5789
2026-04-05 17:50:00,601 -- Step [1000/2166] | Batch loss: 0.5168
2026-04-05 17:50:00,792 -- Step [1100/2166] | Batch loss: 0.4177
2026-04-05 17:50:00,992 -- Step [1200/2166] | Batch loss: 0.3857
2026-04-05 17:50:01,191 -- Step [1300/2166] | Batch loss: 0.4664
2026-04-05 17:50:01,392 -- Step [1400/2166] | Batch loss: 0.5387
2026-04-05 17:50:01,606 -- Step [1500/2166] | Batch loss: 0.3554
2026-04-05 17:50:01,814 -- Step [1600/2166] | Batch loss: 0.4187
2026-04-05 17:50:02,016 -- Step [1700/2166] | Batch loss: 0.3942
2026-04-05 17:50:02,221 -- Step [1800/2166] | Batch loss: 0.3785
2026-04-05 17:50:02,416 -- Step [1900/2166] | Batch loss: 0.4053
2026-04-05 17:50:02,605 -- Step [2000/2166] | Batch loss: 0.3370
2026-04-05 17:50:02,815 -- Step [2100/2166] | Batch loss: 0.3647
2026-04-05 17:50:02,973 -- 
2026-04-05 17:50:02,973 -- Training epoch completed. Validating...
2026-04-05 17:50:06,359 -- 
2026-04-05 17:50:06,360 -- [32m ====== Epoch 1 Summary ====== [0m
2026-04-05 17:50:06,360 -- Training Loss: 0.5443
2026-04-05 17:50:06,360 -- Validation Loss: 3.7254
2026-04-05 17:50:06,432 -- [33m✓ New best model saved with validation loss: 3.7254 [0m
2026-04-05 17:50:06,432 -- 
2026-04-05 17:50:06,432 -- [32m ====== Epoch 2/4 (Round 1) ====== [0m
2026-04-05 17:50:06,432 -- Learning rate: 0.000098
2026-04-05 17:50:06,432 -- 
2026-04-05 17:50:06,493 -- Step [1/2166] | Batch loss: 0.6039
2026-04-05 17:50:06,708 -- Step [100/2166] | Batch loss: 0.3841
2026-04-05 17:50:06,906 -- Step [200/2166] | Batch loss: 0.4565
2026-04-05 17:50:07,110 -- Step [300/2166] | Batch loss: 0.4782
2026-04-05 17:50:07,305 -- Step [400/2166] | Batch loss: 0.2433
2026-04-05 17:50:07,505 -- Step [500/2166] | Batch loss: 0.3243
2026-04-05 17:50:07,699 -- Step [600/2166] | Batch loss: 0.3316
2026-04-05 17:50:07,920 -- Step [700/2166] | Batch loss: 0.3290
2026-04-05 17:50:08,119 -- Step [800/2166] | Batch loss: 0.2973
2026-04-05 17:50:08,323 -- Step [900/2166] | Batch loss: 0.3578
2026-04-05 17:50:08,522 -- Step [1000/2166] | Batch loss: 0.3038
2026-04-05 17:50:08,726 -- Step [1100/2166] | Batch loss: 0.2921
2026-04-05 17:50:08,921 -- Step [1200/2166] | Batch loss: 0.2675
2026-04-05 17:50:09,121 -- Step [1300/2166] | Batch loss: 0.1633
2026-04-05 17:50:09,330 -- Step [1400/2166] | Batch loss: 0.1776
2026-04-05 17:50:09,552 -- Step [1500/2166] | Batch loss: 0.3790
2026-04-05 17:50:09,750 -- Step [1600/2166] | Batch loss: 0.2500
2026-04-05 17:50:09,954 -- Step [1700/2166] | Batch loss: 0.4419
2026-04-05 17:50:10,156 -- Step [1800/2166] | Batch loss: 0.2111
2026-04-05 17:50:10,369 -- Step [1900/2166] | Batch loss: 0.2013
2026-04-05 17:50:10,565 -- Step [2000/2166] | Batch loss: 0.1882
2026-04-05 17:50:10,763 -- Step [2100/2166] | Batch loss: 0.1809
2026-04-05 17:50:10,929 -- 
2026-04-05 17:50:10,929 -- Training epoch completed. Validating...
2026-04-05 17:50:14,276 -- 
2026-04-05 17:50:14,277 -- [32m ====== Epoch 2 Summary ====== [0m
2026-04-05 17:50:14,277 -- Training Loss: 0.2892
2026-04-05 17:50:14,277 -- Validation Loss: 6.1275
2026-04-05 17:50:14,301 -- 
2026-04-05 17:50:14,301 -- [32m ====== Epoch 3/4 (Round 1) ====== [0m
2026-04-05 17:50:14,301 -- Learning rate: 0.000096
2026-04-05 17:50:14,301 -- 
2026-04-05 17:50:14,360 -- Step [1/2166] | Batch loss: 0.2199
2026-04-05 17:50:14,565 -- Step [100/2166] | Batch loss: 0.2617
2026-04-05 17:50:14,769 -- Step [200/2166] | Batch loss: 0.2787
2026-04-05 17:50:14,973 -- Step [300/2166] | Batch loss: 0.1751
2026-04-05 17:50:15,175 -- Step [400/2166] | Batch loss: 0.1727
2026-04-05 17:50:15,376 -- Step [500/2166] | Batch loss: 0.1233
2026-04-05 17:50:15,562 -- Step [600/2166] | Batch loss: 0.2734
2026-04-05 17:50:15,774 -- Step [700/2166] | Batch loss: 0.1616
2026-04-05 17:50:15,976 -- Step [800/2166] | Batch loss: 0.1960
2026-04-05 17:50:16,176 -- Step [900/2166] | Batch loss: 0.1546
2026-04-05 17:50:16,379 -- Step [1000/2166] | Batch loss: 0.2759
2026-04-05 17:50:16,584 -- Step [1100/2166] | Batch loss: 0.3100
2026-04-05 17:50:16,785 -- Step [1200/2166] | Batch loss: 0.1409
2026-04-05 17:50:16,980 -- Step [1300/2166] | Batch loss: 0.1766
2026-04-05 17:50:17,182 -- Step [1400/2166] | Batch loss: 0.1544
2026-04-05 17:50:17,382 -- Step [1500/2166] | Batch loss: 0.1515
2026-04-05 17:50:17,583 -- Step [1600/2166] | Batch loss: 0.1137
2026-04-05 17:50:17,796 -- Step [1700/2166] | Batch loss: 0.0940
2026-04-05 17:50:17,993 -- Step [1800/2166] | Batch loss: 0.1537
2026-04-05 17:50:18,194 -- Step [1900/2166] | Batch loss: 0.1115
2026-04-05 17:50:18,399 -- Step [2000/2166] | Batch loss: 0.1028
2026-04-05 17:50:18,600 -- Step [2100/2166] | Batch loss: 0.2061
2026-04-05 17:50:18,761 -- 
2026-04-05 17:50:18,762 -- Training epoch completed. Validating...
2026-04-05 17:50:22,161 -- 
2026-04-05 17:50:22,161 -- [32m ====== Epoch 3 Summary ====== [0m
2026-04-05 17:50:22,161 -- Training Loss: 0.1891
2026-04-05 17:50:22,161 -- Validation Loss: 8.0856
2026-04-05 17:50:22,184 -- 
2026-04-05 17:50:22,184 -- [32m ====== Epoch 4/4 (Round 1) ====== [0m
2026-04-05 17:50:22,184 -- Learning rate: 0.000094
2026-04-05 17:50:22,184 -- 
2026-04-05 17:50:22,258 -- Step [1/2166] | Batch loss: 0.1346
2026-04-05 17:50:22,464 -- Step [100/2166] | Batch loss: 0.1056
2026-04-05 17:50:22,666 -- Step [200/2166] | Batch loss: 0.1215
2026-04-05 17:50:22,873 -- Step [300/2166] | Batch loss: 0.0757
2026-04-05 17:50:23,090 -- Step [400/2166] | Batch loss: 0.2561
2026-04-05 17:50:23,306 -- Step [500/2166] | Batch loss: 0.0769
2026-04-05 17:50:23,514 -- Step [600/2166] | Batch loss: 0.1049
2026-04-05 17:50:23,713 -- Step [700/2166] | Batch loss: 0.1759
2026-04-05 17:50:23,912 -- Step [800/2166] | Batch loss: 0.0654
2026-04-05 17:50:24,102 -- Step [900/2166] | Batch loss: 0.1463
2026-04-05 17:50:24,298 -- Step [1000/2166] | Batch loss: 0.1243
2026-04-05 17:50:24,498 -- Step [1100/2166] | Batch loss: 0.1243
2026-04-05 17:50:24,701 -- Step [1200/2166] | Batch loss: 0.1812
2026-04-05 17:50:24,915 -- Step [1300/2166] | Batch loss: 0.2535
2026-04-05 17:50:25,126 -- Step [1400/2166] | Batch loss: 0.1803
2026-04-05 17:50:25,324 -- Step [1500/2166] | Batch loss: 0.0761
2026-04-05 17:50:25,526 -- Step [1600/2166] | Batch loss: 0.2384
2026-04-05 17:50:25,740 -- Step [1700/2166] | Batch loss: 0.1311
2026-04-05 17:50:25,945 -- Step [1800/2166] | Batch loss: 0.1259
2026-04-05 17:50:26,144 -- Step [1900/2166] | Batch loss: 0.1612
2026-04-05 17:50:26,377 -- Step [2000/2166] | Batch loss: 0.0817
2026-04-05 17:50:26,582 -- Step [2100/2166] | Batch loss: 0.0527
2026-04-05 17:50:26,746 -- 
2026-04-05 17:50:26,746 -- Training epoch completed. Validating...
2026-04-05 17:50:30,115 -- 
2026-04-05 17:50:30,116 -- [32m ====== Epoch 4 Summary ====== [0m
2026-04-05 17:50:30,116 -- Training Loss: 0.1362
2026-04-05 17:50:30,116 -- Validation Loss: 9.7784
2026-04-05 17:50:30,687 -- 
2026-04-05 17:50:30,687 -- [32m ====== Pseudo-labeling result ====== [0m
2026-04-05 17:50:30,687 -- Confidence threshold: 0.99
2026-04-05 17:50:30,687 -- Pseudo-labeling ratio: 85.20%
2026-04-05 17:50:30,687 -- Total labeled samples: 329867
2026-04-05 17:50:30,687 -- Remaining unlabeled samples: 9143
2026-04-05 17:50:30,687 -- 
2026-04-05 17:50:30,687 -- [33m Self-training round [2/3] [0m
2026-04-05 17:50:30,687 -- 
2026-04-05 17:50:30,687 -- [32m ====== Epoch 1/4 (Round 2) ====== [0m
2026-04-05 17:50:30,687 -- Learning rate: 0.000092
2026-04-05 17:50:30,687 -- 
2026-04-05 17:50:30,757 -- Step [1/2578] | Batch loss: 0.8672
2026-04-05 17:50:30,970 -- Step [100/2578] | Batch loss: 0.1509
2026-04-05 17:50:31,176 -- Step [200/2578] | Batch loss: 0.5287
2026-04-05 17:50:31,383 -- Step [300/2578] | Batch loss: 0.1189
2026-04-05 17:50:31,594 -- Step [400/2578] | Batch loss: 0.1315
2026-04-05 17:50:31,788 -- Step [500/2578] | Batch loss: 0.0670
2026-04-05 17:50:31,989 -- Step [600/2578] | Batch loss: 0.0556
2026-04-05 17:50:32,199 -- Step [700/2578] | Batch loss: 0.1474
2026-04-05 17:50:32,397 -- Step [800/2578] | Batch loss: 0.0547
2026-04-05 17:50:32,600 -- Step [900/2578] | Batch loss: 0.1335
2026-04-05 17:50:32,806 -- Step [1000/2578] | Batch loss: 0.1053
2026-04-05 17:50:33,019 -- Step [1100/2578] | Batch loss: 0.0803
2026-04-05 17:50:33,216 -- Step [1200/2578] | Batch loss: 0.1046
2026-04-05 17:50:33,412 -- Step [1300/2578] | Batch loss: 0.0879
2026-04-05 17:50:33,616 -- Step [1400/2578] | Batch loss: 0.0841
2026-04-05 17:50:33,826 -- Step [1500/2578] | Batch loss: 0.1811
2026-04-05 17:50:34,033 -- Step [1600/2578] | Batch loss: 0.0690
2026-04-05 17:50:34,245 -- Step [1700/2578] | Batch loss: 0.2126
2026-04-05 17:50:34,440 -- Step [1800/2578] | Batch loss: 0.0970
2026-04-05 17:50:34,640 -- Step [1900/2578] | Batch loss: 0.1372
2026-04-05 17:50:34,873 -- Step [2000/2578] | Batch loss: 0.0857
2026-04-05 17:50:35,078 -- Step [2100/2578] | Batch loss: 0.0548
2026-04-05 17:50:35,276 -- Step [2200/2578] | Batch loss: 0.0667
2026-04-05 17:50:35,473 -- Step [2300/2578] | Batch loss: 0.1379
2026-04-05 17:50:35,680 -- Step [2400/2578] | Batch loss: 0.0331
2026-04-05 17:50:35,888 -- Step [2500/2578] | Batch loss: 0.0929
2026-04-05 17:50:36,080 -- 
2026-04-05 17:50:36,080 -- Training epoch completed. Validating...
2026-04-05 17:50:39,450 -- 
2026-04-05 17:50:39,450 -- [32m ====== Epoch 5 Summary ====== [0m
2026-04-05 17:50:39,450 -- Training Loss: 0.1195
2026-04-05 17:50:39,450 -- Validation Loss: 13.2536
2026-04-05 17:50:39,475 -- 
2026-04-05 17:50:39,475 -- [32m ====== Epoch 2/4 (Round 2) ====== [0m
2026-04-05 17:50:39,475 -- Learning rate: 0.000090
2026-04-05 17:50:39,475 -- 
2026-04-05 17:50:39,547 -- Step [1/2578] | Batch loss: 0.0514
2026-04-05 17:50:39,750 -- Step [100/2578] | Batch loss: 0.0727
2026-04-05 17:50:39,958 -- Step [200/2578] | Batch loss: 0.0669
2026-04-05 17:50:40,149 -- Step [300/2578] | Batch loss: 0.0412
2026-04-05 17:50:40,351 -- Step [400/2578] | Batch loss: 0.0292
2026-04-05 17:50:40,556 -- Step [500/2578] | Batch loss: 0.1241
2026-04-05 17:50:40,750 -- Step [600/2578] | Batch loss: 0.0810
2026-04-05 17:50:40,949 -- Step [700/2578] | Batch loss: 0.1314
2026-04-05 17:50:41,140 -- Step [800/2578] | Batch loss: 0.0501
2026-04-05 17:50:41,335 -- Step [900/2578] | Batch loss: 0.0532
2026-04-05 17:50:41,536 -- Step [1000/2578] | Batch loss: 0.0693
2026-04-05 17:50:41,741 -- Step [1100/2578] | Batch loss: 0.0497
2026-04-05 17:50:41,953 -- Step [1200/2578] | Batch loss: 0.1321
2026-04-05 17:50:42,148 -- Step [1300/2578] | Batch loss: 0.1803
2026-04-05 17:50:42,348 -- Step [1400/2578] | Batch loss: 0.0943
2026-04-05 17:50:42,547 -- Step [1500/2578] | Batch loss: 0.0578
2026-04-05 17:50:42,749 -- Step [1600/2578] | Batch loss: 0.0512
2026-04-05 17:50:42,959 -- Step [1700/2578] | Batch loss: 0.0509
2026-04-05 17:50:43,166 -- Step [1800/2578] | Batch loss: 0.0723
2026-04-05 17:50:43,364 -- Step [1900/2578] | Batch loss: 0.0403
2026-04-05 17:50:43,571 -- Step [2000/2578] | Batch loss: 0.0235
2026-04-05 17:50:43,765 -- Step [2100/2578] | Batch loss: 0.0519
2026-04-05 17:50:43,968 -- Step [2200/2578] | Batch loss: 0.0482
2026-04-05 17:50:44,163 -- Step [2300/2578] | Batch loss: 0.0561
2026-04-05 17:50:44,356 -- Step [2400/2578] | Batch loss: 0.0656
2026-04-05 17:50:44,549 -- Step [2500/2578] | Batch loss: 0.0800
2026-04-05 17:50:44,741 -- 
2026-04-05 17:50:44,741 -- Training epoch completed. Validating...
2026-04-05 17:50:48,126 -- 
2026-04-05 17:50:48,126 -- [32m ====== Epoch 6 Summary ====== [0m
2026-04-05 17:50:48,126 -- Training Loss: 0.0846
2026-04-05 17:50:48,126 -- Validation Loss: 14.8266
2026-04-05 17:50:48,150 -- 
2026-04-05 17:50:48,150 -- [32m ====== Epoch 3/4 (Round 2) ====== [0m
2026-04-05 17:50:48,150 -- Learning rate: 0.000089
2026-04-05 17:50:48,150 -- 
2026-04-05 17:50:48,222 -- Step [1/2578] | Batch loss: 0.0790
2026-04-05 17:50:48,447 -- Step [100/2578] | Batch loss: 0.0609
2026-04-05 17:50:48,658 -- Step [200/2578] | Batch loss: 0.1470
2026-04-05 17:50:48,864 -- Step [300/2578] | Batch loss: 0.1426
2026-04-05 17:50:49,067 -- Step [400/2578] | Batch loss: 0.0927
2026-04-05 17:50:49,262 -- Step [500/2578] | Batch loss: 0.0572
2026-04-05 17:50:49,456 -- Step [600/2578] | Batch loss: 0.0448
2026-04-05 17:50:49,653 -- Step [700/2578] | Batch loss: 0.0514
2026-04-05 17:50:49,849 -- Step [800/2578] | Batch loss: 0.0449
2026-04-05 17:50:50,053 -- Step [900/2578] | Batch loss: 0.0849
2026-04-05 17:50:50,255 -- Step [1000/2578] | Batch loss: 0.0167
2026-04-05 17:50:50,455 -- Step [1100/2578] | Batch loss: 0.0643
2026-04-05 17:50:50,655 -- Step [1200/2578] | Batch loss: 0.1379
2026-04-05 17:50:50,859 -- Step [1300/2578] | Batch loss: 0.1364
2026-04-05 17:50:51,074 -- Step [1400/2578] | Batch loss: 0.0671
2026-04-05 17:50:51,283 -- Step [1500/2578] | Batch loss: 0.0485
2026-04-05 17:50:51,489 -- Step [1600/2578] | Batch loss: 0.0687
2026-04-05 17:50:51,687 -- Step [1700/2578] | Batch loss: 0.0559
2026-04-05 17:50:51,887 -- Step [1800/2578] | Batch loss: 0.0552
2026-04-05 17:50:52,094 -- Step [1900/2578] | Batch loss: 0.0637
2026-04-05 17:50:52,303 -- Step [2000/2578] | Batch loss: 0.0162
2026-04-05 17:50:52,505 -- Step [2100/2578] | Batch loss: 0.1063
2026-04-05 17:50:52,706 -- Step [2200/2578] | Batch loss: 0.0636
2026-04-05 17:50:52,899 -- Step [2300/2578] | Batch loss: 0.0331
2026-04-05 17:50:53,107 -- Step [2400/2578] | Batch loss: 0.0565
2026-04-05 17:50:53,302 -- Step [2500/2578] | Batch loss: 0.1029
2026-04-05 17:50:53,490 -- 
2026-04-05 17:50:53,490 -- Training epoch completed. Validating...
2026-04-05 17:50:56,905 -- 
2026-04-05 17:50:56,905 -- [32m ====== Epoch 7 Summary ====== [0m
2026-04-05 17:50:56,905 -- Training Loss: 0.0679
2026-04-05 17:50:56,905 -- Validation Loss: 16.1067
2026-04-05 17:50:56,928 -- 
2026-04-05 17:50:56,928 -- [32m ====== Epoch 4/4 (Round 2) ====== [0m
2026-04-05 17:50:56,928 -- Learning rate: 0.000087
2026-04-05 17:50:56,928 -- 
2026-04-05 17:50:57,001 -- Step [1/2578] | Batch loss: 0.0318
2026-04-05 17:50:57,213 -- Step [100/2578] | Batch loss: 0.0700
2026-04-05 17:50:57,419 -- Step [200/2578] | Batch loss: 0.0670
2026-04-05 17:50:57,621 -- Step [300/2578] | Batch loss: 0.0870
2026-04-05 17:50:57,816 -- Step [400/2578] | Batch loss: 0.0973
2026-04-05 17:50:58,013 -- Step [500/2578] | Batch loss: 0.0651
2026-04-05 17:50:58,204 -- Step [600/2578] | Batch loss: 0.0172
2026-04-05 17:50:58,405 -- Step [700/2578] | Batch loss: 0.0631
2026-04-05 17:50:58,612 -- Step [800/2578] | Batch loss: 0.0566
2026-04-05 17:50:58,808 -- Step [900/2578] | Batch loss: 0.0384
2026-04-05 17:50:59,004 -- Step [1000/2578] | Batch loss: 0.0547
2026-04-05 17:50:59,198 -- Step [1100/2578] | Batch loss: 0.0180
2026-04-05 17:50:59,399 -- Step [1200/2578] | Batch loss: 0.1043
2026-04-05 17:50:59,593 -- Step [1300/2578] | Batch loss: 0.0275
2026-04-05 17:50:59,799 -- Step [1400/2578] | Batch loss: 0.0410
2026-04-05 17:51:00,016 -- Step [1500/2578] | Batch loss: 0.0729
2026-04-05 17:51:00,224 -- Step [1600/2578] | Batch loss: 0.0443
2026-04-05 17:51:00,426 -- Step [1700/2578] | Batch loss: 0.0444
2026-04-05 17:51:00,626 -- Step [1800/2578] | Batch loss: 0.0264
2026-04-05 17:51:00,814 -- Step [1900/2578] | Batch loss: 0.0255
2026-04-05 17:51:01,017 -- Step [2000/2578] | Batch loss: 0.0463
2026-04-05 17:51:01,216 -- Step [2100/2578] | Batch loss: 0.0164
2026-04-05 17:51:01,414 -- Step [2200/2578] | Batch loss: 0.0189
2026-04-05 17:51:01,612 -- Step [2300/2578] | Batch loss: 0.1181
2026-04-05 17:51:01,809 -- Step [2400/2578] | Batch loss: 0.0592
2026-04-05 17:51:02,009 -- Step [2500/2578] | Batch loss: 0.0637
2026-04-05 17:51:02,194 -- 
2026-04-05 17:51:02,194 -- Training epoch completed. Validating...
2026-04-05 17:51:05,578 -- 
2026-04-05 17:51:05,578 -- [32m ====== Epoch 8 Summary ====== [0m
2026-04-05 17:51:05,578 -- Training Loss: 0.0587
2026-04-05 17:51:05,578 -- Validation Loss: 17.4374
2026-04-05 17:51:05,755 -- 
2026-04-05 17:51:05,755 -- [32m ====== Pseudo-labeling result ====== [0m
2026-04-05 17:51:05,755 -- Confidence threshold: 0.99
2026-04-05 17:51:05,756 -- Pseudo-labeling ratio: 60.45%
2026-04-05 17:51:05,756 -- Total labeled samples: 335394
2026-04-05 17:51:05,756 -- Remaining unlabeled samples: 3616
2026-04-05 17:51:05,756 -- 
2026-04-05 17:51:05,756 -- [33m Self-training round [3/3] [0m
2026-04-05 17:51:05,756 -- 
2026-04-05 17:51:05,756 -- [32m ====== Epoch 1/4 (Round 3) ====== [0m
2026-04-05 17:51:05,756 -- Learning rate: 0.000085
2026-04-05 17:51:05,756 -- 
2026-04-05 17:51:05,821 -- Step [1/2621] | Batch loss: 0.0313
2026-04-05 17:51:06,038 -- Step [100/2621] | Batch loss: 0.1235
2026-04-05 17:51:06,231 -- Step [200/2621] | Batch loss: 0.0148
2026-04-05 17:51:06,431 -- Step [300/2621] | Batch loss: 0.0208
2026-04-05 17:51:06,634 -- Step [400/2621] | Batch loss: 0.0620
2026-04-05 17:51:06,833 -- Step [500/2621] | Batch loss: 0.2326
2026-04-05 17:51:07,043 -- Step [600/2621] | Batch loss: 0.0677
2026-04-05 17:51:07,238 -- Step [700/2621] | Batch loss: 0.0533
2026-04-05 17:51:07,439 -- Step [800/2621] | Batch loss: 0.0833
2026-04-05 17:51:07,636 -- Step [900/2621] | Batch loss: 0.0287
2026-04-05 17:51:07,835 -- Step [1000/2621] | Batch loss: 0.0908
2026-04-05 17:51:08,038 -- Step [1100/2621] | Batch loss: 0.0478
2026-04-05 17:51:08,251 -- Step [1200/2621] | Batch loss: 0.0447
2026-04-05 17:51:08,453 -- Step [1300/2621] | Batch loss: 0.0975
2026-04-05 17:51:08,657 -- Step [1400/2621] | Batch loss: 0.2876
2026-04-05 17:51:08,859 -- Step [1500/2621] | Batch loss: 0.0588
2026-04-05 17:51:09,052 -- Step [1600/2621] | Batch loss: 0.0449
2026-04-05 17:51:09,246 -- Step [1700/2621] | Batch loss: 0.0467
2026-04-05 17:51:09,440 -- Step [1800/2621] | Batch loss: 0.1097
2026-04-05 17:51:09,640 -- Step [1900/2621] | Batch loss: 0.0245
2026-04-05 17:51:09,835 -- Step [2000/2621] | Batch loss: 0.0202
2026-04-05 17:51:10,034 -- Step [2100/2621] | Batch loss: 0.0800
2026-04-05 17:51:10,232 -- Step [2200/2621] | Batch loss: 0.0298
2026-04-05 17:51:10,440 -- Step [2300/2621] | Batch loss: 0.1007
2026-04-05 17:51:10,634 -- Step [2400/2621] | Batch loss: 0.0262
2026-04-05 17:51:10,851 -- Step [2500/2621] | Batch loss: 0.0268
2026-04-05 17:51:11,053 -- Step [2600/2621] | Batch loss: 0.0376
2026-04-05 17:51:11,129 -- 
2026-04-05 17:51:11,129 -- Training epoch completed. Validating...
2026-04-05 17:51:14,517 -- 
2026-04-05 17:51:14,517 -- [32m ====== Epoch 9 Summary ====== [0m
2026-04-05 17:51:14,517 -- Training Loss: 0.0567
2026-04-05 17:51:14,517 -- Validation Loss: 17.7262
2026-04-05 17:51:14,540 -- 
2026-04-05 17:51:14,540 -- [32m ====== Epoch 2/4 (Round 3) ====== [0m
2026-04-05 17:51:14,540 -- Learning rate: 0.000083
2026-04-05 17:51:14,540 -- 
2026-04-05 17:51:14,614 -- Step [1/2621] | Batch loss: 0.0313
2026-04-05 17:51:14,822 -- Step [100/2621] | Batch loss: 0.0253
2026-04-05 17:51:15,024 -- Step [200/2621] | Batch loss: 0.0531
2026-04-05 17:51:15,210 -- Step [300/2621] | Batch loss: 0.0518
2026-04-05 17:51:15,416 -- Step [400/2621] | Batch loss: 0.0567
2026-04-05 17:51:15,616 -- Step [500/2621] | Batch loss: 0.0348
2026-04-05 17:51:15,825 -- Step [600/2621] | Batch loss: 0.0369
2026-04-05 17:51:16,031 -- Step [700/2621] | Batch loss: 0.0283
2026-04-05 17:51:16,221 -- Step [800/2621] | Batch loss: 0.0338
2026-04-05 17:51:16,426 -- Step [900/2621] | Batch loss: 0.0111
2026-04-05 17:51:16,629 -- Step [1000/2621] | Batch loss: 0.2373
2026-04-05 17:51:16,835 -- Step [1100/2621] | Batch loss: 0.1014
2026-04-05 17:51:17,043 -- Step [1200/2621] | Batch loss: 0.0332
2026-04-05 17:51:17,248 -- Step [1300/2621] | Batch loss: 0.0144
2026-04-05 17:51:17,457 -- Step [1400/2621] | Batch loss: 0.1241
2026-04-05 17:51:17,656 -- Step [1500/2621] | Batch loss: 0.0554
2026-04-05 17:51:17,851 -- Step [1600/2621] | Batch loss: 0.0628
2026-04-05 17:51:18,043 -- Step [1700/2621] | Batch loss: 0.0729
2026-04-05 17:51:18,236 -- Step [1800/2621] | Batch loss: 0.0838
2026-04-05 17:51:18,429 -- Step [1900/2621] | Batch loss: 0.0404
2026-04-05 17:51:18,623 -- Step [2000/2621] | Batch loss: 0.0139
2026-04-05 17:51:18,811 -- Step [2100/2621] | Batch loss: 0.0691
2026-04-05 17:51:19,001 -- Step [2200/2621] | Batch loss: 0.0402
2026-04-05 17:51:19,223 -- Step [2300/2621] | Batch loss: 0.0706
2026-04-05 17:51:19,428 -- Step [2400/2621] | Batch loss: 0.0344
2026-04-05 17:51:19,627 -- Step [2500/2621] | Batch loss: 0.0197
2026-04-05 17:51:19,843 -- Step [2600/2621] | Batch loss: 0.0550
2026-04-05 17:51:19,918 -- 
2026-04-05 17:51:19,918 -- Training epoch completed. Validating...
2026-04-05 17:51:23,303 -- 
2026-04-05 17:51:23,303 -- [32m ====== Epoch 10 Summary ====== [0m
2026-04-05 17:51:23,303 -- Training Loss: 0.0511
2026-04-05 17:51:23,303 -- Validation Loss: 19.9577
2026-04-05 17:51:23,327 -- 
2026-04-05 17:51:23,327 -- [32m ====== Epoch 3/4 (Round 3) ====== [0m
2026-04-05 17:51:23,327 -- Learning rate: 0.000082
2026-04-05 17:51:23,327 -- 
2026-04-05 17:51:23,388 -- Step [1/2621] | Batch loss: 0.0279
2026-04-05 17:51:23,596 -- Step [100/2621] | Batch loss: 0.0486
2026-04-05 17:51:23,797 -- Step [200/2621] | Batch loss: 0.0254
2026-04-05 17:51:23,995 -- Step [300/2621] | Batch loss: 0.0119
2026-04-05 17:51:24,197 -- Step [400/2621] | Batch loss: 0.0234
2026-04-05 17:51:24,390 -- Step [500/2621] | Batch loss: 0.0401
2026-04-05 17:51:24,588 -- Step [600/2621] | Batch loss: 0.0618
2026-04-05 17:51:24,788 -- Step [700/2621] | Batch loss: 0.0456
2026-04-05 17:51:24,991 -- Step [800/2621] | Batch loss: 0.0200
2026-04-05 17:51:25,196 -- Step [900/2621] | Batch loss: 0.0592
2026-04-05 17:51:25,408 -- Step [1000/2621] | Batch loss: 0.0224
2026-04-05 17:51:25,620 -- Step [1100/2621] | Batch loss: 0.0158
2026-04-05 17:51:25,822 -- Step [1200/2621] | Batch loss: 0.0282
2026-04-05 17:51:26,025 -- Step [1300/2621] | Batch loss: 0.0103
2026-04-05 17:51:26,221 -- Step [1400/2621] | Batch loss: 0.0103
2026-04-05 17:51:26,416 -- Step [1500/2621] | Batch loss: 0.0207
2026-04-05 17:51:26,621 -- Step [1600/2621] | Batch loss: 0.1797
2026-04-05 17:51:26,832 -- Step [1700/2621] | Batch loss: 0.0954
2026-04-05 17:51:27,040 -- Step [1800/2621] | Batch loss: 0.0815
2026-04-05 17:51:27,249 -- Step [1900/2621] | Batch loss: 0.0853
2026-04-05 17:51:27,442 -- Step [2000/2621] | Batch loss: 0.0845
2026-04-05 17:51:27,649 -- Step [2100/2621] | Batch loss: 0.0597
2026-04-05 17:51:27,853 -- Step [2200/2621] | Batch loss: 0.0245
2026-04-05 17:51:28,059 -- Step [2300/2621] | Batch loss: 0.0415
2026-04-05 17:51:28,259 -- Step [2400/2621] | Batch loss: 0.0254
2026-04-05 17:51:28,459 -- Step [2500/2621] | Batch loss: 0.0700
2026-04-05 17:51:28,661 -- Step [2600/2621] | Batch loss: 0.0233
2026-04-05 17:51:28,734 -- 
2026-04-05 17:51:28,734 -- Training epoch completed. Validating...
2026-04-05 17:51:32,123 -- 
2026-04-05 17:51:32,123 -- [32m ====== Epoch 11 Summary ====== [0m
2026-04-05 17:51:32,123 -- Training Loss: 0.0468
2026-04-05 17:51:32,123 -- Validation Loss: 20.2214
2026-04-05 17:51:32,148 -- 
2026-04-05 17:51:32,148 -- [32m ====== Epoch 4/4 (Round 3) ====== [0m
2026-04-05 17:51:32,148 -- Learning rate: 0.000080
2026-04-05 17:51:32,148 -- 
2026-04-05 17:51:32,207 -- Step [1/2621] | Batch loss: 0.0245
2026-04-05 17:51:32,407 -- Step [100/2621] | Batch loss: 0.0147
2026-04-05 17:51:32,608 -- Step [200/2621] | Batch loss: 0.0568
2026-04-05 17:51:32,808 -- Step [300/2621] | Batch loss: 0.0258
2026-04-05 17:51:33,006 -- Step [400/2621] | Batch loss: 0.0273
2026-04-05 17:51:33,203 -- Step [500/2621] | Batch loss: 0.0203
2026-04-05 17:51:33,398 -- Step [600/2621] | Batch loss: 0.0174
2026-04-05 17:51:33,596 -- Step [700/2621] | Batch loss: 0.0489
2026-04-05 17:51:33,799 -- Step [800/2621] | Batch loss: 0.0203
2026-04-05 17:51:33,993 -- Step [900/2621] | Batch loss: 0.0445
2026-04-05 17:51:34,199 -- Step [1000/2621] | Batch loss: 0.0257
2026-04-05 17:51:34,405 -- Step [1100/2621] | Batch loss: 0.0472
2026-04-05 17:51:34,609 -- Step [1200/2621] | Batch loss: 0.0565
2026-04-05 17:51:34,813 -- Step [1300/2621] | Batch loss: 0.0188
2026-04-05 17:51:35,015 -- Step [1400/2621] | Batch loss: 0.1534
2026-04-05 17:51:35,205 -- Step [1500/2621] | Batch loss: 0.1093
2026-04-05 17:51:35,406 -- Step [1600/2621] | Batch loss: 0.0180
2026-04-05 17:51:35,601 -- Step [1700/2621] | Batch loss: 0.2107
2026-04-05 17:51:35,799 -- Step [1800/2621] | Batch loss: 0.2629
2026-04-05 17:51:36,000 -- Step [1900/2621] | Batch loss: 0.0182
2026-04-05 17:51:36,195 -- Step [2000/2621] | Batch loss: 0.0183
2026-04-05 17:51:36,398 -- Step [2100/2621] | Batch loss: 0.0166
2026-04-05 17:51:36,601 -- Step [2200/2621] | Batch loss: 0.0325
2026-04-05 17:51:36,807 -- Step [2300/2621] | Batch loss: 0.0438
2026-04-05 17:51:37,020 -- Step [2400/2621] | Batch loss: 0.0126
2026-04-05 17:51:37,220 -- Step [2500/2621] | Batch loss: 0.0143
2026-04-05 17:51:37,421 -- Step [2600/2621] | Batch loss: 0.1010
2026-04-05 17:51:37,498 -- 
2026-04-05 17:51:37,499 -- Training epoch completed. Validating...
2026-04-05 17:51:40,894 -- 
2026-04-05 17:51:40,894 -- [32m ====== Epoch 12 Summary ====== [0m
2026-04-05 17:51:40,894 -- Training Loss: 0.0433
2026-04-05 17:51:40,894 -- Validation Loss: 21.1948
2026-04-05 17:51:41,018 -- 
2026-04-05 17:51:41,018 -- [32m ====== Pseudo-labeling result ====== [0m
2026-04-05 17:51:41,018 -- Confidence threshold: 0.99
2026-04-05 17:51:41,018 -- Pseudo-labeling ratio: 16.07%
2026-04-05 17:51:41,019 -- Total labeled samples: 335975
2026-04-05 17:51:41,019 -- Remaining unlabeled samples: 3035
2026-04-05 17:51:41,019 -- 
