2026-04-02 13:43:25,000 -- [33m Self-training round [1/3] [0m
2026-04-02 13:43:25,000 -- 
2026-04-02 13:43:25,000 -- [32m ====== Epoch 1/4 (Round 1) ====== [0m
2026-04-02 13:43:25,000 -- Learning rate: 0.001000
2026-04-02 13:43:25,000 -- 
2026-04-02 13:43:25,176 -- Step [1/2150] | Batch loss: 1.4724
2026-04-02 13:43:25,364 -- Step [100/2150] | Batch loss: 0.4806
2026-04-02 13:43:25,560 -- Step [200/2150] | Batch loss: 0.2163
2026-04-02 13:43:25,752 -- Step [300/2150] | Batch loss: 0.1301
2026-04-02 13:43:25,944 -- Step [400/2150] | Batch loss: 0.0812
2026-04-02 13:43:26,129 -- Step [500/2150] | Batch loss: 0.0602
2026-04-02 13:43:26,318 -- Step [600/2150] | Batch loss: 0.0486
2026-04-02 13:43:26,504 -- Step [700/2150] | Batch loss: 0.0362
2026-04-02 13:43:26,686 -- Step [800/2150] | Batch loss: 0.0139
2026-04-02 13:43:26,876 -- Step [900/2150] | Batch loss: 0.0124
2026-04-02 13:43:27,073 -- Step [1000/2150] | Batch loss: 0.0066
2026-04-02 13:43:27,261 -- Step [1100/2150] | Batch loss: 0.0032
2026-04-02 13:43:27,443 -- Step [1200/2150] | Batch loss: 0.0057
2026-04-02 13:43:27,628 -- Step [1300/2150] | Batch loss: 0.0114
2026-04-02 13:43:27,817 -- Step [1400/2150] | Batch loss: 0.0024
2026-04-02 13:43:28,015 -- Step [1500/2150] | Batch loss: 0.0026
2026-04-02 13:43:28,202 -- Step [1600/2150] | Batch loss: 0.0036
2026-04-02 13:43:28,381 -- Step [1700/2150] | Batch loss: 0.0021
2026-04-02 13:43:28,563 -- Step [1800/2150] | Batch loss: 0.0032
2026-04-02 13:43:28,765 -- Step [1900/2150] | Batch loss: 0.0020
2026-04-02 13:43:28,940 -- Step [2000/2150] | Batch loss: 0.0011
2026-04-02 13:43:29,117 -- Step [2100/2150] | Batch loss: 0.0015
2026-04-02 13:43:29,228 -- 
2026-04-02 13:43:29,228 -- Training epoch completed. Validating...
2026-04-02 13:43:31,996 -- 
2026-04-02 13:43:31,996 -- [32m ====== Epoch 1 Summary ====== [0m
2026-04-02 13:43:31,996 -- Training Loss: 0.0740
2026-04-02 13:43:31,996 -- Validation Loss: 0.0004
2026-04-02 13:43:32,067 -- [33m✓ New best model saved with validation loss: 0.0004 [0m
2026-04-02 13:43:32,067 -- 
2026-04-02 13:43:32,067 -- [32m ====== Epoch 2/4 (Round 1) ====== [0m
2026-04-02 13:43:32,067 -- Learning rate: 0.000980
2026-04-02 13:43:32,067 -- 
2026-04-02 13:43:32,138 -- Step [1/2150] | Batch loss: 0.0021
2026-04-02 13:43:32,324 -- Step [100/2150] | Batch loss: 0.0015
2026-04-02 13:43:32,493 -- Step [200/2150] | Batch loss: 0.0021
2026-04-02 13:43:32,667 -- Step [300/2150] | Batch loss: 0.0015
2026-04-02 13:43:32,852 -- Step [400/2150] | Batch loss: 0.0031
2026-04-02 13:43:33,034 -- Step [500/2150] | Batch loss: 0.0014
2026-04-02 13:43:33,231 -- Step [600/2150] | Batch loss: 0.0007
2026-04-02 13:43:33,416 -- Step [700/2150] | Batch loss: 0.0012
2026-04-02 13:43:33,602 -- Step [800/2150] | Batch loss: 0.0020
2026-04-02 13:43:33,807 -- Step [900/2150] | Batch loss: 0.0037
2026-04-02 13:43:33,988 -- Step [1000/2150] | Batch loss: 0.0007
2026-04-02 13:43:34,174 -- Step [1100/2150] | Batch loss: 0.0004
2026-04-02 13:43:34,361 -- Step [1200/2150] | Batch loss: 0.0005
2026-04-02 13:43:34,565 -- Step [1300/2150] | Batch loss: 0.0004
2026-04-02 13:43:34,764 -- Step [1400/2150] | Batch loss: 0.0009
2026-04-02 13:43:34,943 -- Step [1500/2150] | Batch loss: 0.0004
2026-04-02 13:43:35,119 -- Step [1600/2150] | Batch loss: 0.0005
2026-04-02 13:43:35,302 -- Step [1700/2150] | Batch loss: 0.0004
2026-04-02 13:43:35,484 -- Step [1800/2150] | Batch loss: 0.0002
2026-04-02 13:43:35,677 -- Step [1900/2150] | Batch loss: 0.0002
2026-04-02 13:43:35,873 -- Step [2000/2150] | Batch loss: 0.0002
2026-04-02 13:43:36,062 -- Step [2100/2150] | Batch loss: 0.0001
2026-04-02 13:43:36,181 -- 
2026-04-02 13:43:36,181 -- Training epoch completed. Validating...
2026-04-02 13:43:38,884 -- 
2026-04-02 13:43:38,884 -- [32m ====== Epoch 2 Summary ====== [0m
2026-04-02 13:43:38,884 -- Training Loss: 0.0009
2026-04-02 13:43:38,884 -- Validation Loss: 0.0000
2026-04-02 13:43:38,928 -- [33m✓ New best model saved with validation loss: 0.0000 [0m
2026-04-02 13:43:38,928 -- 
2026-04-02 13:43:38,928 -- [32m ====== Epoch 3/4 (Round 1) ====== [0m
2026-04-02 13:43:38,928 -- Learning rate: 0.000960
2026-04-02 13:43:38,928 -- 
2026-04-02 13:43:39,010 -- Step [1/2150] | Batch loss: 0.0003
2026-04-02 13:43:39,243 -- Step [100/2150] | Batch loss: 0.0004
2026-04-02 13:43:39,433 -- Step [200/2150] | Batch loss: 0.0002
2026-04-02 13:43:39,615 -- Step [300/2150] | Batch loss: 0.0003
2026-04-02 13:43:39,798 -- Step [400/2150] | Batch loss: 0.0001
2026-04-02 13:43:39,990 -- Step [500/2150] | Batch loss: 0.0005
2026-04-02 13:43:40,175 -- Step [600/2150] | Batch loss: 0.0001
2026-04-02 13:43:40,364 -- Step [700/2150] | Batch loss: 0.0003
2026-04-02 13:43:40,539 -- Step [800/2150] | Batch loss: 0.0002
2026-04-02 13:43:40,738 -- Step [900/2150] | Batch loss: 0.0001
2026-04-02 13:43:40,923 -- Step [1000/2150] | Batch loss: 0.0002
2026-04-02 13:43:41,109 -- Step [1100/2150] | Batch loss: 0.0001
2026-04-02 13:43:41,295 -- Step [1200/2150] | Batch loss: 0.0002
2026-04-02 13:43:41,475 -- Step [1300/2150] | Batch loss: 0.0001
2026-04-02 13:43:41,675 -- Step [1400/2150] | Batch loss: 0.0002
2026-04-02 13:43:41,884 -- Step [1500/2150] | Batch loss: 0.0001
2026-04-02 13:43:42,076 -- Step [1600/2150] | Batch loss: 0.0001
2026-04-02 13:43:42,266 -- Step [1700/2150] | Batch loss: 0.0002
2026-04-02 13:43:42,477 -- Step [1800/2150] | Batch loss: 0.0002
2026-04-02 13:43:42,692 -- Step [1900/2150] | Batch loss: 0.0000
2026-04-02 13:43:42,882 -- Step [2000/2150] | Batch loss: 0.0002
2026-04-02 13:43:43,068 -- Step [2100/2150] | Batch loss: 0.0001
2026-04-02 13:43:43,190 -- 
2026-04-02 13:43:43,191 -- Training epoch completed. Validating...
2026-04-02 13:43:45,958 -- 
2026-04-02 13:43:45,959 -- [32m ====== Epoch 3 Summary ====== [0m
2026-04-02 13:43:45,959 -- Training Loss: 0.0002
2026-04-02 13:43:45,959 -- Validation Loss: 0.0000
2026-04-02 13:43:46,005 -- [33m✓ New best model saved with validation loss: 0.0000 [0m
2026-04-02 13:43:46,005 -- 
2026-04-02 13:43:46,005 -- [32m ====== Epoch 4/4 (Round 1) ====== [0m
2026-04-02 13:43:46,005 -- Learning rate: 0.000941
2026-04-02 13:43:46,005 -- 
2026-04-02 13:43:46,071 -- Step [1/2150] | Batch loss: 0.0000
2026-04-02 13:43:46,255 -- Step [100/2150] | Batch loss: 0.0001
2026-04-02 13:43:46,440 -- Step [200/2150] | Batch loss: 0.0001
2026-04-02 13:43:46,624 -- Step [300/2150] | Batch loss: 0.0001
2026-04-02 13:43:46,801 -- Step [400/2150] | Batch loss: 0.0001
2026-04-02 13:43:46,986 -- Step [500/2150] | Batch loss: 0.0000
2026-04-02 13:43:47,173 -- Step [600/2150] | Batch loss: 0.0001
2026-04-02 13:43:47,356 -- Step [700/2150] | Batch loss: 0.0000
2026-04-02 13:43:47,534 -- Step [800/2150] | Batch loss: 0.0000
2026-04-02 13:43:47,711 -- Step [900/2150] | Batch loss: 0.0001
2026-04-02 13:43:47,889 -- Step [1000/2150] | Batch loss: 0.0000
2026-04-02 13:43:48,120 -- Step [1100/2150] | Batch loss: 0.0001
2026-04-02 13:43:48,311 -- Step [1200/2150] | Batch loss: 0.0000
2026-04-02 13:43:48,494 -- Step [1300/2150] | Batch loss: 0.0000
2026-04-02 13:43:48,673 -- Step [1400/2150] | Batch loss: 0.0002
2026-04-02 13:43:48,876 -- Step [1500/2150] | Batch loss: 0.0000
2026-04-02 13:43:49,060 -- Step [1600/2150] | Batch loss: 0.0000
2026-04-02 13:43:49,249 -- Step [1700/2150] | Batch loss: 0.0000
2026-04-02 13:43:49,434 -- Step [1800/2150] | Batch loss: 0.0000
2026-04-02 13:43:49,617 -- Step [1900/2150] | Batch loss: 0.0001
2026-04-02 13:43:49,798 -- Step [2000/2150] | Batch loss: 0.0001
2026-04-02 13:43:49,975 -- Step [2100/2150] | Batch loss: 0.0001
2026-04-02 13:43:50,082 -- 
2026-04-02 13:43:50,083 -- Training epoch completed. Validating...
2026-04-02 13:43:52,909 -- 
2026-04-02 13:43:52,909 -- [32m ====== Epoch 4 Summary ====== [0m
2026-04-02 13:43:52,909 -- Training Loss: 0.0001
2026-04-02 13:43:52,909 -- Validation Loss: 0.0000
2026-04-02 13:43:52,955 -- [33m✓ New best model saved with validation loss: 0.0000 [0m
2026-04-02 13:43:53,525 -- 
2026-04-02 13:43:53,525 -- [32m ====== Pseudo-labeling result ====== [0m
2026-04-02 13:43:53,526 -- Confidence threshold: 0.95
2026-04-02 13:43:53,526 -- Pseudo-labeling ratio: 100.00%
2026-04-02 13:43:53,526 -- Total labeled samples: 339124
2026-04-02 13:43:53,526 -- Remaining unlabeled samples: 0
2026-04-02 13:43:53,526 -- 
2026-04-02 13:43:53,526 -- [33m Self-training round [2/3] [0m
2026-04-02 13:43:53,526 -- 
2026-04-02 13:43:53,526 -- [32m ====== Epoch 1/4 (Round 2) ====== [0m
2026-04-02 13:43:53,526 -- Learning rate: 0.000922
2026-04-02 13:43:53,526 -- 
2026-04-02 13:43:53,587 -- Step [1/2650] | Batch loss: 0.0001
2026-04-02 13:43:53,786 -- Step [100/2650] | Batch loss: 0.0001
2026-04-02 13:43:53,976 -- Step [200/2650] | Batch loss: 0.0000
2026-04-02 13:43:54,152 -- Step [300/2650] | Batch loss: 0.0000
2026-04-02 13:43:54,329 -- Step [400/2650] | Batch loss: 0.0001
2026-04-02 13:43:54,504 -- Step [500/2650] | Batch loss: 0.0001
2026-04-02 13:43:54,697 -- Step [600/2650] | Batch loss: 0.0000
2026-04-02 13:43:54,886 -- Step [700/2650] | Batch loss: 0.0001
2026-04-02 13:43:55,080 -- Step [800/2650] | Batch loss: 0.0000
2026-04-02 13:43:55,262 -- Step [900/2650] | Batch loss: 0.0000
2026-04-02 13:43:55,446 -- Step [1000/2650] | Batch loss: 0.0000
2026-04-02 13:43:55,623 -- Step [1100/2650] | Batch loss: 0.0001
2026-04-02 13:43:55,810 -- Step [1200/2650] | Batch loss: 0.0000
2026-04-02 13:43:56,001 -- Step [1300/2650] | Batch loss: 0.0000
2026-04-02 13:43:56,192 -- Step [1400/2650] | Batch loss: 0.0000
2026-04-02 13:43:56,375 -- Step [1500/2650] | Batch loss: 0.0000
2026-04-02 13:43:56,548 -- Step [1600/2650] | Batch loss: 0.0001
2026-04-02 13:43:56,724 -- Step [1700/2650] | Batch loss: 0.0000
2026-04-02 13:43:56,908 -- Step [1800/2650] | Batch loss: 0.0000
2026-04-02 13:43:57,097 -- Step [1900/2650] | Batch loss: 0.0000
2026-04-02 13:43:57,277 -- Step [2000/2650] | Batch loss: 0.0000
2026-04-02 13:43:57,463 -- Step [2100/2650] | Batch loss: 0.0000
2026-04-02 13:43:57,646 -- Step [2200/2650] | Batch loss: 0.0000
2026-04-02 13:43:57,821 -- Step [2300/2650] | Batch loss: 0.0000
2026-04-02 13:43:58,017 -- Step [2400/2650] | Batch loss: 0.0000
2026-04-02 13:43:58,208 -- Step [2500/2650] | Batch loss: 0.0000
2026-04-02 13:43:58,399 -- Step [2600/2650] | Batch loss: 0.0000
2026-04-02 13:43:58,532 -- 
2026-04-02 13:43:58,532 -- Training epoch completed. Validating...
2026-04-02 13:44:01,287 -- 
2026-04-02 13:44:01,287 -- [32m ====== Epoch 5 Summary ====== [0m
2026-04-02 13:44:01,287 -- Training Loss: 0.0000
2026-04-02 13:44:01,287 -- Validation Loss: 0.0000
2026-04-02 13:44:01,331 -- [33m✓ New best model saved with validation loss: 0.0000 [0m
2026-04-02 13:44:01,332 -- 
2026-04-02 13:44:01,332 -- [32m ====== Epoch 2/4 (Round 2) ====== [0m
2026-04-02 13:44:01,332 -- Learning rate: 0.000904
2026-04-02 13:44:01,332 -- 
2026-04-02 13:44:01,408 -- Step [1/2650] | Batch loss: 0.0000
2026-04-02 13:44:01,597 -- Step [100/2650] | Batch loss: 0.0000
2026-04-02 13:44:01,791 -- Step [200/2650] | Batch loss: 0.0000
2026-04-02 13:44:02,001 -- Step [300/2650] | Batch loss: 0.0000
2026-04-02 13:44:02,204 -- Step [400/2650] | Batch loss: 0.0000
2026-04-02 13:44:02,400 -- Step [500/2650] | Batch loss: 0.0000
2026-04-02 13:44:02,585 -- Step [600/2650] | Batch loss: 0.0000
2026-04-02 13:44:02,765 -- Step [700/2650] | Batch loss: 0.0000
2026-04-02 13:44:02,940 -- Step [800/2650] | Batch loss: 0.0000
2026-04-02 13:44:03,121 -- Step [900/2650] | Batch loss: 0.0000
2026-04-02 13:44:03,305 -- Step [1000/2650] | Batch loss: 0.0000
2026-04-02 13:44:03,484 -- Step [1100/2650] | Batch loss: 0.0000
2026-04-02 13:44:03,668 -- Step [1200/2650] | Batch loss: 0.0000
2026-04-02 13:44:03,849 -- Step [1300/2650] | Batch loss: 0.0001
2026-04-02 13:44:04,038 -- Step [1400/2650] | Batch loss: 0.0000
2026-04-02 13:44:04,237 -- Step [1500/2650] | Batch loss: 0.0000
2026-04-02 13:44:04,433 -- Step [1600/2650] | Batch loss: 0.0000
2026-04-02 13:44:04,622 -- Step [1700/2650] | Batch loss: 0.0000
2026-04-02 13:44:04,805 -- Step [1800/2650] | Batch loss: 0.0000
2026-04-02 13:44:04,996 -- Step [1900/2650] | Batch loss: 0.0000
2026-04-02 13:44:05,174 -- Step [2000/2650] | Batch loss: 0.0000
2026-04-02 13:44:05,350 -- Step [2100/2650] | Batch loss: 0.0000
2026-04-02 13:44:05,546 -- Step [2200/2650] | Batch loss: 0.0000
2026-04-02 13:44:05,729 -- Step [2300/2650] | Batch loss: 0.0000
2026-04-02 13:44:05,910 -- Step [2400/2650] | Batch loss: 0.0000
2026-04-02 13:44:06,089 -- Step [2500/2650] | Batch loss: 0.0000
2026-04-02 13:44:06,267 -- Step [2600/2650] | Batch loss: 0.0000
2026-04-02 13:44:06,390 -- 
2026-04-02 13:44:06,390 -- Training epoch completed. Validating...
2026-04-02 13:44:09,125 -- 
2026-04-02 13:44:09,125 -- [32m ====== Epoch 6 Summary ====== [0m
2026-04-02 13:44:09,125 -- Training Loss: 0.0000
2026-04-02 13:44:09,125 -- Validation Loss: 0.0000
2026-04-02 13:44:09,170 -- [33m✓ New best model saved with validation loss: 0.0000 [0m
2026-04-02 13:44:09,171 -- 
2026-04-02 13:44:09,171 -- [32m ====== Epoch 3/4 (Round 2) ====== [0m
2026-04-02 13:44:09,171 -- Learning rate: 0.000886
2026-04-02 13:44:09,171 -- 
2026-04-02 13:44:09,233 -- Step [1/2650] | Batch loss: 0.0000
2026-04-02 13:44:09,438 -- Step [100/2650] | Batch loss: 0.0000
2026-04-02 13:44:09,625 -- Step [200/2650] | Batch loss: 0.0000
2026-04-02 13:44:09,812 -- Step [300/2650] | Batch loss: 0.0000
2026-04-02 13:44:09,992 -- Step [400/2650] | Batch loss: 0.0000
2026-04-02 13:44:10,178 -- Step [500/2650] | Batch loss: 0.0000
2026-04-02 13:44:10,363 -- Step [600/2650] | Batch loss: 0.0000
2026-04-02 13:44:10,551 -- Step [700/2650] | Batch loss: 0.0000
2026-04-02 13:44:10,727 -- Step [800/2650] | Batch loss: 0.0000
2026-04-02 13:44:10,898 -- Step [900/2650] | Batch loss: 0.0000
2026-04-02 13:44:11,079 -- Step [1000/2650] | Batch loss: 0.0000
2026-04-02 13:44:11,253 -- Step [1100/2650] | Batch loss: 0.0000
2026-04-02 13:44:11,443 -- Step [1200/2650] | Batch loss: 0.0000
2026-04-02 13:44:11,628 -- Step [1300/2650] | Batch loss: 0.0000
2026-04-02 13:44:11,822 -- Step [1400/2650] | Batch loss: 0.0000
2026-04-02 13:44:12,040 -- Step [1500/2650] | Batch loss: 0.0000
2026-04-02 13:44:12,232 -- Step [1600/2650] | Batch loss: 0.0000
2026-04-02 13:44:12,413 -- Step [1700/2650] | Batch loss: 0.0000
2026-04-02 13:44:12,591 -- Step [1800/2650] | Batch loss: 0.0000
2026-04-02 13:44:12,774 -- Step [1900/2650] | Batch loss: 0.0000
2026-04-02 13:44:12,967 -- Step [2000/2650] | Batch loss: 0.0000
2026-04-02 13:44:13,168 -- Step [2100/2650] | Batch loss: 0.0000
2026-04-02 13:44:13,377 -- Step [2200/2650] | Batch loss: 0.0000
2026-04-02 13:44:13,579 -- Step [2300/2650] | Batch loss: 0.0000
2026-04-02 13:44:13,764 -- Step [2400/2650] | Batch loss: 0.0000
2026-04-02 13:44:13,959 -- Step [2500/2650] | Batch loss: 0.0000
2026-04-02 13:44:14,151 -- Step [2600/2650] | Batch loss: 0.0000
2026-04-02 13:44:14,279 -- 
2026-04-02 13:44:14,279 -- Training epoch completed. Validating...
2026-04-02 13:44:17,044 -- 
2026-04-02 13:44:17,044 -- [32m ====== Epoch 7 Summary ====== [0m
2026-04-02 13:44:17,044 -- Training Loss: 0.0000
2026-04-02 13:44:17,044 -- Validation Loss: 0.0000
2026-04-02 13:44:17,089 -- [33m✓ New best model saved with validation loss: 0.0000 [0m
2026-04-02 13:44:17,089 -- 
2026-04-02 13:44:17,089 -- [32m ====== Epoch 4/4 (Round 2) ====== [0m
2026-04-02 13:44:17,089 -- Learning rate: 0.000868
2026-04-02 13:44:17,089 -- 
2026-04-02 13:44:17,144 -- Step [1/2650] | Batch loss: 0.0000
2026-04-02 13:44:17,327 -- Step [100/2650] | Batch loss: 0.0000
2026-04-02 13:44:17,509 -- Step [200/2650] | Batch loss: 0.0000
2026-04-02 13:44:17,719 -- Step [300/2650] | Batch loss: 0.0000
2026-04-02 13:44:17,913 -- Step [400/2650] | Batch loss: 0.0000
2026-04-02 13:44:18,090 -- Step [500/2650] | Batch loss: 0.0000
2026-04-02 13:44:18,279 -- Step [600/2650] | Batch loss: 0.0000
2026-04-02 13:44:18,465 -- Step [700/2650] | Batch loss: 0.0000
2026-04-02 13:44:18,663 -- Step [800/2650] | Batch loss: 0.0000
2026-04-02 13:44:18,851 -- Step [900/2650] | Batch loss: 0.0000
2026-04-02 13:44:19,060 -- Step [1000/2650] | Batch loss: 0.0000
2026-04-02 13:44:19,250 -- Step [1100/2650] | Batch loss: 0.0000
2026-04-02 13:44:19,443 -- Step [1200/2650] | Batch loss: 0.0000
2026-04-02 13:44:19,633 -- Step [1300/2650] | Batch loss: 0.0000
2026-04-02 13:44:19,829 -- Step [1400/2650] | Batch loss: 0.0000
2026-04-02 13:44:20,019 -- Step [1500/2650] | Batch loss: 0.0000
2026-04-02 13:44:20,211 -- Step [1600/2650] | Batch loss: 0.0000
2026-04-02 13:44:20,420 -- Step [1700/2650] | Batch loss: 0.0000
2026-04-02 13:44:20,603 -- Step [1800/2650] | Batch loss: 0.0000
2026-04-02 13:44:20,788 -- Step [1900/2650] | Batch loss: 0.0000
2026-04-02 13:44:20,970 -- Step [2000/2650] | Batch loss: 0.0000
2026-04-02 13:44:21,159 -- Step [2100/2650] | Batch loss: 0.0000
2026-04-02 13:44:21,347 -- Step [2200/2650] | Batch loss: 0.0000
2026-04-02 13:44:21,546 -- Step [2300/2650] | Batch loss: 0.0000
2026-04-02 13:44:21,736 -- Step [2400/2650] | Batch loss: 0.0000
2026-04-02 13:44:21,916 -- Step [2500/2650] | Batch loss: 0.0000
2026-04-02 13:44:22,115 -- Step [2600/2650] | Batch loss: 0.0000
2026-04-02 13:44:22,264 -- 
2026-04-02 13:44:22,264 -- Training epoch completed. Validating...
2026-04-02 13:44:25,063 -- 
2026-04-02 13:44:25,063 -- [32m ====== Epoch 8 Summary ====== [0m
2026-04-02 13:44:25,063 -- Training Loss: 0.0000
2026-04-02 13:44:25,063 -- Validation Loss: 0.0000
2026-04-02 13:44:25,108 -- [33m✓ New best model saved with validation loss: 0.0000 [0m
2026-04-02 13:44:25,108 -- No unlabeled samples for pseudo-labeling.
2026-04-02 13:44:25,108 -- 
2026-04-02 13:44:25,108 -- [32m ====== Pseudo-labeling result ====== [0m
2026-04-02 13:44:25,108 -- Confidence threshold: 0.95
2026-04-02 13:44:25,108 -- Pseudo-labeling ratio: 100.00%
2026-04-02 13:44:25,108 -- Total labeled samples: 339124
2026-04-02 13:44:25,108 -- Remaining unlabeled samples: 0
2026-04-02 13:44:25,108 -- 
2026-04-02 13:44:25,108 -- [33m Self-training round [3/3] [0m
2026-04-02 13:44:25,108 -- 
2026-04-02 13:44:25,108 -- [32m ====== Epoch 1/4 (Round 3) ====== [0m
2026-04-02 13:44:25,108 -- Learning rate: 0.000851
2026-04-02 13:44:25,108 -- 
2026-04-02 13:44:25,171 -- Step [1/2650] | Batch loss: 0.0000
2026-04-02 13:44:25,366 -- Step [100/2650] | Batch loss: 0.0000
2026-04-02 13:44:25,552 -- Step [200/2650] | Batch loss: 0.0000
2026-04-02 13:44:25,730 -- Step [300/2650] | Batch loss: 0.0000
2026-04-02 13:44:25,914 -- Step [400/2650] | Batch loss: 0.0000
2026-04-02 13:44:26,095 -- Step [500/2650] | Batch loss: 0.0000
2026-04-02 13:44:26,273 -- Step [600/2650] | Batch loss: 0.0000
2026-04-02 13:44:26,461 -- Step [700/2650] | Batch loss: 0.0000
2026-04-02 13:44:26,668 -- Step [800/2650] | Batch loss: 0.0000
2026-04-02 13:44:26,857 -- Step [900/2650] | Batch loss: 0.0000
2026-04-02 13:44:27,029 -- Step [1000/2650] | Batch loss: 0.0000
2026-04-02 13:44:27,227 -- Step [1100/2650] | Batch loss: 0.0000
2026-04-02 13:44:27,417 -- Step [1200/2650] | Batch loss: 0.0000
2026-04-02 13:44:27,599 -- Step [1300/2650] | Batch loss: 0.0000
2026-04-02 13:44:27,783 -- Step [1400/2650] | Batch loss: 0.0000
2026-04-02 13:44:27,960 -- Step [1500/2650] | Batch loss: 0.0000
2026-04-02 13:44:28,133 -- Step [1600/2650] | Batch loss: 0.0000
2026-04-02 13:44:28,320 -- Step [1700/2650] | Batch loss: 0.0000
2026-04-02 13:44:28,509 -- Step [1800/2650] | Batch loss: 0.0000
2026-04-02 13:44:28,698 -- Step [1900/2650] | Batch loss: 0.0000
2026-04-02 13:44:28,879 -- Step [2000/2650] | Batch loss: 0.0000
2026-04-02 13:44:29,071 -- Step [2100/2650] | Batch loss: 0.0000
2026-04-02 13:44:29,264 -- Step [2200/2650] | Batch loss: 0.0000
2026-04-02 13:44:29,452 -- Step [2300/2650] | Batch loss: 0.0000
2026-04-02 13:44:29,645 -- Step [2400/2650] | Batch loss: 0.0000
2026-04-02 13:44:29,839 -- Step [2500/2650] | Batch loss: 0.0000
2026-04-02 13:44:30,018 -- Step [2600/2650] | Batch loss: 0.0000
2026-04-02 13:44:30,149 -- 
2026-04-02 13:44:30,149 -- Training epoch completed. Validating...
2026-04-02 13:44:32,891 -- 
2026-04-02 13:44:32,891 -- [32m ====== Epoch 9 Summary ====== [0m
2026-04-02 13:44:32,891 -- Training Loss: 0.0000
2026-04-02 13:44:32,891 -- Validation Loss: 0.0000
2026-04-02 13:44:32,936 -- [33m✓ New best model saved with validation loss: 0.0000 [0m
2026-04-02 13:44:32,936 -- 
2026-04-02 13:44:32,936 -- [32m ====== Epoch 2/4 (Round 3) ====== [0m
2026-04-02 13:44:32,936 -- Learning rate: 0.000834
2026-04-02 13:44:32,936 -- 
2026-04-02 13:44:33,009 -- Step [1/2650] | Batch loss: 0.0000
2026-04-02 13:44:33,220 -- Step [100/2650] | Batch loss: 0.0000
2026-04-02 13:44:33,394 -- Step [200/2650] | Batch loss: 0.0000
2026-04-02 13:44:33,567 -- Step [300/2650] | Batch loss: 0.0000
2026-04-02 13:44:33,767 -- Step [400/2650] | Batch loss: 0.0000
2026-04-02 13:44:33,954 -- Step [500/2650] | Batch loss: 0.0000
2026-04-02 13:44:34,131 -- Step [600/2650] | Batch loss: 0.0000
2026-04-02 13:44:34,309 -- Step [700/2650] | Batch loss: 0.0000
2026-04-02 13:44:34,495 -- Step [800/2650] | Batch loss: 0.0000
2026-04-02 13:44:34,684 -- Step [900/2650] | Batch loss: 0.0000
2026-04-02 13:44:34,875 -- Step [1000/2650] | Batch loss: 0.0000
2026-04-02 13:44:35,066 -- Step [1100/2650] | Batch loss: 0.0000
2026-04-02 13:44:35,263 -- Step [1200/2650] | Batch loss: 0.0000
2026-04-02 13:44:35,448 -- Step [1300/2650] | Batch loss: 0.0000
2026-04-02 13:44:35,638 -- Step [1400/2650] | Batch loss: 0.0000
2026-04-02 13:44:35,820 -- Step [1500/2650] | Batch loss: 0.0000
2026-04-02 13:44:36,001 -- Step [1600/2650] | Batch loss: 0.0000
2026-04-02 13:44:36,199 -- Step [1700/2650] | Batch loss: 0.0000
2026-04-02 13:44:36,392 -- Step [1800/2650] | Batch loss: 0.0000
2026-04-02 13:44:36,580 -- Step [1900/2650] | Batch loss: 0.0000
2026-04-02 13:44:36,766 -- Step [2000/2650] | Batch loss: 0.0000
2026-04-02 13:44:36,950 -- Step [2100/2650] | Batch loss: 0.0000
2026-04-02 13:44:37,139 -- Step [2200/2650] | Batch loss: 0.0000
2026-04-02 13:44:37,323 -- Step [2300/2650] | Batch loss: 0.0000
2026-04-02 13:44:37,516 -- Step [2400/2650] | Batch loss: 0.0000
2026-04-02 13:44:37,705 -- Step [2500/2650] | Batch loss: 0.0000
2026-04-02 13:44:37,898 -- Step [2600/2650] | Batch loss: 0.0000
2026-04-02 13:44:38,016 -- 
2026-04-02 13:44:38,016 -- Training epoch completed. Validating...
2026-04-02 13:44:40,784 -- 
2026-04-02 13:44:40,784 -- [32m ====== Epoch 10 Summary ====== [0m
2026-04-02 13:44:40,784 -- Training Loss: 0.0000
2026-04-02 13:44:40,784 -- Validation Loss: 0.0000
2026-04-02 13:44:40,829 -- [33m✓ New best model saved with validation loss: 0.0000 [0m
2026-04-02 13:44:40,829 -- 
2026-04-02 13:44:40,829 -- [32m ====== Epoch 3/4 (Round 3) ====== [0m
2026-04-02 13:44:40,829 -- Learning rate: 0.000817
2026-04-02 13:44:40,829 -- 
2026-04-02 13:44:40,888 -- Step [1/2650] | Batch loss: 0.0000
2026-04-02 13:44:41,083 -- Step [100/2650] | Batch loss: 0.0000
2026-04-02 13:44:41,266 -- Step [200/2650] | Batch loss: 0.0000
2026-04-02 13:44:41,476 -- Step [300/2650] | Batch loss: 0.0000
2026-04-02 13:44:41,695 -- Step [400/2650] | Batch loss: 0.0000
2026-04-02 13:44:41,902 -- Step [500/2650] | Batch loss: 0.0000
2026-04-02 13:44:42,092 -- Step [600/2650] | Batch loss: 0.0000
