2026-04-03 16:40:42,524 -- [33m Self-training round [1/3] [0m
2026-04-03 16:40:42,524 -- 
2026-04-03 16:40:42,524 -- [32m ====== Epoch 1/4 (Round 1) ====== [0m
2026-04-03 16:40:42,524 -- Learning rate: 0.000500
2026-04-03 16:40:42,524 -- 
2026-04-03 16:40:42,703 -- Step [1/2166] | Batch loss: 1.3821
2026-04-03 16:40:42,902 -- Step [100/2166] | Batch loss: 0.7697
2026-04-03 16:40:43,098 -- Step [200/2166] | Batch loss: 0.6472
2026-04-03 16:40:43,293 -- Step [300/2166] | Batch loss: 0.6245
2026-04-03 16:40:43,486 -- Step [400/2166] | Batch loss: 0.5501
2026-04-03 16:40:43,676 -- Step [500/2166] | Batch loss: 0.5802
2026-04-03 16:40:43,872 -- Step [600/2166] | Batch loss: 0.3487
2026-04-03 16:40:44,063 -- Step [700/2166] | Batch loss: 0.3687
2026-04-03 16:40:44,263 -- Step [800/2166] | Batch loss: 0.3131
2026-04-03 16:40:44,453 -- Step [900/2166] | Batch loss: 0.1937
2026-04-03 16:40:44,644 -- Step [1000/2166] | Batch loss: 0.1828
2026-04-03 16:40:44,836 -- Step [1100/2166] | Batch loss: 0.2415
2026-04-03 16:40:45,044 -- Step [1200/2166] | Batch loss: 0.1753
2026-04-03 16:40:45,231 -- Step [1300/2166] | Batch loss: 0.1175
2026-04-03 16:40:45,427 -- Step [1400/2166] | Batch loss: 0.0930
2026-04-03 16:40:45,628 -- Step [1500/2166] | Batch loss: 0.0631
2026-04-03 16:40:45,813 -- Step [1600/2166] | Batch loss: 0.1395
2026-04-03 16:40:45,994 -- Step [1700/2166] | Batch loss: 0.0769
2026-04-03 16:40:46,192 -- Step [1800/2166] | Batch loss: 0.0487
2026-04-03 16:40:46,395 -- Step [1900/2166] | Batch loss: 0.0718
2026-04-03 16:40:46,583 -- Step [2000/2166] | Batch loss: 0.0273
2026-04-03 16:40:46,765 -- Step [2100/2166] | Batch loss: 0.0448
2026-04-03 16:40:46,919 -- 
2026-04-03 16:40:46,919 -- Training epoch completed. Validating...
2026-04-03 16:40:49,818 -- 
2026-04-03 16:40:49,818 -- [32m ====== Epoch 1 Summary ====== [0m
2026-04-03 16:40:49,818 -- Training Loss: 0.3018
2026-04-03 16:40:49,818 -- Validation Loss: 11.5946
2026-04-03 16:40:49,890 -- [33m✓ New best model saved with validation loss: 11.5946 [0m
2026-04-03 16:40:49,890 -- 
2026-04-03 16:40:49,890 -- [32m ====== Epoch 2/4 (Round 1) ====== [0m
2026-04-03 16:40:49,890 -- Learning rate: 0.000490
2026-04-03 16:40:49,890 -- 
2026-04-03 16:40:49,964 -- Step [1/2166] | Batch loss: 0.1972
2026-04-03 16:40:50,164 -- Step [100/2166] | Batch loss: 0.1014
2026-04-03 16:40:50,353 -- Step [200/2166] | Batch loss: 0.0389
2026-04-03 16:40:50,537 -- Step [300/2166] | Batch loss: 0.0615
2026-04-03 16:40:50,723 -- Step [400/2166] | Batch loss: 0.0459
2026-04-03 16:40:50,910 -- Step [500/2166] | Batch loss: 0.0239
2026-04-03 16:40:51,112 -- Step [600/2166] | Batch loss: 0.0998
2026-04-03 16:40:51,323 -- Step [700/2166] | Batch loss: 0.0501
2026-04-03 16:40:51,513 -- Step [800/2166] | Batch loss: 0.0116
2026-04-03 16:40:51,707 -- Step [900/2166] | Batch loss: 0.1365
2026-04-03 16:40:51,888 -- Step [1000/2166] | Batch loss: 0.0205
2026-04-03 16:40:52,087 -- Step [1100/2166] | Batch loss: 0.0300
2026-04-03 16:40:52,272 -- Step [1200/2166] | Batch loss: 0.0208
2026-04-03 16:40:52,465 -- Step [1300/2166] | Batch loss: 0.0193
2026-04-03 16:40:52,656 -- Step [1400/2166] | Batch loss: 0.0117
2026-04-03 16:40:52,840 -- Step [1500/2166] | Batch loss: 0.0233
2026-04-03 16:40:53,037 -- Step [1600/2166] | Batch loss: 0.0259
2026-04-03 16:40:53,251 -- Step [1700/2166] | Batch loss: 0.0149
2026-04-03 16:40:53,440 -- Step [1800/2166] | Batch loss: 0.0194
2026-04-03 16:40:53,649 -- Step [1900/2166] | Batch loss: 0.0319
2026-04-03 16:40:53,850 -- Step [2000/2166] | Batch loss: 0.0106
2026-04-03 16:40:54,044 -- Step [2100/2166] | Batch loss: 0.0135
2026-04-03 16:40:54,222 -- 
2026-04-03 16:40:54,222 -- Training epoch completed. Validating...
2026-04-03 16:40:57,133 -- 
2026-04-03 16:40:57,133 -- [32m ====== Epoch 2 Summary ====== [0m
2026-04-03 16:40:57,133 -- Training Loss: 0.0459
2026-04-03 16:40:57,133 -- Validation Loss: 16.2765
2026-04-03 16:40:57,158 -- 
2026-04-03 16:40:57,158 -- [32m ====== Epoch 3/4 (Round 1) ====== [0m
2026-04-03 16:40:57,158 -- Learning rate: 0.000480
2026-04-03 16:40:57,158 -- 
2026-04-03 16:40:57,217 -- Step [1/2166] | Batch loss: 0.0391
2026-04-03 16:40:57,424 -- Step [100/2166] | Batch loss: 0.0383
2026-04-03 16:40:57,618 -- Step [200/2166] | Batch loss: 0.1373
2026-04-03 16:40:57,812 -- Step [300/2166] | Batch loss: 0.0139
2026-04-03 16:40:58,002 -- Step [400/2166] | Batch loss: 0.0413
2026-04-03 16:40:58,196 -- Step [500/2166] | Batch loss: 0.0082
2026-04-03 16:40:58,391 -- Step [600/2166] | Batch loss: 0.0039
2026-04-03 16:40:58,580 -- Step [700/2166] | Batch loss: 0.0699
2026-04-03 16:40:58,770 -- Step [800/2166] | Batch loss: 0.0037
2026-04-03 16:40:58,962 -- Step [900/2166] | Batch loss: 0.0160
2026-04-03 16:40:59,157 -- Step [1000/2166] | Batch loss: 0.0216
2026-04-03 16:40:59,351 -- Step [1100/2166] | Batch loss: 0.0639
2026-04-03 16:40:59,544 -- Step [1200/2166] | Batch loss: 0.0155
2026-04-03 16:40:59,738 -- Step [1300/2166] | Batch loss: 0.0088
2026-04-03 16:40:59,931 -- Step [1400/2166] | Batch loss: 0.0058
2026-04-03 16:41:00,113 -- Step [1500/2166] | Batch loss: 0.0040
2026-04-03 16:41:00,312 -- Step [1600/2166] | Batch loss: 0.0044
2026-04-03 16:41:00,511 -- Step [1700/2166] | Batch loss: 0.0034
2026-04-03 16:41:00,701 -- Step [1800/2166] | Batch loss: 0.0897
2026-04-03 16:41:00,898 -- Step [1900/2166] | Batch loss: 0.0610
2026-04-03 16:41:01,091 -- Step [2000/2166] | Batch loss: 0.0365
2026-04-03 16:41:01,281 -- Step [2100/2166] | Batch loss: 0.0096
2026-04-03 16:41:01,451 -- 
2026-04-03 16:41:01,451 -- Training epoch completed. Validating...
