2026-04-02 15:14:21,220 -- [33m Self-training round [1/3] [0m
2026-04-02 15:14:21,220 -- 
2026-04-02 15:14:21,220 -- [32m ====== Epoch 1/4 (Round 1) ====== [0m
2026-04-02 15:14:21,220 -- Learning rate: 0.001000
2026-04-02 15:14:21,220 -- 
2026-04-02 15:14:21,401 -- Step [1/2150] | Batch loss: 1.2500
2026-04-02 15:14:21,585 -- Step [100/2150] | Batch loss: 0.7948
2026-04-02 15:14:21,766 -- Step [200/2150] | Batch loss: 0.5579
2026-04-02 15:14:21,952 -- Step [300/2150] | Batch loss: 0.5020
2026-04-02 15:14:22,135 -- Step [400/2150] | Batch loss: 0.4687
2026-04-02 15:14:22,314 -- Step [500/2150] | Batch loss: 0.2885
2026-04-02 15:14:22,498 -- Step [600/2150] | Batch loss: 0.2766
2026-04-02 15:14:22,676 -- Step [700/2150] | Batch loss: 0.1794
2026-04-02 15:14:22,886 -- Step [800/2150] | Batch loss: 0.2240
2026-04-02 15:14:23,075 -- Step [900/2150] | Batch loss: 0.1540
2026-04-02 15:14:23,252 -- Step [1000/2150] | Batch loss: 0.1770
2026-04-02 15:14:23,436 -- Step [1100/2150] | Batch loss: 0.0554
2026-04-02 15:14:23,613 -- Step [1200/2150] | Batch loss: 0.0790
2026-04-02 15:14:23,795 -- Step [1300/2150] | Batch loss: 0.3030
2026-04-02 15:14:23,988 -- Step [1400/2150] | Batch loss: 0.0885
2026-04-02 15:14:24,165 -- Step [1500/2150] | Batch loss: 0.1100
2026-04-02 15:14:24,349 -- Step [1600/2150] | Batch loss: 0.0347
2026-04-02 15:14:24,532 -- Step [1700/2150] | Batch loss: 0.0542
2026-04-02 15:14:24,712 -- Step [1800/2150] | Batch loss: 0.1045
2026-04-02 15:14:24,893 -- Step [1900/2150] | Batch loss: 0.0833
2026-04-02 15:14:25,068 -- Step [2000/2150] | Batch loss: 0.1060
2026-04-02 15:14:25,245 -- Step [2100/2150] | Batch loss: 0.0888
2026-04-02 15:14:25,360 -- 
2026-04-02 15:14:25,360 -- Training epoch completed. Validating...
2026-04-02 15:14:28,128 -- 
2026-04-02 15:14:28,128 -- [32m ====== Epoch 1 Summary ====== [0m
2026-04-02 15:14:28,128 -- Training Loss: 0.2400
2026-04-02 15:14:28,128 -- Validation Loss: 0.0231
2026-04-02 15:14:28,198 -- [33m✓ New best model saved with validation loss: 0.0231 [0m
2026-04-02 15:14:28,198 -- 
2026-04-02 15:14:28,198 -- [32m ====== Epoch 2/4 (Round 1) ====== [0m
2026-04-02 15:14:28,198 -- Learning rate: 0.000980
2026-04-02 15:14:28,198 -- 
2026-04-02 15:14:28,245 -- Step [1/2150] | Batch loss: 0.0900
2026-04-02 15:14:28,471 -- Step [100/2150] | Batch loss: 0.1834
2026-04-02 15:14:28,658 -- Step [200/2150] | Batch loss: 0.0480
2026-04-02 15:14:28,846 -- Step [300/2150] | Batch loss: 0.0309
2026-04-02 15:14:29,033 -- Step [400/2150] | Batch loss: 0.0874
2026-04-02 15:14:29,217 -- Step [500/2150] | Batch loss: 0.1155
2026-04-02 15:14:29,404 -- Step [600/2150] | Batch loss: 0.0422
2026-04-02 15:14:29,583 -- Step [700/2150] | Batch loss: 0.0188
2026-04-02 15:14:29,762 -- Step [800/2150] | Batch loss: 0.0152
2026-04-02 15:14:29,946 -- Step [900/2150] | Batch loss: 0.0467
2026-04-02 15:14:30,123 -- Step [1000/2150] | Batch loss: 0.0883
2026-04-02 15:14:30,306 -- Step [1100/2150] | Batch loss: 0.0777
2026-04-02 15:14:30,495 -- Step [1200/2150] | Batch loss: 0.1882
2026-04-02 15:14:30,665 -- Step [1300/2150] | Batch loss: 0.0090
2026-04-02 15:14:30,841 -- Step [1400/2150] | Batch loss: 0.0738
2026-04-02 15:14:31,016 -- Step [1500/2150] | Batch loss: 0.0248
2026-04-02 15:14:31,196 -- Step [1600/2150] | Batch loss: 0.0126
2026-04-02 15:14:31,375 -- Step [1700/2150] | Batch loss: 0.0181
2026-04-02 15:14:31,550 -- Step [1800/2150] | Batch loss: 0.0189
2026-04-02 15:14:31,734 -- Step [1900/2150] | Batch loss: 0.0519
2026-04-02 15:14:31,916 -- Step [2000/2150] | Batch loss: 0.0111
2026-04-02 15:14:32,094 -- Step [2100/2150] | Batch loss: 0.0061
2026-04-02 15:14:32,206 -- 
2026-04-02 15:14:32,206 -- Training epoch completed. Validating...
2026-04-02 15:14:34,927 -- 
2026-04-02 15:14:34,927 -- [32m ====== Epoch 2 Summary ====== [0m
2026-04-02 15:14:34,927 -- Training Loss: 0.0518
2026-04-02 15:14:34,927 -- Validation Loss: 0.0127
2026-04-02 15:14:34,971 -- [33m✓ New best model saved with validation loss: 0.0127 [0m
2026-04-02 15:14:34,971 -- 
2026-04-02 15:14:34,971 -- [32m ====== Epoch 3/4 (Round 1) ====== [0m
2026-04-02 15:14:34,971 -- Learning rate: 0.000960
2026-04-02 15:14:34,971 -- 
2026-04-02 15:14:35,046 -- Step [1/2150] | Batch loss: 0.0489
2026-04-02 15:14:35,238 -- Step [100/2150] | Batch loss: 0.0333
2026-04-02 15:14:35,427 -- Step [200/2150] | Batch loss: 0.0363
2026-04-02 15:14:35,607 -- Step [300/2150] | Batch loss: 0.0317
2026-04-02 15:14:35,781 -- Step [400/2150] | Batch loss: 0.0544
2026-04-02 15:14:35,958 -- Step [500/2150] | Batch loss: 0.0084
2026-04-02 15:14:36,139 -- Step [600/2150] | Batch loss: 0.1844
2026-04-02 15:14:36,327 -- Step [700/2150] | Batch loss: 0.0521
2026-04-02 15:14:36,514 -- Step [800/2150] | Batch loss: 0.0080
2026-04-02 15:14:36,706 -- Step [900/2150] | Batch loss: 0.0137
2026-04-02 15:14:36,900 -- Step [1000/2150] | Batch loss: 0.0519
2026-04-02 15:14:37,093 -- Step [1100/2150] | Batch loss: 0.0324
2026-04-02 15:14:37,286 -- Step [1200/2150] | Batch loss: 0.2009
2026-04-02 15:14:37,483 -- Step [1300/2150] | Batch loss: 0.0393
2026-04-02 15:14:37,662 -- Step [1400/2150] | Batch loss: 0.0192
2026-04-02 15:14:37,842 -- Step [1500/2150] | Batch loss: 0.0305
2026-04-02 15:14:38,022 -- Step [1600/2150] | Batch loss: 0.0157
2026-04-02 15:14:38,199 -- Step [1700/2150] | Batch loss: 0.0104
2026-04-02 15:14:38,377 -- Step [1800/2150] | Batch loss: 0.0749
2026-04-02 15:14:38,554 -- Step [1900/2150] | Batch loss: 0.0100
2026-04-02 15:14:38,727 -- Step [2000/2150] | Batch loss: 0.0028
2026-04-02 15:14:38,896 -- Step [2100/2150] | Batch loss: 0.0189
2026-04-02 15:14:39,009 -- 
2026-04-02 15:14:39,009 -- Training epoch completed. Validating...
2026-04-02 15:14:41,785 -- 
2026-04-02 15:14:41,785 -- [32m ====== Epoch 3 Summary ====== [0m
2026-04-02 15:14:41,785 -- Training Loss: 0.0357
2026-04-02 15:14:41,785 -- Validation Loss: 0.0204
2026-04-02 15:14:41,807 -- 
2026-04-02 15:14:41,808 -- [32m ====== Epoch 4/4 (Round 1) ====== [0m
2026-04-02 15:14:41,808 -- Learning rate: 0.000941
2026-04-02 15:14:41,808 -- 
2026-04-02 15:14:41,879 -- Step [1/2150] | Batch loss: 0.0145
2026-04-02 15:14:42,076 -- Step [100/2150] | Batch loss: 0.0397
2026-04-02 15:14:42,264 -- Step [200/2150] | Batch loss: 0.0037
2026-04-02 15:14:42,445 -- Step [300/2150] | Batch loss: 0.0490
2026-04-02 15:14:42,620 -- Step [400/2150] | Batch loss: 0.0280
2026-04-02 15:14:42,802 -- Step [500/2150] | Batch loss: 0.0269
2026-04-02 15:14:43,015 -- Step [600/2150] | Batch loss: 0.0208
2026-04-02 15:14:43,221 -- Step [700/2150] | Batch loss: 0.0537
2026-04-02 15:14:43,403 -- Step [800/2150] | Batch loss: 0.0109
2026-04-02 15:14:43,607 -- Step [900/2150] | Batch loss: 0.0480
2026-04-02 15:14:43,799 -- Step [1000/2150] | Batch loss: 0.0201
2026-04-02 15:14:43,990 -- Step [1100/2150] | Batch loss: 0.0986
2026-04-02 15:14:44,174 -- Step [1200/2150] | Batch loss: 0.0040
2026-04-02 15:14:44,358 -- Step [1300/2150] | Batch loss: 0.0229
2026-04-02 15:14:44,539 -- Step [1400/2150] | Batch loss: 0.0178
2026-04-02 15:14:44,720 -- Step [1500/2150] | Batch loss: 0.0715
2026-04-02 15:14:44,905 -- Step [1600/2150] | Batch loss: 0.0512
2026-04-02 15:14:45,090 -- Step [1700/2150] | Batch loss: 0.0672
2026-04-02 15:14:45,273 -- Step [1800/2150] | Batch loss: 0.0089
2026-04-02 15:14:45,452 -- Step [1900/2150] | Batch loss: 0.0052
2026-04-02 15:14:45,630 -- Step [2000/2150] | Batch loss: 0.0059
2026-04-02 15:14:45,805 -- Step [2100/2150] | Batch loss: 0.0071
2026-04-02 15:14:45,928 -- 
2026-04-02 15:14:45,929 -- Training epoch completed. Validating...
2026-04-02 15:14:48,633 -- 
2026-04-02 15:14:48,633 -- [32m ====== Epoch 4 Summary ====== [0m
2026-04-02 15:14:48,633 -- Training Loss: 0.0306
2026-04-02 15:14:48,633 -- Validation Loss: 0.0095
2026-04-02 15:14:48,677 -- [33m✓ New best model saved with validation loss: 0.0095 [0m
2026-04-02 15:14:49,252 -- 
2026-04-02 15:14:49,253 -- [32m ====== Pseudo-labeling result ====== [0m
2026-04-02 15:14:49,253 -- Confidence threshold: 0.95
2026-04-02 15:14:49,253 -- Pseudo-labeling ratio: 96.69%
2026-04-02 15:14:49,253 -- Total labeled samples: 337007
2026-04-02 15:14:49,253 -- Remaining unlabeled samples: 2117
2026-04-02 15:14:49,253 -- 
2026-04-02 15:14:49,253 -- [33m Self-training round [2/3] [0m
2026-04-02 15:14:49,253 -- 
2026-04-02 15:14:49,253 -- [32m ====== Epoch 1/4 (Round 2) ====== [0m
2026-04-02 15:14:49,253 -- Learning rate: 0.000922
2026-04-02 15:14:49,253 -- 
2026-04-02 15:14:49,322 -- Step [1/2633] | Batch loss: 1.7478
2026-04-02 15:14:49,512 -- Step [100/2633] | Batch loss: 0.0256
2026-04-02 15:14:49,691 -- Step [200/2633] | Batch loss: 0.0245
2026-04-02 15:14:49,867 -- Step [300/2633] | Batch loss: 0.0209
2026-04-02 15:14:50,049 -- Step [400/2633] | Batch loss: 0.0278
2026-04-02 15:14:50,231 -- Step [500/2633] | Batch loss: 0.0214
2026-04-02 15:14:50,408 -- Step [600/2633] | Batch loss: 0.0060
2026-04-02 15:14:50,589 -- Step [700/2633] | Batch loss: 0.0191
2026-04-02 15:14:50,766 -- Step [800/2633] | Batch loss: 0.0228
2026-04-02 15:14:50,956 -- Step [900/2633] | Batch loss: 0.0465
2026-04-02 15:14:51,144 -- Step [1000/2633] | Batch loss: 0.0492
2026-04-02 15:14:51,331 -- Step [1100/2633] | Batch loss: 0.0273
2026-04-02 15:14:51,504 -- Step [1200/2633] | Batch loss: 0.0176
2026-04-02 15:14:51,691 -- Step [1300/2633] | Batch loss: 0.1112
2026-04-02 15:14:51,862 -- Step [1400/2633] | Batch loss: 0.0330
2026-04-02 15:14:52,038 -- Step [1500/2633] | Batch loss: 0.0177
2026-04-02 15:14:52,213 -- Step [1600/2633] | Batch loss: 0.0116
2026-04-02 15:14:52,393 -- Step [1700/2633] | Batch loss: 0.0143
2026-04-02 15:14:52,581 -- Step [1800/2633] | Batch loss: 0.1775
2026-04-02 15:14:52,760 -- Step [1900/2633] | Batch loss: 0.0378
2026-04-02 15:14:52,933 -- Step [2000/2633] | Batch loss: 0.0054
2026-04-02 15:14:53,121 -- Step [2100/2633] | Batch loss: 0.0236
2026-04-02 15:14:53,299 -- Step [2200/2633] | Batch loss: 0.0489
2026-04-02 15:14:53,485 -- Step [2300/2633] | Batch loss: 0.0362
2026-04-02 15:14:53,676 -- Step [2400/2633] | Batch loss: 0.0146
2026-04-02 15:14:53,861 -- Step [2500/2633] | Batch loss: 0.0183
2026-04-02 15:14:54,038 -- Step [2600/2633] | Batch loss: 0.0956
2026-04-02 15:14:54,128 -- 
2026-04-02 15:14:54,128 -- Training epoch completed. Validating...
2026-04-02 15:14:56,861 -- 
2026-04-02 15:14:56,861 -- [32m ====== Epoch 5 Summary ====== [0m
2026-04-02 15:14:56,862 -- Training Loss: 0.0451
2026-04-02 15:14:56,862 -- Validation Loss: 0.0103
2026-04-02 15:14:56,885 -- 
2026-04-02 15:14:56,885 -- [32m ====== Epoch 2/4 (Round 2) ====== [0m
2026-04-02 15:14:56,885 -- Learning rate: 0.000904
2026-04-02 15:14:56,885 -- 
2026-04-02 15:14:56,954 -- Step [1/2633] | Batch loss: 0.0159
2026-04-02 15:14:57,150 -- Step [100/2633] | Batch loss: 0.0135
2026-04-02 15:14:57,328 -- Step [200/2633] | Batch loss: 0.0128
2026-04-02 15:14:57,508 -- Step [300/2633] | Batch loss: 0.0077
2026-04-02 15:14:57,696 -- Step [400/2633] | Batch loss: 0.0404
2026-04-02 15:14:57,887 -- Step [500/2633] | Batch loss: 0.0134
2026-04-02 15:14:58,066 -- Step [600/2633] | Batch loss: 0.0248
2026-04-02 15:14:58,250 -- Step [700/2633] | Batch loss: 0.0348
2026-04-02 15:14:58,420 -- Step [800/2633] | Batch loss: 0.0244
2026-04-02 15:14:58,601 -- Step [900/2633] | Batch loss: 0.0023
2026-04-02 15:14:58,783 -- Step [1000/2633] | Batch loss: 0.0085
2026-04-02 15:14:58,961 -- Step [1100/2633] | Batch loss: 0.0079
2026-04-02 15:14:59,149 -- Step [1200/2633] | Batch loss: 0.0176
2026-04-02 15:14:59,327 -- Step [1300/2633] | Batch loss: 0.0022
2026-04-02 15:14:59,515 -- Step [1400/2633] | Batch loss: 0.0298
2026-04-02 15:14:59,696 -- Step [1500/2633] | Batch loss: 0.0281
2026-04-02 15:14:59,881 -- Step [1600/2633] | Batch loss: 0.0054
2026-04-02 15:15:00,071 -- Step [1700/2633] | Batch loss: 0.0040
2026-04-02 15:15:00,266 -- Step [1800/2633] | Batch loss: 0.0040
2026-04-02 15:15:00,447 -- Step [1900/2633] | Batch loss: 0.0299
2026-04-02 15:15:00,630 -- Step [2000/2633] | Batch loss: 0.0768
2026-04-02 15:15:00,811 -- Step [2100/2633] | Batch loss: 0.0006
2026-04-02 15:15:00,991 -- Step [2200/2633] | Batch loss: 0.0207
2026-04-02 15:15:01,163 -- Step [2300/2633] | Batch loss: 0.0007
2026-04-02 15:15:01,336 -- Step [2400/2633] | Batch loss: 0.0129
2026-04-02 15:15:01,522 -- Step [2500/2633] | Batch loss: 0.0165
2026-04-02 15:15:01,695 -- Step [2600/2633] | Batch loss: 0.0033
2026-04-02 15:15:01,786 -- 
2026-04-02 15:15:01,786 -- Training epoch completed. Validating...
2026-04-02 15:15:04,554 -- 
2026-04-02 15:15:04,554 -- [32m ====== Epoch 6 Summary ====== [0m
2026-04-02 15:15:04,554 -- Training Loss: 0.0297
2026-04-02 15:15:04,554 -- Validation Loss: 0.0106
2026-04-02 15:15:04,576 -- 
2026-04-02 15:15:04,577 -- [32m ====== Epoch 3/4 (Round 2) ====== [0m
2026-04-02 15:15:04,577 -- Learning rate: 0.000886
2026-04-02 15:15:04,577 -- 
2026-04-02 15:15:04,645 -- Step [1/2633] | Batch loss: 0.0107
2026-04-02 15:15:04,834 -- Step [100/2633] | Batch loss: 0.1251
2026-04-02 15:15:05,018 -- Step [200/2633] | Batch loss: 0.0336
2026-04-02 15:15:05,206 -- Step [300/2633] | Batch loss: 0.0240
2026-04-02 15:15:05,376 -- Step [400/2633] | Batch loss: 0.0112
2026-04-02 15:15:05,551 -- Step [500/2633] | Batch loss: 0.0600
2026-04-02 15:15:05,730 -- Step [600/2633] | Batch loss: 0.0243
2026-04-02 15:15:05,924 -- Step [700/2633] | Batch loss: 0.0082
2026-04-02 15:15:06,112 -- Step [800/2633] | Batch loss: 0.0501
2026-04-02 15:15:06,290 -- Step [900/2633] | Batch loss: 0.0100
2026-04-02 15:15:06,471 -- Step [1000/2633] | Batch loss: 0.0072
2026-04-02 15:15:06,677 -- Step [1100/2633] | Batch loss: 0.0085
2026-04-02 15:15:06,868 -- Step [1200/2633] | Batch loss: 0.0218
2026-04-02 15:15:07,041 -- Step [1300/2633] | Batch loss: 0.0027
2026-04-02 15:15:07,255 -- Step [1400/2633] | Batch loss: 0.0217
2026-04-02 15:15:07,444 -- Step [1500/2633] | Batch loss: 0.0011
2026-04-02 15:15:07,624 -- Step [1600/2633] | Batch loss: 0.0176
2026-04-02 15:15:07,816 -- Step [1700/2633] | Batch loss: 0.0190
2026-04-02 15:15:07,998 -- Step [1800/2633] | Batch loss: 0.0072
2026-04-02 15:15:08,186 -- Step [1900/2633] | Batch loss: 0.0260
2026-04-02 15:15:08,370 -- Step [2000/2633] | Batch loss: 0.0041
2026-04-02 15:15:08,547 -- Step [2100/2633] | Batch loss: 0.0198
2026-04-02 15:15:08,737 -- Step [2200/2633] | Batch loss: 0.1171
2026-04-02 15:15:08,920 -- Step [2300/2633] | Batch loss: 0.0108
2026-04-02 15:15:09,105 -- Step [2400/2633] | Batch loss: 0.0026
2026-04-02 15:15:09,281 -- Step [2500/2633] | Batch loss: 0.0010
2026-04-02 15:15:09,463 -- Step [2600/2633] | Batch loss: 0.0528
2026-04-02 15:15:09,548 -- 
2026-04-02 15:15:09,548 -- Training epoch completed. Validating...
2026-04-02 15:15:12,342 -- 
2026-04-02 15:15:12,342 -- [32m ====== Epoch 7 Summary ====== [0m
2026-04-02 15:15:12,342 -- Training Loss: 0.0219
2026-04-02 15:15:12,342 -- Validation Loss: 0.0041
2026-04-02 15:15:12,388 -- [33m✓ New best model saved with validation loss: 0.0041 [0m
2026-04-02 15:15:12,388 -- 
2026-04-02 15:15:12,388 -- [32m ====== Epoch 4/4 (Round 2) ====== [0m
2026-04-02 15:15:12,388 -- Learning rate: 0.000868
2026-04-02 15:15:12,388 -- 
2026-04-02 15:15:12,455 -- Step [1/2633] | Batch loss: 0.0087
2026-04-02 15:15:12,652 -- Step [100/2633] | Batch loss: 0.0127
2026-04-02 15:15:12,842 -- Step [200/2633] | Batch loss: 0.1973
2026-04-02 15:15:13,036 -- Step [300/2633] | Batch loss: 0.0011
2026-04-02 15:15:13,214 -- Step [400/2633] | Batch loss: 0.0002
2026-04-02 15:15:13,389 -- Step [500/2633] | Batch loss: 0.0016
2026-04-02 15:15:13,564 -- Step [600/2633] | Batch loss: 0.0744
2026-04-02 15:15:13,748 -- Step [700/2633] | Batch loss: 0.0807
2026-04-02 15:15:13,942 -- Step [800/2633] | Batch loss: 0.0009
2026-04-02 15:15:14,130 -- Step [900/2633] | Batch loss: 0.0024
2026-04-02 15:15:14,316 -- Step [1000/2633] | Batch loss: 0.0038
2026-04-02 15:15:14,490 -- Step [1100/2633] | Batch loss: 0.0043
2026-04-02 15:15:14,677 -- Step [1200/2633] | Batch loss: 0.0113
2026-04-02 15:15:14,852 -- Step [1300/2633] | Batch loss: 0.0020
2026-04-02 15:15:15,038 -- Step [1400/2633] | Batch loss: 0.0011
2026-04-02 15:15:15,226 -- Step [1500/2633] | Batch loss: 0.0460
2026-04-02 15:15:15,409 -- Step [1600/2633] | Batch loss: 0.0006
2026-04-02 15:15:15,594 -- Step [1700/2633] | Batch loss: 0.0424
2026-04-02 15:15:15,772 -- Step [1800/2633] | Batch loss: 0.0834
2026-04-02 15:15:15,954 -- Step [1900/2633] | Batch loss: 0.0018
2026-04-02 15:15:16,155 -- Step [2000/2633] | Batch loss: 0.0265
2026-04-02 15:15:16,341 -- Step [2100/2633] | Batch loss: 0.0052
2026-04-02 15:15:16,531 -- Step [2200/2633] | Batch loss: 0.0017
2026-04-02 15:15:16,709 -- Step [2300/2633] | Batch loss: 0.0059
2026-04-02 15:15:16,891 -- Step [2400/2633] | Batch loss: 0.0686
2026-04-02 15:15:17,082 -- Step [2500/2633] | Batch loss: 0.0153
2026-04-02 15:15:17,262 -- Step [2600/2633] | Batch loss: 0.0013
2026-04-02 15:15:17,353 -- 
2026-04-02 15:15:17,353 -- Training epoch completed. Validating...
2026-04-02 15:15:20,090 -- 
2026-04-02 15:15:20,090 -- [32m ====== Epoch 8 Summary ====== [0m
2026-04-02 15:15:20,090 -- Training Loss: 0.0187
2026-04-02 15:15:20,090 -- Validation Loss: 0.0093
2026-04-02 15:15:20,185 -- 
2026-04-02 15:15:20,185 -- [32m ====== Pseudo-labeling result ====== [0m
2026-04-02 15:15:20,185 -- Confidence threshold: 0.95
2026-04-02 15:15:20,185 -- Pseudo-labeling ratio: 90.55%
2026-04-02 15:15:20,185 -- Total labeled samples: 338924
2026-04-02 15:15:20,185 -- Remaining unlabeled samples: 200
2026-04-02 15:15:20,185 -- 
2026-04-02 15:15:20,185 -- [33m Self-training round [3/3] [0m
2026-04-02 15:15:20,185 -- 
2026-04-02 15:15:20,185 -- [32m ====== Epoch 1/4 (Round 3) ====== [0m
2026-04-02 15:15:20,185 -- Learning rate: 0.000851
2026-04-02 15:15:20,185 -- 
2026-04-02 15:15:20,251 -- Step [1/2648] | Batch loss: 0.0009
2026-04-02 15:15:20,439 -- Step [100/2648] | Batch loss: 0.0005
2026-04-02 15:15:20,616 -- Step [200/2648] | Batch loss: 0.0184
2026-04-02 15:15:20,806 -- Step [300/2648] | Batch loss: 0.0397
2026-04-02 15:15:20,979 -- Step [400/2648] | Batch loss: 0.0024
2026-04-02 15:15:21,154 -- Step [500/2648] | Batch loss: 0.0007
2026-04-02 15:15:21,336 -- Step [600/2648] | Batch loss: 0.0031
2026-04-02 15:15:21,522 -- Step [700/2648] | Batch loss: 0.0361
2026-04-02 15:15:21,711 -- Step [800/2648] | Batch loss: 0.0178
2026-04-02 15:15:21,899 -- Step [900/2648] | Batch loss: 0.0062
2026-04-02 15:15:22,088 -- Step [1000/2648] | Batch loss: 0.0363
2026-04-02 15:15:22,272 -- Step [1100/2648] | Batch loss: 0.0014
2026-04-02 15:15:22,454 -- Step [1200/2648] | Batch loss: 0.0067
2026-04-02 15:15:22,625 -- Step [1300/2648] | Batch loss: 0.1440
2026-04-02 15:15:22,798 -- Step [1400/2648] | Batch loss: 0.0040
2026-04-02 15:15:22,973 -- Step [1500/2648] | Batch loss: 0.0065
2026-04-02 15:15:23,149 -- Step [1600/2648] | Batch loss: 0.0192
2026-04-02 15:15:23,330 -- Step [1700/2648] | Batch loss: 0.0079
2026-04-02 15:15:23,512 -- Step [1800/2648] | Batch loss: 0.0238
2026-04-02 15:15:23,692 -- Step [1900/2648] | Batch loss: 0.0017
2026-04-02 15:15:23,874 -- Step [2000/2648] | Batch loss: 0.0018
2026-04-02 15:15:24,074 -- Step [2100/2648] | Batch loss: 0.0020
2026-04-02 15:15:24,253 -- Step [2200/2648] | Batch loss: 0.0054
2026-04-02 15:15:24,436 -- Step [2300/2648] | Batch loss: 0.0094
2026-04-02 15:15:24,617 -- Step [2400/2648] | Batch loss: 0.0085
2026-04-02 15:15:24,803 -- Step [2500/2648] | Batch loss: 0.0243
2026-04-02 15:15:24,978 -- Step [2600/2648] | Batch loss: 0.0218
2026-04-02 15:15:25,106 -- 
2026-04-02 15:15:25,106 -- Training epoch completed. Validating...
2026-04-02 15:15:27,840 -- 
2026-04-02 15:15:27,840 -- [32m ====== Epoch 9 Summary ====== [0m
2026-04-02 15:15:27,840 -- Training Loss: 0.0255
2026-04-02 15:15:27,840 -- Validation Loss: 0.0031
2026-04-02 15:15:27,885 -- [33m✓ New best model saved with validation loss: 0.0031 [0m
2026-04-02 15:15:27,885 -- 
2026-04-02 15:15:27,885 -- [32m ====== Epoch 2/4 (Round 3) ====== [0m
2026-04-02 15:15:27,885 -- Learning rate: 0.000834
2026-04-02 15:15:27,885 -- 
2026-04-02 15:15:27,963 -- Step [1/2648] | Batch loss: 0.0137
2026-04-02 15:15:28,149 -- Step [100/2648] | Batch loss: 0.0370
2026-04-02 15:15:28,325 -- Step [200/2648] | Batch loss: 0.0120
2026-04-02 15:15:28,503 -- Step [300/2648] | Batch loss: 0.2917
2026-04-02 15:15:28,681 -- Step [400/2648] | Batch loss: 0.0391
2026-04-02 15:15:28,857 -- Step [500/2648] | Batch loss: 0.0241
2026-04-02 15:15:29,044 -- Step [600/2648] | Batch loss: 0.0472
2026-04-02 15:15:29,225 -- Step [700/2648] | Batch loss: 0.0642
2026-04-02 15:15:29,419 -- Step [800/2648] | Batch loss: 0.0154
2026-04-02 15:15:29,603 -- Step [900/2648] | Batch loss: 0.0014
2026-04-02 15:15:29,802 -- Step [1000/2648] | Batch loss: 0.0152
2026-04-02 15:15:29,995 -- Step [1100/2648] | Batch loss: 0.0057
2026-04-02 15:15:30,180 -- Step [1200/2648] | Batch loss: 0.0034
2026-04-02 15:15:30,362 -- Step [1300/2648] | Batch loss: 0.0129
2026-04-02 15:15:30,544 -- Step [1400/2648] | Batch loss: 0.0047
2026-04-02 15:15:30,732 -- Step [1500/2648] | Batch loss: 0.0100
2026-04-02 15:15:30,904 -- Step [1600/2648] | Batch loss: 0.0185
2026-04-02 15:15:31,086 -- Step [1700/2648] | Batch loss: 0.0063
2026-04-02 15:15:31,268 -- Step [1800/2648] | Batch loss: 0.1093
2026-04-02 15:15:31,452 -- Step [1900/2648] | Batch loss: 0.0238
2026-04-02 15:15:31,626 -- Step [2000/2648] | Batch loss: 0.0184
2026-04-02 15:15:31,808 -- Step [2100/2648] | Batch loss: 0.1042
2026-04-02 15:15:31,992 -- Step [2200/2648] | Batch loss: 0.0215
2026-04-02 15:15:32,170 -- Step [2300/2648] | Batch loss: 0.0078
2026-04-02 15:15:32,356 -- Step [2400/2648] | Batch loss: 0.0072
2026-04-02 15:15:32,547 -- Step [2500/2648] | Batch loss: 0.0185
2026-04-02 15:15:32,749 -- Step [2600/2648] | Batch loss: 0.0059
2026-04-02 15:15:32,872 -- 
2026-04-02 15:15:32,872 -- Training epoch completed. Validating...
2026-04-02 15:15:35,615 -- 
2026-04-02 15:15:35,615 -- [32m ====== Epoch 10 Summary ====== [0m
2026-04-02 15:15:35,615 -- Training Loss: 0.0242
2026-04-02 15:15:35,615 -- Validation Loss: 0.0031
2026-04-02 15:15:35,661 -- [33m✓ New best model saved with validation loss: 0.0031 [0m
2026-04-02 15:15:35,661 -- 
2026-04-02 15:15:35,661 -- [32m ====== Epoch 3/4 (Round 3) ====== [0m
2026-04-02 15:15:35,661 -- Learning rate: 0.000817
2026-04-02 15:15:35,661 -- 
2026-04-02 15:15:35,734 -- Step [1/2648] | Batch loss: 0.0017
2026-04-02 15:15:35,918 -- Step [100/2648] | Batch loss: 0.0027
2026-04-02 15:15:36,102 -- Step [200/2648] | Batch loss: 0.0253
2026-04-02 15:15:36,292 -- Step [300/2648] | Batch loss: 0.0137
2026-04-02 15:15:36,478 -- Step [400/2648] | Batch loss: 0.0056
2026-04-02 15:15:36,663 -- Step [500/2648] | Batch loss: 0.0017
2026-04-02 15:15:36,848 -- Step [600/2648] | Batch loss: 0.0090
2026-04-02 15:15:37,032 -- Step [700/2648] | Batch loss: 0.0038
2026-04-02 15:15:37,211 -- Step [800/2648] | Batch loss: 0.0088
2026-04-02 15:15:37,390 -- Step [900/2648] | Batch loss: 0.0419
2026-04-02 15:15:37,564 -- Step [1000/2648] | Batch loss: 0.0191
2026-04-02 15:15:37,743 -- Step [1100/2648] | Batch loss: 0.0143
2026-04-02 15:15:37,933 -- Step [1200/2648] | Batch loss: 0.0172
2026-04-02 15:15:38,119 -- Step [1300/2648] | Batch loss: 0.0029
2026-04-02 15:15:38,304 -- Step [1400/2648] | Batch loss: 0.0640
2026-04-02 15:15:38,503 -- Step [1500/2648] | Batch loss: 0.0021
2026-04-02 15:15:38,682 -- Step [1600/2648] | Batch loss: 0.0206
2026-04-02 15:15:38,867 -- Step [1700/2648] | Batch loss: 0.0991
2026-04-02 15:15:39,046 -- Step [1800/2648] | Batch loss: 0.0080
2026-04-02 15:15:39,228 -- Step [1900/2648] | Batch loss: 0.0018
2026-04-02 15:15:39,404 -- Step [2000/2648] | Batch loss: 0.0066
2026-04-02 15:15:39,584 -- Step [2100/2648] | Batch loss: 0.0048
2026-04-02 15:15:39,768 -- Step [2200/2648] | Batch loss: 0.0352
2026-04-02 15:15:39,950 -- Step [2300/2648] | Batch loss: 0.0519
2026-04-02 15:15:40,138 -- Step [2400/2648] | Batch loss: 0.0013
2026-04-02 15:15:40,319 -- Step [2500/2648] | Batch loss: 0.0020
2026-04-02 15:15:40,506 -- Step [2600/2648] | Batch loss: 0.0249
2026-04-02 15:15:40,629 -- 
2026-04-02 15:15:40,629 -- Training epoch completed. Validating...
2026-04-02 15:15:43,330 -- 
2026-04-02 15:15:43,330 -- [32m ====== Epoch 11 Summary ====== [0m
2026-04-02 15:15:43,330 -- Training Loss: 0.0215
2026-04-02 15:15:43,330 -- Validation Loss: 0.0024
2026-04-02 15:15:43,374 -- [33m✓ New best model saved with validation loss: 0.0024 [0m
2026-04-02 15:15:43,374 -- 
2026-04-02 15:15:43,374 -- [32m ====== Epoch 4/4 (Round 3) ====== [0m
2026-04-02 15:15:43,374 -- Learning rate: 0.000801
2026-04-02 15:15:43,374 -- 
2026-04-02 15:15:43,453 -- Step [1/2648] | Batch loss: 0.0004
2026-04-02 15:15:43,648 -- Step [100/2648] | Batch loss: 0.0419
2026-04-02 15:15:43,838 -- Step [200/2648] | Batch loss: 0.0059
2026-04-02 15:15:44,014 -- Step [300/2648] | Batch loss: 0.0140
2026-04-02 15:15:44,196 -- Step [400/2648] | Batch loss: 0.0136
2026-04-02 15:15:44,370 -- Step [500/2648] | Batch loss: 0.0055
2026-04-02 15:15:44,545 -- Step [600/2648] | Batch loss: 0.0040
2026-04-02 15:15:44,725 -- Step [700/2648] | Batch loss: 0.0105
2026-04-02 15:15:44,924 -- Step [800/2648] | Batch loss: 0.0009
2026-04-02 15:15:45,099 -- Step [900/2648] | Batch loss: 0.0021
2026-04-02 15:15:45,290 -- Step [1000/2648] | Batch loss: 0.0060
2026-04-02 15:15:45,474 -- Step [1100/2648] | Batch loss: 0.0018
2026-04-02 15:15:45,648 -- Step [1200/2648] | Batch loss: 0.0034
2026-04-02 15:15:45,823 -- Step [1300/2648] | Batch loss: 0.0136
2026-04-02 15:15:46,002 -- Step [1400/2648] | Batch loss: 0.0319
2026-04-02 15:15:46,182 -- Step [1500/2648] | Batch loss: 0.0070
2026-04-02 15:15:46,364 -- Step [1600/2648] | Batch loss: 0.0156
2026-04-02 15:15:46,545 -- Step [1700/2648] | Batch loss: 0.0041
2026-04-02 15:15:46,733 -- Step [1800/2648] | Batch loss: 0.1054
2026-04-02 15:15:46,914 -- Step [1900/2648] | Batch loss: 0.0288
2026-04-02 15:15:47,094 -- Step [2000/2648] | Batch loss: 0.0043
2026-04-02 15:15:47,274 -- Step [2100/2648] | Batch loss: 0.0573
2026-04-02 15:15:47,461 -- Step [2200/2648] | Batch loss: 0.0045
2026-04-02 15:15:47,651 -- Step [2300/2648] | Batch loss: 0.1963
2026-04-02 15:15:47,834 -- Step [2400/2648] | Batch loss: 0.0268
2026-04-02 15:15:48,012 -- Step [2500/2648] | Batch loss: 0.0009
2026-04-02 15:15:48,196 -- Step [2600/2648] | Batch loss: 0.0183
2026-04-02 15:15:48,315 -- 
2026-04-02 15:15:48,315 -- Training epoch completed. Validating...
2026-04-02 15:15:51,081 -- 
2026-04-02 15:15:51,081 -- [32m ====== Epoch 12 Summary ====== [0m
2026-04-02 15:15:51,081 -- Training Loss: 0.0220
2026-04-02 15:15:51,081 -- Validation Loss: 0.0067
2026-04-02 15:15:51,164 -- 
2026-04-02 15:15:51,164 -- [32m ====== Pseudo-labeling result ====== [0m
2026-04-02 15:15:51,164 -- Confidence threshold: 0.95
2026-04-02 15:15:51,164 -- Pseudo-labeling ratio: 3.00%
2026-04-02 15:15:51,164 -- Total labeled samples: 338930
2026-04-02 15:15:51,164 -- Remaining unlabeled samples: 194
2026-04-02 15:15:51,164 -- 
2026-04-02 15:15:51,164 -- [33m Stopping criteria met. Quitting...[0m
2026-04-02 15:15:51,164 -- Requires pseudo-labeling ratio over 10.00%
2026-04-02 15:15:51,164 -- Current pseudo-labeling ratio: 3.00%
