2026-03-26 16:51:12,511 -- [33m Self-training round [1/3] [0m
2026-03-26 16:51:12,511 -- 
2026-03-26 16:51:12,511 -- [32m ====== Epoch 1/4 (Round 1) ====== [0m
2026-03-26 16:51:12,511 -- Learning rate: 0.001000
2026-03-26 16:51:12,511 -- 
2026-03-26 16:51:12,732 -- Step [1/185] | Batch loss: 1.0234
2026-03-26 16:51:12,933 -- Step [100/185] | Batch loss: 1.0351
2026-03-26 16:51:13,117 -- 
2026-03-26 16:51:13,117 -- Training epoch completed. Validating...
2026-03-26 16:51:13,525 -- 
2026-03-26 16:51:13,525 -- [32m ====== Epoch 1 Summary ====== [0m
2026-03-26 16:51:13,525 -- Training Loss: 1.1618
2026-03-26 16:51:13,525 -- Validation Loss: 66.7909
2026-03-26 16:51:13,629 -- [33m✓ New best model saved with validation loss: 66.7909 [0m
2026-03-26 16:51:13,629 -- 
2026-03-26 16:51:13,629 -- [32m ====== Epoch 2/4 (Round 1) ====== [0m
2026-03-26 16:51:13,629 -- Learning rate: 0.000980
2026-03-26 16:51:13,629 -- 
2026-03-26 16:51:13,680 -- Step [1/185] | Batch loss: 1.6242
2026-03-26 16:51:13,896 -- Step [100/185] | Batch loss: 0.5477
2026-03-26 16:51:14,086 -- 
2026-03-26 16:51:14,086 -- Training epoch completed. Validating...
2026-03-26 16:51:14,512 -- 
2026-03-26 16:51:14,512 -- [32m ====== Epoch 2 Summary ====== [0m
2026-03-26 16:51:14,512 -- Training Loss: 0.6184
2026-03-26 16:51:14,512 -- Validation Loss: 75.4003
2026-03-26 16:51:14,535 -- 
2026-03-26 16:51:14,535 -- [32m ====== Epoch 3/4 (Round 1) ====== [0m
2026-03-26 16:51:14,535 -- Learning rate: 0.000960
2026-03-26 16:51:14,535 -- 
2026-03-26 16:51:14,586 -- Step [1/185] | Batch loss: 0.5474
2026-03-26 16:51:14,781 -- Step [100/185] | Batch loss: 0.2943
2026-03-26 16:51:14,957 -- 
2026-03-26 16:51:14,958 -- Training epoch completed. Validating...
2026-03-26 16:51:15,390 -- 
2026-03-26 16:51:15,390 -- [32m ====== Epoch 3 Summary ====== [0m
2026-03-26 16:51:15,390 -- Training Loss: 0.3875
2026-03-26 16:51:15,390 -- Validation Loss: 78.1002
2026-03-26 16:51:15,413 -- 
2026-03-26 16:51:15,413 -- [32m ====== Epoch 4/4 (Round 1) ====== [0m
2026-03-26 16:51:15,413 -- Learning rate: 0.000941
2026-03-26 16:51:15,413 -- 
2026-03-26 16:51:15,442 -- Step [1/185] | Batch loss: 0.3176
2026-03-26 16:51:15,644 -- Step [100/185] | Batch loss: 0.3616
2026-03-26 16:51:15,824 -- 
2026-03-26 16:51:15,825 -- Training epoch completed. Validating...
2026-03-26 16:51:16,251 -- 
2026-03-26 16:51:16,251 -- [32m ====== Epoch 4 Summary ====== [0m
2026-03-26 16:51:16,251 -- Training Loss: 0.2924
2026-03-26 16:51:16,251 -- Validation Loss: 85.7532
2026-03-26 16:51:16,589 -- 
2026-03-26 16:51:16,589 -- [32m ====== Pseudo-labeling result ====== [0m
2026-03-26 16:51:16,589 -- Confidence threshold: 0.95
2026-03-26 16:51:16,589 -- Pseudo-labeling ratio: 99.05%
2026-03-26 16:51:16,589 -- Total labeled samples: 46701
2026-03-26 16:51:16,589 -- Remaining unlabeled samples: 221
2026-03-26 16:51:16,589 -- 
2026-03-26 16:51:16,589 -- [33m Self-training round [2/3] [0m
2026-03-26 16:51:16,589 -- 
2026-03-26 16:51:16,589 -- [32m ====== Epoch 1/4 (Round 2) ====== [0m
2026-03-26 16:51:16,589 -- Learning rate: 0.000922
2026-03-26 16:51:16,590 -- 
2026-03-26 16:51:16,651 -- Step [1/365] | Batch loss: 46.0983
2026-03-26 16:51:16,864 -- Step [100/365] | Batch loss: 4.0744
2026-03-26 16:51:17,081 -- Step [200/365] | Batch loss: 3.1710
2026-03-26 16:51:17,291 -- Step [300/365] | Batch loss: 3.2680
2026-03-26 16:51:17,450 -- 
2026-03-26 16:51:17,450 -- Training epoch completed. Validating...
2026-03-26 16:51:17,859 -- 
2026-03-26 16:51:17,859 -- [32m ====== Epoch 5 Summary ====== [0m
2026-03-26 16:51:17,859 -- Training Loss: 6.2146
2026-03-26 16:51:17,859 -- Validation Loss: 4.5391
2026-03-26 16:51:17,904 -- [33m✓ New best model saved with validation loss: 4.5391 [0m
2026-03-26 16:51:17,904 -- 
2026-03-26 16:51:17,904 -- [32m ====== Epoch 2/4 (Round 2) ====== [0m
2026-03-26 16:51:17,904 -- Learning rate: 0.000904
2026-03-26 16:51:17,904 -- 
2026-03-26 16:51:17,953 -- Step [1/365] | Batch loss: 1.5553
2026-03-26 16:51:18,172 -- Step [100/365] | Batch loss: 1.3849
2026-03-26 16:51:18,363 -- Step [200/365] | Batch loss: 0.8337
2026-03-26 16:51:18,563 -- Step [300/365] | Batch loss: 1.7146
2026-03-26 16:51:18,717 -- 
2026-03-26 16:51:18,717 -- Training epoch completed. Validating...
2026-03-26 16:51:19,149 -- 
2026-03-26 16:51:19,149 -- [32m ====== Epoch 6 Summary ====== [0m
2026-03-26 16:51:19,149 -- Training Loss: 1.4974
2026-03-26 16:51:19,149 -- Validation Loss: 5.0765
2026-03-26 16:51:19,172 -- 
2026-03-26 16:51:19,173 -- [32m ====== Epoch 3/4 (Round 2) ====== [0m
2026-03-26 16:51:19,173 -- Learning rate: 0.000886
2026-03-26 16:51:19,173 -- 
2026-03-26 16:51:19,231 -- Step [1/365] | Batch loss: 1.6270
2026-03-26 16:51:19,450 -- Step [100/365] | Batch loss: 0.7079
2026-03-26 16:51:19,644 -- Step [200/365] | Batch loss: 0.6863
2026-03-26 16:51:19,863 -- Step [300/365] | Batch loss: 0.4876
2026-03-26 16:51:20,014 -- 
2026-03-26 16:51:20,014 -- Training epoch completed. Validating...
2026-03-26 16:51:20,455 -- 
2026-03-26 16:51:20,455 -- [32m ====== Epoch 7 Summary ====== [0m
2026-03-26 16:51:20,455 -- Training Loss: 0.9709
2026-03-26 16:51:20,455 -- Validation Loss: 5.8380
2026-03-26 16:51:20,478 -- 
2026-03-26 16:51:20,478 -- [32m ====== Epoch 4/4 (Round 2) ====== [0m
2026-03-26 16:51:20,478 -- Learning rate: 0.000868
2026-03-26 16:51:20,478 -- 
2026-03-26 16:51:20,549 -- Step [1/365] | Batch loss: 0.5327
2026-03-26 16:51:20,773 -- Step [100/365] | Batch loss: 0.5953
2026-03-26 16:51:20,970 -- Step [200/365] | Batch loss: 0.7521
2026-03-26 16:51:21,184 -- Step [300/365] | Batch loss: 0.6243
2026-03-26 16:51:21,340 -- 
2026-03-26 16:51:21,340 -- Training epoch completed. Validating...
2026-03-26 16:51:21,759 -- 
2026-03-26 16:51:21,759 -- [32m ====== Epoch 8 Summary ====== [0m
2026-03-26 16:51:21,759 -- Training Loss: 0.7581
2026-03-26 16:51:21,759 -- Validation Loss: 6.2198
2026-03-26 16:51:21,846 -- 
2026-03-26 16:51:21,846 -- [32m ====== Pseudo-labeling result ====== [0m
2026-03-26 16:51:21,846 -- Confidence threshold: 0.95
2026-03-26 16:51:21,846 -- Pseudo-labeling ratio: 85.97%
2026-03-26 16:51:21,846 -- Total labeled samples: 46891
2026-03-26 16:51:21,846 -- Remaining unlabeled samples: 31
2026-03-26 16:51:21,846 -- 
2026-03-26 16:51:21,846 -- [33m Self-training round [3/3] [0m
2026-03-26 16:51:21,846 -- 
2026-03-26 16:51:21,846 -- [32m ====== Epoch 1/4 (Round 3) ====== [0m
2026-03-26 16:51:21,846 -- Learning rate: 0.000851
2026-03-26 16:51:21,846 -- 
2026-03-26 16:51:21,906 -- Step [1/367] | Batch loss: 0.3612
2026-03-26 16:51:22,133 -- Step [100/367] | Batch loss: 0.8979
2026-03-26 16:51:22,334 -- Step [200/367] | Batch loss: 0.6911
2026-03-26 16:51:22,561 -- Step [300/367] | Batch loss: 0.4153
2026-03-26 16:51:22,734 -- 
2026-03-26 16:51:22,734 -- Training epoch completed. Validating...
2026-03-26 16:51:23,186 -- 
2026-03-26 16:51:23,186 -- [32m ====== Epoch 9 Summary ====== [0m
2026-03-26 16:51:23,186 -- Training Loss: 0.6207
2026-03-26 16:51:23,186 -- Validation Loss: 6.8087
2026-03-26 16:51:23,210 -- 
2026-03-26 16:51:23,210 -- [32m ====== Epoch 2/4 (Round 3) ====== [0m
2026-03-26 16:51:23,210 -- Learning rate: 0.000834
2026-03-26 16:51:23,210 -- 
2026-03-26 16:51:23,283 -- Step [1/367] | Batch loss: 0.3497
2026-03-26 16:51:23,511 -- Step [100/367] | Batch loss: 0.5279
2026-03-26 16:51:23,728 -- Step [200/367] | Batch loss: 0.6037
2026-03-26 16:51:23,941 -- Step [300/367] | Batch loss: 0.4711
2026-03-26 16:51:24,114 -- 
2026-03-26 16:51:24,114 -- Training epoch completed. Validating...
2026-03-26 16:51:24,597 -- 
2026-03-26 16:51:24,597 -- [32m ====== Epoch 10 Summary ====== [0m
2026-03-26 16:51:24,597 -- Training Loss: 0.5176
2026-03-26 16:51:24,597 -- Validation Loss: 7.3262
2026-03-26 16:51:24,621 -- 
2026-03-26 16:51:24,621 -- [32m ====== Epoch 3/4 (Round 3) ====== [0m
2026-03-26 16:51:24,621 -- Learning rate: 0.000817
2026-03-26 16:51:24,621 -- 
2026-03-26 16:51:24,680 -- Step [1/367] | Batch loss: 0.2810
2026-03-26 16:51:24,882 -- Step [100/367] | Batch loss: 0.2377
2026-03-26 16:51:25,116 -- Step [200/367] | Batch loss: 0.3322
2026-03-26 16:51:25,325 -- Step [300/367] | Batch loss: 0.6054
2026-03-26 16:51:25,488 -- 
2026-03-26 16:51:25,489 -- Training epoch completed. Validating...
2026-03-26 16:51:25,938 -- 
2026-03-26 16:51:25,938 -- [32m ====== Epoch 11 Summary ====== [0m
2026-03-26 16:51:25,938 -- Training Loss: 0.4131
2026-03-26 16:51:25,938 -- Validation Loss: 8.1855
2026-03-26 16:51:25,963 -- 
2026-03-26 16:51:25,964 -- [32m ====== Epoch 4/4 (Round 3) ====== [0m
2026-03-26 16:51:25,964 -- Learning rate: 0.000801
2026-03-26 16:51:25,964 -- 
2026-03-26 16:51:26,038 -- Step [1/367] | Batch loss: 0.4129
2026-03-26 16:51:26,252 -- Step [100/367] | Batch loss: 0.1615
2026-03-26 16:51:26,448 -- Step [200/367] | Batch loss: 0.2514
2026-03-26 16:51:26,632 -- Step [300/367] | Batch loss: 0.2916
2026-03-26 16:51:26,795 -- 
2026-03-26 16:51:26,795 -- Training epoch completed. Validating...
2026-03-26 16:51:27,227 -- 
2026-03-26 16:51:27,227 -- [32m ====== Epoch 12 Summary ====== [0m
2026-03-26 16:51:27,227 -- Training Loss: 0.3871
2026-03-26 16:51:27,227 -- Validation Loss: 8.3964
2026-03-26 16:51:27,309 -- 
2026-03-26 16:51:27,309 -- [32m ====== Pseudo-labeling result ====== [0m
2026-03-26 16:51:27,309 -- Confidence threshold: 0.95
2026-03-26 16:51:27,309 -- Pseudo-labeling ratio: 48.39%
2026-03-26 16:51:27,309 -- Total labeled samples: 46906
2026-03-26 16:51:27,309 -- Remaining unlabeled samples: 16
2026-03-26 16:51:27,309 -- 
