2026-04-01 22:09:20,275 -- [33m Self-training round [1/3] [0m
2026-04-01 22:09:20,275 -- 
2026-04-01 22:09:20,275 -- [32m ====== Epoch 1/4 (Round 1) ====== [0m
2026-04-01 22:09:20,275 -- Learning rate: 0.000500
2026-04-01 22:09:20,275 -- 
2026-04-01 22:09:20,490 -- Step [1/2152] | Batch loss: 1.5247
2026-04-01 22:09:20,692 -- Step [100/2152] | Batch loss: 0.7130
2026-04-01 22:09:20,849 -- Step [200/2152] | Batch loss: 0.4649
2026-04-01 22:09:21,014 -- Step [300/2152] | Batch loss: 0.5076
2026-04-01 22:09:21,175 -- Step [400/2152] | Batch loss: 0.2698
2026-04-01 22:09:21,346 -- Step [500/2152] | Batch loss: 0.1880
2026-04-01 22:09:21,513 -- Step [600/2152] | Batch loss: 0.1090
2026-04-01 22:09:21,681 -- Step [700/2152] | Batch loss: 0.2586
2026-04-01 22:09:21,856 -- Step [800/2152] | Batch loss: 0.1611
2026-04-01 22:09:22,012 -- Step [900/2152] | Batch loss: 0.0500
2026-04-01 22:09:22,184 -- Step [1000/2152] | Batch loss: 0.0557
2026-04-01 22:09:22,354 -- Step [1100/2152] | Batch loss: 0.0869
2026-04-01 22:09:22,523 -- Step [1200/2152] | Batch loss: 0.0275
2026-04-01 22:09:22,701 -- Step [1300/2152] | Batch loss: 0.0235
2026-04-01 22:09:22,865 -- Step [1400/2152] | Batch loss: 0.0946
2026-04-01 22:09:23,021 -- Step [1500/2152] | Batch loss: 0.0771
2026-04-01 22:09:23,175 -- Step [1600/2152] | Batch loss: 0.1136
2026-04-01 22:09:23,340 -- Step [1700/2152] | Batch loss: 0.0291
2026-04-01 22:09:23,511 -- Step [1800/2152] | Batch loss: 0.0126
2026-04-01 22:09:23,683 -- Step [1900/2152] | Batch loss: 0.0662
2026-04-01 22:09:23,845 -- Step [2000/2152] | Batch loss: 0.1443
2026-04-01 22:09:24,008 -- Step [2100/2152] | Batch loss: 0.0103
2026-04-01 22:09:24,111 -- 
2026-04-01 22:09:24,111 -- Training epoch completed. Validating...
2026-04-01 22:09:26,899 -- 
2026-04-01 22:09:26,899 -- [32m ====== Epoch 1 Summary ====== [0m
2026-04-01 22:09:26,899 -- Training Loss: 0.1937
2026-04-01 22:09:26,899 -- Validation Loss: 0.0042
2026-04-01 22:09:26,981 -- [33m✓ New best model saved with validation loss: 0.0042 [0m
2026-04-01 22:09:26,981 -- 
2026-04-01 22:09:26,981 -- [32m ====== Epoch 2/4 (Round 1) ====== [0m
2026-04-01 22:09:26,981 -- Learning rate: 0.000490
2026-04-01 22:09:26,981 -- 
2026-04-01 22:09:27,032 -- Step [1/2152] | Batch loss: 0.0117
2026-04-01 22:09:27,219 -- Step [100/2152] | Batch loss: 0.0164
2026-04-01 22:09:27,380 -- Step [200/2152] | Batch loss: 0.0207
2026-04-01 22:09:27,562 -- Step [300/2152] | Batch loss: 0.0416
2026-04-01 22:09:27,729 -- Step [400/2152] | Batch loss: 0.1117
2026-04-01 22:09:27,895 -- Step [500/2152] | Batch loss: 0.0449
2026-04-01 22:09:28,054 -- Step [600/2152] | Batch loss: 0.1135
2026-04-01 22:09:28,222 -- Step [700/2152] | Batch loss: 0.0453
2026-04-01 22:09:28,384 -- Step [800/2152] | Batch loss: 0.0031
2026-04-01 22:09:28,550 -- Step [900/2152] | Batch loss: 0.0048
2026-04-01 22:09:28,717 -- Step [1000/2152] | Batch loss: 0.0717
2026-04-01 22:09:28,876 -- Step [1100/2152] | Batch loss: 0.0030
2026-04-01 22:09:29,038 -- Step [1200/2152] | Batch loss: 0.0042
2026-04-01 22:09:29,206 -- Step [1300/2152] | Batch loss: 0.0027
2026-04-01 22:09:29,388 -- Step [1400/2152] | Batch loss: 0.0025
2026-04-01 22:09:29,602 -- Step [1500/2152] | Batch loss: 0.0024
2026-04-01 22:09:29,783 -- Step [1600/2152] | Batch loss: 0.0023
2026-04-01 22:09:29,949 -- Step [1700/2152] | Batch loss: 0.0422
2026-04-01 22:09:30,110 -- Step [1800/2152] | Batch loss: 0.0136
2026-04-01 22:09:30,275 -- Step [1900/2152] | Batch loss: 0.0111
2026-04-01 22:09:30,471 -- Step [2000/2152] | Batch loss: 0.0043
2026-04-01 22:09:30,643 -- Step [2100/2152] | Batch loss: 0.0016
2026-04-01 22:09:30,757 -- 
2026-04-01 22:09:30,757 -- Training epoch completed. Validating...
2026-04-01 22:09:33,604 -- 
2026-04-01 22:09:33,604 -- [32m ====== Epoch 2 Summary ====== [0m
2026-04-01 22:09:33,604 -- Training Loss: 0.0269
2026-04-01 22:09:33,604 -- Validation Loss: 0.0012
2026-04-01 22:09:33,652 -- [33m✓ New best model saved with validation loss: 0.0012 [0m
2026-04-01 22:09:33,652 -- 
2026-04-01 22:09:33,652 -- [32m ====== Epoch 3/4 (Round 1) ====== [0m
2026-04-01 22:09:33,652 -- Learning rate: 0.000480
2026-04-01 22:09:33,652 -- 
2026-04-01 22:09:33,707 -- Step [1/2152] | Batch loss: 0.0215
2026-04-01 22:09:33,873 -- Step [100/2152] | Batch loss: 0.0022
2026-04-01 22:09:34,043 -- Step [200/2152] | Batch loss: 0.0040
2026-04-01 22:09:34,203 -- Step [300/2152] | Batch loss: 0.0326
2026-04-01 22:09:34,371 -- Step [400/2152] | Batch loss: 0.0043
2026-04-01 22:09:34,549 -- Step [500/2152] | Batch loss: 0.0919
2026-04-01 22:09:34,752 -- Step [600/2152] | Batch loss: 0.0028
2026-04-01 22:09:34,959 -- Step [700/2152] | Batch loss: 0.0597
2026-04-01 22:09:35,141 -- Step [800/2152] | Batch loss: 0.0107
2026-04-01 22:09:35,305 -- Step [900/2152] | Batch loss: 0.0281
2026-04-01 22:09:35,467 -- Step [1000/2152] | Batch loss: 0.0037
2026-04-01 22:09:35,649 -- Step [1100/2152] | Batch loss: 0.0030
2026-04-01 22:09:35,804 -- Step [1200/2152] | Batch loss: 0.0308
2026-04-01 22:09:35,961 -- Step [1300/2152] | Batch loss: 0.0030
2026-04-01 22:09:36,111 -- Step [1400/2152] | Batch loss: 0.0018
2026-04-01 22:09:36,276 -- Step [1500/2152] | Batch loss: 0.0103
2026-04-01 22:09:36,453 -- Step [1600/2152] | Batch loss: 0.0010
2026-04-01 22:09:36,633 -- Step [1700/2152] | Batch loss: 0.0009
2026-04-01 22:09:36,806 -- Step [1800/2152] | Batch loss: 0.0275
2026-04-01 22:09:36,963 -- Step [1900/2152] | Batch loss: 0.1195
2026-04-01 22:09:37,119 -- Step [2000/2152] | Batch loss: 0.0491
2026-04-01 22:09:37,287 -- Step [2100/2152] | Batch loss: 0.0073
2026-04-01 22:09:37,399 -- 
2026-04-01 22:09:37,399 -- Training epoch completed. Validating...
2026-04-01 22:09:40,173 -- 
2026-04-01 22:09:40,173 -- [32m ====== Epoch 3 Summary ====== [0m
2026-04-01 22:09:40,173 -- Training Loss: 0.0180
2026-04-01 22:09:40,173 -- Validation Loss: 0.0002
2026-04-01 22:09:40,219 -- [33m✓ New best model saved with validation loss: 0.0002 [0m
2026-04-01 22:09:40,219 -- 
2026-04-01 22:09:40,219 -- [32m ====== Epoch 4/4 (Round 1) ====== [0m
2026-04-01 22:09:40,219 -- Learning rate: 0.000471
2026-04-01 22:09:40,219 -- 
2026-04-01 22:09:40,274 -- Step [1/2152] | Batch loss: 0.0514
2026-04-01 22:09:40,448 -- Step [100/2152] | Batch loss: 0.0430
2026-04-01 22:09:40,617 -- Step [200/2152] | Batch loss: 0.0009
2026-04-01 22:09:40,789 -- Step [300/2152] | Batch loss: 0.0042
2026-04-01 22:09:40,955 -- Step [400/2152] | Batch loss: 0.0017
2026-04-01 22:09:41,121 -- Step [500/2152] | Batch loss: 0.0283
2026-04-01 22:09:41,287 -- Step [600/2152] | Batch loss: 0.0015
2026-04-01 22:09:41,453 -- Step [700/2152] | Batch loss: 0.0160
2026-04-01 22:09:41,622 -- Step [800/2152] | Batch loss: 0.0158
2026-04-01 22:09:41,791 -- Step [900/2152] | Batch loss: 0.0005
2026-04-01 22:09:41,968 -- Step [1000/2152] | Batch loss: 0.0011
2026-04-01 22:09:42,131 -- Step [1100/2152] | Batch loss: 0.0014
2026-04-01 22:09:42,293 -- Step [1200/2152] | Batch loss: 0.0009
2026-04-01 22:09:42,462 -- Step [1300/2152] | Batch loss: 0.0009
2026-04-01 22:09:42,627 -- Step [1400/2152] | Batch loss: 0.0035
2026-04-01 22:09:42,808 -- Step [1500/2152] | Batch loss: 0.0151
2026-04-01 22:09:42,983 -- Step [1600/2152] | Batch loss: 0.0008
2026-04-01 22:09:43,156 -- Step [1700/2152] | Batch loss: 0.0009
2026-04-01 22:09:43,328 -- Step [1800/2152] | Batch loss: 0.0007
2026-04-01 22:09:43,487 -- Step [1900/2152] | Batch loss: 0.0153
2026-04-01 22:09:43,664 -- Step [2000/2152] | Batch loss: 0.0066
2026-04-01 22:09:43,837 -- Step [2100/2152] | Batch loss: 0.0084
2026-04-01 22:09:43,945 -- 
2026-04-01 22:09:43,946 -- Training epoch completed. Validating...
2026-04-01 22:09:46,677 -- 
2026-04-01 22:09:46,677 -- [32m ====== Epoch 4 Summary ====== [0m
2026-04-01 22:09:46,677 -- Training Loss: 0.0132
2026-04-01 22:09:46,677 -- Validation Loss: 0.0002
2026-04-01 22:09:46,722 -- [33m✓ New best model saved with validation loss: 0.0002 [0m
2026-04-01 22:09:47,334 -- 
2026-04-01 22:09:47,334 -- [32m ====== Pseudo-labeling result ====== [0m
2026-04-01 22:09:47,334 -- Confidence threshold: 0.95
2026-04-01 22:09:47,334 -- Pseudo-labeling ratio: 85.58%
2026-04-01 22:09:47,334 -- Total labeled samples: 329436
2026-04-01 22:09:47,334 -- Remaining unlabeled samples: 9103
2026-04-01 22:09:47,334 -- 
2026-04-01 22:09:47,334 -- [33m Self-training round [2/3] [0m
2026-04-01 22:09:47,334 -- 
2026-04-01 22:09:47,334 -- [32m ====== Epoch 1/4 (Round 2) ====== [0m
2026-04-01 22:09:47,334 -- Learning rate: 0.000461
2026-04-01 22:09:47,334 -- 
2026-04-01 22:09:47,400 -- Step [1/2574] | Batch loss: 0.0019
2026-04-01 22:09:47,604 -- Step [100/2574] | Batch loss: 0.0159
2026-04-01 22:09:47,786 -- Step [200/2574] | Batch loss: 0.5648
2026-04-01 22:09:47,947 -- Step [300/2574] | Batch loss: 0.0138
2026-04-01 22:09:48,095 -- Step [400/2574] | Batch loss: 0.0181
2026-04-01 22:09:48,257 -- Step [500/2574] | Batch loss: 0.0113
2026-04-01 22:09:48,437 -- Step [600/2574] | Batch loss: 0.2806
2026-04-01 22:09:48,611 -- Step [700/2574] | Batch loss: 0.5113
2026-04-01 22:09:48,769 -- Step [800/2574] | Batch loss: 0.4120
2026-04-01 22:09:48,925 -- Step [900/2574] | Batch loss: 0.0182
2026-04-01 22:09:49,084 -- Step [1000/2574] | Batch loss: 0.5003
2026-04-01 22:09:49,244 -- Step [1100/2574] | Batch loss: 0.0140
2026-04-01 22:09:49,420 -- Step [1200/2574] | Batch loss: 0.0104
2026-04-01 22:09:49,612 -- Step [1300/2574] | Batch loss: 0.0088
2026-04-01 22:09:49,773 -- Step [1400/2574] | Batch loss: 0.3052
2026-04-01 22:09:49,941 -- Step [1500/2574] | Batch loss: 0.0173
2026-04-01 22:09:50,105 -- Step [1600/2574] | Batch loss: 0.0080
2026-04-01 22:09:50,267 -- Step [1700/2574] | Batch loss: 0.0113
2026-04-01 22:09:50,421 -- Step [1800/2574] | Batch loss: 0.0072
2026-04-01 22:09:50,649 -- Step [1900/2574] | Batch loss: 0.0152
2026-04-01 22:09:50,839 -- Step [2000/2574] | Batch loss: 0.0180
2026-04-01 22:09:51,003 -- Step [2100/2574] | Batch loss: 0.5549
2026-04-01 22:09:51,166 -- Step [2200/2574] | Batch loss: 0.0145
2026-04-01 22:09:51,340 -- Step [2300/2574] | Batch loss: 0.3731
2026-04-01 22:09:51,515 -- Step [2400/2574] | Batch loss: 0.0127
2026-04-01 22:09:51,690 -- Step [2500/2574] | Batch loss: 0.3072
2026-04-01 22:09:51,846 -- 
2026-04-01 22:09:51,846 -- Training epoch completed. Validating...
2026-04-01 22:09:54,552 -- 
2026-04-01 22:09:54,552 -- [32m ====== Epoch 5 Summary ====== [0m
2026-04-01 22:09:54,552 -- Training Loss: 0.2467
2026-04-01 22:09:54,552 -- Validation Loss: 0.0027
2026-04-01 22:09:54,576 -- 
2026-04-01 22:09:54,576 -- [32m ====== Epoch 2/4 (Round 2) ====== [0m
2026-04-01 22:09:54,576 -- Learning rate: 0.000452
2026-04-01 22:09:54,576 -- 
2026-04-01 22:09:54,643 -- Step [1/2574] | Batch loss: 0.0264
2026-04-01 22:09:54,822 -- Step [100/2574] | Batch loss: 0.6015
2026-04-01 22:09:54,985 -- Step [200/2574] | Batch loss: 0.4316
2026-04-01 22:09:55,138 -- Step [300/2574] | Batch loss: 0.3584
2026-04-01 22:09:55,312 -- Step [400/2574] | Batch loss: 0.0125
2026-04-01 22:09:55,470 -- Step [500/2574] | Batch loss: 0.4662
2026-04-01 22:09:55,636 -- Step [600/2574] | Batch loss: 0.0201
2026-04-01 22:09:55,788 -- Step [700/2574] | Batch loss: 0.0082
2026-04-01 22:09:55,948 -- Step [800/2574] | Batch loss: 0.0541
2026-04-01 22:09:56,104 -- Step [900/2574] | Batch loss: 0.5467
2026-04-01 22:09:56,256 -- Step [1000/2574] | Batch loss: 0.0384
2026-04-01 22:09:56,412 -- Step [1100/2574] | Batch loss: 0.0126
2026-04-01 22:09:56,581 -- Step [1200/2574] | Batch loss: 0.0111
2026-04-01 22:09:56,757 -- Step [1300/2574] | Batch loss: 0.4911
2026-04-01 22:09:56,914 -- Step [1400/2574] | Batch loss: 0.0114
2026-04-01 22:09:57,068 -- Step [1500/2574] | Batch loss: 0.3771
2026-04-01 22:09:57,227 -- Step [1600/2574] | Batch loss: 0.0074
2026-04-01 22:09:57,392 -- Step [1700/2574] | Batch loss: 0.0193
2026-04-01 22:09:57,559 -- Step [1800/2574] | Batch loss: 0.3497
2026-04-01 22:09:57,729 -- Step [1900/2574] | Batch loss: 0.0135
2026-04-01 22:09:57,899 -- Step [2000/2574] | Batch loss: 0.0226
2026-04-01 22:09:58,072 -- Step [2100/2574] | Batch loss: 0.0107
2026-04-01 22:09:58,238 -- Step [2200/2574] | Batch loss: 0.0242
2026-04-01 22:09:58,400 -- Step [2300/2574] | Batch loss: 0.4156
2026-04-01 22:09:58,572 -- Step [2400/2574] | Batch loss: 0.5660
2026-04-01 22:09:58,758 -- Step [2500/2574] | Batch loss: 0.3437
2026-04-01 22:09:58,910 -- 
2026-04-01 22:09:58,910 -- Training epoch completed. Validating...
2026-04-01 22:10:01,667 -- 
2026-04-01 22:10:01,667 -- [32m ====== Epoch 6 Summary ====== [0m
2026-04-01 22:10:01,667 -- Training Loss: 0.2153
2026-04-01 22:10:01,667 -- Validation Loss: 0.0018
2026-04-01 22:10:01,690 -- 
2026-04-01 22:10:01,690 -- [32m ====== Epoch 3/4 (Round 2) ====== [0m
2026-04-01 22:10:01,690 -- Learning rate: 0.000443
2026-04-01 22:10:01,690 -- 
2026-04-01 22:10:01,748 -- Step [1/2574] | Batch loss: 0.4049
2026-04-01 22:10:01,912 -- Step [100/2574] | Batch loss: 0.3429
2026-04-01 22:10:02,075 -- Step [200/2574] | Batch loss: 0.0057
2026-04-01 22:10:02,232 -- Step [300/2574] | Batch loss: 0.0087
2026-04-01 22:10:02,383 -- Step [400/2574] | Batch loss: 0.4157
2026-04-01 22:10:02,551 -- Step [500/2574] | Batch loss: 0.0092
2026-04-01 22:10:02,718 -- Step [600/2574] | Batch loss: 0.0171
2026-04-01 22:10:02,877 -- Step [700/2574] | Batch loss: 0.0117
2026-04-01 22:10:03,037 -- Step [800/2574] | Batch loss: 0.0102
2026-04-01 22:10:03,213 -- Step [900/2574] | Batch loss: 0.0099
2026-04-01 22:10:03,374 -- Step [1000/2574] | Batch loss: 0.0101
2026-04-01 22:10:03,536 -- Step [1100/2574] | Batch loss: 0.0106
2026-04-01 22:10:03,708 -- Step [1200/2574] | Batch loss: 0.4341
2026-04-01 22:10:03,871 -- Step [1300/2574] | Batch loss: 0.0113
2026-04-01 22:10:04,030 -- Step [1400/2574] | Batch loss: 0.0119
2026-04-01 22:10:04,192 -- Step [1500/2574] | Batch loss: 0.3616
2026-04-01 22:10:04,366 -- Step [1600/2574] | Batch loss: 0.4673
2026-04-01 22:10:04,564 -- Step [1700/2574] | Batch loss: 0.0134
2026-04-01 22:10:04,738 -- Step [1800/2574] | Batch loss: 0.3161
2026-04-01 22:10:04,891 -- Step [1900/2574] | Batch loss: 0.3426
2026-04-01 22:10:05,067 -- Step [2000/2574] | Batch loss: 0.4146
2026-04-01 22:10:05,238 -- Step [2100/2574] | Batch loss: 0.0076
2026-04-01 22:10:05,420 -- Step [2200/2574] | Batch loss: 0.0064
2026-04-01 22:10:05,598 -- Step [2300/2574] | Batch loss: 0.0093
2026-04-01 22:10:05,783 -- Step [2400/2574] | Batch loss: 0.4733
2026-04-01 22:10:05,969 -- Step [2500/2574] | Batch loss: 0.0082
2026-04-01 22:10:06,120 -- 
2026-04-01 22:10:06,120 -- Training epoch completed. Validating...
2026-04-01 22:10:08,843 -- 
2026-04-01 22:10:08,843 -- [32m ====== Epoch 7 Summary ====== [0m
2026-04-01 22:10:08,843 -- Training Loss: 0.2114
2026-04-01 22:10:08,843 -- Validation Loss: 0.0017
2026-04-01 22:10:08,866 -- 
2026-04-01 22:10:08,866 -- [32m ====== Epoch 4/4 (Round 2) ====== [0m
2026-04-01 22:10:08,866 -- Learning rate: 0.000434
2026-04-01 22:10:08,866 -- 
2026-04-01 22:10:08,921 -- Step [1/2574] | Batch loss: 0.2394
2026-04-01 22:10:09,086 -- Step [100/2574] | Batch loss: 0.3897
2026-04-01 22:10:09,245 -- Step [200/2574] | Batch loss: 0.0077
2026-04-01 22:10:09,439 -- Step [300/2574] | Batch loss: 0.0348
2026-04-01 22:10:09,618 -- Step [400/2574] | Batch loss: 0.3367
2026-04-01 22:10:09,795 -- Step [500/2574] | Batch loss: 0.3051
2026-04-01 22:10:09,949 -- Step [600/2574] | Batch loss: 0.4708
2026-04-01 22:10:10,107 -- Step [700/2574] | Batch loss: 0.0670
2026-04-01 22:10:10,269 -- Step [800/2574] | Batch loss: 0.0046
2026-04-01 22:10:10,433 -- Step [900/2574] | Batch loss: 0.0108
2026-04-01 22:10:10,612 -- Step [1000/2574] | Batch loss: 0.0153
2026-04-01 22:10:10,774 -- Step [1100/2574] | Batch loss: 0.0092
2026-04-01 22:10:10,945 -- Step [1200/2574] | Batch loss: 0.3683
2026-04-01 22:10:11,113 -- Step [1300/2574] | Batch loss: 0.0095
2026-04-01 22:10:11,277 -- Step [1400/2574] | Batch loss: 0.0096
2026-04-01 22:10:11,443 -- Step [1500/2574] | Batch loss: 0.0076
2026-04-01 22:10:11,631 -- Step [1600/2574] | Batch loss: 0.4084
2026-04-01 22:10:11,785 -- Step [1700/2574] | Batch loss: 0.0052
2026-04-01 22:10:11,948 -- Step [1800/2574] | Batch loss: 0.0133
2026-04-01 22:10:12,118 -- Step [1900/2574] | Batch loss: 0.2639
2026-04-01 22:10:12,294 -- Step [2000/2574] | Batch loss: 0.0040
2026-04-01 22:10:12,467 -- Step [2100/2574] | Batch loss: 0.0103
2026-04-01 22:10:12,649 -- Step [2200/2574] | Batch loss: 0.0069
2026-04-01 22:10:12,817 -- Step [2300/2574] | Batch loss: 0.0067
2026-04-01 22:10:12,981 -- Step [2400/2574] | Batch loss: 0.0082
2026-04-01 22:10:13,135 -- Step [2500/2574] | Batch loss: 0.4615
2026-04-01 22:10:13,271 -- 
2026-04-01 22:10:13,271 -- Training epoch completed. Validating...
2026-04-01 22:10:16,012 -- 
2026-04-01 22:10:16,012 -- [32m ====== Epoch 8 Summary ====== [0m
2026-04-01 22:10:16,012 -- Training Loss: 0.2137
2026-04-01 22:10:16,012 -- Validation Loss: 0.0012
2026-04-01 22:10:16,178 -- 
2026-04-01 22:10:16,178 -- [32m ====== Pseudo-labeling result ====== [0m
2026-04-01 22:10:16,178 -- Confidence threshold: 0.95
2026-04-01 22:10:16,178 -- Pseudo-labeling ratio: 80.57%
2026-04-01 22:10:16,178 -- Total labeled samples: 336770
2026-04-01 22:10:16,178 -- Remaining unlabeled samples: 1769
2026-04-01 22:10:16,178 -- 
2026-04-01 22:10:16,178 -- [33m Self-training round [3/3] [0m
2026-04-01 22:10:16,178 -- 
2026-04-01 22:10:16,178 -- [32m ====== Epoch 1/4 (Round 3) ====== [0m
2026-04-01 22:10:16,178 -- Learning rate: 0.000425
2026-04-01 22:10:16,178 -- 
2026-04-01 22:10:16,231 -- Step [1/2632] | Batch loss: 0.0126
2026-04-01 22:10:16,413 -- Step [100/2632] | Batch loss: 0.5976
2026-04-01 22:10:16,602 -- Step [200/2632] | Batch loss: 0.0068
2026-04-01 22:10:16,770 -- Step [300/2632] | Batch loss: 0.0119
2026-04-01 22:10:16,948 -- Step [400/2632] | Batch loss: 0.0069
2026-04-01 22:10:17,113 -- Step [500/2632] | Batch loss: 0.3961
2026-04-01 22:10:17,280 -- Step [600/2632] | Batch loss: 0.5138
2026-04-01 22:10:17,448 -- Step [700/2632] | Batch loss: 0.5032
2026-04-01 22:10:17,615 -- Step [800/2632] | Batch loss: 0.0421
2026-04-01 22:10:17,783 -- Step [900/2632] | Batch loss: 0.0149
2026-04-01 22:10:17,957 -- Step [1000/2632] | Batch loss: 0.4234
2026-04-01 22:10:18,135 -- Step [1100/2632] | Batch loss: 0.0205
2026-04-01 22:10:18,296 -- Step [1200/2632] | Batch loss: 0.0157
2026-04-01 22:10:18,477 -- Step [1300/2632] | Batch loss: 0.3934
2026-04-01 22:10:18,648 -- Step [1400/2632] | Batch loss: 0.0157
2026-04-01 22:10:18,816 -- Step [1500/2632] | Batch loss: 0.3961
2026-04-01 22:10:19,013 -- Step [1600/2632] | Batch loss: 0.0326
2026-04-01 22:10:19,181 -- Step [1700/2632] | Batch loss: 0.0160
2026-04-01 22:10:19,341 -- Step [1800/2632] | Batch loss: 0.4784
2026-04-01 22:10:19,504 -- Step [1900/2632] | Batch loss: 0.3476
2026-04-01 22:10:19,698 -- Step [2000/2632] | Batch loss: 0.3352
2026-04-01 22:10:19,856 -- Step [2100/2632] | Batch loss: 0.3840
2026-04-01 22:10:20,036 -- Step [2200/2632] | Batch loss: 0.3808
2026-04-01 22:10:20,200 -- Step [2300/2632] | Batch loss: 0.0076
2026-04-01 22:10:20,428 -- Step [2400/2632] | Batch loss: 0.0074
2026-04-01 22:10:20,636 -- Step [2500/2632] | Batch loss: 0.0087
2026-04-01 22:10:20,802 -- Step [2600/2632] | Batch loss: 0.0064
2026-04-01 22:10:20,880 -- 
2026-04-01 22:10:20,880 -- Training epoch completed. Validating...
2026-04-01 22:10:23,691 -- 
2026-04-01 22:10:23,691 -- [32m ====== Epoch 9 Summary ====== [0m
2026-04-01 22:10:23,691 -- Training Loss: 0.2180
2026-04-01 22:10:23,691 -- Validation Loss: 0.0004
2026-04-01 22:10:23,714 -- 
2026-04-01 22:10:23,714 -- [32m ====== Epoch 2/4 (Round 3) ====== [0m
2026-04-01 22:10:23,714 -- Learning rate: 0.000417
2026-04-01 22:10:23,714 -- 
2026-04-01 22:10:23,783 -- Step [1/2632] | Batch loss: 0.3578
2026-04-01 22:10:23,968 -- Step [100/2632] | Batch loss: 0.0059
2026-04-01 22:10:24,162 -- Step [200/2632] | Batch loss: 0.0119
2026-04-01 22:10:24,322 -- Step [300/2632] | Batch loss: 0.0157
2026-04-01 22:10:24,497 -- Step [400/2632] | Batch loss: 0.4419
2026-04-01 22:10:24,692 -- Step [500/2632] | Batch loss: 0.0058
2026-04-01 22:10:24,887 -- Step [600/2632] | Batch loss: 0.4467
2026-04-01 22:10:25,071 -- Step [700/2632] | Batch loss: 0.3892
2026-04-01 22:10:25,271 -- Step [800/2632] | Batch loss: 0.3941
2026-04-01 22:10:25,438 -- Step [900/2632] | Batch loss: 0.0136
2026-04-01 22:10:25,641 -- Step [1000/2632] | Batch loss: 0.4301
2026-04-01 22:10:25,796 -- Step [1100/2632] | Batch loss: 0.4721
2026-04-01 22:10:25,968 -- Step [1200/2632] | Batch loss: 0.0051
2026-04-01 22:10:26,135 -- Step [1300/2632] | Batch loss: 0.3894
2026-04-01 22:10:26,301 -- Step [1400/2632] | Batch loss: 0.4304
2026-04-01 22:10:26,475 -- Step [1500/2632] | Batch loss: 0.5056
2026-04-01 22:10:26,655 -- Step [1600/2632] | Batch loss: 0.4241
2026-04-01 22:10:26,883 -- Step [1700/2632] | Batch loss: 0.0095
2026-04-01 22:10:27,083 -- Step [1800/2632] | Batch loss: 0.0032
2026-04-01 22:10:27,239 -- Step [1900/2632] | Batch loss: 0.3676
2026-04-01 22:10:27,389 -- Step [2000/2632] | Batch loss: 0.0111
2026-04-01 22:10:27,544 -- Step [2100/2632] | Batch loss: 0.0056
2026-04-01 22:10:27,702 -- Step [2200/2632] | Batch loss: 0.0050
2026-04-01 22:10:27,862 -- Step [2300/2632] | Batch loss: 0.0076
2026-04-01 22:10:28,016 -- Step [2400/2632] | Batch loss: 0.0108
2026-04-01 22:10:28,175 -- Step [2500/2632] | Batch loss: 0.5169
2026-04-01 22:10:28,346 -- Step [2600/2632] | Batch loss: 0.3284
2026-04-01 22:10:28,432 -- 
2026-04-01 22:10:28,432 -- Training epoch completed. Validating...
2026-04-01 22:10:30,994 -- 
2026-04-01 22:10:30,994 -- [32m ====== Epoch 10 Summary ====== [0m
2026-04-01 22:10:30,995 -- Training Loss: 0.2135
2026-04-01 22:10:30,995 -- Validation Loss: 0.0005
2026-04-01 22:10:31,019 -- 
2026-04-01 22:10:31,019 -- [32m ====== Epoch 3/4 (Round 3) ====== [0m
2026-04-01 22:10:31,019 -- Learning rate: 0.000409
2026-04-01 22:10:31,019 -- 
2026-04-01 22:10:31,080 -- Step [1/2632] | Batch loss: 0.0063
2026-04-01 22:10:31,264 -- Step [100/2632] | Batch loss: 0.0088
2026-04-01 22:10:31,413 -- Step [200/2632] | Batch loss: 0.0117
2026-04-01 22:10:31,562 -- Step [300/2632] | Batch loss: 0.4281
2026-04-01 22:10:31,715 -- Step [400/2632] | Batch loss: 0.0071
2026-04-01 22:10:31,866 -- Step [500/2632] | Batch loss: 0.0093
2026-04-01 22:10:32,016 -- Step [600/2632] | Batch loss: 0.0080
2026-04-01 22:10:32,171 -- Step [700/2632] | Batch loss: 0.4078
2026-04-01 22:10:32,342 -- Step [800/2632] | Batch loss: 0.0092
2026-04-01 22:10:32,499 -- Step [900/2632] | Batch loss: 0.0049
2026-04-01 22:10:32,646 -- Step [1000/2632] | Batch loss: 0.0040
2026-04-01 22:10:32,816 -- Step [1100/2632] | Batch loss: 0.4587
2026-04-01 22:10:32,990 -- Step [1200/2632] | Batch loss: 0.0045
2026-04-01 22:10:33,156 -- Step [1300/2632] | Batch loss: 0.4210
2026-04-01 22:10:33,302 -- Step [1400/2632] | Batch loss: 0.0058
2026-04-01 22:10:33,463 -- Step [1500/2632] | Batch loss: 0.0034
2026-04-01 22:10:33,625 -- Step [1600/2632] | Batch loss: 0.0113
2026-04-01 22:10:33,786 -- Step [1700/2632] | Batch loss: 0.3122
2026-04-01 22:10:33,952 -- Step [1800/2632] | Batch loss: 0.0197
2026-04-01 22:10:34,102 -- Step [1900/2632] | Batch loss: 0.0048
2026-04-01 22:10:34,252 -- Step [2000/2632] | Batch loss: 0.4577
2026-04-01 22:10:34,402 -- Step [2100/2632] | Batch loss: 0.3933
2026-04-01 22:10:34,566 -- Step [2200/2632] | Batch loss: 0.0106
2026-04-01 22:10:34,718 -- Step [2300/2632] | Batch loss: 0.0039
2026-04-01 22:10:34,874 -- Step [2400/2632] | Batch loss: 0.0055
2026-04-01 22:10:35,039 -- Step [2500/2632] | Batch loss: 0.4279
2026-04-01 22:10:35,207 -- Step [2600/2632] | Batch loss: 0.3593
2026-04-01 22:10:35,298 -- 
2026-04-01 22:10:35,298 -- Training epoch completed. Validating...
2026-04-01 22:10:37,976 -- 
2026-04-01 22:10:37,976 -- [32m ====== Epoch 11 Summary ====== [0m
2026-04-01 22:10:37,976 -- Training Loss: 0.2202
2026-04-01 22:10:37,976 -- Validation Loss: 0.0003
2026-04-01 22:10:38,000 -- 
2026-04-01 22:10:38,000 -- [32m ====== Epoch 4/4 (Round 3) ====== [0m
2026-04-01 22:10:38,000 -- Learning rate: 0.000400
2026-04-01 22:10:38,000 -- 
2026-04-01 22:10:38,069 -- Step [1/2632] | Batch loss: 0.3224
2026-04-01 22:10:38,235 -- Step [100/2632] | Batch loss: 0.0171
2026-04-01 22:10:38,393 -- Step [200/2632] | Batch loss: 0.3348
2026-04-01 22:10:38,561 -- Step [300/2632] | Batch loss: 0.0093
2026-04-01 22:10:38,718 -- Step [400/2632] | Batch loss: 0.3443
2026-04-01 22:10:38,889 -- Step [500/2632] | Batch loss: 0.0054
2026-04-01 22:10:39,063 -- Step [600/2632] | Batch loss: 0.0042
2026-04-01 22:10:39,215 -- Step [700/2632] | Batch loss: 0.3668
2026-04-01 22:10:39,374 -- Step [800/2632] | Batch loss: 0.7273
2026-04-01 22:10:39,537 -- Step [900/2632] | Batch loss: 0.4957
2026-04-01 22:10:39,689 -- Step [1000/2632] | Batch loss: 0.0045
2026-04-01 22:10:39,851 -- Step [1100/2632] | Batch loss: 0.3676
2026-04-01 22:10:40,005 -- Step [1200/2632] | Batch loss: 0.0095
2026-04-01 22:10:40,175 -- Step [1300/2632] | Batch loss: 0.4207
2026-04-01 22:10:40,346 -- Step [1400/2632] | Batch loss: 0.5201
2026-04-01 22:10:40,510 -- Step [1500/2632] | Batch loss: 0.0092
2026-04-01 22:10:40,671 -- Step [1600/2632] | Batch loss: 0.0036
2026-04-01 22:10:40,827 -- Step [1700/2632] | Batch loss: 0.4322
2026-04-01 22:10:40,981 -- Step [1800/2632] | Batch loss: 0.3803
2026-04-01 22:10:41,140 -- Step [1900/2632] | Batch loss: 0.0405
2026-04-01 22:10:41,295 -- Step [2000/2632] | Batch loss: 0.0041
2026-04-01 22:10:41,457 -- Step [2100/2632] | Batch loss: 0.0158
2026-04-01 22:10:41,628 -- Step [2200/2632] | Batch loss: 0.5854
2026-04-01 22:10:41,786 -- Step [2300/2632] | Batch loss: 0.5481
2026-04-01 22:10:41,943 -- Step [2400/2632] | Batch loss: 0.0056
2026-04-01 22:10:42,091 -- Step [2500/2632] | Batch loss: 0.4998
2026-04-01 22:10:42,244 -- Step [2600/2632] | Batch loss: 0.3561
2026-04-01 22:10:42,339 -- 
2026-04-01 22:10:42,339 -- Training epoch completed. Validating...
2026-04-01 22:10:45,044 -- 
2026-04-01 22:10:45,044 -- [32m ====== Epoch 12 Summary ====== [0m
2026-04-01 22:10:45,044 -- Training Loss: 0.2177
2026-04-01 22:10:45,044 -- Validation Loss: 0.0003
2026-04-01 22:10:45,144 -- 
2026-04-01 22:10:45,144 -- [32m ====== Pseudo-labeling result ====== [0m
2026-04-01 22:10:45,144 -- Confidence threshold: 0.95
2026-04-01 22:10:45,144 -- Pseudo-labeling ratio: 35.33%
2026-04-01 22:10:45,144 -- Total labeled samples: 337395
2026-04-01 22:10:45,144 -- Remaining unlabeled samples: 1144
2026-04-01 22:10:45,144 -- 
