2026-04-07 21:04:49,332 -- [33m Self-training round [1/3] [0m
2026-04-07 21:04:49,332 -- 
2026-04-07 21:04:49,332 -- [32m ====== Epoch 1/4 (Round 1) ====== [0m
2026-04-07 21:04:49,332 -- Learning rate: 0.000100
2026-04-07 21:04:49,332 -- 
2026-04-07 21:04:49,533 -- Step [1/2166] | Batch loss: 2.2512
2026-04-07 21:04:49,730 -- Step [100/2166] | Batch loss: 1.4912
2026-04-07 21:04:49,924 -- Step [200/2166] | Batch loss: 1.2498
2026-04-07 21:04:50,126 -- Step [300/2166] | Batch loss: 1.4186
2026-04-07 21:04:50,335 -- Step [400/2166] | Batch loss: 1.3434
2026-04-07 21:04:50,538 -- Step [500/2166] | Batch loss: 1.5277
2026-04-07 21:04:50,755 -- Step [600/2166] | Batch loss: 0.7971
2026-04-07 21:04:50,964 -- Step [700/2166] | Batch loss: 0.9394
2026-04-07 21:04:51,177 -- Step [800/2166] | Batch loss: 0.8510
2026-04-07 21:04:51,382 -- Step [900/2166] | Batch loss: 0.8702
2026-04-07 21:04:51,582 -- Step [1000/2166] | Batch loss: 0.7744
2026-04-07 21:04:51,782 -- Step [1100/2166] | Batch loss: 1.0222
2026-04-07 21:04:51,978 -- Step [1200/2166] | Batch loss: 0.7823
2026-04-07 21:04:52,183 -- Step [1300/2166] | Batch loss: 0.7471
2026-04-07 21:04:52,386 -- Step [1400/2166] | Batch loss: 0.8582
2026-04-07 21:04:52,586 -- Step [1500/2166] | Batch loss: 0.7331
2026-04-07 21:04:52,784 -- Step [1600/2166] | Batch loss: 0.6438
2026-04-07 21:04:53,016 -- Step [1700/2166] | Batch loss: 0.8301
2026-04-07 21:04:53,216 -- Step [1800/2166] | Batch loss: 0.7967
2026-04-07 21:04:53,414 -- Step [1900/2166] | Batch loss: 0.9853
2026-04-07 21:04:53,615 -- Step [2000/2166] | Batch loss: 0.7712
2026-04-07 21:04:53,828 -- Step [2100/2166] | Batch loss: 0.7494
2026-04-07 21:04:53,977 -- 
2026-04-07 21:04:53,977 -- Training epoch completed. Validating...
2026-04-07 21:04:57,413 -- 
2026-04-07 21:04:57,413 -- [32m ====== Epoch 1 Summary ====== [0m
2026-04-07 21:04:57,413 -- Training Loss: 0.9970
2026-04-07 21:04:57,413 -- Validation Loss: 2.0051
2026-04-07 21:04:57,486 -- [33m✓ New best model saved with validation loss: 2.0051 [0m
2026-04-07 21:04:57,486 -- 
2026-04-07 21:04:57,487 -- [32m ====== Epoch 2/4 (Round 1) ====== [0m
2026-04-07 21:04:57,487 -- Learning rate: 0.000098
2026-04-07 21:04:57,487 -- 
2026-04-07 21:04:57,545 -- Step [1/2166] | Batch loss: 0.6478
2026-04-07 21:04:57,756 -- Step [100/2166] | Batch loss: 0.6879
2026-04-07 21:04:57,962 -- Step [200/2166] | Batch loss: 1.3098
2026-04-07 21:04:58,162 -- Step [300/2166] | Batch loss: 0.7532
2026-04-07 21:04:58,370 -- Step [400/2166] | Batch loss: 0.7123
2026-04-07 21:04:58,561 -- Step [500/2166] | Batch loss: 0.7393
2026-04-07 21:04:58,764 -- Step [600/2166] | Batch loss: 0.6932
2026-04-07 21:04:58,957 -- Step [700/2166] | Batch loss: 0.6507
2026-04-07 21:04:59,153 -- Step [800/2166] | Batch loss: 0.9238
2026-04-07 21:04:59,354 -- Step [900/2166] | Batch loss: 0.9365
2026-04-07 21:04:59,570 -- Step [1000/2166] | Batch loss: 0.6789
2026-04-07 21:04:59,778 -- Step [1100/2166] | Batch loss: 0.7125
2026-04-07 21:04:59,983 -- Step [1200/2166] | Batch loss: 0.8296
2026-04-07 21:05:00,193 -- Step [1300/2166] | Batch loss: 0.6972
2026-04-07 21:05:00,393 -- Step [1400/2166] | Batch loss: 0.5771
2026-04-07 21:05:00,593 -- Step [1500/2166] | Batch loss: 0.6623
2026-04-07 21:05:00,808 -- Step [1600/2166] | Batch loss: 0.7060
2026-04-07 21:05:01,017 -- Step [1700/2166] | Batch loss: 0.7046
2026-04-07 21:05:01,221 -- Step [1800/2166] | Batch loss: 0.6116
2026-04-07 21:05:01,420 -- Step [1900/2166] | Batch loss: 0.6030
2026-04-07 21:05:01,628 -- Step [2000/2166] | Batch loss: 0.6275
2026-04-07 21:05:01,829 -- Step [2100/2166] | Batch loss: 0.6137
2026-04-07 21:05:01,982 -- 
2026-04-07 21:05:01,982 -- Training epoch completed. Validating...
2026-04-07 21:05:05,370 -- 
2026-04-07 21:05:05,370 -- [32m ====== Epoch 2 Summary ====== [0m
2026-04-07 21:05:05,370 -- Training Loss: 0.7180
2026-04-07 21:05:05,370 -- Validation Loss: 2.0831
2026-04-07 21:05:05,393 -- 
2026-04-07 21:05:05,393 -- [32m ====== Epoch 3/4 (Round 1) ====== [0m
2026-04-07 21:05:05,393 -- Learning rate: 0.000096
2026-04-07 21:05:05,393 -- 
2026-04-07 21:05:05,451 -- Step [1/2166] | Batch loss: 0.6816
2026-04-07 21:05:05,655 -- Step [100/2166] | Batch loss: 0.6265
2026-04-07 21:05:05,867 -- Step [200/2166] | Batch loss: 0.7616
2026-04-07 21:05:06,077 -- Step [300/2166] | Batch loss: 0.6311
2026-04-07 21:05:06,283 -- Step [400/2166] | Batch loss: 0.6437
2026-04-07 21:05:06,493 -- Step [500/2166] | Batch loss: 0.6429
2026-04-07 21:05:06,691 -- Step [600/2166] | Batch loss: 0.6644
2026-04-07 21:05:06,893 -- Step [700/2166] | Batch loss: 0.6200
2026-04-07 21:05:07,090 -- Step [800/2166] | Batch loss: 0.5718
2026-04-07 21:05:07,299 -- Step [900/2166] | Batch loss: 0.5979
2026-04-07 21:05:07,509 -- Step [1000/2166] | Batch loss: 0.6395
2026-04-07 21:05:07,727 -- Step [1100/2166] | Batch loss: 0.6973
2026-04-07 21:05:07,939 -- Step [1200/2166] | Batch loss: 0.5726
2026-04-07 21:05:08,142 -- Step [1300/2166] | Batch loss: 0.5239
2026-04-07 21:05:08,346 -- Step [1400/2166] | Batch loss: 0.7015
2026-04-07 21:05:08,547 -- Step [1500/2166] | Batch loss: 0.5737
2026-04-07 21:05:08,753 -- Step [1600/2166] | Batch loss: 0.6448
2026-04-07 21:05:08,981 -- Step [1700/2166] | Batch loss: 0.5404
2026-04-07 21:05:09,181 -- Step [1800/2166] | Batch loss: 0.6339
2026-04-07 21:05:09,374 -- Step [1900/2166] | Batch loss: 0.6444
2026-04-07 21:05:09,572 -- Step [2000/2166] | Batch loss: 0.6086
2026-04-07 21:05:09,769 -- Step [2100/2166] | Batch loss: 0.6374
2026-04-07 21:05:09,944 -- 
2026-04-07 21:05:09,944 -- Training epoch completed. Validating...
2026-04-07 21:05:13,392 -- 
2026-04-07 21:05:13,392 -- [32m ====== Epoch 3 Summary ====== [0m
2026-04-07 21:05:13,392 -- Training Loss: 0.6400
2026-04-07 21:05:13,392 -- Validation Loss: 2.1241
2026-04-07 21:05:13,415 -- 
2026-04-07 21:05:13,415 -- [32m ====== Epoch 4/4 (Round 1) ====== [0m
2026-04-07 21:05:13,415 -- Learning rate: 0.000094
2026-04-07 21:05:13,416 -- 
2026-04-07 21:05:13,485 -- Step [1/2166] | Batch loss: 0.5793
2026-04-07 21:05:13,700 -- Step [100/2166] | Batch loss: 0.7360
2026-04-07 21:05:13,917 -- Step [200/2166] | Batch loss: 0.5889
2026-04-07 21:05:14,125 -- Step [300/2166] | Batch loss: 0.4973
2026-04-07 21:05:14,328 -- Step [400/2166] | Batch loss: 0.6368
2026-04-07 21:05:14,533 -- Step [500/2166] | Batch loss: 0.6545
2026-04-07 21:05:14,753 -- Step [600/2166] | Batch loss: 0.5760
2026-04-07 21:05:14,952 -- Step [700/2166] | Batch loss: 0.5729
2026-04-07 21:05:15,154 -- Step [800/2166] | Batch loss: 0.5070
2026-04-07 21:05:15,347 -- Step [900/2166] | Batch loss: 0.5880
2026-04-07 21:05:15,557 -- Step [1000/2166] | Batch loss: 0.5999
2026-04-07 21:05:15,785 -- Step [1100/2166] | Batch loss: 0.5786
2026-04-07 21:05:16,010 -- Step [1200/2166] | Batch loss: 0.6174
2026-04-07 21:05:16,219 -- Step [1300/2166] | Batch loss: 0.6357
2026-04-07 21:05:16,427 -- Step [1400/2166] | Batch loss: 0.5961
2026-04-07 21:05:16,636 -- Step [1500/2166] | Batch loss: 0.5592
2026-04-07 21:05:16,846 -- Step [1600/2166] | Batch loss: 0.7059
2026-04-07 21:05:17,058 -- Step [1700/2166] | Batch loss: 0.6110
2026-04-07 21:05:17,263 -- Step [1800/2166] | Batch loss: 0.5857
2026-04-07 21:05:17,484 -- Step [1900/2166] | Batch loss: 0.5219
2026-04-07 21:05:17,690 -- Step [2000/2166] | Batch loss: 0.5262
2026-04-07 21:05:17,896 -- Step [2100/2166] | Batch loss: 0.5399
2026-04-07 21:05:18,072 -- 
2026-04-07 21:05:18,072 -- Training epoch completed. Validating...
2026-04-07 21:05:21,547 -- 
2026-04-07 21:05:21,547 -- [32m ====== Epoch 4 Summary ====== [0m
2026-04-07 21:05:21,547 -- Training Loss: 0.5942
2026-04-07 21:05:21,547 -- Validation Loss: 2.2780
2026-04-07 21:05:22,101 -- 
2026-04-07 21:05:22,101 -- [32m ====== Pseudo-labeling result ====== [0m
2026-04-07 21:05:22,101 -- Confidence threshold: 0.99
2026-04-07 21:05:22,101 -- Pseudo-labeling ratio: 0.51%
2026-04-07 21:05:22,101 -- Total labeled samples: 277546
2026-04-07 21:05:22,101 -- Remaining unlabeled samples: 61464
2026-04-07 21:05:22,101 -- 
2026-04-07 21:05:22,101 -- [33m Stopping criteria met. Quitting...[0m
2026-04-07 21:05:22,101 -- Requires pseudo-labeling ratio over 5.00%
2026-04-07 21:05:22,101 -- Current pseudo-labeling ratio: 0.51%
