2026-04-02 13:41:38,661 -- [33m Self-training round [1/3] [0m
2026-04-02 13:41:38,661 -- 
2026-04-02 13:41:38,661 -- [32m ====== Epoch 1/4 (Round 1) ====== [0m
2026-04-02 13:41:38,661 -- Learning rate: 0.000500
2026-04-02 13:41:38,661 -- 
2026-04-02 13:41:38,816 -- Step [1/2150] | Batch loss: 1.3176
2026-04-02 13:41:38,967 -- Step [100/2150] | Batch loss: 0.5787
2026-04-02 13:41:39,135 -- Step [200/2150] | Batch loss: 0.3544
2026-04-02 13:41:39,291 -- Step [300/2150] | Batch loss: 0.2581
2026-04-02 13:41:39,459 -- Step [400/2150] | Batch loss: 0.1760
2026-04-02 13:41:39,610 -- Step [500/2150] | Batch loss: 0.1516
2026-04-02 13:41:39,760 -- Step [600/2150] | Batch loss: 0.1349
2026-04-02 13:41:39,910 -- Step [700/2150] | Batch loss: 0.1211
2026-04-02 13:41:40,057 -- Step [800/2150] | Batch loss: 0.0568
2026-04-02 13:41:40,205 -- Step [900/2150] | Batch loss: 0.0486
2026-04-02 13:41:40,352 -- Step [1000/2150] | Batch loss: 0.0287
2026-04-02 13:41:40,523 -- Step [1100/2150] | Batch loss: 0.0150
2026-04-02 13:41:40,685 -- Step [1200/2150] | Batch loss: 0.0214
2026-04-02 13:41:40,838 -- Step [1300/2150] | Batch loss: 0.0335
2026-04-02 13:41:40,997 -- Step [1400/2150] | Batch loss: 0.0101
2026-04-02 13:41:41,152 -- Step [1500/2150] | Batch loss: 0.0109
2026-04-02 13:41:41,305 -- Step [1600/2150] | Batch loss: 0.0136
2026-04-02 13:41:41,477 -- Step [1700/2150] | Batch loss: 0.0089
2026-04-02 13:41:41,629 -- Step [1800/2150] | Batch loss: 0.0130
2026-04-02 13:41:41,790 -- Step [1900/2150] | Batch loss: 0.0065
2026-04-02 13:41:41,949 -- Step [2000/2150] | Batch loss: 0.0044
2026-04-02 13:41:42,124 -- Step [2100/2150] | Batch loss: 0.0052
2026-04-02 13:41:42,219 -- 
2026-04-02 13:41:42,219 -- Training epoch completed. Validating...
2026-04-02 13:41:44,760 -- 
2026-04-02 13:41:44,761 -- [32m ====== Epoch 1 Summary ====== [0m
2026-04-02 13:41:44,761 -- Training Loss: 0.1167
2026-04-02 13:41:44,761 -- Validation Loss: 0.0020
2026-04-02 13:41:44,834 -- [33m✓ New best model saved with validation loss: 0.0020 [0m
2026-04-02 13:41:44,834 -- 
2026-04-02 13:41:44,834 -- [32m ====== Epoch 2/4 (Round 1) ====== [0m
2026-04-02 13:41:44,834 -- Learning rate: 0.000490
2026-04-02 13:41:44,834 -- 
2026-04-02 13:41:44,911 -- Step [1/2150] | Batch loss: 0.0068
2026-04-02 13:41:45,091 -- Step [100/2150] | Batch loss: 0.0049
2026-04-02 13:41:45,242 -- Step [200/2150] | Batch loss: 0.0065
2026-04-02 13:41:45,400 -- Step [300/2150] | Batch loss: 0.0047
2026-04-02 13:41:45,547 -- Step [400/2150] | Batch loss: 0.0069
2026-04-02 13:41:45,701 -- Step [500/2150] | Batch loss: 0.0041
2026-04-02 13:41:45,848 -- Step [600/2150] | Batch loss: 0.0023
2026-04-02 13:41:46,002 -- Step [700/2150] | Batch loss: 0.0041
2026-04-02 13:41:46,157 -- Step [800/2150] | Batch loss: 0.0038
2026-04-02 13:41:46,315 -- Step [900/2150] | Batch loss: 0.0086
2026-04-02 13:41:46,461 -- Step [1000/2150] | Batch loss: 0.0025
2026-04-02 13:41:46,621 -- Step [1100/2150] | Batch loss: 0.0015
2026-04-02 13:41:46,780 -- Step [1200/2150] | Batch loss: 0.0015
2026-04-02 13:41:46,941 -- Step [1300/2150] | Batch loss: 0.0016
2026-04-02 13:41:47,089 -- Step [1400/2150] | Batch loss: 0.0019
2026-04-02 13:41:47,236 -- Step [1500/2150] | Batch loss: 0.0013
2026-04-02 13:41:47,378 -- Step [1600/2150] | Batch loss: 0.0013
2026-04-02 13:41:47,533 -- Step [1700/2150] | Batch loss: 0.0013
2026-04-02 13:41:47,680 -- Step [1800/2150] | Batch loss: 0.0007
2026-04-02 13:41:47,828 -- Step [1900/2150] | Batch loss: 0.0006
2026-04-02 13:41:47,977 -- Step [2000/2150] | Batch loss: 0.0008
2026-04-02 13:41:48,127 -- Step [2100/2150] | Batch loss: 0.0005
2026-04-02 13:41:48,225 -- 
2026-04-02 13:41:48,225 -- Training epoch completed. Validating...
2026-04-02 13:41:50,754 -- 
2026-04-02 13:41:50,755 -- [32m ====== Epoch 2 Summary ====== [0m
2026-04-02 13:41:50,755 -- Training Loss: 0.0025
2026-04-02 13:41:50,755 -- Validation Loss: 0.0002
2026-04-02 13:41:50,799 -- [33m✓ New best model saved with validation loss: 0.0002 [0m
2026-04-02 13:41:50,799 -- 
2026-04-02 13:41:50,799 -- [32m ====== Epoch 3/4 (Round 1) ====== [0m
2026-04-02 13:41:50,799 -- Learning rate: 0.000480
2026-04-02 13:41:50,799 -- 
2026-04-02 13:41:50,855 -- Step [1/2150] | Batch loss: 0.0008
2026-04-02 13:41:51,011 -- Step [100/2150] | Batch loss: 0.0008
2026-04-02 13:41:51,170 -- Step [200/2150] | Batch loss: 0.0006
2026-04-02 13:41:51,332 -- Step [300/2150] | Batch loss: 0.0011
2026-04-02 13:41:51,485 -- Step [400/2150] | Batch loss: 0.0005
2026-04-02 13:41:51,638 -- Step [500/2150] | Batch loss: 0.0010
2026-04-02 13:41:51,787 -- Step [600/2150] | Batch loss: 0.0002
2026-04-02 13:41:51,941 -- Step [700/2150] | Batch loss: 0.0010
2026-04-02 13:41:52,102 -- Step [800/2150] | Batch loss: 0.0006
2026-04-02 13:41:52,270 -- Step [900/2150] | Batch loss: 0.0003
2026-04-02 13:41:52,420 -- Step [1000/2150] | Batch loss: 0.0007
2026-04-02 13:41:52,573 -- Step [1100/2150] | Batch loss: 0.0002
2026-04-02 13:41:52,725 -- Step [1200/2150] | Batch loss: 0.0005
2026-04-02 13:41:52,879 -- Step [1300/2150] | Batch loss: 0.0003
2026-04-02 13:41:53,038 -- Step [1400/2150] | Batch loss: 0.0005
2026-04-02 13:41:53,190 -- Step [1500/2150] | Batch loss: 0.0003
2026-04-02 13:41:53,355 -- Step [1600/2150] | Batch loss: 0.0002
2026-04-02 13:41:53,511 -- Step [1700/2150] | Batch loss: 0.0006
2026-04-02 13:41:53,697 -- Step [1800/2150] | Batch loss: 0.0004
2026-04-02 13:41:53,858 -- Step [1900/2150] | Batch loss: 0.0001
2026-04-02 13:41:54,043 -- Step [2000/2150] | Batch loss: 0.0004
2026-04-02 13:41:54,216 -- Step [2100/2150] | Batch loss: 0.0003
2026-04-02 13:41:54,321 -- 
2026-04-02 13:41:54,321 -- Training epoch completed. Validating...
2026-04-02 13:41:56,856 -- 
2026-04-02 13:41:56,856 -- [32m ====== Epoch 3 Summary ====== [0m
2026-04-02 13:41:56,856 -- Training Loss: 0.0006
2026-04-02 13:41:56,856 -- Validation Loss: 0.0000
2026-04-02 13:41:56,901 -- [33m✓ New best model saved with validation loss: 0.0000 [0m
2026-04-02 13:41:56,901 -- 
2026-04-02 13:41:56,901 -- [32m ====== Epoch 4/4 (Round 1) ====== [0m
2026-04-02 13:41:56,901 -- Learning rate: 0.000471
2026-04-02 13:41:56,901 -- 
2026-04-02 13:41:56,966 -- Step [1/2150] | Batch loss: 0.0002
2026-04-02 13:41:57,131 -- Step [100/2150] | Batch loss: 0.0002
2026-04-02 13:41:57,301 -- Step [200/2150] | Batch loss: 0.0002
2026-04-02 13:41:57,456 -- Step [300/2150] | Batch loss: 0.0002
2026-04-02 13:41:57,633 -- Step [400/2150] | Batch loss: 0.0002
2026-04-02 13:41:57,779 -- Step [500/2150] | Batch loss: 0.0002
2026-04-02 13:41:57,941 -- Step [600/2150] | Batch loss: 0.0002
2026-04-02 13:41:58,092 -- Step [700/2150] | Batch loss: 0.0001
2026-04-02 13:41:58,236 -- Step [800/2150] | Batch loss: 0.0001
2026-04-02 13:41:58,392 -- Step [900/2150] | Batch loss: 0.0002
2026-04-02 13:41:58,548 -- Step [1000/2150] | Batch loss: 0.0000
2026-04-02 13:41:58,698 -- Step [1100/2150] | Batch loss: 0.0004
2026-04-02 13:41:58,848 -- Step [1200/2150] | Batch loss: 0.0000
2026-04-02 13:41:59,010 -- Step [1300/2150] | Batch loss: 0.0000
2026-04-02 13:41:59,185 -- Step [1400/2150] | Batch loss: 0.0003
2026-04-02 13:41:59,374 -- Step [1500/2150] | Batch loss: 0.0001
2026-04-02 13:41:59,537 -- Step [1600/2150] | Batch loss: 0.0001
2026-04-02 13:41:59,708 -- Step [1700/2150] | Batch loss: 0.0001
2026-04-02 13:41:59,865 -- Step [1800/2150] | Batch loss: 0.0001
2026-04-02 13:42:00,074 -- Step [1900/2150] | Batch loss: 0.0004
2026-04-02 13:42:00,255 -- Step [2000/2150] | Batch loss: 0.0001
2026-04-02 13:42:00,438 -- Step [2100/2150] | Batch loss: 0.0009
2026-04-02 13:42:00,571 -- 
2026-04-02 13:42:00,572 -- Training epoch completed. Validating...
2026-04-02 13:42:03,258 -- 
2026-04-02 13:42:03,259 -- [32m ====== Epoch 4 Summary ====== [0m
2026-04-02 13:42:03,259 -- Training Loss: 0.0002
2026-04-02 13:42:03,259 -- Validation Loss: 0.0000
2026-04-02 13:42:03,304 -- [33m✓ New best model saved with validation loss: 0.0000 [0m
2026-04-02 13:42:03,870 -- 
2026-04-02 13:42:03,870 -- [32m ====== Pseudo-labeling result ====== [0m
2026-04-02 13:42:03,870 -- Confidence threshold: 0.95
2026-04-02 13:42:03,870 -- Pseudo-labeling ratio: 100.00%
2026-04-02 13:42:03,870 -- Total labeled samples: 339124
2026-04-02 13:42:03,870 -- Remaining unlabeled samples: 0
2026-04-02 13:42:03,870 -- 
2026-04-02 13:42:03,870 -- [33m Self-training round [2/3] [0m
2026-04-02 13:42:03,870 -- 
2026-04-02 13:42:03,870 -- [32m ====== Epoch 1/4 (Round 2) ====== [0m
2026-04-02 13:42:03,870 -- Learning rate: 0.000461
2026-04-02 13:42:03,870 -- 
2026-04-02 13:42:03,920 -- Step [1/2650] | Batch loss: 0.0003
2026-04-02 13:42:04,111 -- Step [100/2650] | Batch loss: 0.0002
2026-04-02 13:42:04,265 -- Step [200/2650] | Batch loss: 0.0001
2026-04-02 13:42:04,412 -- Step [300/2650] | Batch loss: 0.0001
2026-04-02 13:42:04,557 -- Step [400/2650] | Batch loss: 0.0001
2026-04-02 13:42:04,753 -- Step [500/2650] | Batch loss: 0.0002
2026-04-02 13:42:04,927 -- Step [600/2650] | Batch loss: 0.0000
2026-04-02 13:42:05,089 -- Step [700/2650] | Batch loss: 0.0002
2026-04-02 13:42:05,237 -- Step [800/2650] | Batch loss: 0.0000
2026-04-02 13:42:05,396 -- Step [900/2650] | Batch loss: 0.0001
2026-04-02 13:42:05,570 -- Step [1000/2650] | Batch loss: 0.0000
2026-04-02 13:42:05,721 -- Step [1100/2650] | Batch loss: 0.0001
2026-04-02 13:42:05,885 -- Step [1200/2650] | Batch loss: 0.0000
2026-04-02 13:42:06,050 -- Step [1300/2650] | Batch loss: 0.0001
2026-04-02 13:42:06,199 -- Step [1400/2650] | Batch loss: 0.0000
2026-04-02 13:42:06,354 -- Step [1500/2650] | Batch loss: 0.0001
2026-04-02 13:42:06,514 -- Step [1600/2650] | Batch loss: 0.0002
2026-04-02 13:42:06,677 -- Step [1700/2650] | Batch loss: 0.0000
2026-04-02 13:42:06,827 -- Step [1800/2650] | Batch loss: 0.0000
2026-04-02 13:42:07,003 -- Step [1900/2650] | Batch loss: 0.0000
2026-04-02 13:42:07,165 -- Step [2000/2650] | Batch loss: 0.0000
2026-04-02 13:42:07,325 -- Step [2100/2650] | Batch loss: 0.0000
2026-04-02 13:42:07,499 -- Step [2200/2650] | Batch loss: 0.0000
2026-04-02 13:42:07,654 -- Step [2300/2650] | Batch loss: 0.0000
2026-04-02 13:42:07,832 -- Step [2400/2650] | Batch loss: 0.0001
2026-04-02 13:42:08,009 -- Step [2500/2650] | Batch loss: 0.0000
2026-04-02 13:42:08,160 -- Step [2600/2650] | Batch loss: 0.0000
2026-04-02 13:42:08,256 -- 
2026-04-02 13:42:08,256 -- Training epoch completed. Validating...
2026-04-02 13:42:10,834 -- 
2026-04-02 13:42:10,835 -- [32m ====== Epoch 5 Summary ====== [0m
2026-04-02 13:42:10,835 -- Training Loss: 0.0001
2026-04-02 13:42:10,835 -- Validation Loss: 0.0000
2026-04-02 13:42:10,879 -- [33m✓ New best model saved with validation loss: 0.0000 [0m
2026-04-02 13:42:10,880 -- 
2026-04-02 13:42:10,880 -- [32m ====== Epoch 2/4 (Round 2) ====== [0m
2026-04-02 13:42:10,880 -- Learning rate: 0.000452
2026-04-02 13:42:10,880 -- 
2026-04-02 13:42:10,940 -- Step [1/2650] | Batch loss: 0.0000
2026-04-02 13:42:11,109 -- Step [100/2650] | Batch loss: 0.0001
2026-04-02 13:42:11,263 -- Step [200/2650] | Batch loss: 0.0000
2026-04-02 13:42:11,424 -- Step [300/2650] | Batch loss: 0.0000
2026-04-02 13:42:11,590 -- Step [400/2650] | Batch loss: 0.0000
2026-04-02 13:42:11,755 -- Step [500/2650] | Batch loss: 0.0000
2026-04-02 13:42:11,917 -- Step [600/2650] | Batch loss: 0.0000
2026-04-02 13:42:12,073 -- Step [700/2650] | Batch loss: 0.0001
2026-04-02 13:42:12,222 -- Step [800/2650] | Batch loss: 0.0000
2026-04-02 13:42:12,372 -- Step [900/2650] | Batch loss: 0.0000
2026-04-02 13:42:12,534 -- Step [1000/2650] | Batch loss: 0.0000
2026-04-02 13:42:12,686 -- Step [1100/2650] | Batch loss: 0.0000
2026-04-02 13:42:12,840 -- Step [1200/2650] | Batch loss: 0.0000
2026-04-02 13:42:13,005 -- Step [1300/2650] | Batch loss: 0.0000
2026-04-02 13:42:13,169 -- Step [1400/2650] | Batch loss: 0.0000
2026-04-02 13:42:13,337 -- Step [1500/2650] | Batch loss: 0.0000
2026-04-02 13:42:13,500 -- Step [1600/2650] | Batch loss: 0.0000
2026-04-02 13:42:13,657 -- Step [1700/2650] | Batch loss: 0.0000
2026-04-02 13:42:13,837 -- Step [1800/2650] | Batch loss: 0.0000
2026-04-02 13:42:14,017 -- Step [1900/2650] | Batch loss: 0.0001
2026-04-02 13:42:14,187 -- Step [2000/2650] | Batch loss: 0.0000
2026-04-02 13:42:14,349 -- Step [2100/2650] | Batch loss: 0.0000
2026-04-02 13:42:14,506 -- Step [2200/2650] | Batch loss: 0.0000
2026-04-02 13:42:14,658 -- Step [2300/2650] | Batch loss: 0.0001
