2026-04-02 12:13:55,620 -- [33m Self-training round [1/3] [0m
2026-04-02 12:13:55,620 -- 
2026-04-02 12:13:55,620 -- [32m ====== Epoch 1/4 (Round 1) ====== [0m
2026-04-02 12:13:55,620 -- Learning rate: 0.000500
2026-04-02 12:13:55,620 -- 
2026-04-02 12:13:55,819 -- Step [1/2150] | Batch loss: 1.3515
2026-04-02 12:13:55,986 -- Step [100/2150] | Batch loss: 0.6613
2026-04-02 12:13:56,138 -- Step [200/2150] | Batch loss: 0.5573
2026-04-02 12:13:56,301 -- Step [300/2150] | Batch loss: 0.4715
2026-04-02 12:13:56,478 -- Step [400/2150] | Batch loss: 0.1920
2026-04-02 12:13:56,636 -- Step [500/2150] | Batch loss: 0.1690
2026-04-02 12:13:56,795 -- Step [600/2150] | Batch loss: 0.0975
2026-04-02 12:13:56,950 -- Step [700/2150] | Batch loss: 0.2307
2026-04-02 12:13:57,091 -- Step [800/2150] | Batch loss: 0.1972
2026-04-02 12:13:57,251 -- Step [900/2150] | Batch loss: 0.0767
2026-04-02 12:13:57,406 -- Step [1000/2150] | Batch loss: 0.0396
2026-04-02 12:13:57,563 -- Step [1100/2150] | Batch loss: 0.0401
2026-04-02 12:13:57,726 -- Step [1200/2150] | Batch loss: 0.0619
2026-04-02 12:13:57,887 -- Step [1300/2150] | Batch loss: 0.0233
2026-04-02 12:13:58,039 -- Step [1400/2150] | Batch loss: 0.0718
2026-04-02 12:13:58,184 -- Step [1500/2150] | Batch loss: 0.0498
2026-04-02 12:13:58,337 -- Step [1600/2150] | Batch loss: 0.1199
2026-04-02 12:13:58,500 -- Step [1700/2150] | Batch loss: 0.0119
2026-04-02 12:13:58,669 -- Step [1800/2150] | Batch loss: 0.0080
2026-04-02 12:13:58,821 -- Step [1900/2150] | Batch loss: 0.0316
2026-04-02 12:13:58,969 -- Step [2000/2150] | Batch loss: 0.0485
2026-04-02 12:13:59,133 -- Step [2100/2150] | Batch loss: 0.0115
2026-04-02 12:13:59,230 -- 
2026-04-02 12:13:59,230 -- Training epoch completed. Validating...
2026-04-02 12:14:01,843 -- 
2026-04-02 12:14:01,844 -- [32m ====== Epoch 1 Summary ====== [0m
2026-04-02 12:14:01,844 -- Training Loss: 0.1820
2026-04-02 12:14:01,844 -- Validation Loss: 0.0046
2026-04-02 12:14:01,934 -- [33m✓ New best model saved with validation loss: 0.0046 [0m
2026-04-02 12:14:01,934 -- 
2026-04-02 12:14:01,934 -- [32m ====== Epoch 2/4 (Round 1) ====== [0m
2026-04-02 12:14:01,934 -- Learning rate: 0.000490
2026-04-02 12:14:01,934 -- 
2026-04-02 12:14:01,987 -- Step [1/2150] | Batch loss: 0.0118
2026-04-02 12:14:02,149 -- Step [100/2150] | Batch loss: 0.0118
2026-04-02 12:14:02,306 -- Step [200/2150] | Batch loss: 0.0160
2026-04-02 12:14:02,458 -- Step [300/2150] | Batch loss: 0.0040
2026-04-02 12:14:02,613 -- Step [400/2150] | Batch loss: 0.0347
2026-04-02 12:14:02,758 -- Step [500/2150] | Batch loss: 0.0046
2026-04-02 12:14:02,907 -- Step [600/2150] | Batch loss: 0.0481
2026-04-02 12:14:03,057 -- Step [700/2150] | Batch loss: 0.0523
2026-04-02 12:14:03,204 -- Step [800/2150] | Batch loss: 0.0048
2026-04-02 12:14:03,348 -- Step [900/2150] | Batch loss: 0.0208
2026-04-02 12:14:03,492 -- Step [1000/2150] | Batch loss: 0.0644
2026-04-02 12:14:03,643 -- Step [1100/2150] | Batch loss: 0.0022
2026-04-02 12:14:03,805 -- Step [1200/2150] | Batch loss: 0.0442
2026-04-02 12:14:03,958 -- Step [1300/2150] | Batch loss: 0.0061
2026-04-02 12:14:04,110 -- Step [1400/2150] | Batch loss: 0.0035
2026-04-02 12:14:04,266 -- Step [1500/2150] | Batch loss: 0.0201
2026-04-02 12:14:04,431 -- Step [1600/2150] | Batch loss: 0.0112
2026-04-02 12:14:04,596 -- Step [1700/2150] | Batch loss: 0.0017
2026-04-02 12:14:04,754 -- Step [1800/2150] | Batch loss: 0.0299
2026-04-02 12:14:04,912 -- Step [1900/2150] | Batch loss: 0.0618
2026-04-02 12:14:05,078 -- Step [2000/2150] | Batch loss: 0.0147
2026-04-02 12:14:05,239 -- Step [2100/2150] | Batch loss: 0.0016
2026-04-02 12:14:05,351 -- 
2026-04-02 12:14:05,351 -- Training epoch completed. Validating...
2026-04-02 12:14:07,910 -- 
2026-04-02 12:14:07,910 -- [32m ====== Epoch 2 Summary ====== [0m
2026-04-02 12:14:07,910 -- Training Loss: 0.0238
2026-04-02 12:14:07,910 -- Validation Loss: 0.0011
2026-04-02 12:14:07,955 -- [33m✓ New best model saved with validation loss: 0.0011 [0m
2026-04-02 12:14:07,955 -- 
2026-04-02 12:14:07,955 -- [32m ====== Epoch 3/4 (Round 1) ====== [0m
2026-04-02 12:14:07,955 -- Learning rate: 0.000480
2026-04-02 12:14:07,955 -- 
2026-04-02 12:14:08,030 -- Step [1/2150] | Batch loss: 0.0027
2026-04-02 12:14:08,184 -- Step [100/2150] | Batch loss: 0.0021
2026-04-02 12:14:08,365 -- Step [200/2150] | Batch loss: 0.0377
2026-04-02 12:14:08,520 -- Step [300/2150] | Batch loss: 0.0024
2026-04-02 12:14:08,667 -- Step [400/2150] | Batch loss: 0.0095
2026-04-02 12:14:08,829 -- Step [500/2150] | Batch loss: 0.0033
2026-04-02 12:14:08,987 -- Step [600/2150] | Batch loss: 0.0218
2026-04-02 12:14:09,157 -- Step [700/2150] | Batch loss: 0.0801
2026-04-02 12:14:09,311 -- Step [800/2150] | Batch loss: 0.0009
2026-04-02 12:14:09,460 -- Step [900/2150] | Batch loss: 0.0010
2026-04-02 12:14:09,624 -- Step [1000/2150] | Batch loss: 0.0061
2026-04-02 12:14:09,781 -- Step [1100/2150] | Batch loss: 0.0163
2026-04-02 12:14:09,931 -- Step [1200/2150] | Batch loss: 0.0493
2026-04-02 12:14:10,086 -- Step [1300/2150] | Batch loss: 0.0015
2026-04-02 12:14:10,238 -- Step [1400/2150] | Batch loss: 0.0005
2026-04-02 12:14:10,387 -- Step [1500/2150] | Batch loss: 0.0648
2026-04-02 12:14:10,540 -- Step [1600/2150] | Batch loss: 0.0032
2026-04-02 12:14:10,688 -- Step [1700/2150] | Batch loss: 0.0009
2026-04-02 12:14:10,844 -- Step [1800/2150] | Batch loss: 0.0134
2026-04-02 12:14:10,994 -- Step [1900/2150] | Batch loss: 0.0009
2026-04-02 12:14:11,146 -- Step [2000/2150] | Batch loss: 0.0007
2026-04-02 12:14:11,296 -- Step [2100/2150] | Batch loss: 0.0011
2026-04-02 12:14:11,394 -- 
2026-04-02 12:14:11,394 -- Training epoch completed. Validating...
2026-04-02 12:14:13,954 -- 
2026-04-02 12:14:13,954 -- [32m ====== Epoch 3 Summary ====== [0m
2026-04-02 12:14:13,954 -- Training Loss: 0.0138
2026-04-02 12:14:13,954 -- Validation Loss: 0.0003
2026-04-02 12:14:14,000 -- [33m✓ New best model saved with validation loss: 0.0003 [0m
2026-04-02 12:14:14,000 -- 
2026-04-02 12:14:14,000 -- [32m ====== Epoch 4/4 (Round 1) ====== [0m
2026-04-02 12:14:14,000 -- Learning rate: 0.000471
2026-04-02 12:14:14,000 -- 
2026-04-02 12:14:14,062 -- Step [1/2150] | Batch loss: 0.0340
2026-04-02 12:14:14,217 -- Step [100/2150] | Batch loss: 0.0990
2026-04-02 12:14:14,386 -- Step [200/2150] | Batch loss: 0.0119
2026-04-02 12:14:14,543 -- Step [300/2150] | Batch loss: 0.0007
2026-04-02 12:14:14,702 -- Step [400/2150] | Batch loss: 0.0005
2026-04-02 12:14:14,861 -- Step [500/2150] | Batch loss: 0.0248
2026-04-02 12:14:15,026 -- Step [600/2150] | Batch loss: 0.0568
2026-04-02 12:14:15,190 -- Step [700/2150] | Batch loss: 0.0016
2026-04-02 12:14:15,349 -- Step [800/2150] | Batch loss: 0.0045
2026-04-02 12:14:15,510 -- Step [900/2150] | Batch loss: 0.0006
2026-04-02 12:14:15,681 -- Step [1000/2150] | Batch loss: 0.0674
2026-04-02 12:14:15,854 -- Step [1100/2150] | Batch loss: 0.0007
2026-04-02 12:14:16,035 -- Step [1200/2150] | Batch loss: 0.0132
2026-04-02 12:14:16,189 -- Step [1300/2150] | Batch loss: 0.0302
2026-04-02 12:14:16,351 -- Step [1400/2150] | Batch loss: 0.0029
2026-04-02 12:14:16,517 -- Step [1500/2150] | Batch loss: 0.0010
2026-04-02 12:14:16,674 -- Step [1600/2150] | Batch loss: 0.0011
2026-04-02 12:14:16,828 -- Step [1700/2150] | Batch loss: 0.0056
2026-04-02 12:14:16,972 -- Step [1800/2150] | Batch loss: 0.0169
2026-04-02 12:14:17,129 -- Step [1900/2150] | Batch loss: 0.0007
2026-04-02 12:14:17,289 -- Step [2000/2150] | Batch loss: 0.0005
2026-04-02 12:14:17,443 -- Step [2100/2150] | Batch loss: 0.0006
2026-04-02 12:14:17,546 -- 
2026-04-02 12:14:17,546 -- Training epoch completed. Validating...
2026-04-02 12:14:20,136 -- 
2026-04-02 12:14:20,136 -- [32m ====== Epoch 4 Summary ====== [0m
2026-04-02 12:14:20,136 -- Training Loss: 0.0118
2026-04-02 12:14:20,136 -- Validation Loss: 0.0001
2026-04-02 12:14:20,181 -- [33m✓ New best model saved with validation loss: 0.0001 [0m
2026-04-02 12:14:20,746 -- 
2026-04-02 12:14:20,746 -- [32m ====== Pseudo-labeling result ====== [0m
2026-04-02 12:14:20,746 -- Confidence threshold: 0.95
2026-04-02 12:14:20,746 -- Pseudo-labeling ratio: 94.86%
2026-04-02 12:14:20,746 -- Total labeled samples: 335831
2026-04-02 12:14:20,746 -- Remaining unlabeled samples: 3293
2026-04-02 12:14:20,746 -- 
2026-04-02 12:14:20,746 -- [33m Self-training round [2/3] [0m
2026-04-02 12:14:20,746 -- 
2026-04-02 12:14:20,746 -- [32m ====== Epoch 1/4 (Round 2) ====== [0m
2026-04-02 12:14:20,746 -- Learning rate: 0.000461
2026-04-02 12:14:20,746 -- 
2026-04-02 12:14:20,813 -- Step [1/2624] | Batch loss: 1.7448
2026-04-02 12:14:21,003 -- Step [100/2624] | Batch loss: 0.6793
2026-04-02 12:14:21,193 -- Step [200/2624] | Batch loss: 0.0034
2026-04-02 12:14:21,352 -- Step [300/2624] | Batch loss: 0.5148
2026-04-02 12:14:21,518 -- Step [400/2624] | Batch loss: 0.0086
2026-04-02 12:14:21,679 -- Step [500/2624] | Batch loss: 0.5790
2026-04-02 12:14:21,829 -- Step [600/2624] | Batch loss: 0.0030
2026-04-02 12:14:21,983 -- Step [700/2624] | Batch loss: 0.0083
2026-04-02 12:14:22,143 -- Step [800/2624] | Batch loss: 0.5382
2026-04-02 12:14:22,301 -- Step [900/2624] | Batch loss: 0.6090
2026-04-02 12:14:22,461 -- Step [1000/2624] | Batch loss: 0.6316
2026-04-02 12:14:22,618 -- Step [1100/2624] | Batch loss: 0.4873
2026-04-02 12:14:22,785 -- Step [1200/2624] | Batch loss: 0.0174
2026-04-02 12:14:22,946 -- Step [1300/2624] | Batch loss: 0.5294
2026-04-02 12:14:23,106 -- Step [1400/2624] | Batch loss: 0.0111
2026-04-02 12:14:23,264 -- Step [1500/2624] | Batch loss: 0.4080
2026-04-02 12:14:23,422 -- Step [1600/2624] | Batch loss: 0.0170
2026-04-02 12:14:23,580 -- Step [1700/2624] | Batch loss: 0.0131
2026-04-02 12:14:23,748 -- Step [1800/2624] | Batch loss: 0.0059
2026-04-02 12:14:23,904 -- Step [1900/2624] | Batch loss: 0.0214
2026-04-02 12:14:24,055 -- Step [2000/2624] | Batch loss: 0.6434
2026-04-02 12:14:24,219 -- Step [2100/2624] | Batch loss: 0.0128
2026-04-02 12:14:24,379 -- Step [2200/2624] | Batch loss: 0.0171
2026-04-02 12:14:24,543 -- Step [2300/2624] | Batch loss: 0.0091
2026-04-02 12:14:24,704 -- Step [2400/2624] | Batch loss: 0.4247
2026-04-02 12:14:24,880 -- Step [2500/2624] | Batch loss: 0.5028
2026-04-02 12:14:25,034 -- Step [2600/2624] | Batch loss: 0.4005
2026-04-02 12:14:25,100 -- 
2026-04-02 12:14:25,100 -- Training epoch completed. Validating...
2026-04-02 12:14:27,881 -- 
2026-04-02 12:14:27,882 -- [32m ====== Epoch 5 Summary ====== [0m
2026-04-02 12:14:27,882 -- Training Loss: 0.2749
2026-04-02 12:14:27,882 -- Validation Loss: 0.0018
2026-04-02 12:14:27,906 -- 
2026-04-02 12:14:27,906 -- [32m ====== Epoch 2/4 (Round 2) ====== [0m
2026-04-02 12:14:27,906 -- Learning rate: 0.000452
2026-04-02 12:14:27,906 -- 
2026-04-02 12:14:27,970 -- Step [1/2624] | Batch loss: 0.0094
2026-04-02 12:14:28,146 -- Step [100/2624] | Batch loss: 0.4326
2026-04-02 12:14:28,300 -- Step [200/2624] | Batch loss: 0.0110
2026-04-02 12:14:28,450 -- Step [300/2624] | Batch loss: 0.0152
2026-04-02 12:14:28,597 -- Step [400/2624] | Batch loss: 0.3677
2026-04-02 12:14:28,764 -- Step [500/2624] | Batch loss: 0.0193
2026-04-02 12:14:28,915 -- Step [600/2624] | Batch loss: 0.4193
2026-04-02 12:14:29,072 -- Step [700/2624] | Batch loss: 0.4887
2026-04-02 12:14:29,248 -- Step [800/2624] | Batch loss: 0.0207
2026-04-02 12:14:29,433 -- Step [900/2624] | Batch loss: 0.4476
2026-04-02 12:14:29,582 -- Step [1000/2624] | Batch loss: 0.4903
2026-04-02 12:14:29,733 -- Step [1100/2624] | Batch loss: 0.4030
2026-04-02 12:14:29,884 -- Step [1200/2624] | Batch loss: 0.3495
2026-04-02 12:14:30,052 -- Step [1300/2624] | Batch loss: 0.0162
2026-04-02 12:14:30,211 -- Step [1400/2624] | Batch loss: 0.0117
2026-04-02 12:14:30,370 -- Step [1500/2624] | Batch loss: 0.0097
2026-04-02 12:14:30,525 -- Step [1600/2624] | Batch loss: 0.0165
2026-04-02 12:14:30,681 -- Step [1700/2624] | Batch loss: 0.4389
2026-04-02 12:14:30,833 -- Step [1800/2624] | Batch loss: 0.0110
2026-04-02 12:14:30,983 -- Step [1900/2624] | Batch loss: 0.0070
2026-04-02 12:14:31,151 -- Step [2000/2624] | Batch loss: 0.4278
2026-04-02 12:14:31,308 -- Step [2100/2624] | Batch loss: 0.4782
2026-04-02 12:14:31,465 -- Step [2200/2624] | Batch loss: 0.4889
2026-04-02 12:14:31,619 -- Step [2300/2624] | Batch loss: 0.0100
2026-04-02 12:14:31,775 -- Step [2400/2624] | Batch loss: 0.0087
2026-04-02 12:14:31,929 -- Step [2500/2624] | Batch loss: 0.5882
2026-04-02 12:14:32,078 -- Step [2600/2624] | Batch loss: 0.3979
2026-04-02 12:14:32,140 -- 
2026-04-02 12:14:32,140 -- Training epoch completed. Validating...
2026-04-02 12:14:34,689 -- 
2026-04-02 12:14:34,689 -- [32m ====== Epoch 6 Summary ====== [0m
2026-04-02 12:14:34,689 -- Training Loss: 0.2368
2026-04-02 12:14:34,689 -- Validation Loss: 0.0009
2026-04-02 12:14:34,714 -- 
2026-04-02 12:14:34,715 -- [32m ====== Epoch 3/4 (Round 2) ====== [0m
2026-04-02 12:14:34,715 -- Learning rate: 0.000443
2026-04-02 12:14:34,715 -- 
2026-04-02 12:14:34,783 -- Step [1/2624] | Batch loss: 0.4972
2026-04-02 12:14:34,958 -- Step [100/2624] | Batch loss: 0.5195
2026-04-02 12:14:35,114 -- Step [200/2624] | Batch loss: 0.4463
2026-04-02 12:14:35,284 -- Step [300/2624] | Batch loss: 0.3604
2026-04-02 12:14:35,481 -- Step [400/2624] | Batch loss: 0.0152
2026-04-02 12:14:35,634 -- Step [500/2624] | Batch loss: 0.6183
2026-04-02 12:14:35,789 -- Step [600/2624] | Batch loss: 0.0164
2026-04-02 12:14:35,942 -- Step [700/2624] | Batch loss: 0.0077
2026-04-02 12:14:36,090 -- Step [800/2624] | Batch loss: 0.3993
2026-04-02 12:14:36,239 -- Step [900/2624] | Batch loss: 0.3590
2026-04-02 12:14:36,405 -- Step [1000/2624] | Batch loss: 0.0055
2026-04-02 12:14:36,560 -- Step [1100/2624] | Batch loss: 0.4311
2026-04-02 12:14:36,716 -- Step [1200/2624] | Batch loss: 0.0083
2026-04-02 12:14:36,876 -- Step [1300/2624] | Batch loss: 0.0120
2026-04-02 12:14:37,020 -- Step [1400/2624] | Batch loss: 0.0124
2026-04-02 12:14:37,173 -- Step [1500/2624] | Batch loss: 0.0131
2026-04-02 12:14:37,329 -- Step [1600/2624] | Batch loss: 0.0082
2026-04-02 12:14:37,485 -- Step [1700/2624] | Batch loss: 0.5375
2026-04-02 12:14:37,637 -- Step [1800/2624] | Batch loss: 0.5531
2026-04-02 12:14:37,797 -- Step [1900/2624] | Batch loss: 0.0082
2026-04-02 12:14:37,962 -- Step [2000/2624] | Batch loss: 0.0088
2026-04-02 12:14:38,120 -- Step [2100/2624] | Batch loss: 0.0079
2026-04-02 12:14:38,284 -- Step [2200/2624] | Batch loss: 0.0092
2026-04-02 12:14:38,437 -- Step [2300/2624] | Batch loss: 0.0114
2026-04-02 12:14:38,601 -- Step [2400/2624] | Batch loss: 0.3719
2026-04-02 12:14:38,754 -- Step [2500/2624] | Batch loss: 0.4110
2026-04-02 12:14:38,908 -- Step [2600/2624] | Batch loss: 0.0075
2026-04-02 12:14:38,976 -- 
2026-04-02 12:14:38,976 -- Training epoch completed. Validating...
2026-04-02 12:14:41,577 -- 
2026-04-02 12:14:41,577 -- [32m ====== Epoch 7 Summary ====== [0m
2026-04-02 12:14:41,577 -- Training Loss: 0.2334
2026-04-02 12:14:41,577 -- Validation Loss: 0.0007
2026-04-02 12:14:41,601 -- 
2026-04-02 12:14:41,601 -- [32m ====== Epoch 4/4 (Round 2) ====== [0m
2026-04-02 12:14:41,601 -- Learning rate: 0.000434
2026-04-02 12:14:41,601 -- 
2026-04-02 12:14:41,656 -- Step [1/2624] | Batch loss: 0.0057
2026-04-02 12:14:41,820 -- Step [100/2624] | Batch loss: 0.4982
2026-04-02 12:14:41,969 -- Step [200/2624] | Batch loss: 0.5380
2026-04-02 12:14:42,118 -- Step [300/2624] | Batch loss: 0.0088
2026-04-02 12:14:42,267 -- Step [400/2624] | Batch loss: 0.0095
2026-04-02 12:14:42,414 -- Step [500/2624] | Batch loss: 0.3026
2026-04-02 12:14:42,573 -- Step [600/2624] | Batch loss: 0.4470
2026-04-02 12:14:42,730 -- Step [700/2624] | Batch loss: 0.0140
2026-04-02 12:14:42,880 -- Step [800/2624] | Batch loss: 0.5557
2026-04-02 12:14:43,042 -- Step [900/2624] | Batch loss: 0.4836
2026-04-02 12:14:43,200 -- Step [1000/2624] | Batch loss: 0.0196
2026-04-02 12:14:43,348 -- Step [1100/2624] | Batch loss: 0.0103
2026-04-02 12:14:43,502 -- Step [1200/2624] | Batch loss: 0.4174
2026-04-02 12:14:43,669 -- Step [1300/2624] | Batch loss: 0.3688
2026-04-02 12:14:43,846 -- Step [1400/2624] | Batch loss: 0.4213
2026-04-02 12:14:44,004 -- Step [1500/2624] | Batch loss: 0.4672
2026-04-02 12:14:44,177 -- Step [1600/2624] | Batch loss: 0.0085
2026-04-02 12:14:44,346 -- Step [1700/2624] | Batch loss: 0.4616
2026-04-02 12:14:44,503 -- Step [1800/2624] | Batch loss: 0.0054
2026-04-02 12:14:44,661 -- Step [1900/2624] | Batch loss: 0.0129
2026-04-02 12:14:44,807 -- Step [2000/2624] | Batch loss: 0.0064
2026-04-02 12:14:44,963 -- Step [2100/2624] | Batch loss: 0.0092
2026-04-02 12:14:45,134 -- Step [2200/2624] | Batch loss: 0.4995
2026-04-02 12:14:45,287 -- Step [2300/2624] | Batch loss: 0.4819
2026-04-02 12:14:45,453 -- Step [2400/2624] | Batch loss: 0.4153
2026-04-02 12:14:45,609 -- Step [2500/2624] | Batch loss: 0.0054
2026-04-02 12:14:45,768 -- Step [2600/2624] | Batch loss: 0.2986
2026-04-02 12:14:45,834 -- 
2026-04-02 12:14:45,834 -- Training epoch completed. Validating...
2026-04-02 12:14:48,439 -- 
2026-04-02 12:14:48,439 -- [32m ====== Epoch 8 Summary ====== [0m
2026-04-02 12:14:48,439 -- Training Loss: 0.2378
2026-04-02 12:14:48,439 -- Validation Loss: 0.0003
2026-04-02 12:14:48,556 -- 
2026-04-02 12:14:48,556 -- [32m ====== Pseudo-labeling result ====== [0m
2026-04-02 12:14:48,556 -- Confidence threshold: 0.95
2026-04-02 12:14:48,556 -- Pseudo-labeling ratio: 72.76%
2026-04-02 12:14:48,556 -- Total labeled samples: 338227
2026-04-02 12:14:48,556 -- Remaining unlabeled samples: 897
2026-04-02 12:14:48,556 -- 
2026-04-02 12:14:48,556 -- [33m Self-training round [3/3] [0m
2026-04-02 12:14:48,556 -- 
2026-04-02 12:14:48,556 -- [32m ====== Epoch 1/4 (Round 3) ====== [0m
2026-04-02 12:14:48,556 -- Learning rate: 0.000425
2026-04-02 12:14:48,556 -- 
2026-04-02 12:14:48,618 -- Step [1/2643] | Batch loss: 0.4643
2026-04-02 12:14:48,782 -- Step [100/2643] | Batch loss: 0.0073
2026-04-02 12:14:48,932 -- Step [200/2643] | Batch loss: 0.0086
2026-04-02 12:14:49,127 -- Step [300/2643] | Batch loss: 0.5568
2026-04-02 12:14:49,298 -- Step [400/2643] | Batch loss: 0.0087
2026-04-02 12:14:49,449 -- Step [500/2643] | Batch loss: 0.4016
2026-04-02 12:14:49,604 -- Step [600/2643] | Batch loss: 0.0058
2026-04-02 12:14:49,783 -- Step [700/2643] | Batch loss: 0.0056
2026-04-02 12:14:49,938 -- Step [800/2643] | Batch loss: 0.0060
2026-04-02 12:14:50,096 -- Step [900/2643] | Batch loss: 0.4008
2026-04-02 12:14:50,277 -- Step [1000/2643] | Batch loss: 0.5959
2026-04-02 12:14:50,433 -- Step [1100/2643] | Batch loss: 0.0043
2026-04-02 12:14:50,594 -- Step [1200/2643] | Batch loss: 0.4159
2026-04-02 12:14:50,740 -- Step [1300/2643] | Batch loss: 0.0096
2026-04-02 12:14:50,898 -- Step [1400/2643] | Batch loss: 0.4878
2026-04-02 12:14:51,071 -- Step [1500/2643] | Batch loss: 0.0084
2026-04-02 12:14:51,232 -- Step [1600/2643] | Batch loss: 0.5145
2026-04-02 12:14:51,381 -- Step [1700/2643] | Batch loss: 0.0298
2026-04-02 12:14:51,532 -- Step [1800/2643] | Batch loss: 0.0035
2026-04-02 12:14:51,684 -- Step [1900/2643] | Batch loss: 0.5311
2026-04-02 12:14:51,852 -- Step [2000/2643] | Batch loss: 0.4279
2026-04-02 12:14:52,006 -- Step [2100/2643] | Batch loss: 0.0064
2026-04-02 12:14:52,161 -- Step [2200/2643] | Batch loss: 0.0075
2026-04-02 12:14:52,317 -- Step [2300/2643] | Batch loss: 0.0068
2026-04-02 12:14:52,472 -- Step [2400/2643] | Batch loss: 0.5116
2026-04-02 12:14:52,650 -- Step [2500/2643] | Batch loss: 0.0043
2026-04-02 12:14:52,821 -- Step [2600/2643] | Batch loss: 0.0068
2026-04-02 12:14:52,938 -- 
2026-04-02 12:14:52,938 -- Training epoch completed. Validating...
2026-04-02 12:14:55,559 -- 
2026-04-02 12:14:55,559 -- [32m ====== Epoch 9 Summary ====== [0m
2026-04-02 12:14:55,559 -- Training Loss: 0.2296
2026-04-02 12:14:55,559 -- Validation Loss: 0.0002
2026-04-02 12:14:55,583 -- 
2026-04-02 12:14:55,583 -- [32m ====== Epoch 2/4 (Round 3) ====== [0m
2026-04-02 12:14:55,583 -- Learning rate: 0.000417
2026-04-02 12:14:55,583 -- 
2026-04-02 12:14:55,651 -- Step [1/2643] | Batch loss: 0.3949
2026-04-02 12:14:55,819 -- Step [100/2643] | Batch loss: 0.0073
2026-04-02 12:14:55,974 -- Step [200/2643] | Batch loss: 0.5047
2026-04-02 12:14:56,148 -- Step [300/2643] | Batch loss: 0.0058
2026-04-02 12:14:56,317 -- Step [400/2643] | Batch loss: 0.0052
2026-04-02 12:14:56,485 -- Step [500/2643] | Batch loss: 0.4949
2026-04-02 12:14:56,643 -- Step [600/2643] | Batch loss: 0.4080
2026-04-02 12:14:56,801 -- Step [700/2643] | Batch loss: 0.4908
2026-04-02 12:14:56,966 -- Step [800/2643] | Batch loss: 0.0062
2026-04-02 12:14:57,142 -- Step [900/2643] | Batch loss: 0.0040
2026-04-02 12:14:57,299 -- Step [1000/2643] | Batch loss: 0.3999
2026-04-02 12:14:57,452 -- Step [1100/2643] | Batch loss: 0.0061
2026-04-02 12:14:57,619 -- Step [1200/2643] | Batch loss: 0.4086
2026-04-02 12:14:57,778 -- Step [1300/2643] | Batch loss: 0.0045
2026-04-02 12:14:57,932 -- Step [1400/2643] | Batch loss: 0.4434
2026-04-02 12:14:58,091 -- Step [1500/2643] | Batch loss: 0.6989
2026-04-02 12:14:58,251 -- Step [1600/2643] | Batch loss: 0.0042
2026-04-02 12:14:58,422 -- Step [1700/2643] | Batch loss: 0.4097
2026-04-02 12:14:58,585 -- Step [1800/2643] | Batch loss: 0.0105
2026-04-02 12:14:58,747 -- Step [1900/2643] | Batch loss: 0.0079
2026-04-02 12:14:58,920 -- Step [2000/2643] | Batch loss: 0.0048
2026-04-02 12:14:59,078 -- Step [2100/2643] | Batch loss: 0.0070
2026-04-02 12:14:59,258 -- Step [2200/2643] | Batch loss: 0.0079
2026-04-02 12:14:59,424 -- Step [2300/2643] | Batch loss: 0.6267
2026-04-02 12:14:59,585 -- Step [2400/2643] | Batch loss: 0.4106
2026-04-02 12:14:59,739 -- Step [2500/2643] | Batch loss: 0.4070
2026-04-02 12:14:59,889 -- Step [2600/2643] | Batch loss: 0.4940
2026-04-02 12:14:59,990 -- 
2026-04-02 12:14:59,990 -- Training epoch completed. Validating...
2026-04-02 12:15:02,586 -- 
2026-04-02 12:15:02,587 -- [32m ====== Epoch 10 Summary ====== [0m
2026-04-02 12:15:02,587 -- Training Loss: 0.2260
2026-04-02 12:15:02,587 -- Validation Loss: 0.0002
2026-04-02 12:15:02,610 -- 
2026-04-02 12:15:02,610 -- [32m ====== Epoch 3/4 (Round 3) ====== [0m
2026-04-02 12:15:02,610 -- Learning rate: 0.000409
2026-04-02 12:15:02,611 -- 
2026-04-02 12:15:02,672 -- Step [1/2643] | Batch loss: 0.0048
2026-04-02 12:15:02,839 -- Step [100/2643] | Batch loss: 0.0044
2026-04-02 12:15:03,032 -- Step [200/2643] | Batch loss: 0.0039
2026-04-02 12:15:03,183 -- Step [300/2643] | Batch loss: 0.6396
2026-04-02 12:15:03,332 -- Step [400/2643] | Batch loss: 0.0057
2026-04-02 12:15:03,489 -- Step [500/2643] | Batch loss: 0.4117
2026-04-02 12:15:03,646 -- Step [600/2643] | Batch loss: 0.4257
2026-04-02 12:15:03,793 -- Step [700/2643] | Batch loss: 0.3442
2026-04-02 12:15:03,961 -- Step [800/2643] | Batch loss: 0.0121
2026-04-02 12:15:04,130 -- Step [900/2643] | Batch loss: 0.4690
2026-04-02 12:15:04,306 -- Step [1000/2643] | Batch loss: 0.0049
2026-04-02 12:15:04,459 -- Step [1100/2643] | Batch loss: 0.0074
2026-04-02 12:15:04,615 -- Step [1200/2643] | Batch loss: 0.0095
2026-04-02 12:15:04,779 -- Step [1300/2643] | Batch loss: 0.4470
2026-04-02 12:15:04,939 -- Step [1400/2643] | Batch loss: 0.0041
2026-04-02 12:15:05,091 -- Step [1500/2643] | Batch loss: 0.5237
2026-04-02 12:15:05,257 -- Step [1600/2643] | Batch loss: 0.0066
2026-04-02 12:15:05,430 -- Step [1700/2643] | Batch loss: 0.0045
2026-04-02 12:15:05,580 -- Step [1800/2643] | Batch loss: 0.3549
2026-04-02 12:15:05,748 -- Step [1900/2643] | Batch loss: 0.4786
2026-04-02 12:15:05,918 -- Step [2000/2643] | Batch loss: 0.0080
2026-04-02 12:15:06,083 -- Step [2100/2643] | Batch loss: 0.0050
2026-04-02 12:15:06,262 -- Step [2200/2643] | Batch loss: 0.0056
2026-04-02 12:15:06,428 -- Step [2300/2643] | Batch loss: 0.0056
2026-04-02 12:15:06,613 -- Step [2400/2643] | Batch loss: 0.7260
2026-04-02 12:15:06,771 -- Step [2500/2643] | Batch loss: 0.0046
2026-04-02 12:15:06,958 -- Step [2600/2643] | Batch loss: 0.4342
2026-04-02 12:15:07,059 -- 
2026-04-02 12:15:07,059 -- Training epoch completed. Validating...
