2026-04-07 21:04:24,926 -- [33m Self-training round [1/3] [0m
2026-04-07 21:04:24,926 -- 
2026-04-07 21:04:24,927 -- [32m ====== Epoch 1/4 (Round 1) ====== [0m
2026-04-07 21:04:24,927 -- Learning rate: 0.000100
2026-04-07 21:04:24,927 -- 
2026-04-07 21:04:25,123 -- Step [1/2166] | Batch loss: 1.7594
2026-04-07 21:04:25,325 -- Step [100/2166] | Batch loss: 1.2679
2026-04-07 21:04:25,541 -- Step [200/2166] | Batch loss: 1.1934
2026-04-07 21:04:25,744 -- Step [300/2166] | Batch loss: 1.0772
2026-04-07 21:04:25,969 -- Step [400/2166] | Batch loss: 1.0248
2026-04-07 21:04:26,173 -- Step [500/2166] | Batch loss: 0.9982
2026-04-07 21:04:26,372 -- Step [600/2166] | Batch loss: 0.7490
2026-04-07 21:04:26,569 -- Step [700/2166] | Batch loss: 0.7096
2026-04-07 21:04:26,780 -- Step [800/2166] | Batch loss: 0.7191
2026-04-07 21:04:27,007 -- Step [900/2166] | Batch loss: 0.6819
2026-04-07 21:04:27,216 -- Step [1000/2166] | Batch loss: 0.7281
2026-04-07 21:04:27,426 -- Step [1100/2166] | Batch loss: 0.6300
2026-04-07 21:04:27,629 -- Step [1200/2166] | Batch loss: 0.6428
2026-04-07 21:04:27,824 -- Step [1300/2166] | Batch loss: 0.7703
2026-04-07 21:04:28,025 -- Step [1400/2166] | Batch loss: 0.6815
2026-04-07 21:04:28,217 -- Step [1500/2166] | Batch loss: 0.6090
2026-04-07 21:04:28,419 -- Step [1600/2166] | Batch loss: 0.6413
2026-04-07 21:04:28,618 -- Step [1700/2166] | Batch loss: 0.6038
2026-04-07 21:04:28,823 -- Step [1800/2166] | Batch loss: 0.6093
2026-04-07 21:04:29,037 -- Step [1900/2166] | Batch loss: 0.6737
2026-04-07 21:04:29,229 -- Step [2000/2166] | Batch loss: 0.6451
2026-04-07 21:04:29,431 -- Step [2100/2166] | Batch loss: 0.6296
2026-04-07 21:04:29,588 -- 
2026-04-07 21:04:29,588 -- Training epoch completed. Validating...
2026-04-07 21:04:33,017 -- 
2026-04-07 21:04:33,017 -- [32m ====== Epoch 1 Summary ====== [0m
2026-04-07 21:04:33,017 -- Training Loss: 0.7758
2026-04-07 21:04:33,017 -- Validation Loss: 2.4364
2026-04-07 21:04:33,089 -- [33m✓ New best model saved with validation loss: 2.4364 [0m
2026-04-07 21:04:33,089 -- 
2026-04-07 21:04:33,089 -- [32m ====== Epoch 2/4 (Round 1) ====== [0m
2026-04-07 21:04:33,089 -- Learning rate: 0.000098
2026-04-07 21:04:33,089 -- 
2026-04-07 21:04:33,147 -- Step [1/2166] | Batch loss: 0.8816
2026-04-07 21:04:33,366 -- Step [100/2166] | Batch loss: 0.5582
2026-04-07 21:04:33,567 -- Step [200/2166] | Batch loss: 0.5998
2026-04-07 21:04:33,794 -- Step [300/2166] | Batch loss: 0.6753
2026-04-07 21:04:34,004 -- Step [400/2166] | Batch loss: 0.5826
2026-04-07 21:04:34,202 -- Step [500/2166] | Batch loss: 0.6076
2026-04-07 21:04:34,402 -- Step [600/2166] | Batch loss: 0.5900
2026-04-07 21:04:34,614 -- Step [700/2166] | Batch loss: 0.5902
2026-04-07 21:04:34,823 -- Step [800/2166] | Batch loss: 0.6707
2026-04-07 21:04:35,026 -- Step [900/2166] | Batch loss: 0.5681
2026-04-07 21:04:35,237 -- Step [1000/2166] | Batch loss: 0.6443
2026-04-07 21:04:35,443 -- Step [1100/2166] | Batch loss: 0.6131
2026-04-07 21:04:35,646 -- Step [1200/2166] | Batch loss: 0.6627
2026-04-07 21:04:35,851 -- Step [1300/2166] | Batch loss: 0.4816
2026-04-07 21:04:36,041 -- Step [1400/2166] | Batch loss: 0.4780
2026-04-07 21:04:36,245 -- Step [1500/2166] | Batch loss: 0.6289
2026-04-07 21:04:36,489 -- Step [1600/2166] | Batch loss: 0.5825
2026-04-07 21:04:36,702 -- Step [1700/2166] | Batch loss: 0.6068
2026-04-07 21:04:36,899 -- Step [1800/2166] | Batch loss: 0.4947
2026-04-07 21:04:37,102 -- Step [1900/2166] | Batch loss: 0.5104
2026-04-07 21:04:37,308 -- Step [2000/2166] | Batch loss: 0.5112
2026-04-07 21:04:37,513 -- Step [2100/2166] | Batch loss: 0.5070
2026-04-07 21:04:37,671 -- 
2026-04-07 21:04:37,671 -- Training epoch completed. Validating...
2026-04-07 21:04:41,241 -- 
2026-04-07 21:04:41,241 -- [32m ====== Epoch 2 Summary ====== [0m
2026-04-07 21:04:41,241 -- Training Loss: 0.5855
2026-04-07 21:04:41,241 -- Validation Loss: 2.7417
2026-04-07 21:04:41,265 -- 
2026-04-07 21:04:41,265 -- [32m ====== Epoch 3/4 (Round 1) ====== [0m
2026-04-07 21:04:41,265 -- Learning rate: 0.000096
2026-04-07 21:04:41,265 -- 
2026-04-07 21:04:41,333 -- Step [1/2166] | Batch loss: 0.5281
2026-04-07 21:04:41,542 -- Step [100/2166] | Batch loss: 0.5917
2026-04-07 21:04:41,740 -- Step [200/2166] | Batch loss: 0.6273
2026-04-07 21:04:41,939 -- Step [300/2166] | Batch loss: 0.5239
2026-04-07 21:04:42,132 -- Step [400/2166] | Batch loss: 0.5078
2026-04-07 21:04:42,324 -- Step [500/2166] | Batch loss: 0.4840
2026-04-07 21:04:42,516 -- Step [600/2166] | Batch loss: 0.5788
