2026-04-03 20:20:01,764 -- [33m Self-training round [1/3] [0m
2026-04-03 20:20:01,764 -- 
2026-04-03 20:20:01,764 -- [32m ====== Epoch 1/4 (Round 1) ====== [0m
2026-04-03 20:20:01,764 -- Learning rate: 0.000100
2026-04-03 20:20:01,764 -- 
2026-04-03 20:20:01,955 -- Step [1/2166] | Batch loss: 1.4603
2026-04-03 20:20:02,146 -- Step [100/2166] | Batch loss: 1.4059
2026-04-03 20:20:02,342 -- Step [200/2166] | Batch loss: 1.2223
2026-04-03 20:20:02,540 -- Step [300/2166] | Batch loss: 1.2116
2026-04-03 20:20:02,740 -- Step [400/2166] | Batch loss: 1.4866
2026-04-03 20:20:02,933 -- Step [500/2166] | Batch loss: 1.1300
2026-04-03 20:20:03,129 -- Step [600/2166] | Batch loss: 1.2339
2026-04-03 20:20:03,321 -- Step [700/2166] | Batch loss: 0.9726
2026-04-03 20:20:03,507 -- Step [800/2166] | Batch loss: 1.0022
2026-04-03 20:20:03,680 -- Step [900/2166] | Batch loss: 1.0528
2026-04-03 20:20:03,853 -- Step [1000/2166] | Batch loss: 1.0866
2026-04-03 20:20:04,026 -- Step [1100/2166] | Batch loss: 0.9334
2026-04-03 20:20:04,211 -- Step [1200/2166] | Batch loss: 0.9116
2026-04-03 20:20:04,406 -- Step [1300/2166] | Batch loss: 0.9841
2026-04-03 20:20:04,588 -- Step [1400/2166] | Batch loss: 0.8819
2026-04-03 20:20:04,766 -- Step [1500/2166] | Batch loss: 0.8309
2026-04-03 20:20:04,952 -- Step [1600/2166] | Batch loss: 0.8288
2026-04-03 20:20:05,139 -- Step [1700/2166] | Batch loss: 0.7889
2026-04-03 20:20:05,344 -- Step [1800/2166] | Batch loss: 0.8644
2026-04-03 20:20:05,536 -- Step [1900/2166] | Batch loss: 0.7341
2026-04-03 20:20:05,717 -- Step [2000/2166] | Batch loss: 0.7596
2026-04-03 20:20:05,909 -- Step [2100/2166] | Batch loss: 0.7248
2026-04-03 20:20:06,072 -- 
2026-04-03 20:20:06,072 -- Training epoch completed. Validating...
2026-04-03 20:20:08,945 -- 
2026-04-03 20:20:08,945 -- [32m ====== Epoch 1 Summary ====== [0m
2026-04-03 20:20:08,945 -- Training Loss: 1.0062
2026-04-03 20:20:08,945 -- Validation Loss: 3.1635
2026-04-03 20:20:09,016 -- [33m✓ New best model saved with validation loss: 3.1635 [0m
2026-04-03 20:20:09,016 -- 
2026-04-03 20:20:09,016 -- [32m ====== Epoch 2/4 (Round 1) ====== [0m
2026-04-03 20:20:09,016 -- Learning rate: 0.000098
2026-04-03 20:20:09,016 -- 
2026-04-03 20:20:09,090 -- Step [1/2166] | Batch loss: 0.6845
2026-04-03 20:20:09,289 -- Step [100/2166] | Batch loss: 0.7771
2026-04-03 20:20:09,482 -- Step [200/2166] | Batch loss: 0.7163
2026-04-03 20:20:09,680 -- Step [300/2166] | Batch loss: 0.7311
2026-04-03 20:20:09,894 -- Step [400/2166] | Batch loss: 0.7395
2026-04-03 20:20:10,091 -- Step [500/2166] | Batch loss: 0.6462
2026-04-03 20:20:10,278 -- Step [600/2166] | Batch loss: 0.7043
2026-04-03 20:20:10,470 -- Step [700/2166] | Batch loss: 0.5822
2026-04-03 20:20:10,660 -- Step [800/2166] | Batch loss: 0.6366
2026-04-03 20:20:10,860 -- Step [900/2166] | Batch loss: 0.5931
2026-04-03 20:20:11,042 -- Step [1000/2166] | Batch loss: 0.5943
2026-04-03 20:20:11,243 -- Step [1100/2166] | Batch loss: 0.4759
2026-04-03 20:20:11,442 -- Step [1200/2166] | Batch loss: 0.4655
2026-04-03 20:20:11,640 -- Step [1300/2166] | Batch loss: 0.4736
2026-04-03 20:20:11,850 -- Step [1400/2166] | Batch loss: 0.4434
2026-04-03 20:20:12,039 -- Step [1500/2166] | Batch loss: 0.5214
2026-04-03 20:20:12,236 -- Step [1600/2166] | Batch loss: 0.4421
2026-04-03 20:20:12,442 -- Step [1700/2166] | Batch loss: 0.3871
2026-04-03 20:20:12,636 -- Step [1800/2166] | Batch loss: 0.4794
2026-04-03 20:20:12,813 -- Step [1900/2166] | Batch loss: 0.4137
2026-04-03 20:20:12,990 -- Step [2000/2166] | Batch loss: 0.3773
2026-04-03 20:20:13,180 -- Step [2100/2166] | Batch loss: 0.3076
2026-04-03 20:20:13,347 -- 
2026-04-03 20:20:13,347 -- Training epoch completed. Validating...
2026-04-03 20:20:16,215 -- 
2026-04-03 20:20:16,215 -- [32m ====== Epoch 2 Summary ====== [0m
2026-04-03 20:20:16,215 -- Training Loss: 0.5427
2026-04-03 20:20:16,215 -- Validation Loss: 4.9277
2026-04-03 20:20:16,240 -- 
2026-04-03 20:20:16,240 -- [32m ====== Epoch 3/4 (Round 1) ====== [0m
2026-04-03 20:20:16,240 -- Learning rate: 0.000096
2026-04-03 20:20:16,240 -- 
2026-04-03 20:20:16,305 -- Step [1/2166] | Batch loss: 0.3850
2026-04-03 20:20:16,502 -- Step [100/2166] | Batch loss: 0.3570
2026-04-03 20:20:16,698 -- Step [200/2166] | Batch loss: 0.3848
2026-04-03 20:20:16,914 -- Step [300/2166] | Batch loss: 0.3538
2026-04-03 20:20:17,120 -- Step [400/2166] | Batch loss: 0.3548
2026-04-03 20:20:17,304 -- Step [500/2166] | Batch loss: 0.4516
2026-04-03 20:20:17,488 -- Step [600/2166] | Batch loss: 0.3160
2026-04-03 20:20:17,665 -- Step [700/2166] | Batch loss: 0.3023
2026-04-03 20:20:17,854 -- Step [800/2166] | Batch loss: 0.3319
2026-04-03 20:20:18,032 -- Step [900/2166] | Batch loss: 0.2428
2026-04-03 20:20:18,218 -- Step [1000/2166] | Batch loss: 0.3178
2026-04-03 20:20:18,401 -- Step [1100/2166] | Batch loss: 0.2869
2026-04-03 20:20:18,601 -- Step [1200/2166] | Batch loss: 0.2303
2026-04-03 20:20:18,786 -- Step [1300/2166] | Batch loss: 0.2600
2026-04-03 20:20:18,976 -- Step [1400/2166] | Batch loss: 0.3071
2026-04-03 20:20:19,176 -- Step [1500/2166] | Batch loss: 0.2317
2026-04-03 20:20:19,380 -- Step [1600/2166] | Batch loss: 0.2673
2026-04-03 20:20:19,564 -- Step [1700/2166] | Batch loss: 0.1840
2026-04-03 20:20:19,760 -- Step [1800/2166] | Batch loss: 0.1994
2026-04-03 20:20:19,964 -- Step [1900/2166] | Batch loss: 0.2132
2026-04-03 20:20:20,148 -- Step [2000/2166] | Batch loss: 0.2368
2026-04-03 20:20:20,342 -- Step [2100/2166] | Batch loss: 0.2067
2026-04-03 20:20:20,512 -- 
2026-04-03 20:20:20,512 -- Training epoch completed. Validating...
2026-04-03 20:20:23,338 -- 
2026-04-03 20:20:23,338 -- [32m ====== Epoch 3 Summary ====== [0m
2026-04-03 20:20:23,338 -- Training Loss: 0.2876
2026-04-03 20:20:23,338 -- Validation Loss: 7.6928
2026-04-03 20:20:23,362 -- 
2026-04-03 20:20:23,362 -- [32m ====== Epoch 4/4 (Round 1) ====== [0m
2026-04-03 20:20:23,362 -- Learning rate: 0.000094
2026-04-03 20:20:23,362 -- 
2026-04-03 20:20:23,435 -- Step [1/2166] | Batch loss: 0.2232
2026-04-03 20:20:23,658 -- Step [100/2166] | Batch loss: 0.1400
2026-04-03 20:20:23,858 -- Step [200/2166] | Batch loss: 0.2463
2026-04-03 20:20:24,046 -- Step [300/2166] | Batch loss: 0.1825
2026-04-03 20:20:24,243 -- Step [400/2166] | Batch loss: 0.1487
2026-04-03 20:20:24,441 -- Step [500/2166] | Batch loss: 0.1643
2026-04-03 20:20:24,653 -- Step [600/2166] | Batch loss: 0.1370
2026-04-03 20:20:24,853 -- Step [700/2166] | Batch loss: 0.3099
2026-04-03 20:20:25,071 -- Step [800/2166] | Batch loss: 0.1872
2026-04-03 20:20:25,278 -- Step [900/2166] | Batch loss: 0.1632
2026-04-03 20:20:25,495 -- Step [1000/2166] | Batch loss: 0.1166
2026-04-03 20:20:25,700 -- Step [1100/2166] | Batch loss: 0.1683
2026-04-03 20:20:25,889 -- Step [1200/2166] | Batch loss: 0.1586
2026-04-03 20:20:26,081 -- Step [1300/2166] | Batch loss: 0.1761
2026-04-03 20:20:26,259 -- Step [1400/2166] | Batch loss: 0.0938
2026-04-03 20:20:26,465 -- Step [1500/2166] | Batch loss: 0.1350
2026-04-03 20:20:26,661 -- Step [1600/2166] | Batch loss: 0.1464
2026-04-03 20:20:26,853 -- Step [1700/2166] | Batch loss: 0.1225
2026-04-03 20:20:27,042 -- Step [1800/2166] | Batch loss: 0.2506
2026-04-03 20:20:27,229 -- Step [1900/2166] | Batch loss: 0.1418
2026-04-03 20:20:27,409 -- Step [2000/2166] | Batch loss: 0.1382
2026-04-03 20:20:27,590 -- Step [2100/2166] | Batch loss: 0.1581
2026-04-03 20:20:27,739 -- 
2026-04-03 20:20:27,739 -- Training epoch completed. Validating...
2026-04-03 20:20:30,617 -- 
2026-04-03 20:20:30,617 -- [32m ====== Epoch 4 Summary ====== [0m
2026-04-03 20:20:30,617 -- Training Loss: 0.1686
2026-04-03 20:20:30,617 -- Validation Loss: 10.6064
2026-04-03 20:20:31,215 -- 
2026-04-03 20:20:31,215 -- [32m ====== Pseudo-labeling result ====== [0m
2026-04-03 20:20:31,215 -- Confidence threshold: 0.98
2026-04-03 20:20:31,215 -- Pseudo-labeling ratio: 82.60%
2026-04-03 20:20:31,215 -- Total labeled samples: 328260
2026-04-03 20:20:31,215 -- Remaining unlabeled samples: 10750
2026-04-03 20:20:31,215 -- 
2026-04-03 20:20:31,215 -- [33m Self-training round [2/3] [0m
2026-04-03 20:20:31,215 -- 
2026-04-03 20:20:31,215 -- [32m ====== Epoch 1/4 (Round 2) ====== [0m
2026-04-03 20:20:31,215 -- Learning rate: 0.000092
2026-04-03 20:20:31,215 -- 
2026-04-03 20:20:31,278 -- Step [1/2565] | Batch loss: 0.3849
2026-04-03 20:20:31,473 -- Step [100/2565] | Batch loss: 0.1845
2026-04-03 20:20:31,663 -- Step [200/2565] | Batch loss: 0.1894
2026-04-03 20:20:31,862 -- Step [300/2565] | Batch loss: 0.2322
2026-04-03 20:20:32,057 -- Step [400/2565] | Batch loss: 0.1235
2026-04-03 20:20:32,275 -- Step [500/2565] | Batch loss: 0.2766
2026-04-03 20:20:32,474 -- Step [600/2565] | Batch loss: 0.0728
2026-04-03 20:20:32,660 -- Step [700/2565] | Batch loss: 0.1046
2026-04-03 20:20:32,867 -- Step [800/2565] | Batch loss: 0.1185
2026-04-03 20:20:33,051 -- Step [900/2565] | Batch loss: 0.1414
2026-04-03 20:20:33,236 -- Step [1000/2565] | Batch loss: 0.1348
2026-04-03 20:20:33,439 -- Step [1100/2565] | Batch loss: 0.1488
2026-04-03 20:20:33,623 -- Step [1200/2565] | Batch loss: 0.1204
2026-04-03 20:20:33,816 -- Step [1300/2565] | Batch loss: 0.1050
2026-04-03 20:20:33,996 -- Step [1400/2565] | Batch loss: 0.0568
2026-04-03 20:20:34,192 -- Step [1500/2565] | Batch loss: 0.0994
2026-04-03 20:20:34,402 -- Step [1600/2565] | Batch loss: 0.0916
2026-04-03 20:20:34,589 -- Step [1700/2565] | Batch loss: 0.0982
2026-04-03 20:20:34,775 -- Step [1800/2565] | Batch loss: 0.0528
2026-04-03 20:20:34,961 -- Step [1900/2565] | Batch loss: 0.0644
2026-04-03 20:20:35,152 -- Step [2000/2565] | Batch loss: 0.0488
2026-04-03 20:20:35,347 -- Step [2100/2565] | Batch loss: 0.0544
2026-04-03 20:20:35,566 -- Step [2200/2565] | Batch loss: 0.1036
2026-04-03 20:20:35,758 -- Step [2300/2565] | Batch loss: 0.1166
2026-04-03 20:20:35,960 -- Step [2400/2565] | Batch loss: 0.0627
2026-04-03 20:20:36,167 -- Step [2500/2565] | Batch loss: 0.0381
2026-04-03 20:20:36,353 -- 
2026-04-03 20:20:36,353 -- Training epoch completed. Validating...
2026-04-03 20:20:39,166 -- 
2026-04-03 20:20:39,166 -- [32m ====== Epoch 5 Summary ====== [0m
2026-04-03 20:20:39,166 -- Training Loss: 0.1152
2026-04-03 20:20:39,166 -- Validation Loss: 16.3970
2026-04-03 20:20:39,190 -- 
2026-04-03 20:20:39,190 -- [32m ====== Epoch 2/4 (Round 2) ====== [0m
2026-04-03 20:20:39,190 -- Learning rate: 0.000090
2026-04-03 20:20:39,190 -- 
2026-04-03 20:20:39,256 -- Step [1/2565] | Batch loss: 0.0599
2026-04-03 20:20:39,463 -- Step [100/2565] | Batch loss: 0.2135
2026-04-03 20:20:39,662 -- Step [200/2565] | Batch loss: 0.0385
2026-04-03 20:20:39,850 -- Step [300/2565] | Batch loss: 0.0523
2026-04-03 20:20:40,042 -- Step [400/2565] | Batch loss: 0.1165
2026-04-03 20:20:40,239 -- Step [500/2565] | Batch loss: 0.0242
2026-04-03 20:20:40,416 -- Step [600/2565] | Batch loss: 0.0703
2026-04-03 20:20:40,595 -- Step [700/2565] | Batch loss: 0.0950
2026-04-03 20:20:40,779 -- Step [800/2565] | Batch loss: 0.0195
2026-04-03 20:20:40,973 -- Step [900/2565] | Batch loss: 0.0457
2026-04-03 20:20:41,162 -- Step [1000/2565] | Batch loss: 0.0605
2026-04-03 20:20:41,361 -- Step [1100/2565] | Batch loss: 0.1423
2026-04-03 20:20:41,549 -- Step [1200/2565] | Batch loss: 0.0489
2026-04-03 20:20:41,742 -- Step [1300/2565] | Batch loss: 0.0521
2026-04-03 20:20:41,931 -- Step [1400/2565] | Batch loss: 0.0644
2026-04-03 20:20:42,123 -- Step [1500/2565] | Batch loss: 0.0966
2026-04-03 20:20:42,351 -- Step [1600/2565] | Batch loss: 0.0617
2026-04-03 20:20:42,544 -- Step [1700/2565] | Batch loss: 0.0748
2026-04-03 20:20:42,724 -- Step [1800/2565] | Batch loss: 0.0556
2026-04-03 20:20:42,911 -- Step [1900/2565] | Batch loss: 0.0435
2026-04-03 20:20:43,105 -- Step [2000/2565] | Batch loss: 0.0237
2026-04-03 20:20:43,317 -- Step [2100/2565] | Batch loss: 0.0293
2026-04-03 20:20:43,510 -- Step [2200/2565] | Batch loss: 0.1490
2026-04-03 20:20:43,705 -- Step [2300/2565] | Batch loss: 0.0328
2026-04-03 20:20:43,909 -- Step [2400/2565] | Batch loss: 0.0256
2026-04-03 20:20:44,099 -- Step [2500/2565] | Batch loss: 0.1760
2026-04-03 20:20:44,269 -- 
2026-04-03 20:20:44,269 -- Training epoch completed. Validating...
2026-04-03 20:20:47,169 -- 
2026-04-03 20:20:47,170 -- [32m ====== Epoch 6 Summary ====== [0m
2026-04-03 20:20:47,170 -- Training Loss: 0.0706
2026-04-03 20:20:47,170 -- Validation Loss: 19.0382
2026-04-03 20:20:47,195 -- 
2026-04-03 20:20:47,195 -- [32m ====== Epoch 3/4 (Round 2) ====== [0m
2026-04-03 20:20:47,195 -- Learning rate: 0.000089
2026-04-03 20:20:47,195 -- 
2026-04-03 20:20:47,267 -- Step [1/2565] | Batch loss: 0.0628
2026-04-03 20:20:47,464 -- Step [100/2565] | Batch loss: 0.0698
2026-04-03 20:20:47,666 -- Step [200/2565] | Batch loss: 0.0827
2026-04-03 20:20:47,852 -- Step [300/2565] | Batch loss: 0.0540
2026-04-03 20:20:48,040 -- Step [400/2565] | Batch loss: 0.0347
2026-04-03 20:20:48,241 -- Step [500/2565] | Batch loss: 0.0350
2026-04-03 20:20:48,439 -- Step [600/2565] | Batch loss: 0.0190
2026-04-03 20:20:48,629 -- Step [700/2565] | Batch loss: 0.0387
2026-04-03 20:20:48,816 -- Step [800/2565] | Batch loss: 0.0623
2026-04-03 20:20:49,007 -- Step [900/2565] | Batch loss: 0.0346
2026-04-03 20:20:49,209 -- Step [1000/2565] | Batch loss: 0.1449
2026-04-03 20:20:49,410 -- Step [1100/2565] | Batch loss: 0.0471
2026-04-03 20:20:49,627 -- Step [1200/2565] | Batch loss: 0.0626
2026-04-03 20:20:49,823 -- Step [1300/2565] | Batch loss: 0.0196
2026-04-03 20:20:50,007 -- Step [1400/2565] | Batch loss: 0.0391
2026-04-03 20:20:50,191 -- Step [1500/2565] | Batch loss: 0.0931
2026-04-03 20:20:50,391 -- Step [1600/2565] | Batch loss: 0.0627
2026-04-03 20:20:50,600 -- Step [1700/2565] | Batch loss: 0.0494
2026-04-03 20:20:50,789 -- Step [1800/2565] | Batch loss: 0.0327
2026-04-03 20:20:50,984 -- Step [1900/2565] | Batch loss: 0.0316
2026-04-03 20:20:51,173 -- Step [2000/2565] | Batch loss: 0.0170
2026-04-03 20:20:51,367 -- Step [2100/2565] | Batch loss: 0.0594
2026-04-03 20:20:51,553 -- Step [2200/2565] | Batch loss: 0.0630
2026-04-03 20:20:51,737 -- Step [2300/2565] | Batch loss: 0.0538
2026-04-03 20:20:51,914 -- Step [2400/2565] | Batch loss: 0.0333
2026-04-03 20:20:52,094 -- Step [2500/2565] | Batch loss: 0.0429
2026-04-03 20:20:52,257 -- 
2026-04-03 20:20:52,257 -- Training epoch completed. Validating...
2026-04-03 20:20:55,117 -- 
2026-04-03 20:20:55,117 -- [32m ====== Epoch 7 Summary ====== [0m
2026-04-03 20:20:55,117 -- Training Loss: 0.0563
2026-04-03 20:20:55,117 -- Validation Loss: 21.4624
2026-04-03 20:20:55,141 -- 
2026-04-03 20:20:55,141 -- [32m ====== Epoch 4/4 (Round 2) ====== [0m
2026-04-03 20:20:55,141 -- Learning rate: 0.000087
2026-04-03 20:20:55,141 -- 
2026-04-03 20:20:55,209 -- Step [1/2565] | Batch loss: 0.0199
2026-04-03 20:20:55,402 -- Step [100/2565] | Batch loss: 0.0287
2026-04-03 20:20:55,594 -- Step [200/2565] | Batch loss: 0.0302
2026-04-03 20:20:55,789 -- Step [300/2565] | Batch loss: 0.0541
2026-04-03 20:20:55,975 -- Step [400/2565] | Batch loss: 0.1351
2026-04-03 20:20:56,158 -- Step [500/2565] | Batch loss: 0.0355
2026-04-03 20:20:56,361 -- Step [600/2565] | Batch loss: 0.0361
2026-04-03 20:20:56,558 -- Step [700/2565] | Batch loss: 0.0242
2026-04-03 20:20:56,758 -- Step [800/2565] | Batch loss: 0.0063
2026-04-03 20:20:56,944 -- Step [900/2565] | Batch loss: 0.1102
2026-04-03 20:20:57,134 -- Step [1000/2565] | Batch loss: 0.0172
2026-04-03 20:20:57,348 -- Step [1100/2565] | Batch loss: 0.0192
2026-04-03 20:20:57,544 -- Step [1200/2565] | Batch loss: 0.1629
2026-04-03 20:20:57,726 -- Step [1300/2565] | Batch loss: 0.0215
2026-04-03 20:20:57,912 -- Step [1400/2565] | Batch loss: 0.0312
2026-04-03 20:20:58,108 -- Step [1500/2565] | Batch loss: 0.0141
2026-04-03 20:20:58,289 -- Step [1600/2565] | Batch loss: 0.0232
2026-04-03 20:20:58,483 -- Step [1700/2565] | Batch loss: 0.0259
2026-04-03 20:20:58,667 -- Step [1800/2565] | Batch loss: 0.0413
2026-04-03 20:20:58,853 -- Step [1900/2565] | Batch loss: 0.0147
2026-04-03 20:20:59,058 -- Step [2000/2565] | Batch loss: 0.1226
2026-04-03 20:20:59,253 -- Step [2100/2565] | Batch loss: 0.0495
2026-04-03 20:20:59,439 -- Step [2200/2565] | Batch loss: 0.0298
2026-04-03 20:20:59,620 -- Step [2300/2565] | Batch loss: 0.0313
2026-04-03 20:20:59,816 -- Step [2400/2565] | Batch loss: 0.0635
2026-04-03 20:20:59,999 -- Step [2500/2565] | Batch loss: 0.0112
2026-04-03 20:21:00,163 -- 
2026-04-03 20:21:00,163 -- Training epoch completed. Validating...
2026-04-03 20:21:02,990 -- 
2026-04-03 20:21:02,991 -- [32m ====== Epoch 8 Summary ====== [0m
2026-04-03 20:21:02,991 -- Training Loss: 0.0487
2026-04-03 20:21:02,991 -- Validation Loss: 22.6362
2026-04-03 20:21:03,174 -- 
2026-04-03 20:21:03,174 -- [32m ====== Pseudo-labeling result ====== [0m
2026-04-03 20:21:03,174 -- Confidence threshold: 0.98
2026-04-03 20:21:03,174 -- Pseudo-labeling ratio: 52.70%
2026-04-03 20:21:03,174 -- Total labeled samples: 333925
2026-04-03 20:21:03,174 -- Remaining unlabeled samples: 5085
2026-04-03 20:21:03,174 -- 
2026-04-03 20:21:03,174 -- [33m Self-training round [3/3] [0m
2026-04-03 20:21:03,174 -- 
2026-04-03 20:21:03,174 -- [32m ====== Epoch 1/4 (Round 3) ====== [0m
2026-04-03 20:21:03,174 -- Learning rate: 0.000085
2026-04-03 20:21:03,174 -- 
2026-04-03 20:21:03,243 -- Step [1/2609] | Batch loss: 0.0291
2026-04-03 20:21:03,463 -- Step [100/2609] | Batch loss: 0.0141
2026-04-03 20:21:03,677 -- Step [200/2609] | Batch loss: 0.0625
2026-04-03 20:21:03,866 -- Step [300/2609] | Batch loss: 0.0202
2026-04-03 20:21:04,055 -- Step [400/2609] | Batch loss: 0.0875
2026-04-03 20:21:04,249 -- Step [500/2609] | Batch loss: 0.1492
2026-04-03 20:21:04,445 -- Step [600/2609] | Batch loss: 0.0484
2026-04-03 20:21:04,641 -- Step [700/2609] | Batch loss: 0.0389
2026-04-03 20:21:04,836 -- Step [800/2609] | Batch loss: 0.0112
2026-04-03 20:21:05,019 -- Step [900/2609] | Batch loss: 0.1028
2026-04-03 20:21:05,198 -- Step [1000/2609] | Batch loss: 0.0201
2026-04-03 20:21:05,401 -- Step [1100/2609] | Batch loss: 0.0478
2026-04-03 20:21:05,606 -- Step [1200/2609] | Batch loss: 0.0391
2026-04-03 20:21:05,793 -- Step [1300/2609] | Batch loss: 0.0089
2026-04-03 20:21:06,006 -- Step [1400/2609] | Batch loss: 0.3541
2026-04-03 20:21:06,188 -- Step [1500/2609] | Batch loss: 0.0512
2026-04-03 20:21:06,367 -- Step [1600/2609] | Batch loss: 0.1395
2026-04-03 20:21:06,554 -- Step [1700/2609] | Batch loss: 0.0127
2026-04-03 20:21:06,747 -- Step [1800/2609] | Batch loss: 0.0218
2026-04-03 20:21:06,937 -- Step [1900/2609] | Batch loss: 0.0168
2026-04-03 20:21:07,134 -- Step [2000/2609] | Batch loss: 0.0508
2026-04-03 20:21:07,337 -- Step [2100/2609] | Batch loss: 0.0224
2026-04-03 20:21:07,552 -- Step [2200/2609] | Batch loss: 0.0263
2026-04-03 20:21:07,745 -- Step [2300/2609] | Batch loss: 0.0715
2026-04-03 20:21:07,941 -- Step [2400/2609] | Batch loss: 0.0125
2026-04-03 20:21:08,157 -- Step [2500/2609] | Batch loss: 0.0289
2026-04-03 20:21:08,352 -- Step [2600/2609] | Batch loss: 0.0340
2026-04-03 20:21:08,402 -- 
2026-04-03 20:21:08,403 -- Training epoch completed. Validating...
2026-04-03 20:21:11,254 -- 
2026-04-03 20:21:11,254 -- [32m ====== Epoch 9 Summary ====== [0m
2026-04-03 20:21:11,254 -- Training Loss: 0.0486
2026-04-03 20:21:11,254 -- Validation Loss: 24.8478
2026-04-03 20:21:11,278 -- 
2026-04-03 20:21:11,278 -- [32m ====== Epoch 2/4 (Round 3) ====== [0m
2026-04-03 20:21:11,278 -- Learning rate: 0.000083
2026-04-03 20:21:11,278 -- 
2026-04-03 20:21:11,342 -- Step [1/2609] | Batch loss: 0.0138
2026-04-03 20:21:11,540 -- Step [100/2609] | Batch loss: 0.0407
2026-04-03 20:21:11,744 -- Step [200/2609] | Batch loss: 0.0187
2026-04-03 20:21:11,930 -- Step [300/2609] | Batch loss: 0.0874
2026-04-03 20:21:12,134 -- Step [400/2609] | Batch loss: 0.0159
2026-04-03 20:21:12,330 -- Step [500/2609] | Batch loss: 0.0287
2026-04-03 20:21:12,513 -- Step [600/2609] | Batch loss: 0.0499
2026-04-03 20:21:12,693 -- Step [700/2609] | Batch loss: 0.0824
2026-04-03 20:21:12,871 -- Step [800/2609] | Batch loss: 0.0108
2026-04-03 20:21:13,073 -- Step [900/2609] | Batch loss: 0.0516
2026-04-03 20:21:13,279 -- Step [1000/2609] | Batch loss: 0.0385
2026-04-03 20:21:13,463 -- Step [1100/2609] | Batch loss: 0.0585
2026-04-03 20:21:13,670 -- Step [1200/2609] | Batch loss: 0.0214
2026-04-03 20:21:13,854 -- Step [1300/2609] | Batch loss: 0.0053
2026-04-03 20:21:14,048 -- Step [1400/2609] | Batch loss: 0.0168
2026-04-03 20:21:14,241 -- Step [1500/2609] | Batch loss: 0.0092
2026-04-03 20:21:14,428 -- Step [1600/2609] | Batch loss: 0.0150
2026-04-03 20:21:14,618 -- Step [1700/2609] | Batch loss: 0.0172
2026-04-03 20:21:14,816 -- Step [1800/2609] | Batch loss: 0.0087
2026-04-03 20:21:15,002 -- Step [1900/2609] | Batch loss: 0.0831
2026-04-03 20:21:15,194 -- Step [2000/2609] | Batch loss: 0.0753
2026-04-03 20:21:15,382 -- Step [2100/2609] | Batch loss: 0.0589
2026-04-03 20:21:15,578 -- Step [2200/2609] | Batch loss: 0.0328
2026-04-03 20:21:15,767 -- Step [2300/2609] | Batch loss: 0.0070
2026-04-03 20:21:15,957 -- Step [2400/2609] | Batch loss: 0.0922
2026-04-03 20:21:16,144 -- Step [2500/2609] | Batch loss: 0.0051
2026-04-03 20:21:16,329 -- Step [2600/2609] | Batch loss: 0.0170
2026-04-03 20:21:16,377 -- 
2026-04-03 20:21:16,377 -- Training epoch completed. Validating...
2026-04-03 20:21:19,235 -- 
2026-04-03 20:21:19,235 -- [32m ====== Epoch 10 Summary ====== [0m
2026-04-03 20:21:19,235 -- Training Loss: 0.0452
2026-04-03 20:21:19,235 -- Validation Loss: 25.3403
2026-04-03 20:21:19,260 -- 
2026-04-03 20:21:19,260 -- [32m ====== Epoch 3/4 (Round 3) ====== [0m
2026-04-03 20:21:19,260 -- Learning rate: 0.000082
2026-04-03 20:21:19,260 -- 
2026-04-03 20:21:19,332 -- Step [1/2609] | Batch loss: 0.1346
2026-04-03 20:21:19,533 -- Step [100/2609] | Batch loss: 0.0101
2026-04-03 20:21:19,746 -- Step [200/2609] | Batch loss: 0.1043
2026-04-03 20:21:19,935 -- Step [300/2609] | Batch loss: 0.0357
2026-04-03 20:21:20,123 -- Step [400/2609] | Batch loss: 0.0207
2026-04-03 20:21:20,311 -- Step [500/2609] | Batch loss: 0.0300
2026-04-03 20:21:20,516 -- Step [600/2609] | Batch loss: 0.0028
2026-04-03 20:21:20,712 -- Step [700/2609] | Batch loss: 0.0187
2026-04-03 20:21:20,916 -- Step [800/2609] | Batch loss: 0.0628
2026-04-03 20:21:21,109 -- Step [900/2609] | Batch loss: 0.0214
2026-04-03 20:21:21,314 -- Step [1000/2609] | Batch loss: 0.0298
2026-04-03 20:21:21,517 -- Step [1100/2609] | Batch loss: 0.0052
2026-04-03 20:21:21,709 -- Step [1200/2609] | Batch loss: 0.0916
2026-04-03 20:21:21,903 -- Step [1300/2609] | Batch loss: 0.0882
2026-04-03 20:21:22,090 -- Step [1400/2609] | Batch loss: 0.0049
2026-04-03 20:21:22,286 -- Step [1500/2609] | Batch loss: 0.0600
2026-04-03 20:21:22,487 -- Step [1600/2609] | Batch loss: 0.0275
2026-04-03 20:21:22,675 -- Step [1700/2609] | Batch loss: 0.0358
2026-04-03 20:21:22,862 -- Step [1800/2609] | Batch loss: 0.0896
2026-04-03 20:21:23,053 -- Step [1900/2609] | Batch loss: 0.0169
2026-04-03 20:21:23,256 -- Step [2000/2609] | Batch loss: 0.0180
2026-04-03 20:21:23,438 -- Step [2100/2609] | Batch loss: 0.0500
2026-04-03 20:21:23,617 -- Step [2200/2609] | Batch loss: 0.0394
2026-04-03 20:21:23,814 -- Step [2300/2609] | Batch loss: 0.0338
2026-04-03 20:21:24,002 -- Step [2400/2609] | Batch loss: 0.0548
2026-04-03 20:21:24,188 -- Step [2500/2609] | Batch loss: 0.0178
2026-04-03 20:21:24,382 -- Step [2600/2609] | Batch loss: 0.0876
2026-04-03 20:21:24,445 -- 
2026-04-03 20:21:24,445 -- Training epoch completed. Validating...
2026-04-03 20:21:27,373 -- 
2026-04-03 20:21:27,373 -- [32m ====== Epoch 11 Summary ====== [0m
2026-04-03 20:21:27,373 -- Training Loss: 0.0405
2026-04-03 20:21:27,373 -- Validation Loss: 27.0662
2026-04-03 20:21:27,396 -- 
2026-04-03 20:21:27,396 -- [32m ====== Epoch 4/4 (Round 3) ====== [0m
2026-04-03 20:21:27,397 -- Learning rate: 0.000080
2026-04-03 20:21:27,397 -- 
2026-04-03 20:21:27,462 -- Step [1/2609] | Batch loss: 0.0329
2026-04-03 20:21:27,653 -- Step [100/2609] | Batch loss: 0.0096
2026-04-03 20:21:27,841 -- Step [200/2609] | Batch loss: 0.0099
2026-04-03 20:21:28,032 -- Step [300/2609] | Batch loss: 0.0098
2026-04-03 20:21:28,214 -- Step [400/2609] | Batch loss: 0.0294
2026-04-03 20:21:28,428 -- Step [500/2609] | Batch loss: 0.0754
2026-04-03 20:21:28,622 -- Step [600/2609] | Batch loss: 0.0087
2026-04-03 20:21:28,833 -- Step [700/2609] | Batch loss: 0.0070
2026-04-03 20:21:29,014 -- Step [800/2609] | Batch loss: 0.0301
2026-04-03 20:21:29,197 -- Step [900/2609] | Batch loss: 0.0228
2026-04-03 20:21:29,394 -- Step [1000/2609] | Batch loss: 0.0171
2026-04-03 20:21:29,598 -- Step [1100/2609] | Batch loss: 0.0022
2026-04-03 20:21:29,794 -- Step [1200/2609] | Batch loss: 0.0148
2026-04-03 20:21:29,980 -- Step [1300/2609] | Batch loss: 0.0353
2026-04-03 20:21:30,169 -- Step [1400/2609] | Batch loss: 0.0736
2026-04-03 20:21:30,369 -- Step [1500/2609] | Batch loss: 0.0338
2026-04-03 20:21:30,566 -- Step [1600/2609] | Batch loss: 0.0310
2026-04-03 20:21:30,766 -- Step [1700/2609] | Batch loss: 0.0100
2026-04-03 20:21:30,948 -- Step [1800/2609] | Batch loss: 0.0291
2026-04-03 20:21:31,126 -- Step [1900/2609] | Batch loss: 0.0373
2026-04-03 20:21:31,318 -- Step [2000/2609] | Batch loss: 0.0096
2026-04-03 20:21:31,509 -- Step [2100/2609] | Batch loss: 0.0269
2026-04-03 20:21:31,692 -- Step [2200/2609] | Batch loss: 0.0286
2026-04-03 20:21:31,886 -- Step [2300/2609] | Batch loss: 0.0220
2026-04-03 20:21:32,090 -- Step [2400/2609] | Batch loss: 0.0169
2026-04-03 20:21:32,293 -- Step [2500/2609] | Batch loss: 0.0025
2026-04-03 20:21:32,465 -- Step [2600/2609] | Batch loss: 0.0435
2026-04-03 20:21:32,526 -- 
2026-04-03 20:21:32,526 -- Training epoch completed. Validating...
2026-04-03 20:21:35,423 -- 
2026-04-03 20:21:35,423 -- [32m ====== Epoch 12 Summary ====== [0m
2026-04-03 20:21:35,423 -- Training Loss: 0.0368
2026-04-03 20:21:35,423 -- Validation Loss: 27.8904
2026-04-03 20:21:35,553 -- 
2026-04-03 20:21:35,553 -- [32m ====== Pseudo-labeling result ====== [0m
2026-04-03 20:21:35,553 -- Confidence threshold: 0.98
2026-04-03 20:21:35,553 -- Pseudo-labeling ratio: 21.51%
2026-04-03 20:21:35,553 -- Total labeled samples: 335019
2026-04-03 20:21:35,553 -- Remaining unlabeled samples: 3991
2026-04-03 20:21:35,553 -- 
