2026-04-02 12:16:56,732 -- [33m Self-training round [1/3] [0m
2026-04-02 12:16:56,732 -- 
2026-04-02 12:16:56,733 -- [32m ====== Epoch 1/4 (Round 1) ====== [0m
2026-04-02 12:16:56,733 -- Learning rate: 0.000500
2026-04-02 12:16:56,733 -- 
2026-04-02 12:16:56,898 -- Step [1/2150] | Batch loss: 1.3515
2026-04-02 12:16:57,067 -- Step [100/2150] | Batch loss: 0.6613
2026-04-02 12:16:57,247 -- Step [200/2150] | Batch loss: 0.5573
2026-04-02 12:16:57,399 -- Step [300/2150] | Batch loss: 0.4715
2026-04-02 12:16:57,561 -- Step [400/2150] | Batch loss: 0.1920
2026-04-02 12:16:57,721 -- Step [500/2150] | Batch loss: 0.1690
2026-04-02 12:16:57,872 -- Step [600/2150] | Batch loss: 0.0975
2026-04-02 12:16:58,024 -- Step [700/2150] | Batch loss: 0.2307
2026-04-02 12:16:58,187 -- Step [800/2150] | Batch loss: 0.1972
2026-04-02 12:16:58,340 -- Step [900/2150] | Batch loss: 0.0767
2026-04-02 12:16:58,502 -- Step [1000/2150] | Batch loss: 0.0396
2026-04-02 12:16:58,650 -- Step [1100/2150] | Batch loss: 0.0401
2026-04-02 12:16:58,809 -- Step [1200/2150] | Batch loss: 0.0619
2026-04-02 12:16:58,973 -- Step [1300/2150] | Batch loss: 0.0233
2026-04-02 12:16:59,144 -- Step [1400/2150] | Batch loss: 0.0718
2026-04-02 12:16:59,299 -- Step [1500/2150] | Batch loss: 0.0498
2026-04-02 12:16:59,455 -- Step [1600/2150] | Batch loss: 0.1199
2026-04-02 12:16:59,607 -- Step [1700/2150] | Batch loss: 0.0119
2026-04-02 12:16:59,769 -- Step [1800/2150] | Batch loss: 0.0080
2026-04-02 12:16:59,925 -- Step [1900/2150] | Batch loss: 0.0316
2026-04-02 12:17:00,083 -- Step [2000/2150] | Batch loss: 0.0485
2026-04-02 12:17:00,261 -- Step [2100/2150] | Batch loss: 0.0115
2026-04-02 12:17:00,361 -- 
2026-04-02 12:17:00,361 -- Training epoch completed. Validating...
2026-04-02 12:17:02,921 -- 
2026-04-02 12:17:02,921 -- [32m ====== Epoch 1 Summary ====== [0m
2026-04-02 12:17:02,922 -- Training Loss: 0.1820
2026-04-02 12:17:02,922 -- Validation Loss: 0.0046
2026-04-02 12:17:02,996 -- [33m✓ New best model saved with validation loss: 0.0046 [0m
2026-04-02 12:17:02,996 -- 
2026-04-02 12:17:02,996 -- [32m ====== Epoch 2/4 (Round 1) ====== [0m
2026-04-02 12:17:02,996 -- Learning rate: 0.000490
2026-04-02 12:17:02,996 -- 
2026-04-02 12:17:03,059 -- Step [1/2150] | Batch loss: 0.0118
2026-04-02 12:17:03,216 -- Step [100/2150] | Batch loss: 0.0118
2026-04-02 12:17:03,364 -- Step [200/2150] | Batch loss: 0.0160
2026-04-02 12:17:03,515 -- Step [300/2150] | Batch loss: 0.0040
2026-04-02 12:17:03,675 -- Step [400/2150] | Batch loss: 0.0347
2026-04-02 12:17:03,829 -- Step [500/2150] | Batch loss: 0.0046
2026-04-02 12:17:03,983 -- Step [600/2150] | Batch loss: 0.0481
2026-04-02 12:17:04,129 -- Step [700/2150] | Batch loss: 0.0523
2026-04-02 12:17:04,284 -- Step [800/2150] | Batch loss: 0.0048
2026-04-02 12:17:04,441 -- Step [900/2150] | Batch loss: 0.0208
2026-04-02 12:17:04,601 -- Step [1000/2150] | Batch loss: 0.0644
2026-04-02 12:17:04,760 -- Step [1100/2150] | Batch loss: 0.0022
2026-04-02 12:17:04,932 -- Step [1200/2150] | Batch loss: 0.0442
2026-04-02 12:17:05,082 -- Step [1300/2150] | Batch loss: 0.0061
2026-04-02 12:17:05,239 -- Step [1400/2150] | Batch loss: 0.0035
2026-04-02 12:17:05,392 -- Step [1500/2150] | Batch loss: 0.0201
2026-04-02 12:17:05,556 -- Step [1600/2150] | Batch loss: 0.0112
2026-04-02 12:17:05,704 -- Step [1700/2150] | Batch loss: 0.0017
2026-04-02 12:17:05,862 -- Step [1800/2150] | Batch loss: 0.0299
2026-04-02 12:17:06,024 -- Step [1900/2150] | Batch loss: 0.0618
2026-04-02 12:17:06,189 -- Step [2000/2150] | Batch loss: 0.0147
2026-04-02 12:17:06,342 -- Step [2100/2150] | Batch loss: 0.0016
2026-04-02 12:17:06,453 -- 
2026-04-02 12:17:06,454 -- Training epoch completed. Validating...
2026-04-02 12:17:08,982 -- 
2026-04-02 12:17:08,982 -- [32m ====== Epoch 2 Summary ====== [0m
2026-04-02 12:17:08,982 -- Training Loss: 0.0238
2026-04-02 12:17:08,983 -- Validation Loss: 0.0011
2026-04-02 12:17:09,029 -- [33m✓ New best model saved with validation loss: 0.0011 [0m
2026-04-02 12:17:09,029 -- 
2026-04-02 12:17:09,029 -- [32m ====== Epoch 3/4 (Round 1) ====== [0m
2026-04-02 12:17:09,029 -- Learning rate: 0.000480
2026-04-02 12:17:09,029 -- 
2026-04-02 12:17:09,090 -- Step [1/2150] | Batch loss: 0.0027
2026-04-02 12:17:09,256 -- Step [100/2150] | Batch loss: 0.0021
2026-04-02 12:17:09,403 -- Step [200/2150] | Batch loss: 0.0377
2026-04-02 12:17:09,560 -- Step [300/2150] | Batch loss: 0.0024
2026-04-02 12:17:09,714 -- Step [400/2150] | Batch loss: 0.0095
2026-04-02 12:17:09,877 -- Step [500/2150] | Batch loss: 0.0033
2026-04-02 12:17:10,034 -- Step [600/2150] | Batch loss: 0.0218
2026-04-02 12:17:10,198 -- Step [700/2150] | Batch loss: 0.0801
2026-04-02 12:17:10,375 -- Step [800/2150] | Batch loss: 0.0009
2026-04-02 12:17:10,543 -- Step [900/2150] | Batch loss: 0.0010
2026-04-02 12:17:10,701 -- Step [1000/2150] | Batch loss: 0.0061
2026-04-02 12:17:10,883 -- Step [1100/2150] | Batch loss: 0.0163
2026-04-02 12:17:11,037 -- Step [1200/2150] | Batch loss: 0.0493
2026-04-02 12:17:11,192 -- Step [1300/2150] | Batch loss: 0.0015
2026-04-02 12:17:11,369 -- Step [1400/2150] | Batch loss: 0.0005
2026-04-02 12:17:11,539 -- Step [1500/2150] | Batch loss: 0.0648
2026-04-02 12:17:11,702 -- Step [1600/2150] | Batch loss: 0.0032
2026-04-02 12:17:11,852 -- Step [1700/2150] | Batch loss: 0.0009
2026-04-02 12:17:12,011 -- Step [1800/2150] | Batch loss: 0.0134
2026-04-02 12:17:12,168 -- Step [1900/2150] | Batch loss: 0.0009
2026-04-02 12:17:12,331 -- Step [2000/2150] | Batch loss: 0.0007
2026-04-02 12:17:12,485 -- Step [2100/2150] | Batch loss: 0.0011
2026-04-02 12:17:12,588 -- 
2026-04-02 12:17:12,588 -- Training epoch completed. Validating...
2026-04-02 12:17:15,103 -- 
2026-04-02 12:17:15,103 -- [32m ====== Epoch 3 Summary ====== [0m
2026-04-02 12:17:15,103 -- Training Loss: 0.0138
2026-04-02 12:17:15,103 -- Validation Loss: 0.0003
2026-04-02 12:17:15,148 -- [33m✓ New best model saved with validation loss: 0.0003 [0m
2026-04-02 12:17:15,148 -- 
2026-04-02 12:17:15,148 -- [32m ====== Epoch 4/4 (Round 1) ====== [0m
2026-04-02 12:17:15,148 -- Learning rate: 0.000471
2026-04-02 12:17:15,148 -- 
2026-04-02 12:17:15,226 -- Step [1/2150] | Batch loss: 0.0340
2026-04-02 12:17:15,396 -- Step [100/2150] | Batch loss: 0.0990
2026-04-02 12:17:15,556 -- Step [200/2150] | Batch loss: 0.0119
2026-04-02 12:17:15,711 -- Step [300/2150] | Batch loss: 0.0007
2026-04-02 12:17:15,862 -- Step [400/2150] | Batch loss: 0.0005
2026-04-02 12:17:16,014 -- Step [500/2150] | Batch loss: 0.0248
2026-04-02 12:17:16,159 -- Step [600/2150] | Batch loss: 0.0568
2026-04-02 12:17:16,310 -- Step [700/2150] | Batch loss: 0.0016
2026-04-02 12:17:16,459 -- Step [800/2150] | Batch loss: 0.0045
2026-04-02 12:17:16,619 -- Step [900/2150] | Batch loss: 0.0006
2026-04-02 12:17:16,767 -- Step [1000/2150] | Batch loss: 0.0674
2026-04-02 12:17:16,917 -- Step [1100/2150] | Batch loss: 0.0007
2026-04-02 12:17:17,071 -- Step [1200/2150] | Batch loss: 0.0132
2026-04-02 12:17:17,232 -- Step [1300/2150] | Batch loss: 0.0302
2026-04-02 12:17:17,404 -- Step [1400/2150] | Batch loss: 0.0029
2026-04-02 12:17:17,574 -- Step [1500/2150] | Batch loss: 0.0010
2026-04-02 12:17:17,738 -- Step [1600/2150] | Batch loss: 0.0011
2026-04-02 12:17:17,899 -- Step [1700/2150] | Batch loss: 0.0056
2026-04-02 12:17:18,048 -- Step [1800/2150] | Batch loss: 0.0169
2026-04-02 12:17:18,208 -- Step [1900/2150] | Batch loss: 0.0007
2026-04-02 12:17:18,364 -- Step [2000/2150] | Batch loss: 0.0005
2026-04-02 12:17:18,515 -- Step [2100/2150] | Batch loss: 0.0006
2026-04-02 12:17:18,610 -- 
2026-04-02 12:17:18,610 -- Training epoch completed. Validating...
2026-04-02 12:17:21,119 -- 
2026-04-02 12:17:21,119 -- [32m ====== Epoch 4 Summary ====== [0m
2026-04-02 12:17:21,119 -- Training Loss: 0.0118
2026-04-02 12:17:21,119 -- Validation Loss: 0.0001
2026-04-02 12:17:21,163 -- [33m✓ New best model saved with validation loss: 0.0001 [0m
2026-04-02 12:17:21,715 -- 
2026-04-02 12:17:21,715 -- [32m ====== Pseudo-labeling result ====== [0m
2026-04-02 12:17:21,715 -- Confidence threshold: 0.95
2026-04-02 12:17:21,715 -- Pseudo-labeling ratio: 94.86%
2026-04-02 12:17:21,715 -- Total labeled samples: 335831
2026-04-02 12:17:21,715 -- Remaining unlabeled samples: 3293
2026-04-02 12:17:21,715 -- 
2026-04-02 12:17:21,715 -- [33m Self-training round [2/3] [0m
2026-04-02 12:17:21,715 -- 
2026-04-02 12:17:21,715 -- [32m ====== Epoch 1/4 (Round 2) ====== [0m
2026-04-02 12:17:21,715 -- Learning rate: 0.000461
2026-04-02 12:17:21,715 -- 
2026-04-02 12:17:21,782 -- Step [1/2624] | Batch loss: 1.7448
2026-04-02 12:17:21,947 -- Step [100/2624] | Batch loss: 0.6793
2026-04-02 12:17:22,092 -- Step [200/2624] | Batch loss: 0.0034
2026-04-02 12:17:22,247 -- Step [300/2624] | Batch loss: 0.5148
2026-04-02 12:17:22,417 -- Step [400/2624] | Batch loss: 0.0086
2026-04-02 12:17:22,580 -- Step [500/2624] | Batch loss: 0.5790
2026-04-02 12:17:22,730 -- Step [600/2624] | Batch loss: 0.0030
2026-04-02 12:17:22,877 -- Step [700/2624] | Batch loss: 0.0083
2026-04-02 12:17:23,033 -- Step [800/2624] | Batch loss: 0.5382
2026-04-02 12:17:23,181 -- Step [900/2624] | Batch loss: 0.6090
2026-04-02 12:17:23,347 -- Step [1000/2624] | Batch loss: 0.6316
2026-04-02 12:17:23,506 -- Step [1100/2624] | Batch loss: 0.4873
2026-04-02 12:17:23,668 -- Step [1200/2624] | Batch loss: 0.0174
2026-04-02 12:17:23,821 -- Step [1300/2624] | Batch loss: 0.5294
2026-04-02 12:17:23,992 -- Step [1400/2624] | Batch loss: 0.0111
2026-04-02 12:17:24,151 -- Step [1500/2624] | Batch loss: 0.4080
2026-04-02 12:17:24,312 -- Step [1600/2624] | Batch loss: 0.0170
2026-04-02 12:17:24,457 -- Step [1700/2624] | Batch loss: 0.0131
2026-04-02 12:17:24,610 -- Step [1800/2624] | Batch loss: 0.0059
2026-04-02 12:17:24,760 -- Step [1900/2624] | Batch loss: 0.0214
2026-04-02 12:17:24,909 -- Step [2000/2624] | Batch loss: 0.6434
2026-04-02 12:17:25,070 -- Step [2100/2624] | Batch loss: 0.0128
2026-04-02 12:17:25,226 -- Step [2200/2624] | Batch loss: 0.0171
2026-04-02 12:17:25,382 -- Step [2300/2624] | Batch loss: 0.0091
2026-04-02 12:17:25,537 -- Step [2400/2624] | Batch loss: 0.4247
2026-04-02 12:17:25,689 -- Step [2500/2624] | Batch loss: 0.5028
2026-04-02 12:17:25,842 -- Step [2600/2624] | Batch loss: 0.4005
2026-04-02 12:17:25,899 -- 
2026-04-02 12:17:25,899 -- Training epoch completed. Validating...
2026-04-02 12:17:28,450 -- 
2026-04-02 12:17:28,450 -- [32m ====== Epoch 5 Summary ====== [0m
2026-04-02 12:17:28,450 -- Training Loss: 0.2749
2026-04-02 12:17:28,450 -- Validation Loss: 0.0018
2026-04-02 12:17:28,474 -- 
2026-04-02 12:17:28,474 -- [32m ====== Epoch 2/4 (Round 2) ====== [0m
2026-04-02 12:17:28,474 -- Learning rate: 0.000452
2026-04-02 12:17:28,474 -- 
2026-04-02 12:17:28,540 -- Step [1/2624] | Batch loss: 0.0094
2026-04-02 12:17:28,711 -- Step [100/2624] | Batch loss: 0.4326
2026-04-02 12:17:28,858 -- Step [200/2624] | Batch loss: 0.0110
2026-04-02 12:17:29,007 -- Step [300/2624] | Batch loss: 0.0152
2026-04-02 12:17:29,166 -- Step [400/2624] | Batch loss: 0.3677
2026-04-02 12:17:29,316 -- Step [500/2624] | Batch loss: 0.0193
2026-04-02 12:17:29,468 -- Step [600/2624] | Batch loss: 0.4193
2026-04-02 12:17:29,624 -- Step [700/2624] | Batch loss: 0.4887
2026-04-02 12:17:29,785 -- Step [800/2624] | Batch loss: 0.0207
2026-04-02 12:17:29,943 -- Step [900/2624] | Batch loss: 0.4476
2026-04-02 12:17:30,094 -- Step [1000/2624] | Batch loss: 0.4903
2026-04-02 12:17:30,238 -- Step [1100/2624] | Batch loss: 0.4030
2026-04-02 12:17:30,393 -- Step [1200/2624] | Batch loss: 0.3495
2026-04-02 12:17:30,545 -- Step [1300/2624] | Batch loss: 0.0162
2026-04-02 12:17:30,729 -- Step [1400/2624] | Batch loss: 0.0117
2026-04-02 12:17:30,896 -- Step [1500/2624] | Batch loss: 0.0097
2026-04-02 12:17:31,051 -- Step [1600/2624] | Batch loss: 0.0165
2026-04-02 12:17:31,212 -- Step [1700/2624] | Batch loss: 0.4389
2026-04-02 12:17:31,365 -- Step [1800/2624] | Batch loss: 0.0110
2026-04-02 12:17:31,513 -- Step [1900/2624] | Batch loss: 0.0070
2026-04-02 12:17:31,663 -- Step [2000/2624] | Batch loss: 0.4278
2026-04-02 12:17:31,813 -- Step [2100/2624] | Batch loss: 0.4782
2026-04-02 12:17:31,972 -- Step [2200/2624] | Batch loss: 0.4889
2026-04-02 12:17:32,168 -- Step [2300/2624] | Batch loss: 0.0100
2026-04-02 12:17:32,346 -- Step [2400/2624] | Batch loss: 0.0087
2026-04-02 12:17:32,503 -- Step [2500/2624] | Batch loss: 0.5882
2026-04-02 12:17:32,649 -- Step [2600/2624] | Batch loss: 0.3979
2026-04-02 12:17:32,709 -- 
2026-04-02 12:17:32,709 -- Training epoch completed. Validating...
2026-04-02 12:17:35,254 -- 
2026-04-02 12:17:35,254 -- [32m ====== Epoch 6 Summary ====== [0m
2026-04-02 12:17:35,254 -- Training Loss: 0.2368
2026-04-02 12:17:35,254 -- Validation Loss: 0.0009
2026-04-02 12:17:35,280 -- 
2026-04-02 12:17:35,280 -- [32m ====== Epoch 3/4 (Round 2) ====== [0m
2026-04-02 12:17:35,280 -- Learning rate: 0.000443
2026-04-02 12:17:35,280 -- 
2026-04-02 12:17:35,345 -- Step [1/2624] | Batch loss: 0.4972
2026-04-02 12:17:35,521 -- Step [100/2624] | Batch loss: 0.5195
2026-04-02 12:17:35,682 -- Step [200/2624] | Batch loss: 0.4463
2026-04-02 12:17:35,840 -- Step [300/2624] | Batch loss: 0.3604
2026-04-02 12:17:35,993 -- Step [400/2624] | Batch loss: 0.0152
2026-04-02 12:17:36,174 -- Step [500/2624] | Batch loss: 0.6183
2026-04-02 12:17:36,332 -- Step [600/2624] | Batch loss: 0.0164
2026-04-02 12:17:36,494 -- Step [700/2624] | Batch loss: 0.0077
2026-04-02 12:17:36,659 -- Step [800/2624] | Batch loss: 0.3993
2026-04-02 12:17:36,821 -- Step [900/2624] | Batch loss: 0.3590
2026-04-02 12:17:36,984 -- Step [1000/2624] | Batch loss: 0.0055
2026-04-02 12:17:37,140 -- Step [1100/2624] | Batch loss: 0.4311
2026-04-02 12:17:37,299 -- Step [1200/2624] | Batch loss: 0.0083
2026-04-02 12:17:37,451 -- Step [1300/2624] | Batch loss: 0.0120
2026-04-02 12:17:37,607 -- Step [1400/2624] | Batch loss: 0.0124
2026-04-02 12:17:37,783 -- Step [1500/2624] | Batch loss: 0.0131
2026-04-02 12:17:37,929 -- Step [1600/2624] | Batch loss: 0.0082
2026-04-02 12:17:38,076 -- Step [1700/2624] | Batch loss: 0.5375
2026-04-02 12:17:38,224 -- Step [1800/2624] | Batch loss: 0.5531
2026-04-02 12:17:38,377 -- Step [1900/2624] | Batch loss: 0.0082
2026-04-02 12:17:38,535 -- Step [2000/2624] | Batch loss: 0.0088
2026-04-02 12:17:38,691 -- Step [2100/2624] | Batch loss: 0.0079
2026-04-02 12:17:38,858 -- Step [2200/2624] | Batch loss: 0.0092
2026-04-02 12:17:39,017 -- Step [2300/2624] | Batch loss: 0.0114
2026-04-02 12:17:39,183 -- Step [2400/2624] | Batch loss: 0.3719
2026-04-02 12:17:39,339 -- Step [2500/2624] | Batch loss: 0.4110
2026-04-02 12:17:39,500 -- Step [2600/2624] | Batch loss: 0.0075
2026-04-02 12:17:39,574 -- 
2026-04-02 12:17:39,574 -- Training epoch completed. Validating...
2026-04-02 12:17:42,072 -- 
2026-04-02 12:17:42,072 -- [32m ====== Epoch 7 Summary ====== [0m
2026-04-02 12:17:42,072 -- Training Loss: 0.2334
2026-04-02 12:17:42,072 -- Validation Loss: 0.0007
2026-04-02 12:17:42,096 -- 
2026-04-02 12:17:42,096 -- [32m ====== Epoch 4/4 (Round 2) ====== [0m
2026-04-02 12:17:42,096 -- Learning rate: 0.000434
2026-04-02 12:17:42,096 -- 
2026-04-02 12:17:42,164 -- Step [1/2624] | Batch loss: 0.0057
2026-04-02 12:17:42,343 -- Step [100/2624] | Batch loss: 0.4982
2026-04-02 12:17:42,508 -- Step [200/2624] | Batch loss: 0.5380
2026-04-02 12:17:42,656 -- Step [300/2624] | Batch loss: 0.0088
2026-04-02 12:17:42,806 -- Step [400/2624] | Batch loss: 0.0095
2026-04-02 12:17:42,963 -- Step [500/2624] | Batch loss: 0.3026
2026-04-02 12:17:43,119 -- Step [600/2624] | Batch loss: 0.4470
2026-04-02 12:17:43,278 -- Step [700/2624] | Batch loss: 0.0140
2026-04-02 12:17:43,431 -- Step [800/2624] | Batch loss: 0.5557
2026-04-02 12:17:43,604 -- Step [900/2624] | Batch loss: 0.4836
2026-04-02 12:17:43,789 -- Step [1000/2624] | Batch loss: 0.0196
2026-04-02 12:17:43,957 -- Step [1100/2624] | Batch loss: 0.0103
2026-04-02 12:17:44,109 -- Step [1200/2624] | Batch loss: 0.4174
2026-04-02 12:17:44,259 -- Step [1300/2624] | Batch loss: 0.3688
2026-04-02 12:17:44,419 -- Step [1400/2624] | Batch loss: 0.4213
2026-04-02 12:17:44,576 -- Step [1500/2624] | Batch loss: 0.4672
2026-04-02 12:17:44,727 -- Step [1600/2624] | Batch loss: 0.0085
2026-04-02 12:17:44,884 -- Step [1700/2624] | Batch loss: 0.4616
2026-04-02 12:17:45,045 -- Step [1800/2624] | Batch loss: 0.0054
2026-04-02 12:17:45,202 -- Step [1900/2624] | Batch loss: 0.0129
2026-04-02 12:17:45,368 -- Step [2000/2624] | Batch loss: 0.0064
2026-04-02 12:17:45,524 -- Step [2100/2624] | Batch loss: 0.0092
2026-04-02 12:17:45,678 -- Step [2200/2624] | Batch loss: 0.4995
2026-04-02 12:17:45,841 -- Step [2300/2624] | Batch loss: 0.4819
2026-04-02 12:17:46,001 -- Step [2400/2624] | Batch loss: 0.4153
2026-04-02 12:17:46,160 -- Step [2500/2624] | Batch loss: 0.0054
2026-04-02 12:17:46,319 -- Step [2600/2624] | Batch loss: 0.2986
2026-04-02 12:17:46,387 -- 
2026-04-02 12:17:46,387 -- Training epoch completed. Validating...
2026-04-02 12:17:48,948 -- 
2026-04-02 12:17:48,949 -- [32m ====== Epoch 8 Summary ====== [0m
2026-04-02 12:17:48,949 -- Training Loss: 0.2378
2026-04-02 12:17:48,949 -- Validation Loss: 0.0003
2026-04-02 12:17:49,058 -- 
2026-04-02 12:17:49,059 -- [32m ====== Pseudo-labeling result ====== [0m
2026-04-02 12:17:49,059 -- Confidence threshold: 0.95
2026-04-02 12:17:49,059 -- Pseudo-labeling ratio: 72.76%
2026-04-02 12:17:49,059 -- Total labeled samples: 338227
2026-04-02 12:17:49,059 -- Remaining unlabeled samples: 897
2026-04-02 12:17:49,059 -- 
2026-04-02 12:17:49,059 -- [33m Self-training round [3/3] [0m
2026-04-02 12:17:49,059 -- 
2026-04-02 12:17:49,059 -- [32m ====== Epoch 1/4 (Round 3) ====== [0m
2026-04-02 12:17:49,059 -- Learning rate: 0.000425
2026-04-02 12:17:49,059 -- 
2026-04-02 12:17:49,127 -- Step [1/2643] | Batch loss: 0.4643
2026-04-02 12:17:49,292 -- Step [100/2643] | Batch loss: 0.0073
2026-04-02 12:17:49,460 -- Step [200/2643] | Batch loss: 0.0086
2026-04-02 12:17:49,616 -- Step [300/2643] | Batch loss: 0.5568
2026-04-02 12:17:49,767 -- Step [400/2643] | Batch loss: 0.0087
2026-04-02 12:17:49,934 -- Step [500/2643] | Batch loss: 0.4016
2026-04-02 12:17:50,083 -- Step [600/2643] | Batch loss: 0.0058
2026-04-02 12:17:50,231 -- Step [700/2643] | Batch loss: 0.0056
2026-04-02 12:17:50,394 -- Step [800/2643] | Batch loss: 0.0060
2026-04-02 12:17:50,556 -- Step [900/2643] | Batch loss: 0.4008
2026-04-02 12:17:50,711 -- Step [1000/2643] | Batch loss: 0.5959
2026-04-02 12:17:50,869 -- Step [1100/2643] | Batch loss: 0.0043
2026-04-02 12:17:51,041 -- Step [1200/2643] | Batch loss: 0.4159
2026-04-02 12:17:51,199 -- Step [1300/2643] | Batch loss: 0.0096
2026-04-02 12:17:51,350 -- Step [1400/2643] | Batch loss: 0.4878
2026-04-02 12:17:51,509 -- Step [1500/2643] | Batch loss: 0.0084
2026-04-02 12:17:51,666 -- Step [1600/2643] | Batch loss: 0.5145
2026-04-02 12:17:51,822 -- Step [1700/2643] | Batch loss: 0.0298
2026-04-02 12:17:51,975 -- Step [1800/2643] | Batch loss: 0.0035
2026-04-02 12:17:52,137 -- Step [1900/2643] | Batch loss: 0.5311
2026-04-02 12:17:52,294 -- Step [2000/2643] | Batch loss: 0.4279
2026-04-02 12:17:52,462 -- Step [2100/2643] | Batch loss: 0.0064
2026-04-02 12:17:52,625 -- Step [2200/2643] | Batch loss: 0.0075
2026-04-02 12:17:52,771 -- Step [2300/2643] | Batch loss: 0.0068
2026-04-02 12:17:52,924 -- Step [2400/2643] | Batch loss: 0.5116
2026-04-02 12:17:53,101 -- Step [2500/2643] | Batch loss: 0.0043
2026-04-02 12:17:53,259 -- Step [2600/2643] | Batch loss: 0.0068
2026-04-02 12:17:53,355 -- 
2026-04-02 12:17:53,355 -- Training epoch completed. Validating...
2026-04-02 12:17:55,912 -- 
2026-04-02 12:17:55,912 -- [32m ====== Epoch 9 Summary ====== [0m
2026-04-02 12:17:55,912 -- Training Loss: 0.2296
2026-04-02 12:17:55,912 -- Validation Loss: 0.0002
2026-04-02 12:17:55,935 -- 
2026-04-02 12:17:55,936 -- [32m ====== Epoch 2/4 (Round 3) ====== [0m
2026-04-02 12:17:55,936 -- Learning rate: 0.000417
2026-04-02 12:17:55,936 -- 
2026-04-02 12:17:56,003 -- Step [1/2643] | Batch loss: 0.3949
2026-04-02 12:17:56,156 -- Step [100/2643] | Batch loss: 0.0073
2026-04-02 12:17:56,317 -- Step [200/2643] | Batch loss: 0.5047
2026-04-02 12:17:56,470 -- Step [300/2643] | Batch loss: 0.0058
2026-04-02 12:17:56,614 -- Step [400/2643] | Batch loss: 0.0052
2026-04-02 12:17:56,787 -- Step [500/2643] | Batch loss: 0.4949
2026-04-02 12:17:56,937 -- Step [600/2643] | Batch loss: 0.4080
2026-04-02 12:17:57,085 -- Step [700/2643] | Batch loss: 0.4908
2026-04-02 12:17:57,249 -- Step [800/2643] | Batch loss: 0.0062
2026-04-02 12:17:57,395 -- Step [900/2643] | Batch loss: 0.0040
2026-04-02 12:17:57,547 -- Step [1000/2643] | Batch loss: 0.3999
2026-04-02 12:17:57,706 -- Step [1100/2643] | Batch loss: 0.0061
2026-04-02 12:17:57,860 -- Step [1200/2643] | Batch loss: 0.4086
2026-04-02 12:17:58,015 -- Step [1300/2643] | Batch loss: 0.0045
2026-04-02 12:17:58,172 -- Step [1400/2643] | Batch loss: 0.4434
2026-04-02 12:17:58,332 -- Step [1500/2643] | Batch loss: 0.6989
2026-04-02 12:17:58,497 -- Step [1600/2643] | Batch loss: 0.0042
2026-04-02 12:17:58,676 -- Step [1700/2643] | Batch loss: 0.4097
2026-04-02 12:17:58,833 -- Step [1800/2643] | Batch loss: 0.0105
2026-04-02 12:17:58,985 -- Step [1900/2643] | Batch loss: 0.0079
2026-04-02 12:17:59,135 -- Step [2000/2643] | Batch loss: 0.0048
2026-04-02 12:17:59,283 -- Step [2100/2643] | Batch loss: 0.0070
2026-04-02 12:17:59,431 -- Step [2200/2643] | Batch loss: 0.0079
2026-04-02 12:17:59,592 -- Step [2300/2643] | Batch loss: 0.6267
2026-04-02 12:17:59,746 -- Step [2400/2643] | Batch loss: 0.4106
2026-04-02 12:17:59,892 -- Step [2500/2643] | Batch loss: 0.4070
2026-04-02 12:18:00,042 -- Step [2600/2643] | Batch loss: 0.4940
2026-04-02 12:18:00,131 -- 
2026-04-02 12:18:00,131 -- Training epoch completed. Validating...
2026-04-02 12:18:02,702 -- 
2026-04-02 12:18:02,702 -- [32m ====== Epoch 10 Summary ====== [0m
2026-04-02 12:18:02,702 -- Training Loss: 0.2260
2026-04-02 12:18:02,702 -- Validation Loss: 0.0002
2026-04-02 12:18:02,724 -- 
2026-04-02 12:18:02,724 -- [32m ====== Epoch 3/4 (Round 3) ====== [0m
2026-04-02 12:18:02,724 -- Learning rate: 0.000409
2026-04-02 12:18:02,724 -- 
2026-04-02 12:18:02,789 -- Step [1/2643] | Batch loss: 0.0048
2026-04-02 12:18:02,968 -- Step [100/2643] | Batch loss: 0.0044
2026-04-02 12:18:03,133 -- Step [200/2643] | Batch loss: 0.0039
2026-04-02 12:18:03,286 -- Step [300/2643] | Batch loss: 0.6396
2026-04-02 12:18:03,443 -- Step [400/2643] | Batch loss: 0.0057
2026-04-02 12:18:03,601 -- Step [500/2643] | Batch loss: 0.4117
2026-04-02 12:18:03,753 -- Step [600/2643] | Batch loss: 0.4257
2026-04-02 12:18:03,915 -- Step [700/2643] | Batch loss: 0.3442
2026-04-02 12:18:04,088 -- Step [800/2643] | Batch loss: 0.0121
2026-04-02 12:18:04,269 -- Step [900/2643] | Batch loss: 0.4690
2026-04-02 12:18:04,422 -- Step [1000/2643] | Batch loss: 0.0049
2026-04-02 12:18:04,573 -- Step [1100/2643] | Batch loss: 0.0074
2026-04-02 12:18:04,726 -- Step [1200/2643] | Batch loss: 0.0095
2026-04-02 12:18:04,884 -- Step [1300/2643] | Batch loss: 0.4470
2026-04-02 12:18:05,048 -- Step [1400/2643] | Batch loss: 0.0041
2026-04-02 12:18:05,202 -- Step [1500/2643] | Batch loss: 0.5237
2026-04-02 12:18:05,354 -- Step [1600/2643] | Batch loss: 0.0066
2026-04-02 12:18:05,515 -- Step [1700/2643] | Batch loss: 0.0045
2026-04-02 12:18:05,666 -- Step [1800/2643] | Batch loss: 0.3549
2026-04-02 12:18:05,821 -- Step [1900/2643] | Batch loss: 0.4786
2026-04-02 12:18:05,984 -- Step [2000/2643] | Batch loss: 0.0080
2026-04-02 12:18:06,143 -- Step [2100/2643] | Batch loss: 0.0050
2026-04-02 12:18:06,290 -- Step [2200/2643] | Batch loss: 0.0056
2026-04-02 12:18:06,449 -- Step [2300/2643] | Batch loss: 0.0056
2026-04-02 12:18:06,610 -- Step [2400/2643] | Batch loss: 0.7260
2026-04-02 12:18:06,771 -- Step [2500/2643] | Batch loss: 0.0046
2026-04-02 12:18:06,933 -- Step [2600/2643] | Batch loss: 0.4342
2026-04-02 12:18:07,033 -- 
2026-04-02 12:18:07,033 -- Training epoch completed. Validating...
2026-04-02 12:18:09,570 -- 
2026-04-02 12:18:09,571 -- [32m ====== Epoch 11 Summary ====== [0m
2026-04-02 12:18:09,571 -- Training Loss: 0.2347
2026-04-02 12:18:09,571 -- Validation Loss: 0.0001
2026-04-02 12:18:09,594 -- 
2026-04-02 12:18:09,594 -- [32m ====== Epoch 4/4 (Round 3) ====== [0m
2026-04-02 12:18:09,594 -- Learning rate: 0.000400
2026-04-02 12:18:09,594 -- 
2026-04-02 12:18:09,662 -- Step [1/2643] | Batch loss: 0.4391
2026-04-02 12:18:09,824 -- Step [100/2643] | Batch loss: 0.3055
2026-04-02 12:18:09,971 -- Step [200/2643] | Batch loss: 0.4176
2026-04-02 12:18:10,141 -- Step [300/2643] | Batch loss: 0.0029
2026-04-02 12:18:10,337 -- Step [400/2643] | Batch loss: 0.0043
2026-04-02 12:18:10,504 -- Step [500/2643] | Batch loss: 0.0055
2026-04-02 12:18:10,657 -- Step [600/2643] | Batch loss: 0.4924
2026-04-02 12:18:10,825 -- Step [700/2643] | Batch loss: 0.0027
2026-04-02 12:18:10,977 -- Step [800/2643] | Batch loss: 0.0051
2026-04-02 12:18:11,132 -- Step [900/2643] | Batch loss: 0.0021
2026-04-02 12:18:11,313 -- Step [1000/2643] | Batch loss: 0.4589
2026-04-02 12:18:11,473 -- Step [1100/2643] | Batch loss: 0.4846
2026-04-02 12:18:11,624 -- Step [1200/2643] | Batch loss: 0.0049
2026-04-02 12:18:11,776 -- Step [1300/2643] | Batch loss: 0.5434
2026-04-02 12:18:11,933 -- Step [1400/2643] | Batch loss: 0.0054
2026-04-02 12:18:12,115 -- Step [1500/2643] | Batch loss: 0.0054
2026-04-02 12:18:12,295 -- Step [1600/2643] | Batch loss: 0.3780
2026-04-02 12:18:12,445 -- Step [1700/2643] | Batch loss: 0.2744
2026-04-02 12:18:12,588 -- Step [1800/2643] | Batch loss: 0.4369
2026-04-02 12:18:12,735 -- Step [1900/2643] | Batch loss: 0.0027
2026-04-02 12:18:12,879 -- Step [2000/2643] | Batch loss: 0.4653
2026-04-02 12:18:13,029 -- Step [2100/2643] | Batch loss: 0.0050
2026-04-02 12:18:13,184 -- Step [2200/2643] | Batch loss: 0.0063
2026-04-02 12:18:13,339 -- Step [2300/2643] | Batch loss: 0.0057
2026-04-02 12:18:13,509 -- Step [2400/2643] | Batch loss: 0.4844
2026-04-02 12:18:13,671 -- Step [2500/2643] | Batch loss: 0.3699
2026-04-02 12:18:13,832 -- Step [2600/2643] | Batch loss: 0.0053
2026-04-02 12:18:13,934 -- 
2026-04-02 12:18:13,934 -- Training epoch completed. Validating...
2026-04-02 12:18:16,454 -- 
2026-04-02 12:18:16,454 -- [32m ====== Epoch 12 Summary ====== [0m
2026-04-02 12:18:16,454 -- Training Loss: 0.2316
2026-04-02 12:18:16,454 -- Validation Loss: 0.0001
2026-04-02 12:18:16,549 -- 
2026-04-02 12:18:16,550 -- [32m ====== Pseudo-labeling result ====== [0m
2026-04-02 12:18:16,550 -- Confidence threshold: 0.95
2026-04-02 12:18:16,550 -- Pseudo-labeling ratio: 18.62%
2026-04-02 12:18:16,550 -- Total labeled samples: 338394
2026-04-02 12:18:16,550 -- Remaining unlabeled samples: 730
2026-04-02 12:18:16,550 -- 
