2026-04-07 21:01:56,718 -- [33m Self-training round [1/3] [0m
2026-04-07 21:01:56,718 -- 
2026-04-07 21:01:56,719 -- [32m ====== Epoch 1/4 (Round 1) ====== [0m
2026-04-07 21:01:56,719 -- Learning rate: 0.000100
2026-04-07 21:01:56,719 -- 
2026-04-07 21:01:56,987 -- Step [1/2166] | Batch loss: 1.5332
2026-04-07 21:01:57,192 -- Step [100/2166] | Batch loss: 1.2283
2026-04-07 21:01:57,411 -- Step [200/2166] | Batch loss: 1.2011
2026-04-07 21:01:57,623 -- Step [300/2166] | Batch loss: 0.9715
2026-04-07 21:01:57,824 -- Step [400/2166] | Batch loss: 0.8792
2026-04-07 21:01:58,025 -- Step [500/2166] | Batch loss: 0.9126
2026-04-07 21:01:58,230 -- Step [600/2166] | Batch loss: 0.7466
2026-04-07 21:01:58,443 -- Step [700/2166] | Batch loss: 0.6860
2026-04-07 21:01:58,644 -- Step [800/2166] | Batch loss: 0.6598
2026-04-07 21:01:58,843 -- Step [900/2166] | Batch loss: 0.7368
2026-04-07 21:01:59,046 -- Step [1000/2166] | Batch loss: 0.6807
2026-04-07 21:01:59,237 -- Step [1100/2166] | Batch loss: 0.6039
2026-04-07 21:01:59,432 -- Step [1200/2166] | Batch loss: 0.5717
2026-04-07 21:01:59,634 -- Step [1300/2166] | Batch loss: 0.6339
2026-04-07 21:01:59,839 -- Step [1400/2166] | Batch loss: 0.6965
2026-04-07 21:02:00,035 -- Step [1500/2166] | Batch loss: 0.5635
2026-04-07 21:02:00,228 -- Step [1600/2166] | Batch loss: 0.6060
2026-04-07 21:02:00,419 -- Step [1700/2166] | Batch loss: 0.6076
2026-04-07 21:02:00,616 -- Step [1800/2166] | Batch loss: 0.5726
2026-04-07 21:02:00,825 -- Step [1900/2166] | Batch loss: 0.6166
2026-04-07 21:02:01,014 -- Step [2000/2166] | Batch loss: 0.5811
2026-04-07 21:02:01,225 -- Step [2100/2166] | Batch loss: 0.5703
2026-04-07 21:02:01,374 -- 
2026-04-07 21:02:01,374 -- Training epoch completed. Validating...
2026-04-07 21:02:04,790 -- 
2026-04-07 21:02:04,790 -- [32m ====== Epoch 1 Summary ====== [0m
2026-04-07 21:02:04,790 -- Training Loss: 0.7088
2026-04-07 21:02:04,790 -- Validation Loss: 2.6220
2026-04-07 21:02:04,877 -- [33m✓ New best model saved with validation loss: 2.6220 [0m
2026-04-07 21:02:04,877 -- 
2026-04-07 21:02:04,877 -- [32m ====== Epoch 2/4 (Round 1) ====== [0m
2026-04-07 21:02:04,877 -- Learning rate: 0.000098
2026-04-07 21:02:04,877 -- 
2026-04-07 21:02:04,939 -- Step [1/2166] | Batch loss: 0.7894
2026-04-07 21:02:05,152 -- Step [100/2166] | Batch loss: 0.5804
2026-04-07 21:02:05,348 -- Step [200/2166] | Batch loss: 0.6588
2026-04-07 21:02:05,547 -- Step [300/2166] | Batch loss: 0.6991
2026-04-07 21:02:05,748 -- Step [400/2166] | Batch loss: 0.5063
2026-04-07 21:02:05,944 -- Step [500/2166] | Batch loss: 0.5530
2026-04-07 21:02:06,137 -- Step [600/2166] | Batch loss: 0.5763
2026-04-07 21:02:06,331 -- Step [700/2166] | Batch loss: 0.5420
2026-04-07 21:02:06,528 -- Step [800/2166] | Batch loss: 0.5522
2026-04-07 21:02:06,727 -- Step [900/2166] | Batch loss: 0.5856
2026-04-07 21:02:06,925 -- Step [1000/2166] | Batch loss: 0.5667
2026-04-07 21:02:07,120 -- Step [1100/2166] | Batch loss: 0.5738
2026-04-07 21:02:07,337 -- Step [1200/2166] | Batch loss: 0.5412
2026-04-07 21:02:07,551 -- Step [1300/2166] | Batch loss: 0.4546
2026-04-07 21:02:07,747 -- Step [1400/2166] | Batch loss: 0.4703
2026-04-07 21:02:07,946 -- Step [1500/2166] | Batch loss: 0.5834
2026-04-07 21:02:08,167 -- Step [1600/2166] | Batch loss: 0.5154
2026-04-07 21:02:08,371 -- Step [1700/2166] | Batch loss: 0.6111
2026-04-07 21:02:08,574 -- Step [1800/2166] | Batch loss: 0.4788
2026-04-07 21:02:08,780 -- Step [1900/2166] | Batch loss: 0.4777
2026-04-07 21:02:08,990 -- Step [2000/2166] | Batch loss: 0.4848
2026-04-07 21:02:09,194 -- Step [2100/2166] | Batch loss: 0.4894
2026-04-07 21:02:09,347 -- 
2026-04-07 21:02:09,347 -- Training epoch completed. Validating...
2026-04-07 21:02:12,729 -- 
2026-04-07 21:02:12,730 -- [32m ====== Epoch 2 Summary ====== [0m
2026-04-07 21:02:12,730 -- Training Loss: 0.5457
2026-04-07 21:02:12,730 -- Validation Loss: 2.9839
2026-04-07 21:02:12,753 -- 
2026-04-07 21:02:12,753 -- [32m ====== Epoch 3/4 (Round 1) ====== [0m
2026-04-07 21:02:12,753 -- Learning rate: 0.000096
2026-04-07 21:02:12,753 -- 
2026-04-07 21:02:12,811 -- Step [1/2166] | Batch loss: 0.4917
2026-04-07 21:02:13,042 -- Step [100/2166] | Batch loss: 0.5410
2026-04-07 21:02:13,243 -- Step [200/2166] | Batch loss: 0.5330
2026-04-07 21:02:13,441 -- Step [300/2166] | Batch loss: 0.4891
2026-04-07 21:02:13,664 -- Step [400/2166] | Batch loss: 0.4944
2026-04-07 21:02:13,874 -- Step [500/2166] | Batch loss: 0.4616
2026-04-07 21:02:14,074 -- Step [600/2166] | Batch loss: 0.5405
