2026-04-05 17:40:03,119 -- [33m Self-training round [1/3] [0m
2026-04-05 17:40:03,119 -- 
2026-04-05 17:40:03,119 -- [32m ====== Epoch 1/4 (Round 1) ====== [0m
2026-04-05 17:40:03,119 -- Learning rate: 0.000500
2026-04-05 17:40:03,119 -- 
2026-04-05 17:40:03,322 -- Step [1/2166] | Batch loss: 1.4854
2026-04-05 17:40:03,534 -- Step [100/2166] | Batch loss: 0.6484
2026-04-05 17:40:03,741 -- Step [200/2166] | Batch loss: 0.6360
2026-04-05 17:40:03,965 -- Step [300/2166] | Batch loss: 0.4540
2026-04-05 17:40:04,164 -- Step [400/2166] | Batch loss: 0.4006
2026-04-05 17:40:04,363 -- Step [500/2166] | Batch loss: 0.2570
2026-04-05 17:40:04,572 -- Step [600/2166] | Batch loss: 0.3841
2026-04-05 17:40:04,767 -- Step [700/2166] | Batch loss: 0.2574
2026-04-05 17:40:04,962 -- Step [800/2166] | Batch loss: 0.2566
2026-04-05 17:40:05,163 -- Step [900/2166] | Batch loss: 0.2369
2026-04-05 17:40:05,369 -- Step [1000/2166] | Batch loss: 0.2781
2026-04-05 17:40:05,570 -- Step [1100/2166] | Batch loss: 0.1628
2026-04-05 17:40:05,778 -- Step [1200/2166] | Batch loss: 0.1095
2026-04-05 17:40:05,986 -- Step [1300/2166] | Batch loss: 0.2073
2026-04-05 17:40:06,186 -- Step [1400/2166] | Batch loss: 0.2199
2026-04-05 17:40:06,383 -- Step [1500/2166] | Batch loss: 0.1897
2026-04-05 17:40:06,572 -- Step [1600/2166] | Batch loss: 0.2030
2026-04-05 17:40:06,766 -- Step [1700/2166] | Batch loss: 0.0847
2026-04-05 17:40:06,956 -- Step [1800/2166] | Batch loss: 0.1324
2026-04-05 17:40:07,159 -- Step [1900/2166] | Batch loss: 0.2003
2026-04-05 17:40:07,362 -- Step [2000/2166] | Batch loss: 0.0613
2026-04-05 17:40:07,555 -- Step [2100/2166] | Batch loss: 0.1032
2026-04-05 17:40:07,715 -- 
2026-04-05 17:40:07,715 -- Training epoch completed. Validating...
2026-04-05 17:40:11,109 -- 
2026-04-05 17:40:11,110 -- [32m ====== Epoch 1 Summary ====== [0m
2026-04-05 17:40:11,110 -- Training Loss: 0.2595
2026-04-05 17:40:11,110 -- Validation Loss: 10.4681
2026-04-05 17:40:11,179 -- [33m✓ New best model saved with validation loss: 10.4681 [0m
2026-04-05 17:40:11,179 -- 
2026-04-05 17:40:11,179 -- [32m ====== Epoch 2/4 (Round 1) ====== [0m
2026-04-05 17:40:11,179 -- Learning rate: 0.000490
2026-04-05 17:40:11,179 -- 
2026-04-05 17:40:11,220 -- Step [1/2166] | Batch loss: 0.3284
2026-04-05 17:40:11,433 -- Step [100/2166] | Batch loss: 0.0806
2026-04-05 17:40:11,638 -- Step [200/2166] | Batch loss: 0.1545
2026-04-05 17:40:11,837 -- Step [300/2166] | Batch loss: 0.1014
2026-04-05 17:40:12,030 -- Step [400/2166] | Batch loss: 0.0772
2026-04-05 17:40:12,219 -- Step [500/2166] | Batch loss: 0.0414
2026-04-05 17:40:12,418 -- Step [600/2166] | Batch loss: 0.0683
2026-04-05 17:40:12,613 -- Step [700/2166] | Batch loss: 0.0575
2026-04-05 17:40:12,806 -- Step [800/2166] | Batch loss: 0.1041
2026-04-05 17:40:13,010 -- Step [900/2166] | Batch loss: 0.0758
2026-04-05 17:40:13,205 -- Step [1000/2166] | Batch loss: 0.0439
2026-04-05 17:40:13,406 -- Step [1100/2166] | Batch loss: 0.0447
2026-04-05 17:40:13,606 -- Step [1200/2166] | Batch loss: 0.0232
2026-04-05 17:40:13,812 -- Step [1300/2166] | Batch loss: 0.0329
2026-04-05 17:40:14,018 -- Step [1400/2166] | Batch loss: 0.0129
2026-04-05 17:40:14,217 -- Step [1500/2166] | Batch loss: 0.1062
2026-04-05 17:40:14,417 -- Step [1600/2166] | Batch loss: 0.0819
2026-04-05 17:40:14,617 -- Step [1700/2166] | Batch loss: 0.0714
2026-04-05 17:40:14,837 -- Step [1800/2166] | Batch loss: 0.0415
2026-04-05 17:40:15,033 -- Step [1900/2166] | Batch loss: 0.0430
2026-04-05 17:40:15,230 -- Step [2000/2166] | Batch loss: 0.0193
2026-04-05 17:40:15,435 -- Step [2100/2166] | Batch loss: 0.0339
2026-04-05 17:40:15,589 -- 
2026-04-05 17:40:15,589 -- Training epoch completed. Validating...
2026-04-05 17:40:19,009 -- 
2026-04-05 17:40:19,009 -- [32m ====== Epoch 2 Summary ====== [0m
2026-04-05 17:40:19,009 -- Training Loss: 0.0648
2026-04-05 17:40:19,009 -- Validation Loss: 16.5950
2026-04-05 17:40:19,032 -- 
2026-04-05 17:40:19,033 -- [32m ====== Epoch 3/4 (Round 1) ====== [0m
2026-04-05 17:40:19,033 -- Learning rate: 0.000480
2026-04-05 17:40:19,033 -- 
2026-04-05 17:40:19,103 -- Step [1/2166] | Batch loss: 0.0199
2026-04-05 17:40:19,309 -- Step [100/2166] | Batch loss: 0.0197
2026-04-05 17:40:19,510 -- Step [200/2166] | Batch loss: 0.0352
2026-04-05 17:40:19,712 -- Step [300/2166] | Batch loss: 0.1280
2026-04-05 17:40:19,915 -- Step [400/2166] | Batch loss: 0.0604
2026-04-05 17:40:20,126 -- Step [500/2166] | Batch loss: 0.0043
2026-04-05 17:40:20,327 -- Step [600/2166] | Batch loss: 0.0949
2026-04-05 17:40:20,533 -- Step [700/2166] | Batch loss: 0.0108
2026-04-05 17:40:20,729 -- Step [800/2166] | Batch loss: 0.0526
2026-04-05 17:40:20,927 -- Step [900/2166] | Batch loss: 0.0114
2026-04-05 17:40:21,125 -- Step [1000/2166] | Batch loss: 0.0455
2026-04-05 17:40:21,329 -- Step [1100/2166] | Batch loss: 0.1069
2026-04-05 17:40:21,534 -- Step [1200/2166] | Batch loss: 0.0169
2026-04-05 17:40:21,757 -- Step [1300/2166] | Batch loss: 0.0448
2026-04-05 17:40:21,957 -- Step [1400/2166] | Batch loss: 0.0195
2026-04-05 17:40:22,159 -- Step [1500/2166] | Batch loss: 0.0526
2026-04-05 17:40:22,368 -- Step [1600/2166] | Batch loss: 0.0229
2026-04-05 17:40:22,566 -- Step [1700/2166] | Batch loss: 0.0142
2026-04-05 17:40:22,768 -- Step [1800/2166] | Batch loss: 0.0151
2026-04-05 17:40:22,972 -- Step [1900/2166] | Batch loss: 0.0135
2026-04-05 17:40:23,174 -- Step [2000/2166] | Batch loss: 0.0290
2026-04-05 17:40:23,371 -- Step [2100/2166] | Batch loss: 0.0143
2026-04-05 17:40:23,554 -- 
2026-04-05 17:40:23,554 -- Training epoch completed. Validating...
2026-04-05 17:40:26,970 -- 
2026-04-05 17:40:26,970 -- [32m ====== Epoch 3 Summary ====== [0m
2026-04-05 17:40:26,970 -- Training Loss: 0.0377
2026-04-05 17:40:26,970 -- Validation Loss: 19.2133
2026-04-05 17:40:26,995 -- 
2026-04-05 17:40:26,995 -- [32m ====== Epoch 4/4 (Round 1) ====== [0m
2026-04-05 17:40:26,995 -- Learning rate: 0.000471
2026-04-05 17:40:26,995 -- 
2026-04-05 17:40:27,063 -- Step [1/2166] | Batch loss: 0.0108
2026-04-05 17:40:27,276 -- Step [100/2166] | Batch loss: 0.0059
2026-04-05 17:40:27,476 -- Step [200/2166] | Batch loss: 0.0145
2026-04-05 17:40:27,668 -- Step [300/2166] | Batch loss: 0.0026
2026-04-05 17:40:27,884 -- Step [400/2166] | Batch loss: 0.0328
2026-04-05 17:40:28,091 -- Step [500/2166] | Batch loss: 0.0059
2026-04-05 17:40:28,313 -- Step [600/2166] | Batch loss: 0.0159
2026-04-05 17:40:28,533 -- Step [700/2166] | Batch loss: 0.0191
2026-04-05 17:40:28,737 -- Step [800/2166] | Batch loss: 0.0054
2026-04-05 17:40:28,946 -- Step [900/2166] | Batch loss: 0.0602
2026-04-05 17:40:29,141 -- Step [1000/2166] | Batch loss: 0.0126
2026-04-05 17:40:29,347 -- Step [1100/2166] | Batch loss: 0.0109
2026-04-05 17:40:29,573 -- Step [1200/2166] | Batch loss: 0.0597
2026-04-05 17:40:29,790 -- Step [1300/2166] | Batch loss: 0.0710
2026-04-05 17:40:29,999 -- Step [1400/2166] | Batch loss: 0.0965
2026-04-05 17:40:30,207 -- Step [1500/2166] | Batch loss: 0.0212
2026-04-05 17:40:30,404 -- Step [1600/2166] | Batch loss: 0.1590
2026-04-05 17:40:30,614 -- Step [1700/2166] | Batch loss: 0.0659
2026-04-05 17:40:30,820 -- Step [1800/2166] | Batch loss: 0.0068
2026-04-05 17:40:31,018 -- Step [1900/2166] | Batch loss: 0.0901
2026-04-05 17:40:31,226 -- Step [2000/2166] | Batch loss: 0.0286
2026-04-05 17:40:31,433 -- Step [2100/2166] | Batch loss: 0.0078
2026-04-05 17:40:31,600 -- 
2026-04-05 17:40:31,600 -- Training epoch completed. Validating...
2026-04-05 17:40:35,014 -- 
2026-04-05 17:40:35,015 -- [32m ====== Epoch 4 Summary ====== [0m
2026-04-05 17:40:35,015 -- Training Loss: 0.0307
2026-04-05 17:40:35,015 -- Validation Loss: 20.8609
2026-04-05 17:40:35,590 -- 
2026-04-05 17:40:35,590 -- [32m ====== Pseudo-labeling result ====== [0m
2026-04-05 17:40:35,590 -- Confidence threshold: 0.98
2026-04-05 17:40:35,590 -- Pseudo-labeling ratio: 92.92%
2026-04-05 17:40:35,590 -- Total labeled samples: 334634
2026-04-05 17:40:35,590 -- Remaining unlabeled samples: 4376
2026-04-05 17:40:35,590 -- 
2026-04-05 17:40:35,590 -- [33m Self-training round [2/3] [0m
2026-04-05 17:40:35,590 -- 
2026-04-05 17:40:35,590 -- [32m ====== Epoch 1/4 (Round 2) ====== [0m
2026-04-05 17:40:35,591 -- Learning rate: 0.000461
2026-04-05 17:40:35,591 -- 
2026-04-05 17:40:35,656 -- Step [1/2615] | Batch loss: 0.9823
2026-04-05 17:40:35,871 -- Step [100/2615] | Batch loss: 0.0353
2026-04-05 17:40:36,077 -- Step [200/2615] | Batch loss: 0.0686
2026-04-05 17:40:36,287 -- Step [300/2615] | Batch loss: 0.2120
2026-04-05 17:40:36,494 -- Step [400/2615] | Batch loss: 0.0327
2026-04-05 17:40:36,696 -- Step [500/2615] | Batch loss: 0.0168
2026-04-05 17:40:36,909 -- Step [600/2615] | Batch loss: 0.0710
2026-04-05 17:40:37,120 -- Step [700/2615] | Batch loss: 0.1737
2026-04-05 17:40:37,331 -- Step [800/2615] | Batch loss: 0.0180
2026-04-05 17:40:37,532 -- Step [900/2615] | Batch loss: 0.0026
2026-04-05 17:40:37,731 -- Step [1000/2615] | Batch loss: 0.0199
2026-04-05 17:40:37,931 -- Step [1100/2615] | Batch loss: 0.0567
2026-04-05 17:40:38,134 -- Step [1200/2615] | Batch loss: 0.0075
2026-04-05 17:40:38,338 -- Step [1300/2615] | Batch loss: 0.0156
2026-04-05 17:40:38,538 -- Step [1400/2615] | Batch loss: 0.0534
2026-04-05 17:40:38,744 -- Step [1500/2615] | Batch loss: 0.0717
2026-04-05 17:40:38,946 -- Step [1600/2615] | Batch loss: 0.0130
2026-04-05 17:40:39,144 -- Step [1700/2615] | Batch loss: 0.0871
2026-04-05 17:40:39,342 -- Step [1800/2615] | Batch loss: 0.0130
2026-04-05 17:40:39,545 -- Step [1900/2615] | Batch loss: 0.0049
2026-04-05 17:40:39,760 -- Step [2000/2615] | Batch loss: 0.0034
2026-04-05 17:40:39,961 -- Step [2100/2615] | Batch loss: 0.1430
2026-04-05 17:40:40,165 -- Step [2200/2615] | Batch loss: 0.0287
2026-04-05 17:40:40,375 -- Step [2300/2615] | Batch loss: 0.0353
2026-04-05 17:40:40,581 -- Step [2400/2615] | Batch loss: 0.0035
2026-04-05 17:40:40,791 -- Step [2500/2615] | Batch loss: 0.0305
2026-04-05 17:40:40,990 -- Step [2600/2615] | Batch loss: 0.0228
2026-04-05 17:40:41,052 -- 
2026-04-05 17:40:41,052 -- Training epoch completed. Validating...
2026-04-05 17:40:44,407 -- 
2026-04-05 17:40:44,407 -- [32m ====== Epoch 5 Summary ====== [0m
2026-04-05 17:40:44,407 -- Training Loss: 0.0394
2026-04-05 17:40:44,407 -- Validation Loss: 28.0884
2026-04-05 17:40:44,430 -- 
2026-04-05 17:40:44,430 -- [32m ====== Epoch 2/4 (Round 2) ====== [0m
2026-04-05 17:40:44,430 -- Learning rate: 0.000452
2026-04-05 17:40:44,430 -- 
2026-04-05 17:40:44,511 -- Step [1/2615] | Batch loss: 0.0824
2026-04-05 17:40:44,727 -- Step [100/2615] | Batch loss: 0.0191
2026-04-05 17:40:44,926 -- Step [200/2615] | Batch loss: 0.0062
2026-04-05 17:40:45,135 -- Step [300/2615] | Batch loss: 0.0119
2026-04-05 17:40:45,339 -- Step [400/2615] | Batch loss: 0.0208
2026-04-05 17:40:45,541 -- Step [500/2615] | Batch loss: 0.0065
2026-04-05 17:40:45,748 -- Step [600/2615] | Batch loss: 0.0760
2026-04-05 17:40:45,946 -- Step [700/2615] | Batch loss: 0.0188
2026-04-05 17:40:46,152 -- Step [800/2615] | Batch loss: 0.0059
2026-04-05 17:40:46,355 -- Step [900/2615] | Batch loss: 0.0145
2026-04-05 17:40:46,553 -- Step [1000/2615] | Batch loss: 0.0054
2026-04-05 17:40:46,748 -- Step [1100/2615] | Batch loss: 0.0196
2026-04-05 17:40:46,950 -- Step [1200/2615] | Batch loss: 0.0757
2026-04-05 17:40:47,153 -- Step [1300/2615] | Batch loss: 0.0154
2026-04-05 17:40:47,356 -- Step [1400/2615] | Batch loss: 0.0291
2026-04-05 17:40:47,564 -- Step [1500/2615] | Batch loss: 0.0088
2026-04-05 17:40:47,783 -- Step [1600/2615] | Batch loss: 0.0366
2026-04-05 17:40:47,982 -- Step [1700/2615] | Batch loss: 0.0122
2026-04-05 17:40:48,178 -- Step [1800/2615] | Batch loss: 0.0334
2026-04-05 17:40:48,383 -- Step [1900/2615] | Batch loss: 0.0188
2026-04-05 17:40:48,588 -- Step [2000/2615] | Batch loss: 0.0164
2026-04-05 17:40:48,790 -- Step [2100/2615] | Batch loss: 0.0031
2026-04-05 17:40:48,989 -- Step [2200/2615] | Batch loss: 0.0060
2026-04-05 17:40:49,196 -- Step [2300/2615] | Batch loss: 0.0021
2026-04-05 17:40:49,397 -- Step [2400/2615] | Batch loss: 0.0631
2026-04-05 17:40:49,601 -- Step [2500/2615] | Batch loss: 0.0685
2026-04-05 17:40:49,805 -- Step [2600/2615] | Batch loss: 0.0069
2026-04-05 17:40:49,876 -- 
2026-04-05 17:40:49,876 -- Training epoch completed. Validating...
2026-04-05 17:40:53,282 -- 
2026-04-05 17:40:53,282 -- [32m ====== Epoch 6 Summary ====== [0m
2026-04-05 17:40:53,282 -- Training Loss: 0.0269
2026-04-05 17:40:53,282 -- Validation Loss: 29.6725
2026-04-05 17:40:53,304 -- 
2026-04-05 17:40:53,305 -- [32m ====== Epoch 3/4 (Round 2) ====== [0m
2026-04-05 17:40:53,305 -- Learning rate: 0.000443
2026-04-05 17:40:53,305 -- 
2026-04-05 17:40:53,374 -- Step [1/2615] | Batch loss: 0.0058
2026-04-05 17:40:53,578 -- Step [100/2615] | Batch loss: 0.0258
2026-04-05 17:40:53,782 -- Step [200/2615] | Batch loss: 0.0504
2026-04-05 17:40:53,996 -- Step [300/2615] | Batch loss: 0.0711
2026-04-05 17:40:54,200 -- Step [400/2615] | Batch loss: 0.0299
2026-04-05 17:40:54,411 -- Step [500/2615] | Batch loss: 0.0013
2026-04-05 17:40:54,611 -- Step [600/2615] | Batch loss: 0.0034
2026-04-05 17:40:54,814 -- Step [700/2615] | Batch loss: 0.1217
2026-04-05 17:40:55,014 -- Step [800/2615] | Batch loss: 0.0473
2026-04-05 17:40:55,230 -- Step [900/2615] | Batch loss: 0.0360
2026-04-05 17:40:55,438 -- Step [1000/2615] | Batch loss: 0.0151
2026-04-05 17:40:55,648 -- Step [1100/2615] | Batch loss: 0.0165
2026-04-05 17:40:55,863 -- Step [1200/2615] | Batch loss: 0.0014
2026-04-05 17:40:56,062 -- Step [1300/2615] | Batch loss: 0.0059
2026-04-05 17:40:56,270 -- Step [1400/2615] | Batch loss: 0.0025
2026-04-05 17:40:56,472 -- Step [1500/2615] | Batch loss: 0.0672
2026-04-05 17:40:56,669 -- Step [1600/2615] | Batch loss: 0.0230
2026-04-05 17:40:56,863 -- Step [1700/2615] | Batch loss: 0.0017
2026-04-05 17:40:57,059 -- Step [1800/2615] | Batch loss: 0.0055
2026-04-05 17:40:57,254 -- Step [1900/2615] | Batch loss: 0.0202
2026-04-05 17:40:57,448 -- Step [2000/2615] | Batch loss: 0.0140
2026-04-05 17:40:57,643 -- Step [2100/2615] | Batch loss: 0.0028
2026-04-05 17:40:57,847 -- Step [2200/2615] | Batch loss: 0.0047
2026-04-05 17:40:58,044 -- Step [2300/2615] | Batch loss: 0.0090
2026-04-05 17:40:58,246 -- Step [2400/2615] | Batch loss: 0.0069
2026-04-05 17:40:58,444 -- Step [2500/2615] | Batch loss: 0.0084
2026-04-05 17:40:58,637 -- Step [2600/2615] | Batch loss: 0.0018
2026-04-05 17:40:58,697 -- 
2026-04-05 17:40:58,697 -- Training epoch completed. Validating...
2026-04-05 17:41:02,144 -- 
2026-04-05 17:41:02,144 -- [32m ====== Epoch 7 Summary ====== [0m
2026-04-05 17:41:02,144 -- Training Loss: 0.0224
2026-04-05 17:41:02,144 -- Validation Loss: 30.9759
2026-04-05 17:41:02,167 -- 
2026-04-05 17:41:02,167 -- [32m ====== Epoch 4/4 (Round 2) ====== [0m
2026-04-05 17:41:02,167 -- Learning rate: 0.000434
2026-04-05 17:41:02,167 -- 
2026-04-05 17:41:02,236 -- Step [1/2615] | Batch loss: 0.0143
2026-04-05 17:41:02,459 -- Step [100/2615] | Batch loss: 0.0047
2026-04-05 17:41:02,662 -- Step [200/2615] | Batch loss: 0.0032
2026-04-05 17:41:02,871 -- Step [300/2615] | Batch loss: 0.0581
2026-04-05 17:41:03,073 -- Step [400/2615] | Batch loss: 0.0647
2026-04-05 17:41:03,287 -- Step [500/2615] | Batch loss: 0.1029
2026-04-05 17:41:03,487 -- Step [600/2615] | Batch loss: 0.0034
2026-04-05 17:41:03,693 -- Step [700/2615] | Batch loss: 0.0018
2026-04-05 17:41:03,888 -- Step [800/2615] | Batch loss: 0.0052
2026-04-05 17:41:04,080 -- Step [900/2615] | Batch loss: 0.0291
2026-04-05 17:41:04,277 -- Step [1000/2615] | Batch loss: 0.0100
2026-04-05 17:41:04,485 -- Step [1100/2615] | Batch loss: 0.0016
2026-04-05 17:41:04,685 -- Step [1200/2615] | Batch loss: 0.0249
2026-04-05 17:41:04,879 -- Step [1300/2615] | Batch loss: 0.0034
2026-04-05 17:41:05,081 -- Step [1400/2615] | Batch loss: 0.0043
2026-04-05 17:41:05,283 -- Step [1500/2615] | Batch loss: 0.0088
2026-04-05 17:41:05,484 -- Step [1600/2615] | Batch loss: 0.0087
2026-04-05 17:41:05,695 -- Step [1700/2615] | Batch loss: 0.0044
2026-04-05 17:41:05,903 -- Step [1800/2615] | Batch loss: 0.0269
2026-04-05 17:41:06,103 -- Step [1900/2615] | Batch loss: 0.0391
2026-04-05 17:41:06,313 -- Step [2000/2615] | Batch loss: 0.0014
2026-04-05 17:41:06,532 -- Step [2100/2615] | Batch loss: 0.0042
2026-04-05 17:41:06,738 -- Step [2200/2615] | Batch loss: 0.0253
2026-04-05 17:41:06,940 -- Step [2300/2615] | Batch loss: 0.0016
2026-04-05 17:41:07,148 -- Step [2400/2615] | Batch loss: 0.0146
2026-04-05 17:41:07,362 -- Step [2500/2615] | Batch loss: 0.0061
2026-04-05 17:41:07,560 -- Step [2600/2615] | Batch loss: 0.0155
2026-04-05 17:41:07,625 -- 
2026-04-05 17:41:07,625 -- Training epoch completed. Validating...
2026-04-05 17:41:11,018 -- 
2026-04-05 17:41:11,018 -- [32m ====== Epoch 8 Summary ====== [0m
2026-04-05 17:41:11,018 -- Training Loss: 0.0213
2026-04-05 17:41:11,019 -- Validation Loss: 30.6693
2026-04-05 17:41:11,144 -- 
2026-04-05 17:41:11,144 -- [32m ====== Pseudo-labeling result ====== [0m
2026-04-05 17:41:11,144 -- Confidence threshold: 0.98
2026-04-05 17:41:11,144 -- Pseudo-labeling ratio: 36.45%
2026-04-05 17:41:11,144 -- Total labeled samples: 336229
2026-04-05 17:41:11,144 -- Remaining unlabeled samples: 2781
2026-04-05 17:41:11,144 -- 
2026-04-05 17:41:11,144 -- [33m Self-training round [3/3] [0m
2026-04-05 17:41:11,144 -- 
2026-04-05 17:41:11,144 -- [32m ====== Epoch 1/4 (Round 3) ====== [0m
2026-04-05 17:41:11,144 -- Learning rate: 0.000425
2026-04-05 17:41:11,144 -- 
2026-04-05 17:41:11,209 -- Step [1/2627] | Batch loss: 0.0021
2026-04-05 17:41:11,434 -- Step [100/2627] | Batch loss: 0.0769
2026-04-05 17:41:11,650 -- Step [200/2627] | Batch loss: 0.0267
2026-04-05 17:41:11,861 -- Step [300/2627] | Batch loss: 0.0111
2026-04-05 17:41:12,070 -- Step [400/2627] | Batch loss: 0.0306
2026-04-05 17:41:12,281 -- Step [500/2627] | Batch loss: 0.0057
2026-04-05 17:41:12,487 -- Step [600/2627] | Batch loss: 0.0369
2026-04-05 17:41:12,698 -- Step [700/2627] | Batch loss: 0.0205
2026-04-05 17:41:12,908 -- Step [800/2627] | Batch loss: 0.0018
2026-04-05 17:41:13,118 -- Step [900/2627] | Batch loss: 0.0456
2026-04-05 17:41:13,314 -- Step [1000/2627] | Batch loss: 0.0051
2026-04-05 17:41:13,517 -- Step [1100/2627] | Batch loss: 0.0084
2026-04-05 17:41:13,734 -- Step [1200/2627] | Batch loss: 0.0161
2026-04-05 17:41:13,937 -- Step [1300/2627] | Batch loss: 0.0033
2026-04-05 17:41:14,134 -- Step [1400/2627] | Batch loss: 0.0028
2026-04-05 17:41:14,345 -- Step [1500/2627] | Batch loss: 0.0056
2026-04-05 17:41:14,562 -- Step [1600/2627] | Batch loss: 0.0128
2026-04-05 17:41:14,767 -- Step [1700/2627] | Batch loss: 0.0066
2026-04-05 17:41:14,962 -- Step [1800/2627] | Batch loss: 0.0215
2026-04-05 17:41:15,160 -- Step [1900/2627] | Batch loss: 0.1131
2026-04-05 17:41:15,366 -- Step [2000/2627] | Batch loss: 0.0274
2026-04-05 17:41:15,573 -- Step [2100/2627] | Batch loss: 0.0103
2026-04-05 17:41:15,793 -- Step [2200/2627] | Batch loss: 0.0043
2026-04-05 17:41:16,011 -- Step [2300/2627] | Batch loss: 0.0160
2026-04-05 17:41:16,225 -- Step [2400/2627] | Batch loss: 0.0773
2026-04-05 17:41:16,447 -- Step [2500/2627] | Batch loss: 0.0040
2026-04-05 17:41:16,663 -- Step [2600/2627] | Batch loss: 0.0353
2026-04-05 17:41:16,749 -- 
2026-04-05 17:41:16,749 -- Training epoch completed. Validating...
2026-04-05 17:41:20,182 -- 
2026-04-05 17:41:20,182 -- [32m ====== Epoch 9 Summary ====== [0m
2026-04-05 17:41:20,182 -- Training Loss: 0.0217
2026-04-05 17:41:20,182 -- Validation Loss: 31.1578
2026-04-05 17:41:20,206 -- 
2026-04-05 17:41:20,206 -- [32m ====== Epoch 2/4 (Round 3) ====== [0m
2026-04-05 17:41:20,206 -- Learning rate: 0.000417
2026-04-05 17:41:20,206 -- 
2026-04-05 17:41:20,282 -- Step [1/2627] | Batch loss: 0.0408
2026-04-05 17:41:20,501 -- Step [100/2627] | Batch loss: 0.0157
2026-04-05 17:41:20,712 -- Step [200/2627] | Batch loss: 0.0084
2026-04-05 17:41:20,915 -- Step [300/2627] | Batch loss: 0.0082
2026-04-05 17:41:21,115 -- Step [400/2627] | Batch loss: 0.0100
2026-04-05 17:41:21,315 -- Step [500/2627] | Batch loss: 0.0163
2026-04-05 17:41:21,534 -- Step [600/2627] | Batch loss: 0.0187
2026-04-05 17:41:21,736 -- Step [700/2627] | Batch loss: 0.0050
2026-04-05 17:41:21,933 -- Step [800/2627] | Batch loss: 0.0048
2026-04-05 17:41:22,127 -- Step [900/2627] | Batch loss: 0.0296
2026-04-05 17:41:22,328 -- Step [1000/2627] | Batch loss: 0.0171
2026-04-05 17:41:22,541 -- Step [1100/2627] | Batch loss: 0.0219
2026-04-05 17:41:22,750 -- Step [1200/2627] | Batch loss: 0.0074
2026-04-05 17:41:22,948 -- Step [1300/2627] | Batch loss: 0.0034
2026-04-05 17:41:23,146 -- Step [1400/2627] | Batch loss: 0.0149
2026-04-05 17:41:23,345 -- Step [1500/2627] | Batch loss: 0.0039
2026-04-05 17:41:23,541 -- Step [1600/2627] | Batch loss: 0.0300
2026-04-05 17:41:23,746 -- Step [1700/2627] | Batch loss: 0.0115
2026-04-05 17:41:23,940 -- Step [1800/2627] | Batch loss: 0.0224
2026-04-05 17:41:24,152 -- Step [1900/2627] | Batch loss: 0.0346
2026-04-05 17:41:24,353 -- Step [2000/2627] | Batch loss: 0.0031
2026-04-05 17:41:24,570 -- Step [2100/2627] | Batch loss: 0.0103
2026-04-05 17:41:24,785 -- Step [2200/2627] | Batch loss: 0.0174
2026-04-05 17:41:25,000 -- Step [2300/2627] | Batch loss: 0.0081
2026-04-05 17:41:25,200 -- Step [2400/2627] | Batch loss: 0.0129
2026-04-05 17:41:25,404 -- Step [2500/2627] | Batch loss: 0.0134
2026-04-05 17:41:25,598 -- Step [2600/2627] | Batch loss: 0.0878
2026-04-05 17:41:25,684 -- 
2026-04-05 17:41:25,684 -- Training epoch completed. Validating...
2026-04-05 17:41:29,129 -- 
2026-04-05 17:41:29,129 -- [32m ====== Epoch 10 Summary ====== [0m
2026-04-05 17:41:29,129 -- Training Loss: 0.0195
2026-04-05 17:41:29,129 -- Validation Loss: 32.9250
2026-04-05 17:41:29,153 -- 
2026-04-05 17:41:29,154 -- [32m ====== Epoch 3/4 (Round 3) ====== [0m
2026-04-05 17:41:29,154 -- Learning rate: 0.000409
2026-04-05 17:41:29,154 -- 
2026-04-05 17:41:29,224 -- Step [1/2627] | Batch loss: 0.0008
2026-04-05 17:41:29,446 -- Step [100/2627] | Batch loss: 0.0013
2026-04-05 17:41:29,650 -- Step [200/2627] | Batch loss: 0.0268
2026-04-05 17:41:29,868 -- Step [300/2627] | Batch loss: 0.0066
2026-04-05 17:41:30,094 -- Step [400/2627] | Batch loss: 0.0145
2026-04-05 17:41:30,310 -- Step [500/2627] | Batch loss: 0.0079
2026-04-05 17:41:30,506 -- Step [600/2627] | Batch loss: 0.0026
2026-04-05 17:41:30,709 -- Step [700/2627] | Batch loss: 0.0059
2026-04-05 17:41:30,915 -- Step [800/2627] | Batch loss: 0.0298
2026-04-05 17:41:31,132 -- Step [900/2627] | Batch loss: 0.0020
