2026-04-02 13:42:47,707 -- [33m Self-training round [1/3] [0m
2026-04-02 13:42:47,707 -- 
2026-04-02 13:42:47,707 -- [32m ====== Epoch 1/4 (Round 1) ====== [0m
2026-04-02 13:42:47,707 -- Learning rate: 0.001000
2026-04-02 13:42:47,707 -- 
2026-04-02 13:42:47,886 -- Step [1/2150] | Batch loss: 1.4724
2026-04-02 13:42:48,089 -- Step [100/2150] | Batch loss: 0.4806
2026-04-02 13:42:48,293 -- Step [200/2150] | Batch loss: 0.2163
2026-04-02 13:42:48,481 -- Step [300/2150] | Batch loss: 0.1301
2026-04-02 13:42:48,666 -- Step [400/2150] | Batch loss: 0.0812
2026-04-02 13:42:48,843 -- Step [500/2150] | Batch loss: 0.0602
2026-04-02 13:42:49,027 -- Step [600/2150] | Batch loss: 0.0486
2026-04-02 13:42:49,218 -- Step [700/2150] | Batch loss: 0.0362
2026-04-02 13:42:49,398 -- Step [800/2150] | Batch loss: 0.0139
2026-04-02 13:42:49,588 -- Step [900/2150] | Batch loss: 0.0124
2026-04-02 13:42:49,776 -- Step [1000/2150] | Batch loss: 0.0066
2026-04-02 13:42:49,953 -- Step [1100/2150] | Batch loss: 0.0032
2026-04-02 13:42:50,137 -- Step [1200/2150] | Batch loss: 0.0057
2026-04-02 13:42:50,323 -- Step [1300/2150] | Batch loss: 0.0114
2026-04-02 13:42:50,505 -- Step [1400/2150] | Batch loss: 0.0024
2026-04-02 13:42:50,677 -- Step [1500/2150] | Batch loss: 0.0026
2026-04-02 13:42:50,874 -- Step [1600/2150] | Batch loss: 0.0036
2026-04-02 13:42:51,057 -- Step [1700/2150] | Batch loss: 0.0021
2026-04-02 13:42:51,242 -- Step [1800/2150] | Batch loss: 0.0032
2026-04-02 13:42:51,432 -- Step [1900/2150] | Batch loss: 0.0020
2026-04-02 13:42:51,609 -- Step [2000/2150] | Batch loss: 0.0011
2026-04-02 13:42:51,784 -- Step [2100/2150] | Batch loss: 0.0015
2026-04-02 13:42:51,899 -- 
2026-04-02 13:42:51,899 -- Training epoch completed. Validating...
2026-04-02 13:42:54,627 -- 
2026-04-02 13:42:54,628 -- [32m ====== Epoch 1 Summary ====== [0m
2026-04-02 13:42:54,628 -- Training Loss: 0.0740
2026-04-02 13:42:54,628 -- Validation Loss: 0.0004
2026-04-02 13:42:54,700 -- [33m✓ New best model saved with validation loss: 0.0004 [0m
2026-04-02 13:42:54,700 -- 
2026-04-02 13:42:54,700 -- [32m ====== Epoch 2/4 (Round 1) ====== [0m
2026-04-02 13:42:54,700 -- Learning rate: 0.000980
2026-04-02 13:42:54,700 -- 
2026-04-02 13:42:54,764 -- Step [1/2150] | Batch loss: 0.0021
2026-04-02 13:42:54,962 -- Step [100/2150] | Batch loss: 0.0015
2026-04-02 13:42:55,138 -- Step [200/2150] | Batch loss: 0.0021
2026-04-02 13:42:55,316 -- Step [300/2150] | Batch loss: 0.0015
2026-04-02 13:42:55,500 -- Step [400/2150] | Batch loss: 0.0031
2026-04-02 13:42:55,689 -- Step [500/2150] | Batch loss: 0.0014
2026-04-02 13:42:55,871 -- Step [600/2150] | Batch loss: 0.0007
2026-04-02 13:42:56,059 -- Step [700/2150] | Batch loss: 0.0012
2026-04-02 13:42:56,243 -- Step [800/2150] | Batch loss: 0.0020
2026-04-02 13:42:56,459 -- Step [900/2150] | Batch loss: 0.0037
2026-04-02 13:42:56,638 -- Step [1000/2150] | Batch loss: 0.0007
2026-04-02 13:42:56,829 -- Step [1100/2150] | Batch loss: 0.0004
2026-04-02 13:42:57,011 -- Step [1200/2150] | Batch loss: 0.0005
2026-04-02 13:42:57,195 -- Step [1300/2150] | Batch loss: 0.0004
2026-04-02 13:42:57,383 -- Step [1400/2150] | Batch loss: 0.0009
2026-04-02 13:42:57,570 -- Step [1500/2150] | Batch loss: 0.0004
2026-04-02 13:42:57,747 -- Step [1600/2150] | Batch loss: 0.0005
2026-04-02 13:42:57,929 -- Step [1700/2150] | Batch loss: 0.0004
2026-04-02 13:42:58,109 -- Step [1800/2150] | Batch loss: 0.0002
2026-04-02 13:42:58,298 -- Step [1900/2150] | Batch loss: 0.0002
2026-04-02 13:42:58,480 -- Step [2000/2150] | Batch loss: 0.0002
2026-04-02 13:42:58,663 -- Step [2100/2150] | Batch loss: 0.0001
2026-04-02 13:42:58,779 -- 
2026-04-02 13:42:58,779 -- Training epoch completed. Validating...
2026-04-02 13:43:01,542 -- 
2026-04-02 13:43:01,542 -- [32m ====== Epoch 2 Summary ====== [0m
2026-04-02 13:43:01,543 -- Training Loss: 0.0009
2026-04-02 13:43:01,543 -- Validation Loss: 0.0000
2026-04-02 13:43:01,588 -- [33m✓ New best model saved with validation loss: 0.0000 [0m
2026-04-02 13:43:01,588 -- 
2026-04-02 13:43:01,588 -- [32m ====== Epoch 3/4 (Round 1) ====== [0m
2026-04-02 13:43:01,588 -- Learning rate: 0.000960
2026-04-02 13:43:01,588 -- 
2026-04-02 13:43:01,650 -- Step [1/2150] | Batch loss: 0.0003
2026-04-02 13:43:01,834 -- Step [100/2150] | Batch loss: 0.0004
2026-04-02 13:43:02,014 -- Step [200/2150] | Batch loss: 0.0002
2026-04-02 13:43:02,191 -- Step [300/2150] | Batch loss: 0.0003
2026-04-02 13:43:02,379 -- Step [400/2150] | Batch loss: 0.0001
2026-04-02 13:43:02,573 -- Step [500/2150] | Batch loss: 0.0005
2026-04-02 13:43:02,765 -- Step [600/2150] | Batch loss: 0.0001
2026-04-02 13:43:02,958 -- Step [700/2150] | Batch loss: 0.0003
2026-04-02 13:43:03,141 -- Step [800/2150] | Batch loss: 0.0002
2026-04-02 13:43:03,325 -- Step [900/2150] | Batch loss: 0.0001
2026-04-02 13:43:03,503 -- Step [1000/2150] | Batch loss: 0.0002
2026-04-02 13:43:03,689 -- Step [1100/2150] | Batch loss: 0.0001
2026-04-02 13:43:03,871 -- Step [1200/2150] | Batch loss: 0.0002
2026-04-02 13:43:04,042 -- Step [1300/2150] | Batch loss: 0.0001
2026-04-02 13:43:04,216 -- Step [1400/2150] | Batch loss: 0.0002
2026-04-02 13:43:04,397 -- Step [1500/2150] | Batch loss: 0.0001
2026-04-02 13:43:04,581 -- Step [1600/2150] | Batch loss: 0.0001
2026-04-02 13:43:04,774 -- Step [1700/2150] | Batch loss: 0.0002
2026-04-02 13:43:04,950 -- Step [1800/2150] | Batch loss: 0.0002
2026-04-02 13:43:05,125 -- Step [1900/2150] | Batch loss: 0.0000
2026-04-02 13:43:05,299 -- Step [2000/2150] | Batch loss: 0.0002
2026-04-02 13:43:05,472 -- Step [2100/2150] | Batch loss: 0.0001
2026-04-02 13:43:05,581 -- 
2026-04-02 13:43:05,581 -- Training epoch completed. Validating...
2026-04-02 13:43:08,364 -- 
2026-04-02 13:43:08,364 -- [32m ====== Epoch 3 Summary ====== [0m
2026-04-02 13:43:08,364 -- Training Loss: 0.0002
2026-04-02 13:43:08,365 -- Validation Loss: 0.0000
2026-04-02 13:43:08,409 -- [33m✓ New best model saved with validation loss: 0.0000 [0m
2026-04-02 13:43:08,409 -- 
2026-04-02 13:43:08,409 -- [32m ====== Epoch 4/4 (Round 1) ====== [0m
2026-04-02 13:43:08,409 -- Learning rate: 0.000941
2026-04-02 13:43:08,409 -- 
2026-04-02 13:43:08,463 -- Step [1/2150] | Batch loss: 0.0000
2026-04-02 13:43:08,653 -- Step [100/2150] | Batch loss: 0.0001
2026-04-02 13:43:08,843 -- Step [200/2150] | Batch loss: 0.0001
2026-04-02 13:43:09,046 -- Step [300/2150] | Batch loss: 0.0001
2026-04-02 13:43:09,217 -- Step [400/2150] | Batch loss: 0.0001
2026-04-02 13:43:09,394 -- Step [500/2150] | Batch loss: 0.0000
2026-04-02 13:43:09,572 -- Step [600/2150] | Batch loss: 0.0001
2026-04-02 13:43:09,756 -- Step [700/2150] | Batch loss: 0.0000
2026-04-02 13:43:09,943 -- Step [800/2150] | Batch loss: 0.0000
2026-04-02 13:43:10,120 -- Step [900/2150] | Batch loss: 0.0001
2026-04-02 13:43:10,299 -- Step [1000/2150] | Batch loss: 0.0000
2026-04-02 13:43:10,483 -- Step [1100/2150] | Batch loss: 0.0001
2026-04-02 13:43:10,669 -- Step [1200/2150] | Batch loss: 0.0000
2026-04-02 13:43:10,853 -- Step [1300/2150] | Batch loss: 0.0000
2026-04-02 13:43:11,034 -- Step [1400/2150] | Batch loss: 0.0002
2026-04-02 13:43:11,212 -- Step [1500/2150] | Batch loss: 0.0000
2026-04-02 13:43:11,403 -- Step [1600/2150] | Batch loss: 0.0000
2026-04-02 13:43:11,591 -- Step [1700/2150] | Batch loss: 0.0000
2026-04-02 13:43:11,783 -- Step [1800/2150] | Batch loss: 0.0000
2026-04-02 13:43:11,969 -- Step [1900/2150] | Batch loss: 0.0001
2026-04-02 13:43:12,160 -- Step [2000/2150] | Batch loss: 0.0001
2026-04-02 13:43:12,356 -- Step [2100/2150] | Batch loss: 0.0001
2026-04-02 13:43:12,472 -- 
2026-04-02 13:43:12,472 -- Training epoch completed. Validating...
2026-04-02 13:43:15,225 -- 
2026-04-02 13:43:15,226 -- [32m ====== Epoch 4 Summary ====== [0m
2026-04-02 13:43:15,226 -- Training Loss: 0.0001
2026-04-02 13:43:15,226 -- Validation Loss: 0.0000
2026-04-02 13:43:15,269 -- [33m✓ New best model saved with validation loss: 0.0000 [0m
2026-04-02 13:43:15,841 -- 
2026-04-02 13:43:15,841 -- [32m ====== Pseudo-labeling result ====== [0m
2026-04-02 13:43:15,841 -- Confidence threshold: 0.95
2026-04-02 13:43:15,841 -- Pseudo-labeling ratio: 100.00%
2026-04-02 13:43:15,841 -- Total labeled samples: 339124
2026-04-02 13:43:15,841 -- Remaining unlabeled samples: 0
2026-04-02 13:43:15,841 -- 
2026-04-02 13:43:15,841 -- [33m Self-training round [2/3] [0m
2026-04-02 13:43:15,841 -- 
2026-04-02 13:43:15,841 -- [32m ====== Epoch 1/4 (Round 2) ====== [0m
2026-04-02 13:43:15,841 -- Learning rate: 0.000922
2026-04-02 13:43:15,841 -- 
2026-04-02 13:43:15,906 -- Step [1/2650] | Batch loss: 0.0001
2026-04-02 13:43:16,109 -- Step [100/2650] | Batch loss: 0.0001
2026-04-02 13:43:16,301 -- Step [200/2650] | Batch loss: 0.0000
2026-04-02 13:43:16,499 -- Step [300/2650] | Batch loss: 0.0000
2026-04-02 13:43:16,692 -- Step [400/2650] | Batch loss: 0.0001
2026-04-02 13:43:16,892 -- Step [500/2650] | Batch loss: 0.0001
2026-04-02 13:43:17,068 -- Step [600/2650] | Batch loss: 0.0000
2026-04-02 13:43:17,256 -- Step [700/2650] | Batch loss: 0.0001
2026-04-02 13:43:17,453 -- Step [800/2650] | Batch loss: 0.0000
2026-04-02 13:43:17,670 -- Step [900/2650] | Batch loss: 0.0000
2026-04-02 13:43:17,872 -- Step [1000/2650] | Batch loss: 0.0000
2026-04-02 13:43:18,067 -- Step [1100/2650] | Batch loss: 0.0001
2026-04-02 13:43:18,257 -- Step [1200/2650] | Batch loss: 0.0000
