2026-04-02 14:08:42,335 -- [33m Self-training round [1/3] [0m
2026-04-02 14:08:42,336 -- 
2026-04-02 14:08:42,336 -- [32m ====== Epoch 1/4 (Round 1) ====== [0m
2026-04-02 14:08:42,336 -- Learning rate: 0.001000
2026-04-02 14:08:42,336 -- 
2026-04-02 14:08:42,511 -- Step [1/2150] | Batch loss: 1.4234
2026-04-02 14:08:42,699 -- Step [100/2150] | Batch loss: 0.7156
2026-04-02 14:08:42,882 -- Step [200/2150] | Batch loss: 0.4511
2026-04-02 14:08:43,064 -- Step [300/2150] | Batch loss: 0.2981
2026-04-02 14:08:43,250 -- Step [400/2150] | Batch loss: 0.3444
2026-04-02 14:08:43,425 -- Step [500/2150] | Batch loss: 0.2459
2026-04-02 14:08:43,605 -- Step [600/2150] | Batch loss: 0.1430
2026-04-02 14:08:43,801 -- Step [700/2150] | Batch loss: 0.0771
2026-04-02 14:08:43,979 -- Step [800/2150] | Batch loss: 0.1459
2026-04-02 14:08:44,156 -- Step [900/2150] | Batch loss: 0.1042
2026-04-02 14:08:44,345 -- Step [1000/2150] | Batch loss: 0.0807
2026-04-02 14:08:44,542 -- Step [1100/2150] | Batch loss: 0.0366
2026-04-02 14:08:44,725 -- Step [1200/2150] | Batch loss: 0.1192
2026-04-02 14:08:44,906 -- Step [1300/2150] | Batch loss: 0.1528
2026-04-02 14:08:45,079 -- Step [1400/2150] | Batch loss: 0.0253
2026-04-02 14:08:45,267 -- Step [1500/2150] | Batch loss: 0.0233
2026-04-02 14:08:45,449 -- Step [1600/2150] | Batch loss: 0.0194
2026-04-02 14:08:45,628 -- Step [1700/2150] | Batch loss: 0.0307
2026-04-02 14:08:45,816 -- Step [1800/2150] | Batch loss: 0.0138
2026-04-02 14:08:45,994 -- Step [1900/2150] | Batch loss: 0.0148
2026-04-02 14:08:46,166 -- Step [2000/2150] | Batch loss: 0.0547
2026-04-02 14:08:46,345 -- Step [2100/2150] | Batch loss: 0.0875
2026-04-02 14:08:46,460 -- 
2026-04-02 14:08:46,461 -- Training epoch completed. Validating...
2026-04-02 14:08:49,187 -- 
2026-04-02 14:08:49,187 -- [32m ====== Epoch 1 Summary ====== [0m
2026-04-02 14:08:49,188 -- Training Loss: 0.1770
2026-04-02 14:08:49,188 -- Validation Loss: 0.0152
2026-04-02 14:08:49,259 -- [33m✓ New best model saved with validation loss: 0.0152 [0m
2026-04-02 14:08:49,259 -- 
2026-04-02 14:08:49,259 -- [32m ====== Epoch 2/4 (Round 1) ====== [0m
2026-04-02 14:08:49,259 -- Learning rate: 0.000980
2026-04-02 14:08:49,259 -- 
2026-04-02 14:08:49,311 -- Step [1/2150] | Batch loss: 0.0507
2026-04-02 14:08:49,495 -- Step [100/2150] | Batch loss: 0.0350
2026-04-02 14:08:49,681 -- Step [200/2150] | Batch loss: 0.0443
2026-04-02 14:08:49,862 -- Step [300/2150] | Batch loss: 0.0106
2026-04-02 14:08:50,055 -- Step [400/2150] | Batch loss: 0.0320
2026-04-02 14:08:50,238 -- Step [500/2150] | Batch loss: 0.0124
2026-04-02 14:08:50,417 -- Step [600/2150] | Batch loss: 0.0746
2026-04-02 14:08:50,605 -- Step [700/2150] | Batch loss: 0.1000
2026-04-02 14:08:50,803 -- Step [800/2150] | Batch loss: 0.0135
2026-04-02 14:08:50,992 -- Step [900/2150] | Batch loss: 0.0091
2026-04-02 14:08:51,171 -- Step [1000/2150] | Batch loss: 0.0589
2026-04-02 14:08:51,361 -- Step [1100/2150] | Batch loss: 0.0198
2026-04-02 14:08:51,543 -- Step [1200/2150] | Batch loss: 0.0207
2026-04-02 14:08:51,731 -- Step [1300/2150] | Batch loss: 0.0296
2026-04-02 14:08:51,915 -- Step [1400/2150] | Batch loss: 0.0394
2026-04-02 14:08:52,105 -- Step [1500/2150] | Batch loss: 0.0216
2026-04-02 14:08:52,286 -- Step [1600/2150] | Batch loss: 0.0105
2026-04-02 14:08:52,474 -- Step [1700/2150] | Batch loss: 0.0055
2026-04-02 14:08:52,670 -- Step [1800/2150] | Batch loss: 0.0173
2026-04-02 14:08:52,854 -- Step [1900/2150] | Batch loss: 0.0073
2026-04-02 14:08:53,040 -- Step [2000/2150] | Batch loss: 0.0020
2026-04-02 14:08:53,220 -- Step [2100/2150] | Batch loss: 0.0167
2026-04-02 14:08:53,347 -- 
2026-04-02 14:08:53,347 -- Training epoch completed. Validating...
2026-04-02 14:08:56,030 -- 
2026-04-02 14:08:56,030 -- [32m ====== Epoch 2 Summary ====== [0m
2026-04-02 14:08:56,030 -- Training Loss: 0.0352
2026-04-02 14:08:56,030 -- Validation Loss: 0.0088
2026-04-02 14:08:56,076 -- [33m✓ New best model saved with validation loss: 0.0088 [0m
2026-04-02 14:08:56,076 -- 
2026-04-02 14:08:56,076 -- [32m ====== Epoch 3/4 (Round 1) ====== [0m
2026-04-02 14:08:56,076 -- Learning rate: 0.000960
2026-04-02 14:08:56,076 -- 
2026-04-02 14:08:56,135 -- Step [1/2150] | Batch loss: 0.0029
2026-04-02 14:08:56,328 -- Step [100/2150] | Batch loss: 0.0100
2026-04-02 14:08:56,518 -- Step [200/2150] | Batch loss: 0.0131
2026-04-02 14:08:56,699 -- Step [300/2150] | Batch loss: 0.0101
2026-04-02 14:08:56,875 -- Step [400/2150] | Batch loss: 0.0197
2026-04-02 14:08:57,065 -- Step [500/2150] | Batch loss: 0.0961
2026-04-02 14:08:57,264 -- Step [600/2150] | Batch loss: 0.0331
2026-04-02 14:08:57,455 -- Step [700/2150] | Batch loss: 0.0980
2026-04-02 14:08:57,653 -- Step [800/2150] | Batch loss: 0.0537
2026-04-02 14:08:57,844 -- Step [900/2150] | Batch loss: 0.0069
2026-04-02 14:08:58,026 -- Step [1000/2150] | Batch loss: 0.0105
2026-04-02 14:08:58,200 -- Step [1100/2150] | Batch loss: 0.0432
2026-04-02 14:08:58,386 -- Step [1200/2150] | Batch loss: 0.0027
2026-04-02 14:08:58,577 -- Step [1300/2150] | Batch loss: 0.0111
2026-04-02 14:08:58,759 -- Step [1400/2150] | Batch loss: 0.0048
2026-04-02 14:08:58,942 -- Step [1500/2150] | Batch loss: 0.0044
2026-04-02 14:08:59,130 -- Step [1600/2150] | Batch loss: 0.0103
2026-04-02 14:08:59,325 -- Step [1700/2150] | Batch loss: 0.0029
2026-04-02 14:08:59,507 -- Step [1800/2150] | Batch loss: 0.0040
2026-04-02 14:08:59,691 -- Step [1900/2150] | Batch loss: 0.0025
2026-04-02 14:08:59,886 -- Step [2000/2150] | Batch loss: 0.0019
2026-04-02 14:09:00,060 -- Step [2100/2150] | Batch loss: 0.0085
2026-04-02 14:09:00,185 -- 
2026-04-02 14:09:00,185 -- Training epoch completed. Validating...
2026-04-02 14:09:02,916 -- 
2026-04-02 14:09:02,916 -- [32m ====== Epoch 3 Summary ====== [0m
2026-04-02 14:09:02,916 -- Training Loss: 0.0263
2026-04-02 14:09:02,916 -- Validation Loss: 0.0061
2026-04-02 14:09:02,960 -- [33m✓ New best model saved with validation loss: 0.0061 [0m
2026-04-02 14:09:02,960 -- 
2026-04-02 14:09:02,960 -- [32m ====== Epoch 4/4 (Round 1) ====== [0m
2026-04-02 14:09:02,960 -- Learning rate: 0.000941
2026-04-02 14:09:02,960 -- 
2026-04-02 14:09:03,036 -- Step [1/2150] | Batch loss: 0.0149
2026-04-02 14:09:03,228 -- Step [100/2150] | Batch loss: 0.0068
2026-04-02 14:09:03,411 -- Step [200/2150] | Batch loss: 0.0019
2026-04-02 14:09:03,608 -- Step [300/2150] | Batch loss: 0.0028
2026-04-02 14:09:03,796 -- Step [400/2150] | Batch loss: 0.0067
2026-04-02 14:09:03,981 -- Step [500/2150] | Batch loss: 0.0595
2026-04-02 14:09:04,166 -- Step [600/2150] | Batch loss: 0.0041
2026-04-02 14:09:04,350 -- Step [700/2150] | Batch loss: 0.0893
2026-04-02 14:09:04,538 -- Step [800/2150] | Batch loss: 0.1420
2026-04-02 14:09:04,726 -- Step [900/2150] | Batch loss: 0.0117
2026-04-02 14:09:04,925 -- Step [1000/2150] | Batch loss: 0.0078
2026-04-02 14:09:05,103 -- Step [1100/2150] | Batch loss: 0.0044
2026-04-02 14:09:05,294 -- Step [1200/2150] | Batch loss: 0.0033
2026-04-02 14:09:05,478 -- Step [1300/2150] | Batch loss: 0.0228
2026-04-02 14:09:05,668 -- Step [1400/2150] | Batch loss: 0.2827
2026-04-02 14:09:05,845 -- Step [1500/2150] | Batch loss: 0.0321
2026-04-02 14:09:06,033 -- Step [1600/2150] | Batch loss: 0.0134
2026-04-02 14:09:06,235 -- Step [1700/2150] | Batch loss: 0.0030
2026-04-02 14:09:06,431 -- Step [1800/2150] | Batch loss: 0.0414
2026-04-02 14:09:06,611 -- Step [1900/2150] | Batch loss: 0.2374
2026-04-02 14:09:06,801 -- Step [2000/2150] | Batch loss: 0.0296
2026-04-02 14:09:07,026 -- Step [2100/2150] | Batch loss: 0.0060
2026-04-02 14:09:07,160 -- 
2026-04-02 14:09:07,160 -- Training epoch completed. Validating...
2026-04-02 14:09:09,916 -- 
2026-04-02 14:09:09,916 -- [32m ====== Epoch 4 Summary ====== [0m
2026-04-02 14:09:09,917 -- Training Loss: 0.0229
2026-04-02 14:09:09,917 -- Validation Loss: 0.0055
2026-04-02 14:09:09,962 -- [33m✓ New best model saved with validation loss: 0.0055 [0m
2026-04-02 14:09:10,506 -- 
2026-04-02 14:09:10,506 -- [32m ====== Pseudo-labeling result ====== [0m
2026-04-02 14:09:10,506 -- Confidence threshold: 0.95
2026-04-02 14:09:10,506 -- Pseudo-labeling ratio: 96.26%
2026-04-02 14:09:10,506 -- Total labeled samples: 336732
2026-04-02 14:09:10,506 -- Remaining unlabeled samples: 2392
2026-04-02 14:09:10,506 -- 
2026-04-02 14:09:10,506 -- [33m Self-training round [2/3] [0m
2026-04-02 14:09:10,506 -- 
2026-04-02 14:09:10,506 -- [32m ====== Epoch 1/4 (Round 2) ====== [0m
2026-04-02 14:09:10,506 -- Learning rate: 0.000922
2026-04-02 14:09:10,506 -- 
2026-04-02 14:09:10,575 -- Step [1/2631] | Batch loss: 0.7926
2026-04-02 14:09:10,762 -- Step [100/2631] | Batch loss: 0.0146
2026-04-02 14:09:10,952 -- Step [200/2631] | Batch loss: 0.0240
2026-04-02 14:09:11,139 -- Step [300/2631] | Batch loss: 0.0298
2026-04-02 14:09:11,322 -- Step [400/2631] | Batch loss: 0.0233
2026-04-02 14:09:11,497 -- Step [500/2631] | Batch loss: 0.0040
2026-04-02 14:09:11,681 -- Step [600/2631] | Batch loss: 0.0058
2026-04-02 14:09:11,867 -- Step [700/2631] | Batch loss: 0.0163
2026-04-02 14:09:12,050 -- Step [800/2631] | Batch loss: 0.0008
2026-04-02 14:09:12,236 -- Step [900/2631] | Batch loss: 0.0094
2026-04-02 14:09:12,425 -- Step [1000/2631] | Batch loss: 0.0073
2026-04-02 14:09:12,617 -- Step [1100/2631] | Batch loss: 0.0431
2026-04-02 14:09:12,795 -- Step [1200/2631] | Batch loss: 0.0030
2026-04-02 14:09:12,977 -- Step [1300/2631] | Batch loss: 0.0259
2026-04-02 14:09:13,158 -- Step [1400/2631] | Batch loss: 0.0064
2026-04-02 14:09:13,358 -- Step [1500/2631] | Batch loss: 0.0864
2026-04-02 14:09:13,549 -- Step [1600/2631] | Batch loss: 0.1021
2026-04-02 14:09:13,731 -- Step [1700/2631] | Batch loss: 0.0078
2026-04-02 14:09:13,916 -- Step [1800/2631] | Batch loss: 0.0099
2026-04-02 14:09:14,104 -- Step [1900/2631] | Batch loss: 0.0374
2026-04-02 14:09:14,285 -- Step [2000/2631] | Batch loss: 0.0823
2026-04-02 14:09:14,469 -- Step [2100/2631] | Batch loss: 0.0247
2026-04-02 14:09:14,651 -- Step [2200/2631] | Batch loss: 0.1385
2026-04-02 14:09:14,839 -- Step [2300/2631] | Batch loss: 0.0674
2026-04-02 14:09:15,032 -- Step [2400/2631] | Batch loss: 0.1159
2026-04-02 14:09:15,215 -- Step [2500/2631] | Batch loss: 0.0354
2026-04-02 14:09:15,414 -- Step [2600/2631] | Batch loss: 0.0075
2026-04-02 14:09:15,502 -- 
2026-04-02 14:09:15,502 -- Training epoch completed. Validating...
2026-04-02 14:09:18,202 -- 
2026-04-02 14:09:18,202 -- [32m ====== Epoch 5 Summary ====== [0m
2026-04-02 14:09:18,202 -- Training Loss: 0.0316
2026-04-02 14:09:18,202 -- Validation Loss: 0.0057
2026-04-02 14:09:18,225 -- 
2026-04-02 14:09:18,225 -- [32m ====== Epoch 2/4 (Round 2) ====== [0m
2026-04-02 14:09:18,225 -- Learning rate: 0.000904
2026-04-02 14:09:18,226 -- 
2026-04-02 14:09:18,280 -- Step [1/2631] | Batch loss: 0.0018
2026-04-02 14:09:18,474 -- Step [100/2631] | Batch loss: 0.0163
2026-04-02 14:09:18,670 -- Step [200/2631] | Batch loss: 0.0245
2026-04-02 14:09:18,854 -- Step [300/2631] | Batch loss: 0.0028
2026-04-02 14:09:19,039 -- Step [400/2631] | Batch loss: 0.0522
2026-04-02 14:09:19,225 -- Step [500/2631] | Batch loss: 0.0161
2026-04-02 14:09:19,409 -- Step [600/2631] | Batch loss: 0.0096
2026-04-02 14:09:19,602 -- Step [700/2631] | Batch loss: 0.0028
2026-04-02 14:09:19,780 -- Step [800/2631] | Batch loss: 0.0056
2026-04-02 14:09:19,954 -- Step [900/2631] | Batch loss: 0.0061
2026-04-02 14:09:20,133 -- Step [1000/2631] | Batch loss: 0.0131
2026-04-02 14:09:20,325 -- Step [1100/2631] | Batch loss: 0.0015
2026-04-02 14:09:20,513 -- Step [1200/2631] | Batch loss: 0.0066
2026-04-02 14:09:20,699 -- Step [1300/2631] | Batch loss: 0.0076
2026-04-02 14:09:20,879 -- Step [1400/2631] | Batch loss: 0.0061
2026-04-02 14:09:21,054 -- Step [1500/2631] | Batch loss: 0.0013
2026-04-02 14:09:21,233 -- Step [1600/2631] | Batch loss: 0.0652
2026-04-02 14:09:21,410 -- Step [1700/2631] | Batch loss: 0.0032
2026-04-02 14:09:21,594 -- Step [1800/2631] | Batch loss: 0.0170
2026-04-02 14:09:21,779 -- Step [1900/2631] | Batch loss: 0.0080
2026-04-02 14:09:21,972 -- Step [2000/2631] | Batch loss: 0.0005
2026-04-02 14:09:22,169 -- Step [2100/2631] | Batch loss: 0.0091
2026-04-02 14:09:22,384 -- Step [2200/2631] | Batch loss: 0.0245
2026-04-02 14:09:22,564 -- Step [2300/2631] | Batch loss: 0.0008
2026-04-02 14:09:22,759 -- Step [2400/2631] | Batch loss: 0.0272
2026-04-02 14:09:22,947 -- Step [2500/2631] | Batch loss: 0.0129
2026-04-02 14:09:23,137 -- Step [2600/2631] | Batch loss: 0.0004
2026-04-02 14:09:23,230 -- 
2026-04-02 14:09:23,230 -- Training epoch completed. Validating...
2026-04-02 14:09:25,969 -- 
2026-04-02 14:09:25,969 -- [32m ====== Epoch 6 Summary ====== [0m
2026-04-02 14:09:25,969 -- Training Loss: 0.0200
2026-04-02 14:09:25,969 -- Validation Loss: 0.0043
2026-04-02 14:09:26,016 -- [33m✓ New best model saved with validation loss: 0.0043 [0m
2026-04-02 14:09:26,016 -- 
2026-04-02 14:09:26,016 -- [32m ====== Epoch 3/4 (Round 2) ====== [0m
2026-04-02 14:09:26,016 -- Learning rate: 0.000886
2026-04-02 14:09:26,016 -- 
2026-04-02 14:09:26,087 -- Step [1/2631] | Batch loss: 0.0015
2026-04-02 14:09:26,283 -- Step [100/2631] | Batch loss: 0.0128
2026-04-02 14:09:26,479 -- Step [200/2631] | Batch loss: 0.0118
2026-04-02 14:09:26,653 -- Step [300/2631] | Batch loss: 0.0093
2026-04-02 14:09:26,840 -- Step [400/2631] | Batch loss: 0.0851
2026-04-02 14:09:27,026 -- Step [500/2631] | Batch loss: 0.0106
2026-04-02 14:09:27,203 -- Step [600/2631] | Batch loss: 0.0026
2026-04-02 14:09:27,403 -- Step [700/2631] | Batch loss: 0.0043
2026-04-02 14:09:27,623 -- Step [800/2631] | Batch loss: 0.0054
2026-04-02 14:09:27,808 -- Step [900/2631] | Batch loss: 0.0046
2026-04-02 14:09:27,998 -- Step [1000/2631] | Batch loss: 0.0020
2026-04-02 14:09:28,188 -- Step [1100/2631] | Batch loss: 0.0061
2026-04-02 14:09:28,379 -- Step [1200/2631] | Batch loss: 0.0175
2026-04-02 14:09:28,572 -- Step [1300/2631] | Batch loss: 0.0045
2026-04-02 14:09:28,757 -- Step [1400/2631] | Batch loss: 0.0003
2026-04-02 14:09:28,962 -- Step [1500/2631] | Batch loss: 0.0028
2026-04-02 14:09:29,156 -- Step [1600/2631] | Batch loss: 0.0121
2026-04-02 14:09:29,344 -- Step [1700/2631] | Batch loss: 0.0113
2026-04-02 14:09:29,530 -- Step [1800/2631] | Batch loss: 0.0028
2026-04-02 14:09:29,716 -- Step [1900/2631] | Batch loss: 0.0158
2026-04-02 14:09:29,925 -- Step [2000/2631] | Batch loss: 0.0037
2026-04-02 14:09:30,107 -- Step [2100/2631] | Batch loss: 0.0021
2026-04-02 14:09:30,283 -- Step [2200/2631] | Batch loss: 0.0176
2026-04-02 14:09:30,465 -- Step [2300/2631] | Batch loss: 0.0045
2026-04-02 14:09:30,658 -- Step [2400/2631] | Batch loss: 0.0116
2026-04-02 14:09:30,888 -- Step [2500/2631] | Batch loss: 0.0007
2026-04-02 14:09:31,075 -- Step [2600/2631] | Batch loss: 0.0004
2026-04-02 14:09:31,161 -- 
2026-04-02 14:09:31,161 -- Training epoch completed. Validating...
2026-04-02 14:09:33,899 -- 
2026-04-02 14:09:33,899 -- [32m ====== Epoch 7 Summary ====== [0m
2026-04-02 14:09:33,900 -- Training Loss: 0.0165
2026-04-02 14:09:33,900 -- Validation Loss: 0.0043
2026-04-02 14:09:33,923 -- 
2026-04-02 14:09:33,923 -- [32m ====== Epoch 4/4 (Round 2) ====== [0m
2026-04-02 14:09:33,923 -- Learning rate: 0.000868
2026-04-02 14:09:33,923 -- 
2026-04-02 14:09:34,000 -- Step [1/2631] | Batch loss: 0.0157
2026-04-02 14:09:34,193 -- Step [100/2631] | Batch loss: 0.0029
2026-04-02 14:09:34,371 -- Step [200/2631] | Batch loss: 0.0240
2026-04-02 14:09:34,554 -- Step [300/2631] | Batch loss: 0.0070
2026-04-02 14:09:34,731 -- Step [400/2631] | Batch loss: 0.0535
2026-04-02 14:09:34,925 -- Step [500/2631] | Batch loss: 0.0065
2026-04-02 14:09:35,112 -- Step [600/2631] | Batch loss: 0.0017
2026-04-02 14:09:35,308 -- Step [700/2631] | Batch loss: 0.0006
2026-04-02 14:09:35,498 -- Step [800/2631] | Batch loss: 0.0016
2026-04-02 14:09:35,689 -- Step [900/2631] | Batch loss: 0.0067
2026-04-02 14:09:35,870 -- Step [1000/2631] | Batch loss: 0.0009
2026-04-02 14:09:36,061 -- Step [1100/2631] | Batch loss: 0.0001
2026-04-02 14:09:36,269 -- Step [1200/2631] | Batch loss: 0.0314
2026-04-02 14:09:36,467 -- Step [1300/2631] | Batch loss: 0.0133
2026-04-02 14:09:36,655 -- Step [1400/2631] | Batch loss: 0.0020
2026-04-02 14:09:36,843 -- Step [1500/2631] | Batch loss: 0.0003
2026-04-02 14:09:37,026 -- Step [1600/2631] | Batch loss: 0.0071
2026-04-02 14:09:37,211 -- Step [1700/2631] | Batch loss: 0.0071
2026-04-02 14:09:37,390 -- Step [1800/2631] | Batch loss: 0.0265
2026-04-02 14:09:37,588 -- Step [1900/2631] | Batch loss: 0.0008
2026-04-02 14:09:37,784 -- Step [2000/2631] | Batch loss: 0.1177
2026-04-02 14:09:37,971 -- Step [2100/2631] | Batch loss: 0.0003
2026-04-02 14:09:38,162 -- Step [2200/2631] | Batch loss: 0.0105
2026-04-02 14:09:38,360 -- Step [2300/2631] | Batch loss: 0.0034
2026-04-02 14:09:38,546 -- Step [2400/2631] | Batch loss: 0.0021
2026-04-02 14:09:38,734 -- Step [2500/2631] | Batch loss: 0.0020
2026-04-02 14:09:38,927 -- Step [2600/2631] | Batch loss: 0.0005
2026-04-02 14:09:39,014 -- 
2026-04-02 14:09:39,014 -- Training epoch completed. Validating...
2026-04-02 14:09:41,759 -- 
2026-04-02 14:09:41,760 -- [32m ====== Epoch 8 Summary ====== [0m
2026-04-02 14:09:41,760 -- Training Loss: 0.0160
2026-04-02 14:09:41,760 -- Validation Loss: 0.0041
2026-04-02 14:09:41,804 -- [33m✓ New best model saved with validation loss: 0.0041 [0m
2026-04-02 14:09:41,888 -- 
2026-04-02 14:09:41,888 -- [32m ====== Pseudo-labeling result ====== [0m
2026-04-02 14:09:41,888 -- Confidence threshold: 0.95
2026-04-02 14:09:41,888 -- Pseudo-labeling ratio: 16.56%
2026-04-02 14:09:41,888 -- Total labeled samples: 337128
2026-04-02 14:09:41,888 -- Remaining unlabeled samples: 1996
2026-04-02 14:09:41,888 -- 
2026-04-02 14:09:41,888 -- [33m Self-training round [3/3] [0m
2026-04-02 14:09:41,888 -- 
2026-04-02 14:09:41,888 -- [32m ====== Epoch 1/4 (Round 3) ====== [0m
2026-04-02 14:09:41,888 -- Learning rate: 0.000851
2026-04-02 14:09:41,888 -- 
2026-04-02 14:09:41,965 -- Step [1/2634] | Batch loss: 0.1881
2026-04-02 14:09:42,151 -- Step [100/2634] | Batch loss: 0.0159
2026-04-02 14:09:42,326 -- Step [200/2634] | Batch loss: 0.0093
2026-04-02 14:09:42,507 -- Step [300/2634] | Batch loss: 0.0099
2026-04-02 14:09:42,692 -- Step [400/2634] | Batch loss: 0.0005
2026-04-02 14:09:42,884 -- Step [500/2634] | Batch loss: 0.0025
2026-04-02 14:09:43,068 -- Step [600/2634] | Batch loss: 0.0003
2026-04-02 14:09:43,252 -- Step [700/2634] | Batch loss: 0.0376
2026-04-02 14:09:43,446 -- Step [800/2634] | Batch loss: 0.0045
2026-04-02 14:09:43,634 -- Step [900/2634] | Batch loss: 0.0021
2026-04-02 14:09:43,832 -- Step [1000/2634] | Batch loss: 0.0005
2026-04-02 14:09:44,022 -- Step [1100/2634] | Batch loss: 0.0003
2026-04-02 14:09:44,206 -- Step [1200/2634] | Batch loss: 0.0036
2026-04-02 14:09:44,392 -- Step [1300/2634] | Batch loss: 0.0008
2026-04-02 14:09:44,576 -- Step [1400/2634] | Batch loss: 0.0033
2026-04-02 14:09:44,771 -- Step [1500/2634] | Batch loss: 0.0167
2026-04-02 14:09:44,976 -- Step [1600/2634] | Batch loss: 0.0037
2026-04-02 14:09:45,157 -- Step [1700/2634] | Batch loss: 0.4926
2026-04-02 14:09:45,347 -- Step [1800/2634] | Batch loss: 0.0007
2026-04-02 14:09:45,533 -- Step [1900/2634] | Batch loss: 0.0015
2026-04-02 14:09:45,722 -- Step [2000/2634] | Batch loss: 0.0006
2026-04-02 14:09:45,917 -- Step [2100/2634] | Batch loss: 0.0115
2026-04-02 14:09:46,141 -- Step [2200/2634] | Batch loss: 0.0103
2026-04-02 14:09:46,329 -- Step [2300/2634] | Batch loss: 0.0155
2026-04-02 14:09:46,518 -- Step [2400/2634] | Batch loss: 0.0017
2026-04-02 14:09:46,715 -- Step [2500/2634] | Batch loss: 0.0097
2026-04-02 14:09:46,904 -- Step [2600/2634] | Batch loss: 0.0197
2026-04-02 14:09:46,998 -- 
2026-04-02 14:09:46,998 -- Training epoch completed. Validating...
2026-04-02 14:09:49,889 -- 
2026-04-02 14:09:49,889 -- [32m ====== Epoch 9 Summary ====== [0m
2026-04-02 14:09:49,889 -- Training Loss: 0.0157
2026-04-02 14:09:49,889 -- Validation Loss: 0.0047
2026-04-02 14:09:49,913 -- 
2026-04-02 14:09:49,913 -- [32m ====== Epoch 2/4 (Round 3) ====== [0m
2026-04-02 14:09:49,913 -- Learning rate: 0.000834
2026-04-02 14:09:49,913 -- 
2026-04-02 14:09:49,982 -- Step [1/2634] | Batch loss: 0.0002
2026-04-02 14:09:50,169 -- Step [100/2634] | Batch loss: 0.0262
2026-04-02 14:09:50,371 -- Step [200/2634] | Batch loss: 0.0023
2026-04-02 14:09:50,560 -- Step [300/2634] | Batch loss: 0.0014
2026-04-02 14:09:50,749 -- Step [400/2634] | Batch loss: 0.0081
2026-04-02 14:09:50,936 -- Step [500/2634] | Batch loss: 0.0024
2026-04-02 14:09:51,119 -- Step [600/2634] | Batch loss: 0.0356
2026-04-02 14:09:51,300 -- Step [700/2634] | Batch loss: 0.0095
2026-04-02 14:09:51,484 -- Step [800/2634] | Batch loss: 0.0017
2026-04-02 14:09:51,669 -- Step [900/2634] | Batch loss: 0.0164
2026-04-02 14:09:51,849 -- Step [1000/2634] | Batch loss: 0.0072
2026-04-02 14:09:52,035 -- Step [1100/2634] | Batch loss: 0.0019
2026-04-02 14:09:52,222 -- Step [1200/2634] | Batch loss: 0.0034
2026-04-02 14:09:52,419 -- Step [1300/2634] | Batch loss: 0.0006
2026-04-02 14:09:52,602 -- Step [1400/2634] | Batch loss: 0.0253
2026-04-02 14:09:52,786 -- Step [1500/2634] | Batch loss: 0.0004
2026-04-02 14:09:52,968 -- Step [1600/2634] | Batch loss: 0.0024
2026-04-02 14:09:53,139 -- Step [1700/2634] | Batch loss: 0.0060
2026-04-02 14:09:53,315 -- Step [1800/2634] | Batch loss: 0.0015
2026-04-02 14:09:53,499 -- Step [1900/2634] | Batch loss: 0.0027
2026-04-02 14:09:53,688 -- Step [2000/2634] | Batch loss: 0.0001
2026-04-02 14:09:53,880 -- Step [2100/2634] | Batch loss: 0.0194
2026-04-02 14:09:54,055 -- Step [2200/2634] | Batch loss: 0.0132
2026-04-02 14:09:54,236 -- Step [2300/2634] | Batch loss: 0.0024
2026-04-02 14:09:54,427 -- Step [2400/2634] | Batch loss: 0.0542
2026-04-02 14:09:54,630 -- Step [2500/2634] | Batch loss: 0.1342
2026-04-02 14:09:54,810 -- Step [2600/2634] | Batch loss: 0.0009
2026-04-02 14:09:54,903 -- 
2026-04-02 14:09:54,903 -- Training epoch completed. Validating...
2026-04-02 14:09:57,592 -- 
2026-04-02 14:09:57,593 -- [32m ====== Epoch 10 Summary ====== [0m
2026-04-02 14:09:57,593 -- Training Loss: 0.0152
2026-04-02 14:09:57,593 -- Validation Loss: 0.0040
2026-04-02 14:09:57,637 -- [33m✓ New best model saved with validation loss: 0.0040 [0m
2026-04-02 14:09:57,637 -- 
2026-04-02 14:09:57,637 -- [32m ====== Epoch 3/4 (Round 3) ====== [0m
2026-04-02 14:09:57,637 -- Learning rate: 0.000817
2026-04-02 14:09:57,637 -- 
2026-04-02 14:09:57,710 -- Step [1/2634] | Batch loss: 0.0012
2026-04-02 14:09:57,914 -- Step [100/2634] | Batch loss: 0.0078
2026-04-02 14:09:58,100 -- Step [200/2634] | Batch loss: 0.0040
2026-04-02 14:09:58,292 -- Step [300/2634] | Batch loss: 0.0369
2026-04-02 14:09:58,473 -- Step [400/2634] | Batch loss: 0.0001
2026-04-02 14:09:58,665 -- Step [500/2634] | Batch loss: 0.0028
2026-04-02 14:09:58,861 -- Step [600/2634] | Batch loss: 0.0058
2026-04-02 14:09:59,039 -- Step [700/2634] | Batch loss: 0.0091
2026-04-02 14:09:59,229 -- Step [800/2634] | Batch loss: 0.0389
2026-04-02 14:09:59,414 -- Step [900/2634] | Batch loss: 0.0007
2026-04-02 14:09:59,603 -- Step [1000/2634] | Batch loss: 0.0461
2026-04-02 14:09:59,778 -- Step [1100/2634] | Batch loss: 0.0036
2026-04-02 14:09:59,956 -- Step [1200/2634] | Batch loss: 0.0084
2026-04-02 14:10:00,152 -- Step [1300/2634] | Batch loss: 0.0023
2026-04-02 14:10:00,339 -- Step [1400/2634] | Batch loss: 0.0102
2026-04-02 14:10:00,519 -- Step [1500/2634] | Batch loss: 0.0003
2026-04-02 14:10:00,701 -- Step [1600/2634] | Batch loss: 0.0029
2026-04-02 14:10:00,876 -- Step [1700/2634] | Batch loss: 0.0014
2026-04-02 14:10:01,054 -- Step [1800/2634] | Batch loss: 0.0006
2026-04-02 14:10:01,237 -- Step [1900/2634] | Batch loss: 0.0013
2026-04-02 14:10:01,422 -- Step [2000/2634] | Batch loss: 0.0015
2026-04-02 14:10:01,620 -- Step [2100/2634] | Batch loss: 0.0042
2026-04-02 14:10:01,808 -- Step [2200/2634] | Batch loss: 0.0259
2026-04-02 14:10:01,996 -- Step [2300/2634] | Batch loss: 0.0002
2026-04-02 14:10:02,179 -- Step [2400/2634] | Batch loss: 0.0240
2026-04-02 14:10:02,374 -- Step [2500/2634] | Batch loss: 0.0005
2026-04-02 14:10:02,559 -- Step [2600/2634] | Batch loss: 0.0010
2026-04-02 14:10:02,653 -- 
2026-04-02 14:10:02,654 -- Training epoch completed. Validating...
2026-04-02 14:10:05,378 -- 
2026-04-02 14:10:05,378 -- [32m ====== Epoch 11 Summary ====== [0m
2026-04-02 14:10:05,378 -- Training Loss: 0.0132
2026-04-02 14:10:05,378 -- Validation Loss: 0.0045
2026-04-02 14:10:05,401 -- 
2026-04-02 14:10:05,401 -- [32m ====== Epoch 4/4 (Round 3) ====== [0m
2026-04-02 14:10:05,401 -- Learning rate: 0.000801
2026-04-02 14:10:05,401 -- 
2026-04-02 14:10:05,481 -- Step [1/2634] | Batch loss: 0.0147
2026-04-02 14:10:05,694 -- Step [100/2634] | Batch loss: 0.0118
2026-04-02 14:10:05,892 -- Step [200/2634] | Batch loss: 0.0395
2026-04-02 14:10:06,076 -- Step [300/2634] | Batch loss: 0.0074
2026-04-02 14:10:06,256 -- Step [400/2634] | Batch loss: 0.0009
2026-04-02 14:10:06,438 -- Step [500/2634] | Batch loss: 0.0013
2026-04-02 14:10:06,620 -- Step [600/2634] | Batch loss: 0.0002
2026-04-02 14:10:06,801 -- Step [700/2634] | Batch loss: 0.0001
2026-04-02 14:10:06,987 -- Step [800/2634] | Batch loss: 0.0100
2026-04-02 14:10:07,168 -- Step [900/2634] | Batch loss: 0.0003
2026-04-02 14:10:07,356 -- Step [1000/2634] | Batch loss: 0.0374
2026-04-02 14:10:07,540 -- Step [1100/2634] | Batch loss: 0.0078
2026-04-02 14:10:07,731 -- Step [1200/2634] | Batch loss: 0.0122
2026-04-02 14:10:07,922 -- Step [1300/2634] | Batch loss: 0.1043
2026-04-02 14:10:08,106 -- Step [1400/2634] | Batch loss: 0.0058
2026-04-02 14:10:08,290 -- Step [1500/2634] | Batch loss: 0.0199
2026-04-02 14:10:08,475 -- Step [1600/2634] | Batch loss: 0.0101
2026-04-02 14:10:08,663 -- Step [1700/2634] | Batch loss: 0.0026
2026-04-02 14:10:08,844 -- Step [1800/2634] | Batch loss: 0.0006
2026-04-02 14:10:09,039 -- Step [1900/2634] | Batch loss: 0.0016
2026-04-02 14:10:09,241 -- Step [2000/2634] | Batch loss: 0.0019
2026-04-02 14:10:09,442 -- Step [2100/2634] | Batch loss: 0.0040
2026-04-02 14:10:09,634 -- Step [2200/2634] | Batch loss: 0.0021
2026-04-02 14:10:09,820 -- Step [2300/2634] | Batch loss: 0.0024
2026-04-02 14:10:10,024 -- Step [2400/2634] | Batch loss: 0.0025
2026-04-02 14:10:10,215 -- Step [2500/2634] | Batch loss: 0.0088
2026-04-02 14:10:10,398 -- Step [2600/2634] | Batch loss: 0.0153
2026-04-02 14:10:10,490 -- 
2026-04-02 14:10:10,490 -- Training epoch completed. Validating...
2026-04-02 14:10:13,261 -- 
2026-04-02 14:10:13,261 -- [32m ====== Epoch 12 Summary ====== [0m
2026-04-02 14:10:13,261 -- Training Loss: 0.0139
2026-04-02 14:10:13,261 -- Validation Loss: 0.0032
2026-04-02 14:10:13,306 -- [33m✓ New best model saved with validation loss: 0.0032 [0m
2026-04-02 14:10:13,401 -- 
2026-04-02 14:10:13,401 -- [32m ====== Pseudo-labeling result ====== [0m
2026-04-02 14:10:13,401 -- Confidence threshold: 0.95
2026-04-02 14:10:13,401 -- Pseudo-labeling ratio: 22.29%
2026-04-02 14:10:13,401 -- Total labeled samples: 337573
2026-04-02 14:10:13,401 -- Remaining unlabeled samples: 1551
2026-04-02 14:10:13,401 -- 
